20:45:25 **** Build of project NicolaRadio_bsp ****
make -k all 
Running Make include in ps7_cortexa9_0/libsrc/coresightps_dcc_v1_2/src
make -C ps7_cortexa9_0/libsrc/coresightps_dcc_v1_2/src -s include  "SHELL=/bin/sh" "COMPILER=arm-none-eabi-gcc" "ARCHIVER=arm-none-eabi-ar" "COMPILER_FLAGS=  -O2 -c" "EXTRA_COMPILER_FLAGS=-mcpu=cortex-a9 -mfpu=vfpv3 -mfloat-abi=hard -nostartfiles"
Running Make include in ps7_cortexa9_0/libsrc/cpu_cortexa9_v2_2/src
make -C ps7_cortexa9_0/libsrc/cpu_cortexa9_v2_2/src -s include  "SHELL=/bin/sh" "COMPILER=arm-none-eabi-gcc" "ARCHIVER=arm-none-eabi-ar" "COMPILER_FLAGS=  -O2 -c" "EXTRA_COMPILER_FLAGS=-mcpu=cortex-a9 -mfpu=vfpv3 -mfloat-abi=hard -nostartfiles"
Running Make include in ps7_cortexa9_0/libsrc/devcfg_v3_4/src
make -C ps7_cortexa9_0/libsrc/devcfg_v3_4/src -s include  "SHELL=/bin/sh" "COMPILER=arm-none-eabi-gcc" "ARCHIVER=arm-none-eabi-ar" "COMPILER_FLAGS=  -O2 -c" "EXTRA_COMPILER_FLAGS=-mcpu=cortex-a9 -mfpu=vfpv3 -mfloat-abi=hard -nostartfiles"
Running Make include in ps7_cortexa9_0/libsrc/dmaps_v2_1/src
make -C ps7_cortexa9_0/libsrc/dmaps_v2_1/src -s include  "SHELL=/bin/sh" "COMPILER=arm-none-eabi-gcc" "ARCHIVER=arm-none-eabi-ar" "COMPILER_FLAGS=  -O2 -c" "EXTRA_COMPILER_FLAGS=-mcpu=cortex-a9 -mfpu=vfpv3 -mfloat-abi=hard -nostartfiles"
Running Make include in ps7_cortexa9_0/libsrc/gpiops_v3_1/src
make -C ps7_cortexa9_0/libsrc/gpiops_v3_1/src -s include  "SHELL=/bin/sh" "COMPILER=arm-none-eabi-gcc" "ARCHIVER=arm-none-eabi-ar" "COMPILER_FLAGS=  -O2 -c" "EXTRA_COMPILER_FLAGS=-mcpu=cortex-a9 -mfpu=vfpv3 -mfloat-abi=hard -nostartfiles"
Running Make include in ps7_cortexa9_0/libsrc/llfifo_v5_1/src
make -C ps7_cortexa9_0/libsrc/llfifo_v5_1/src -s include  "SHELL=/bin/sh" "COMPILER=arm-none-eabi-gcc" "ARCHIVER=arm-none-eabi-ar" "COMPILER_FLAGS=  -O2 -c" "EXTRA_COMPILER_FLAGS=-mcpu=cortex-a9 -mfpu=vfpv3 -mfloat-abi=hard -nostartfiles"
Running Make include in ps7_cortexa9_0/libsrc/n3z_tonetest_v1_09/src
make -C ps7_cortexa9_0/libsrc/n3z_tonetest_v1_09/src -s include  "SHELL=/bin/sh" "COMPILER=arm-none-eabi-gcc" "ARCHIVER=arm-none-eabi-ar" "COMPILER_FLAGS=  -O2 -c" "EXTRA_COMPILER_FLAGS=-mcpu=cortex-a9 -mfpu=vfpv3 -mfloat-abi=hard -nostartfiles"
Running Make include in ps7_cortexa9_0/libsrc/qspips_v3_3/src
make -C ps7_cortexa9_0/libsrc/qspips_v3_3/src -s include  "SHELL=/bin/sh" "COMPILER=arm-none-eabi-gcc" "ARCHIVER=arm-none-eabi-ar" "COMPILER_FLAGS=  -O2 -c" "EXTRA_COMPILER_FLAGS=-mcpu=cortex-a9 -mfpu=vfpv3 -mfloat-abi=hard -nostartfiles"
Running Make include in ps7_cortexa9_0/libsrc/scugic_v3_3/src
make -C ps7_cortexa9_0/libsrc/scugic_v3_3/src -s include  "SHELL=/bin/sh" "COMPILER=arm-none-eabi-gcc" "ARCHIVER=arm-none-eabi-ar" "COMPILER_FLAGS=  -O2 -c" "EXTRA_COMPILER_FLAGS=-mcpu=cortex-a9 -mfpu=vfpv3 -mfloat-abi=hard -nostartfiles"
Running Make include in ps7_cortexa9_0/libsrc/scutimer_v2_1/src
make -C ps7_cortexa9_0/libsrc/scutimer_v2_1/src -s include  "SHELL=/bin/sh" "COMPILER=arm-none-eabi-gcc" "ARCHIVER=arm-none-eabi-ar" "COMPILER_FLAGS=  -O2 -c" "EXTRA_COMPILER_FLAGS=-mcpu=cortex-a9 -mfpu=vfpv3 -mfloat-abi=hard -nostartfiles"
Running Make include in ps7_cortexa9_0/libsrc/scuwdt_v2_1/src
make -C ps7_cortexa9_0/libsrc/scuwdt_v2_1/src -s include  "SHELL=/bin/sh" "COMPILER=arm-none-eabi-gcc" "ARCHIVER=arm-none-eabi-ar" "COMPILER_FLAGS=  -O2 -c" "EXTRA_COMPILER_FLAGS=-mcpu=cortex-a9 -mfpu=vfpv3 -mfloat-abi=hard -nostartfiles"
Running Make include in ps7_cortexa9_0/libsrc/sdps_v2_8/src
make -C ps7_cortexa9_0/libsrc/sdps_v2_8/src -s include  "SHELL=/bin/sh" "COMPILER=arm-none-eabi-gcc" "ARCHIVER=arm-none-eabi-ar" "COMPILER_FLAGS=  -O2 -c" "EXTRA_COMPILER_FLAGS=-mcpu=cortex-a9 -mfpu=vfpv3 -mfloat-abi=hard -nostartfiles"
Running Make include in ps7_cortexa9_0/libsrc/standalone_v5_5/src
make -C ps7_cortexa9_0/libsrc/standalone_v5_5/src -s include  "SHELL=/bin/sh" "COMPILER=arm-none-eabi-gcc" "ARCHIVER=arm-none-eabi-ar" "COMPILER_FLAGS=  -O2 -c" "EXTRA_COMPILER_FLAGS=-mcpu=cortex-a9 -mfpu=vfpv3 -mfloat-abi=hard -nostartfiles"
Running Make include in ps7_cortexa9_0/libsrc/uartps_v3_1/src
make -C ps7_cortexa9_0/libsrc/uartps_v3_1/src -s include  "SHELL=/bin/sh" "COMPILER=arm-none-eabi-gcc" "ARCHIVER=arm-none-eabi-ar" "COMPILER_FLAGS=  -O2 -c" "EXTRA_COMPILER_FLAGS=-mcpu=cortex-a9 -mfpu=vfpv3 -mfloat-abi=hard -nostartfiles"
Running Make include in ps7_cortexa9_0/libsrc/xadcps_v2_2/src
make -C ps7_cortexa9_0/libsrc/xadcps_v2_2/src -s include  "SHELL=/bin/sh" "COMPILER=arm-none-eabi-gcc" "ARCHIVER=arm-none-eabi-ar" "COMPILER_FLAGS=  -O2 -c" "EXTRA_COMPILER_FLAGS=-mcpu=cortex-a9 -mfpu=vfpv3 -mfloat-abi=hard -nostartfiles"
Running Make libs in ps7_cortexa9_0/libsrc/coresightps_dcc_v1_2/src
make -C ps7_cortexa9_0/libsrc/coresightps_dcc_v1_2/src -s libs  "SHELL=/bin/sh" "COMPILER=arm-none-eabi-gcc" "ARCHIVER=arm-none-eabi-ar" "COMPILER_FLAGS=  -O2 -c" "EXTRA_COMPILER_FLAGS=-mcpu=cortex-a9 -mfpu=vfpv3 -mfloat-abi=hard -nostartfiles"
Compiling coresightps_dcc
arm-none-eabi-ar: creating ../../../lib/libxil.a
Running Make libs in ps7_cortexa9_0/libsrc/cpu_cortexa9_v2_2/src
make -C ps7_cortexa9_0/libsrc/cpu_cortexa9_v2_2/src -s libs  "SHELL=/bin/sh" "COMPILER=arm-none-eabi-gcc" "ARCHIVER=arm-none-eabi-ar" "COMPILER_FLAGS=  -O2 -c" "EXTRA_COMPILER_FLAGS=-mcpu=cortex-a9 -mfpu=vfpv3 -mfloat-abi=hard -nostartfiles"
Compiling cpu_cortexa9
Running Make libs in ps7_cortexa9_0/libsrc/devcfg_v3_4/src
make -C ps7_cortexa9_0/libsrc/devcfg_v3_4/src -s libs  "SHELL=/bin/sh" "COMPILER=arm-none-eabi-gcc" "ARCHIVER=arm-none-eabi-ar" "COMPILER_FLAGS=  -O2 -c" "EXTRA_COMPILER_FLAGS=-mcpu=cortex-a9 -mfpu=vfpv3 -mfloat-abi=hard -nostartfiles"
Compiling devcfg
Running Make libs in ps7_cortexa9_0/libsrc/dmaps_v2_1/src
make -C ps7_cortexa9_0/libsrc/dmaps_v2_1/src -s libs  "SHELL=/bin/sh" "COMPILER=arm-none-eabi-gcc" "ARCHIVER=arm-none-eabi-ar" "COMPILER_FLAGS=  -O2 -c" "EXTRA_COMPILER_FLAGS=-mcpu=cortex-a9 -mfpu=vfpv3 -mfloat-abi=hard -nostartfiles"
Compiling dmaps
Running Make libs in ps7_cortexa9_0/libsrc/gpiops_v3_1/src
make -C ps7_cortexa9_0/libsrc/gpiops_v3_1/src -s libs  "SHELL=/bin/sh" "COMPILER=arm-none-eabi-gcc" "ARCHIVER=arm-none-eabi-ar" "COMPILER_FLAGS=  -O2 -c" "EXTRA_COMPILER_FLAGS=-mcpu=cortex-a9 -mfpu=vfpv3 -mfloat-abi=hard -nostartfiles"
Compiling gpiops
Running Make libs in ps7_cortexa9_0/libsrc/llfifo_v5_1/src
make -C ps7_cortexa9_0/libsrc/llfifo_v5_1/src -s libs  "SHELL=/bin/sh" "COMPILER=arm-none-eabi-gcc" "ARCHIVER=arm-none-eabi-ar" "COMPILER_FLAGS=  -O2 -c" "EXTRA_COMPILER_FLAGS=-mcpu=cortex-a9 -mfpu=vfpv3 -mfloat-abi=hard -nostartfiles"
Compiling llfifo
Running Make libs in ps7_cortexa9_0/libsrc/n3z_tonetest_v1_09/src
make -C ps7_cortexa9_0/libsrc/n3z_tonetest_v1_09/src -s libs  "SHELL=/bin/sh" "COMPILER=arm-none-eabi-gcc" "ARCHIVER=arm-none-eabi-ar" "COMPILER_FLAGS=  -O2 -c" "EXTRA_COMPILER_FLAGS=-mcpu=cortex-a9 -mfpu=vfpv3 -mfloat-abi=hard -nostartfiles"
Compiling foo_top_top
Running Make libs in ps7_cortexa9_0/libsrc/qspips_v3_3/src
make -C ps7_cortexa9_0/libsrc/qspips_v3_3/src -s libs  "SHELL=/bin/sh" "COMPILER=arm-none-eabi-gcc" "ARCHIVER=arm-none-eabi-ar" "COMPILER_FLAGS=  -O2 -c" "EXTRA_COMPILER_FLAGS=-mcpu=cortex-a9 -mfpu=vfpv3 -mfloat-abi=hard -nostartfiles"
Compiling qspips
Running Make libs in ps7_cortexa9_0/libsrc/scugic_v3_3/src
make -C ps7_cortexa9_0/libsrc/scugic_v3_3/src -s libs  "SHELL=/bin/sh" "COMPILER=arm-none-eabi-gcc" "ARCHIVER=arm-none-eabi-ar" "COMPILER_FLAGS=  -O2 -c" "EXTRA_COMPILER_FLAGS=-mcpu=cortex-a9 -mfpu=vfpv3 -mfloat-abi=hard -nostartfiles"
Compiling scugic
Running Make libs in ps7_cortexa9_0/libsrc/scutimer_v2_1/src
make -C ps7_cortexa9_0/libsrc/scutimer_v2_1/src -s libs  "SHELL=/bin/sh" "COMPILER=arm-none-eabi-gcc" "ARCHIVER=arm-none-eabi-ar" "COMPILER_FLAGS=  -O2 -c" "EXTRA_COMPILER_FLAGS=-mcpu=cortex-a9 -mfpu=vfpv3 -mfloat-abi=hard -nostartfiles"
Compiling scutimer
Running Make libs in ps7_cortexa9_0/libsrc/scuwdt_v2_1/src
make -C ps7_cortexa9_0/libsrc/scuwdt_v2_1/src -s libs  "SHELL=/bin/sh" "COMPILER=arm-none-eabi-gcc" "ARCHIVER=arm-none-eabi-ar" "COMPILER_FLAGS=  -O2 -c" "EXTRA_COMPILER_FLAGS=-mcpu=cortex-a9 -mfpu=vfpv3 -mfloat-abi=hard -nostartfiles"
Compiling scuwdt
Running Make libs in ps7_cortexa9_0/libsrc/sdps_v2_8/src
make -C ps7_cortexa9_0/libsrc/sdps_v2_8/src -s libs  "SHELL=/bin/sh" "COMPILER=arm-none-eabi-gcc" "ARCHIVER=arm-none-eabi-ar" "COMPILER_FLAGS=  -O2 -c" "EXTRA_COMPILER_FLAGS=-mcpu=cortex-a9 -mfpu=vfpv3 -mfloat-abi=hard -nostartfiles"
Compiling sdps
Running Make libs in ps7_cortexa9_0/libsrc/standalone_v5_5/src
make -C ps7_cortexa9_0/libsrc/standalone_v5_5/src -s libs  "SHELL=/bin/sh" "COMPILER=arm-none-eabi-gcc" "ARCHIVER=arm-none-eabi-ar" "COMPILER_FLAGS=  -O2 -c" "EXTRA_COMPILER_FLAGS=-mcpu=cortex-a9 -mfpu=vfpv3 -mfloat-abi=hard -nostartfiles"
Compiling standalone
Running Make libs in ps7_cortexa9_0/libsrc/uartps_v3_1/src
make -C ps7_cortexa9_0/libsrc/uartps_v3_1/src -s libs  "SHELL=/bin/sh" "COMPILER=arm-none-eabi-gcc" "ARCHIVER=arm-none-eabi-ar" "COMPILER_FLAGS=  -O2 -c" "EXTRA_COMPILER_FLAGS=-mcpu=cortex-a9 -mfpu=vfpv3 -mfloat-abi=hard -nostartfiles"
Compiling uartps
Running Make libs in ps7_cortexa9_0/libsrc/xadcps_v2_2/src
make -C ps7_cortexa9_0/libsrc/xadcps_v2_2/src -s libs  "SHELL=/bin/sh" "COMPILER=arm-none-eabi-gcc" "ARCHIVER=arm-none-eabi-ar" "COMPILER_FLAGS=  -O2 -c" "EXTRA_COMPILER_FLAGS=-mcpu=cortex-a9 -mfpu=vfpv3 -mfloat-abi=hard -nostartfiles"
Compiling xadcps
Finished building libraries
20:45:31 **** Auto Build of project NicolaRadio_bsp ****
make -k all 
Running Make include in ps7_cortexa9_0/libsrc/coresightps_dcc_v1_2/src
make -C ps7_cortexa9_0/libsrc/coresightps_dcc_v1_2/src -s include  "SHELL=/bin/sh" "COMPILER=arm-none-eabi-gcc" "ARCHIVER=arm-none-eabi-ar" "COMPILER_FLAGS=  -O2 -c" "EXTRA_COMPILER_FLAGS=-mcpu=cortex-a9 -mfpu=vfpv3 -mfloat-abi=hard -nostartfiles"
Running Make include in ps7_cortexa9_0/libsrc/cpu_cortexa9_v2_2/src
make -C ps7_cortexa9_0/libsrc/cpu_cortexa9_v2_2/src -s include  "SHELL=/bin/sh" "COMPILER=arm-none-eabi-gcc" "ARCHIVER=arm-none-eabi-ar" "COMPILER_FLAGS=  -O2 -c" "EXTRA_COMPILER_FLAGS=-mcpu=cortex-a9 -mfpu=vfpv3 -mfloat-abi=hard -nostartfiles"
Running Make include in ps7_cortexa9_0/libsrc/devcfg_v3_4/src
make -C ps7_cortexa9_0/libsrc/devcfg_v3_4/src -s include  "SHELL=/bin/sh" "COMPILER=arm-none-eabi-gcc" "ARCHIVER=arm-none-eabi-ar" "COMPILER_FLAGS=  -O2 -c" "EXTRA_COMPILER_FLAGS=-mcpu=cortex-a9 -mfpu=vfpv3 -mfloat-abi=hard -nostartfiles"
Running Make include in ps7_cortexa9_0/libsrc/dmaps_v2_1/src
make -C ps7_cortexa9_0/libsrc/dmaps_v2_1/src -s include  "SHELL=/bin/sh" "COMPILER=arm-none-eabi-gcc" "ARCHIVER=arm-none-eabi-ar" "COMPILER_FLAGS=  -O2 -c" "EXTRA_COMPILER_FLAGS=-mcpu=cortex-a9 -mfpu=vfpv3 -mfloat-abi=hard -nostartfiles"
Running Make include in ps7_cortexa9_0/libsrc/gpiops_v3_1/src
make -C ps7_cortexa9_0/libsrc/gpiops_v3_1/src -s include  "SHELL=/bin/sh" "COMPILER=arm-none-eabi-gcc" "ARCHIVER=arm-none-eabi-ar" "COMPILER_FLAGS=  -O2 -c" "EXTRA_COMPILER_FLAGS=-mcpu=cortex-a9 -mfpu=vfpv3 -mfloat-abi=hard -nostartfiles"
Running Make include in ps7_cortexa9_0/libsrc/llfifo_v5_1/src
make -C ps7_cortexa9_0/libsrc/llfifo_v5_1/src -s include  "SHELL=/bin/sh" "COMPILER=arm-none-eabi-gcc" "ARCHIVER=arm-none-eabi-ar" "COMPILER_FLAGS=  -O2 -c" "EXTRA_COMPILER_FLAGS=-mcpu=cortex-a9 -mfpu=vfpv3 -mfloat-abi=hard -nostartfiles"
Running Make include in ps7_cortexa9_0/libsrc/n3z_tonetest_v1_09/src
make -C ps7_cortexa9_0/libsrc/n3z_tonetest_v1_09/src -s include  "SHELL=/bin/sh" "COMPILER=arm-none-eabi-gcc" "ARCHIVER=arm-none-eabi-ar" "COMPILER_FLAGS=  -O2 -c" "EXTRA_COMPILER_FLAGS=-mcpu=cortex-a9 -mfpu=vfpv3 -mfloat-abi=hard -nostartfiles"
Running Make include in ps7_cortexa9_0/libsrc/qspips_v3_3/src
make -C ps7_cortexa9_0/libsrc/qspips_v3_3/src -s include  "SHELL=/bin/sh" "COMPILER=arm-none-eabi-gcc" "ARCHIVER=arm-none-eabi-ar" "COMPILER_FLAGS=  -O2 -c" "EXTRA_COMPILER_FLAGS=-mcpu=cortex-a9 -mfpu=vfpv3 -mfloat-abi=hard -nostartfiles"
Running Make include in ps7_cortexa9_0/libsrc/scugic_v3_3/src
make -C ps7_cortexa9_0/libsrc/scugic_v3_3/src -s include  "SHELL=/bin/sh" "COMPILER=arm-none-eabi-gcc" "ARCHIVER=arm-none-eabi-ar" "COMPILER_FLAGS=  -O2 -c" "EXTRA_COMPILER_FLAGS=-mcpu=cortex-a9 -mfpu=vfpv3 -mfloat-abi=hard -nostartfiles"
Running Make include in ps7_cortexa9_0/libsrc/scutimer_v2_1/src
make -C ps7_cortexa9_0/libsrc/scutimer_v2_1/src -s include  "SHELL=/bin/sh" "COMPILER=arm-none-eabi-gcc" "ARCHIVER=arm-none-eabi-ar" "COMPILER_FLAGS=  -O2 -c" "EXTRA_COMPILER_FLAGS=-mcpu=cortex-a9 -mfpu=vfpv3 -mfloat-abi=hard -nostartfiles"
Running Make include in ps7_cortexa9_0/libsrc/scuwdt_v2_1/src
make -C ps7_cortexa9_0/libsrc/scuwdt_v2_1/src -s include  "SHELL=/bin/sh" "COMPILER=arm-none-eabi-gcc" "ARCHIVER=arm-none-eabi-ar" "COMPILER_FLAGS=  -O2 -c" "EXTRA_COMPILER_FLAGS=-mcpu=cortex-a9 -mfpu=vfpv3 -mfloat-abi=hard -nostartfiles"
Running Make include in ps7_cortexa9_0/libsrc/sdps_v2_8/src
make -C ps7_cortexa9_0/libsrc/sdps_v2_8/src -s include  "SHELL=/bin/sh" "COMPILER=arm-none-eabi-gcc" "ARCHIVER=arm-none-eabi-ar" "COMPILER_FLAGS=  -O2 -c" "EXTRA_COMPILER_FLAGS=-mcpu=cortex-a9 -mfpu=vfpv3 -mfloat-abi=hard -nostartfiles"
Running Make include in ps7_cortexa9_0/libsrc/standalone_v5_5/src
make -C ps7_cortexa9_0/libsrc/standalone_v5_5/src -s include  "SHELL=/bin/sh" "COMPILER=arm-none-eabi-gcc" "ARCHIVER=arm-none-eabi-ar" "COMPILER_FLAGS=  -O2 -c" "EXTRA_COMPILER_FLAGS=-mcpu=cortex-a9 -mfpu=vfpv3 -mfloat-abi=hard -nostartfiles"
Running Make include in ps7_cortexa9_0/libsrc/uartps_v3_1/src
make -C ps7_cortexa9_0/libsrc/uartps_v3_1/src -s include  "SHELL=/bin/sh" "COMPILER=arm-none-eabi-gcc" "ARCHIVER=arm-none-eabi-ar" "COMPILER_FLAGS=  -O2 -c" "EXTRA_COMPILER_FLAGS=-mcpu=cortex-a9 -mfpu=vfpv3 -mfloat-abi=hard -nostartfiles"
Running Make include in ps7_cortexa9_0/libsrc/xadcps_v2_2/src
make -C ps7_cortexa9_0/libsrc/xadcps_v2_2/src -s include  "SHELL=/bin/sh" "COMPILER=arm-none-eabi-gcc" "ARCHIVER=arm-none-eabi-ar" "COMPILER_FLAGS=  -O2 -c" "EXTRA_COMPILER_FLAGS=-mcpu=cortex-a9 -mfpu=vfpv3 -mfloat-abi=hard -nostartfiles"
Running Make libs in ps7_cortexa9_0/libsrc/coresightps_dcc_v1_2/src
make -C ps7_cortexa9_0/libsrc/coresightps_dcc_v1_2/src -s libs  "SHELL=/bin/sh" "COMPILER=arm-none-eabi-gcc" "ARCHIVER=arm-none-eabi-ar" "COMPILER_FLAGS=  -O2 -c" "EXTRA_COMPILER_FLAGS=-mcpu=cortex-a9 -mfpu=vfpv3 -mfloat-abi=hard -nostartfiles"
Compiling coresightps_dcc
Running Make libs in ps7_cortexa9_0/libsrc/cpu_cortexa9_v2_2/src
make -C ps7_cortexa9_0/libsrc/cpu_cortexa9_v2_2/src -s libs  "SHELL=/bin/sh" "COMPILER=arm-none-eabi-gcc" "ARCHIVER=arm-none-eabi-ar" "COMPILER_FLAGS=  -O2 -c" "EXTRA_COMPILER_FLAGS=-mcpu=cortex-a9 -mfpu=vfpv3 -mfloat-abi=hard -nostartfiles"
Compiling cpu_cortexa9
Running Make libs in ps7_cortexa9_0/libsrc/devcfg_v3_4/src
make -C ps7_cortexa9_0/libsrc/devcfg_v3_4/src -s libs  "SHELL=/bin/sh" "COMPILER=arm-none-eabi-gcc" "ARCHIVER=arm-none-eabi-ar" "COMPILER_FLAGS=  -O2 -c" "EXTRA_COMPILER_FLAGS=-mcpu=cortex-a9 -mfpu=vfpv3 -mfloat-abi=hard -nostartfiles"
Compiling devcfg
Running Make libs in ps7_cortexa9_0/libsrc/dmaps_v2_1/src
make -C ps7_cortexa9_0/libsrc/dmaps_v2_1/src -s libs  "SHELL=/bin/sh" "COMPILER=arm-none-eabi-gcc" "ARCHIVER=arm-none-eabi-ar" "COMPILER_FLAGS=  -O2 -c" "EXTRA_COMPILER_FLAGS=-mcpu=cortex-a9 -mfpu=vfpv3 -mfloat-abi=hard -nostartfiles"
Compiling dmaps
Running Make libs in ps7_cortexa9_0/libsrc/gpiops_v3_1/src
make -C ps7_cortexa9_0/libsrc/gpiops_v3_1/src -s libs  "SHELL=/bin/sh" "COMPILER=arm-none-eabi-gcc" "ARCHIVER=arm-none-eabi-ar" "COMPILER_FLAGS=  -O2 -c" "EXTRA_COMPILER_FLAGS=-mcpu=cortex-a9 -mfpu=vfpv3 -mfloat-abi=hard -nostartfiles"
Compiling gpiops
Running Make libs in ps7_cortexa9_0/libsrc/llfifo_v5_1/src
make -C ps7_cortexa9_0/libsrc/llfifo_v5_1/src -s libs  "SHELL=/bin/sh" "COMPILER=arm-none-eabi-gcc" "ARCHIVER=arm-none-eabi-ar" "COMPILER_FLAGS=  -O2 -c" "EXTRA_COMPILER_FLAGS=-mcpu=cortex-a9 -mfpu=vfpv3 -mfloat-abi=hard -nostartfiles"
Compiling llfifo
Running Make libs in ps7_cortexa9_0/libsrc/n3z_tonetest_v1_09/src
make -C ps7_cortexa9_0/libsrc/n3z_tonetest_v1_09/src -s libs  "SHELL=/bin/sh" "COMPILER=arm-none-eabi-gcc" "ARCHIVER=arm-none-eabi-ar" "COMPILER_FLAGS=  -O2 -c" "EXTRA_COMPILER_FLAGS=-mcpu=cortex-a9 -mfpu=vfpv3 -mfloat-abi=hard -nostartfiles"
Compiling foo_top_top
Running Make libs in ps7_cortexa9_0/libsrc/qspips_v3_3/src
make -C ps7_cortexa9_0/libsrc/qspips_v3_3/src -s libs  "SHELL=/bin/sh" "COMPILER=arm-none-eabi-gcc" "ARCHIVER=arm-none-eabi-ar" "COMPILER_FLAGS=  -O2 -c" "EXTRA_COMPILER_FLAGS=-mcpu=cortex-a9 -mfpu=vfpv3 -mfloat-abi=hard -nostartfiles"
Compiling qspips
Running Make libs in ps7_cortexa9_0/libsrc/scugic_v3_3/src
make -C ps7_cortexa9_0/libsrc/scugic_v3_3/src -s libs  "SHELL=/bin/sh" "COMPILER=arm-none-eabi-gcc" "ARCHIVER=arm-none-eabi-ar" "COMPILER_FLAGS=  -O2 -c" "EXTRA_COMPILER_FLAGS=-mcpu=cortex-a9 -mfpu=vfpv3 -mfloat-abi=hard -nostartfiles"
Compiling scugic
Running Make libs in ps7_cortexa9_0/libsrc/scutimer_v2_1/src
make -C ps7_cortexa9_0/libsrc/scutimer_v2_1/src -s libs  "SHELL=/bin/sh" "COMPILER=arm-none-eabi-gcc" "ARCHIVER=arm-none-eabi-ar" "COMPILER_FLAGS=  -O2 -c" "EXTRA_COMPILER_FLAGS=-mcpu=cortex-a9 -mfpu=vfpv3 -mfloat-abi=hard -nostartfiles"
Compiling scutimer
Running Make libs in ps7_cortexa9_0/libsrc/scuwdt_v2_1/src
make -C ps7_cortexa9_0/libsrc/scuwdt_v2_1/src -s libs  "SHELL=/bin/sh" "COMPILER=arm-none-eabi-gcc" "ARCHIVER=arm-none-eabi-ar" "COMPILER_FLAGS=  -O2 -c" "EXTRA_COMPILER_FLAGS=-mcpu=cortex-a9 -mfpu=vfpv3 -mfloat-abi=hard -nostartfiles"
Compiling scuwdt
Running Make libs in ps7_cortexa9_0/libsrc/sdps_v2_8/src
make -C ps7_cortexa9_0/libsrc/sdps_v2_8/src -s libs  "SHELL=/bin/sh" "COMPILER=arm-none-eabi-gcc" "ARCHIVER=arm-none-eabi-ar" "COMPILER_FLAGS=  -O2 -c" "EXTRA_COMPILER_FLAGS=-mcpu=cortex-a9 -mfpu=vfpv3 -mfloat-abi=hard -nostartfiles"
Compiling sdps
Running Make libs in ps7_cortexa9_0/libsrc/standalone_v5_5/src
make -C ps7_cortexa9_0/libsrc/standalone_v5_5/src -s libs  "SHELL=/bin/sh" "COMPILER=arm-none-eabi-gcc" "ARCHIVER=arm-none-eabi-ar" "COMPILER_FLAGS=  -O2 -c" "EXTRA_COMPILER_FLAGS=-mcpu=cortex-a9 -mfpu=vfpv3 -mfloat-abi=hard -nostartfiles"
Compiling standalone
Running Make libs in ps7_cortexa9_0/libsrc/uartps_v3_1/src
make -C ps7_cortexa9_0/libsrc/uartps_v3_1/src -s libs  "SHELL=/bin/sh" "COMPILER=arm-none-eabi-gcc" "ARCHIVER=arm-none-eabi-ar" "COMPILER_FLAGS=  -O2 -c" "EXTRA_COMPILER_FLAGS=-mcpu=cortex-a9 -mfpu=vfpv3 -mfloat-abi=hard -nostartfiles"
Compiling uartps
Running Make libs in ps7_cortexa9_0/libsrc/xadcps_v2_2/src
make -C ps7_cortexa9_0/libsrc/xadcps_v2_2/src -s libs  "SHELL=/bin/sh" "COMPILER=arm-none-eabi-gcc" "ARCHIVER=arm-none-eabi-ar" "COMPILER_FLAGS=  -O2 -c" "EXTRA_COMPILER_FLAGS=-mcpu=cortex-a9 -mfpu=vfpv3 -mfloat-abi=hard -nostartfiles"
Compiling xadcps
Finished building libraries

**** Build of configuration Debug for project NicolaRadio ****

Nothing to build for project NicolaRadio
20:46:12 **** Build of project FSBL_bsp ****
make -k all 
Running Make include in ps7_cortexa9_0/libsrc/coresightps_dcc_v1_2/src
make -C ps7_cortexa9_0/libsrc/coresightps_dcc_v1_2/src -s include  "SHELL=/bin/sh" "COMPILER=arm-none-eabi-gcc" "ARCHIVER=arm-none-eabi-ar" "COMPILER_FLAGS=  -O2 -c" "EXTRA_COMPILER_FLAGS=-mcpu=cortex-a9 -mfpu=vfpv3 -mfloat-abi=hard -nostartfiles"
Running Make include in ps7_cortexa9_0/libsrc/cpu_cortexa9_v2_2/src
make -C ps7_cortexa9_0/libsrc/cpu_cortexa9_v2_2/src -s include  "SHELL=/bin/sh" "COMPILER=arm-none-eabi-gcc" "ARCHIVER=arm-none-eabi-ar" "COMPILER_FLAGS=  -O2 -c" "EXTRA_COMPILER_FLAGS=-mcpu=cortex-a9 -mfpu=vfpv3 -mfloat-abi=hard -nostartfiles"
Running Make include in ps7_cortexa9_0/libsrc/devcfg_v3_4/src
make -C ps7_cortexa9_0/libsrc/devcfg_v3_4/src -s include  "SHELL=/bin/sh" "COMPILER=arm-none-eabi-gcc" "ARCHIVER=arm-none-eabi-ar" "COMPILER_FLAGS=  -O2 -c" "EXTRA_COMPILER_FLAGS=-mcpu=cortex-a9 -mfpu=vfpv3 -mfloat-abi=hard -nostartfiles"
Running Make include in ps7_cortexa9_0/libsrc/dmaps_v2_1/src
make -C ps7_cortexa9_0/libsrc/dmaps_v2_1/src -s include  "SHELL=/bin/sh" "COMPILER=arm-none-eabi-gcc" "ARCHIVER=arm-none-eabi-ar" "COMPILER_FLAGS=  -O2 -c" "EXTRA_COMPILER_FLAGS=-mcpu=cortex-a9 -mfpu=vfpv3 -mfloat-abi=hard -nostartfiles"
Running Make include in ps7_cortexa9_0/libsrc/gpiops_v3_1/src
make -C ps7_cortexa9_0/libsrc/gpiops_v3_1/src -s include  "SHELL=/bin/sh" "COMPILER=arm-none-eabi-gcc" "ARCHIVER=arm-none-eabi-ar" "COMPILER_FLAGS=  -O2 -c" "EXTRA_COMPILER_FLAGS=-mcpu=cortex-a9 -mfpu=vfpv3 -mfloat-abi=hard -nostartfiles"
Running Make include in ps7_cortexa9_0/libsrc/llfifo_v5_1/src
make -C ps7_cortexa9_0/libsrc/llfifo_v5_1/src -s include  "SHELL=/bin/sh" "COMPILER=arm-none-eabi-gcc" "ARCHIVER=arm-none-eabi-ar" "COMPILER_FLAGS=  -O2 -c" "EXTRA_COMPILER_FLAGS=-mcpu=cortex-a9 -mfpu=vfpv3 -mfloat-abi=hard -nostartfiles"
Running Make include in ps7_cortexa9_0/libsrc/n3z_tonetest_v1_09/src
make -C ps7_cortexa9_0/libsrc/n3z_tonetest_v1_09/src -s include  "SHELL=/bin/sh" "COMPILER=arm-none-eabi-gcc" "ARCHIVER=arm-none-eabi-ar" "COMPILER_FLAGS=  -O2 -c" "EXTRA_COMPILER_FLAGS=-mcpu=cortex-a9 -mfpu=vfpv3 -mfloat-abi=hard -nostartfiles"
Running Make include in ps7_cortexa9_0/libsrc/qspips_v3_3/src
make -C ps7_cortexa9_0/libsrc/qspips_v3_3/src -s include  "SHELL=/bin/sh" "COMPILER=arm-none-eabi-gcc" "ARCHIVER=arm-none-eabi-ar" "COMPILER_FLAGS=  -O2 -c" "EXTRA_COMPILER_FLAGS=-mcpu=cortex-a9 -mfpu=vfpv3 -mfloat-abi=hard -nostartfiles"
Running Make include in ps7_cortexa9_0/libsrc/scugic_v3_3/src
make -C ps7_cortexa9_0/libsrc/scugic_v3_3/src -s include  "SHELL=/bin/sh" "COMPILER=arm-none-eabi-gcc" "ARCHIVER=arm-none-eabi-ar" "COMPILER_FLAGS=  -O2 -c" "EXTRA_COMPILER_FLAGS=-mcpu=cortex-a9 -mfpu=vfpv3 -mfloat-abi=hard -nostartfiles"
Running Make include in ps7_cortexa9_0/libsrc/scutimer_v2_1/src
make -C ps7_cortexa9_0/libsrc/scutimer_v2_1/src -s include  "SHELL=/bin/sh" "COMPILER=arm-none-eabi-gcc" "ARCHIVER=arm-none-eabi-ar" "COMPILER_FLAGS=  -O2 -c" "EXTRA_COMPILER_FLAGS=-mcpu=cortex-a9 -mfpu=vfpv3 -mfloat-abi=hard -nostartfiles"
Running Make include in ps7_cortexa9_0/libsrc/scuwdt_v2_1/src
make -C ps7_cortexa9_0/libsrc/scuwdt_v2_1/src -s include  "SHELL=/bin/sh" "COMPILER=arm-none-eabi-gcc" "ARCHIVER=arm-none-eabi-ar" "COMPILER_FLAGS=  -O2 -c" "EXTRA_COMPILER_FLAGS=-mcpu=cortex-a9 -mfpu=vfpv3 -mfloat-abi=hard -nostartfiles"
Running Make include in ps7_cortexa9_0/libsrc/sdps_v2_8/src
make -C ps7_cortexa9_0/libsrc/sdps_v2_8/src -s include  "SHELL=/bin/sh" "COMPILER=arm-none-eabi-gcc" "ARCHIVER=arm-none-eabi-ar" "COMPILER_FLAGS=  -O2 -c" "EXTRA_COMPILER_FLAGS=-mcpu=cortex-a9 -mfpu=vfpv3 -mfloat-abi=hard -nostartfiles"
Running Make include in ps7_cortexa9_0/libsrc/standalone_v5_5/src
make -C ps7_cortexa9_0/libsrc/standalone_v5_5/src -s include  "SHELL=/bin/sh" "COMPILER=arm-none-eabi-gcc" "ARCHIVER=arm-none-eabi-ar" "COMPILER_FLAGS=  -O2 -c" "EXTRA_COMPILER_FLAGS=-mcpu=cortex-a9 -mfpu=vfpv3 -mfloat-abi=hard -nostartfiles"
Running Make include in ps7_cortexa9_0/libsrc/uartps_v3_1/src
make -C ps7_cortexa9_0/libsrc/uartps_v3_1/src -s include  "SHELL=/bin/sh" "COMPILER=arm-none-eabi-gcc" "ARCHIVER=arm-none-eabi-ar" "COMPILER_FLAGS=  -O2 -c" "EXTRA_COMPILER_FLAGS=-mcpu=cortex-a9 -mfpu=vfpv3 -mfloat-abi=hard -nostartfiles"
Running Make include in ps7_cortexa9_0/libsrc/xadcps_v2_2/src
make -C ps7_cortexa9_0/libsrc/xadcps_v2_2/src -s include  "SHELL=/bin/sh" "COMPILER=arm-none-eabi-gcc" "ARCHIVER=arm-none-eabi-ar" "COMPILER_FLAGS=  -O2 -c" "EXTRA_COMPILER_FLAGS=-mcpu=cortex-a9 -mfpu=vfpv3 -mfloat-abi=hard -nostartfiles"
Running Make include in ps7_cortexa9_0/libsrc/xilffs_v3_3/src
make -C ps7_cortexa9_0/libsrc/xilffs_v3_3/src -s include  "SHELL=/bin/sh" "COMPILER=arm-none-eabi-gcc" "ARCHIVER=arm-none-eabi-ar" "COMPILER_FLAGS=  -O2 -c" "EXTRA_COMPILER_FLAGS=-mcpu=cortex-a9 -mfpu=vfpv3 -mfloat-abi=hard -nostartfiles"
Running Make include in ps7_cortexa9_0/libsrc/xilrsa_v1_2/src
make -C ps7_cortexa9_0/libsrc/xilrsa_v1_2/src -s include  "SHELL=/bin/sh" "COMPILER=arm-none-eabi-gcc" "ARCHIVER=arm-none-eabi-ar" "COMPILER_FLAGS=  -O2 -c" "EXTRA_COMPILER_FLAGS=-mcpu=cortex-a9 -mfpu=vfpv3 -mfloat-abi=hard -nostartfiles"
Running Make libs in ps7_cortexa9_0/libsrc/coresightps_dcc_v1_2/src
make -C ps7_cortexa9_0/libsrc/coresightps_dcc_v1_2/src -s libs  "SHELL=/bin/sh" "COMPILER=arm-none-eabi-gcc" "ARCHIVER=arm-none-eabi-ar" "COMPILER_FLAGS=  -O2 -c" "EXTRA_COMPILER_FLAGS=-mcpu=cortex-a9 -mfpu=vfpv3 -mfloat-abi=hard -nostartfiles"
Compiling coresightps_dcc
arm-none-eabi-ar: creating ../../../lib/libxil.a
Running Make libs in ps7_cortexa9_0/libsrc/cpu_cortexa9_v2_2/src
make -C ps7_cortexa9_0/libsrc/cpu_cortexa9_v2_2/src -s libs  "SHELL=/bin/sh" "COMPILER=arm-none-eabi-gcc" "ARCHIVER=arm-none-eabi-ar" "COMPILER_FLAGS=  -O2 -c" "EXTRA_COMPILER_FLAGS=-mcpu=cortex-a9 -mfpu=vfpv3 -mfloat-abi=hard -nostartfiles"
Compiling cpu_cortexa9
Running Make libs in ps7_cortexa9_0/libsrc/devcfg_v3_4/src
make -C ps7_cortexa9_0/libsrc/devcfg_v3_4/src -s libs  "SHELL=/bin/sh" "COMPILER=arm-none-eabi-gcc" "ARCHIVER=arm-none-eabi-ar" "COMPILER_FLAGS=  -O2 -c" "EXTRA_COMPILER_FLAGS=-mcpu=cortex-a9 -mfpu=vfpv3 -mfloat-abi=hard -nostartfiles"
Compiling devcfg
Running Make libs in ps7_cortexa9_0/libsrc/dmaps_v2_1/src
make -C ps7_cortexa9_0/libsrc/dmaps_v2_1/src -s libs  "SHELL=/bin/sh" "COMPILER=arm-none-eabi-gcc" "ARCHIVER=arm-none-eabi-ar" "COMPILER_FLAGS=  -O2 -c" "EXTRA_COMPILER_FLAGS=-mcpu=cortex-a9 -mfpu=vfpv3 -mfloat-abi=hard -nostartfiles"
Compiling dmaps
Running Make libs in ps7_cortexa9_0/libsrc/gpiops_v3_1/src
make -C ps7_cortexa9_0/libsrc/gpiops_v3_1/src -s libs  "SHELL=/bin/sh" "COMPILER=arm-none-eabi-gcc" "ARCHIVER=arm-none-eabi-ar" "COMPILER_FLAGS=  -O2 -c" "EXTRA_COMPILER_FLAGS=-mcpu=cortex-a9 -mfpu=vfpv3 -mfloat-abi=hard -nostartfiles"
Compiling gpiops
Running Make libs in ps7_cortexa9_0/libsrc/llfifo_v5_1/src
make -C ps7_cortexa9_0/libsrc/llfifo_v5_1/src -s libs  "SHELL=/bin/sh" "COMPILER=arm-none-eabi-gcc" "ARCHIVER=arm-none-eabi-ar" "COMPILER_FLAGS=  -O2 -c" "EXTRA_COMPILER_FLAGS=-mcpu=cortex-a9 -mfpu=vfpv3 -mfloat-abi=hard -nostartfiles"
Compiling llfifo
Running Make libs in ps7_cortexa9_0/libsrc/n3z_tonetest_v1_09/src
make -C ps7_cortexa9_0/libsrc/n3z_tonetest_v1_09/src -s libs  "SHELL=/bin/sh" "COMPILER=arm-none-eabi-gcc" "ARCHIVER=arm-none-eabi-ar" "COMPILER_FLAGS=  -O2 -c" "EXTRA_COMPILER_FLAGS=-mcpu=cortex-a9 -mfpu=vfpv3 -mfloat-abi=hard -nostartfiles"
Compiling foo_top_top
Running Make libs in ps7_cortexa9_0/libsrc/qspips_v3_3/src
make -C ps7_cortexa9_0/libsrc/qspips_v3_3/src -s libs  "SHELL=/bin/sh" "COMPILER=arm-none-eabi-gcc" "ARCHIVER=arm-none-eabi-ar" "COMPILER_FLAGS=  -O2 -c" "EXTRA_COMPILER_FLAGS=-mcpu=cortex-a9 -mfpu=vfpv3 -mfloat-abi=hard -nostartfiles"
Compiling qspips
Running Make libs in ps7_cortexa9_0/libsrc/scugic_v3_3/src
make -C ps7_cortexa9_0/libsrc/scugic_v3_3/src -s libs  "SHELL=/bin/sh" "COMPILER=arm-none-eabi-gcc" "ARCHIVER=arm-none-eabi-ar" "COMPILER_FLAGS=  -O2 -c" "EXTRA_COMPILER_FLAGS=-mcpu=cortex-a9 -mfpu=vfpv3 -mfloat-abi=hard -nostartfiles"
Compiling scugic
Running Make libs in ps7_cortexa9_0/libsrc/scutimer_v2_1/src
make -C ps7_cortexa9_0/libsrc/scutimer_v2_1/src -s libs  "SHELL=/bin/sh" "COMPILER=arm-none-eabi-gcc" "ARCHIVER=arm-none-eabi-ar" "COMPILER_FLAGS=  -O2 -c" "EXTRA_COMPILER_FLAGS=-mcpu=cortex-a9 -mfpu=vfpv3 -mfloat-abi=hard -nostartfiles"
Compiling scutimer
Running Make libs in ps7_cortexa9_0/libsrc/scuwdt_v2_1/src
make -C ps7_cortexa9_0/libsrc/scuwdt_v2_1/src -s libs  "SHELL=/bin/sh" "COMPILER=arm-none-eabi-gcc" "ARCHIVER=arm-none-eabi-ar" "COMPILER_FLAGS=  -O2 -c" "EXTRA_COMPILER_FLAGS=-mcpu=cortex-a9 -mfpu=vfpv3 -mfloat-abi=hard -nostartfiles"
Compiling scuwdt
Running Make libs in ps7_cortexa9_0/libsrc/sdps_v2_8/src
make -C ps7_cortexa9_0/libsrc/sdps_v2_8/src -s libs  "SHELL=/bin/sh" "COMPILER=arm-none-eabi-gcc" "ARCHIVER=arm-none-eabi-ar" "COMPILER_FLAGS=  -O2 -c" "EXTRA_COMPILER_FLAGS=-mcpu=cortex-a9 -mfpu=vfpv3 -mfloat-abi=hard -nostartfiles"
Compiling sdps
Running Make libs in ps7_cortexa9_0/libsrc/standalone_v5_5/src
make -C ps7_cortexa9_0/libsrc/standalone_v5_5/src -s libs  "SHELL=/bin/sh" "COMPILER=arm-none-eabi-gcc" "ARCHIVER=arm-none-eabi-ar" "COMPILER_FLAGS=  -O2 -c" "EXTRA_COMPILER_FLAGS=-mcpu=cortex-a9 -mfpu=vfpv3 -mfloat-abi=hard -nostartfiles"
Compiling standalone
Running Make libs in ps7_cortexa9_0/libsrc/uartps_v3_1/src
make -C ps7_cortexa9_0/libsrc/uartps_v3_1/src -s libs  "SHELL=/bin/sh" "COMPILER=arm-none-eabi-gcc" "ARCHIVER=arm-none-eabi-ar" "COMPILER_FLAGS=  -O2 -c" "EXTRA_COMPILER_FLAGS=-mcpu=cortex-a9 -mfpu=vfpv3 -mfloat-abi=hard -nostartfiles"
Compiling uartps
Running Make libs in ps7_cortexa9_0/libsrc/xadcps_v2_2/src
make -C ps7_cortexa9_0/libsrc/xadcps_v2_2/src -s libs  "SHELL=/bin/sh" "COMPILER=arm-none-eabi-gcc" "ARCHIVER=arm-none-eabi-ar" "COMPILER_FLAGS=  -O2 -c" "EXTRA_COMPILER_FLAGS=-mcpu=cortex-a9 -mfpu=vfpv3 -mfloat-abi=hard -nostartfiles"
Compiling xadcps
Running Make libs in ps7_cortexa9_0/libsrc/xilffs_v3_3/src
make -C ps7_cortexa9_0/libsrc/xilffs_v3_3/src -s libs  "SHELL=/bin/sh" "COMPILER=arm-none-eabi-gcc" "ARCHIVER=arm-none-eabi-ar" "COMPILER_FLAGS=  -O2 -c" "EXTRA_COMPILER_FLAGS=-mcpu=cortex-a9 -mfpu=vfpv3 -mfloat-abi=hard -nostartfiles"
Compiling XilFFs Library
Running Make libs in ps7_cortexa9_0/libsrc/xilrsa_v1_2/src
make -C ps7_cortexa9_0/libsrc/xilrsa_v1_2/src -s libs  "SHELL=/bin/sh" "COMPILER=arm-none-eabi-gcc" "ARCHIVER=arm-none-eabi-ar" "COMPILER_FLAGS=  -O2 -c" "EXTRA_COMPILER_FLAGS=-mcpu=cortex-a9 -mfpu=vfpv3 -mfloat-abi=hard -nostartfiles"
Finished building libraries
20:46:20 **** Build of configuration Debug for project FSBL ****
make pre-build main-build 
a9-linaro-pre-build-step
 
Building file: ../src/fsbl_handoff.S
Invoking: ARM v7 gcc compiler
arm-none-eabi-gcc -Wall -O0 -g3 -I"/home/gnaylor/Dropbox/N3workingG/TE0722Rebuild/N3Vivado/N3Z_TD_FIFO/N3Z_TD_FIFO.sdk/PS_PL_wrapper_hw_platform_0" -c -fmessage-length=0 -MT"src/fsbl_handoff.o" -mcpu=cortex-a9 -mfpu=vfpv3 -mfloat-abi=hard -I../../FSBL_bsp/ps7_cortexa9_0/include -MMD -MP -MF"src/fsbl_handoff.d" -MT"src/fsbl_handoff.o" -o "src/fsbl_handoff.o" "../src/fsbl_handoff.S"
Finished building: ../src/fsbl_handoff.S
 
Building file: ../src/fsbl_hooks.c
Invoking: ARM v7 gcc compiler
arm-none-eabi-gcc -Wall -O0 -g3 -I"/home/gnaylor/Dropbox/N3workingG/TE0722Rebuild/N3Vivado/N3Z_TD_FIFO/N3Z_TD_FIFO.sdk/PS_PL_wrapper_hw_platform_0" -c -fmessage-length=0 -MT"src/fsbl_hooks.o" -mcpu=cortex-a9 -mfpu=vfpv3 -mfloat-abi=hard -I../../FSBL_bsp/ps7_cortexa9_0/include -MMD -MP -MF"src/fsbl_hooks.d" -MT"src/fsbl_hooks.o" -o "src/fsbl_hooks.o" "../src/fsbl_hooks.c"
Finished building: ../src/fsbl_hooks.c
 
Building file: ../src/image_mover.c
Invoking: ARM v7 gcc compiler
arm-none-eabi-gcc -Wall -O0 -g3 -I"/home/gnaylor/Dropbox/N3workingG/TE0722Rebuild/N3Vivado/N3Z_TD_FIFO/N3Z_TD_FIFO.sdk/PS_PL_wrapper_hw_platform_0" -c -fmessage-length=0 -MT"src/image_mover.o" -mcpu=cortex-a9 -mfpu=vfpv3 -mfloat-abi=hard -I../../FSBL_bsp/ps7_cortexa9_0/include -MMD -MP -MF"src/image_mover.d" -MT"src/image_mover.o" -o "src/image_mover.o" "../src/image_mover.c"
Finished building: ../src/image_mover.c
 
Building file: ../src/main.c
Invoking: ARM v7 gcc compiler
arm-none-eabi-gcc -Wall -O0 -g3 -I"/home/gnaylor/Dropbox/N3workingG/TE0722Rebuild/N3Vivado/N3Z_TD_FIFO/N3Z_TD_FIFO.sdk/PS_PL_wrapper_hw_platform_0" -c -fmessage-length=0 -MT"src/main.o" -mcpu=cortex-a9 -mfpu=vfpv3 -mfloat-abi=hard -I../../FSBL_bsp/ps7_cortexa9_0/include -MMD -MP -MF"src/main.d" -MT"src/main.o" -o "src/main.o" "../src/main.c"
../src/main.c: In function ‘main’:
../src/main.c:234:6: warning: unused variable ‘HandoffAddress’ [-Wunused-variable]
  u32 HandoffAddress = 0;
      ^
../src/main.c:233:6: warning: unused variable ‘BootModeRegister’ [-Wunused-variable]
  u32 BootModeRegister = 0;
      ^
Finished building: ../src/main.c
 
Building file: ../src/md5.c
Invoking: ARM v7 gcc compiler
arm-none-eabi-gcc -Wall -O0 -g3 -I"/home/gnaylor/Dropbox/N3workingG/TE0722Rebuild/N3Vivado/N3Z_TD_FIFO/N3Z_TD_FIFO.sdk/PS_PL_wrapper_hw_platform_0" -c -fmessage-length=0 -MT"src/md5.o" -mcpu=cortex-a9 -mfpu=vfpv3 -mfloat-abi=hard -I../../FSBL_bsp/ps7_cortexa9_0/include -MMD -MP -MF"src/md5.d" -MT"src/md5.o" -o "src/md5.o" "../src/md5.c"
Finished building: ../src/md5.c
 
Building file: ../src/nand.c
Invoking: ARM v7 gcc compiler
arm-none-eabi-gcc -Wall -O0 -g3 -I"/home/gnaylor/Dropbox/N3workingG/TE0722Rebuild/N3Vivado/N3Z_TD_FIFO/N3Z_TD_FIFO.sdk/PS_PL_wrapper_hw_platform_0" -c -fmessage-length=0 -MT"src/nand.o" -mcpu=cortex-a9 -mfpu=vfpv3 -mfloat-abi=hard -I../../FSBL_bsp/ps7_cortexa9_0/include -MMD -MP -MF"src/nand.d" -MT"src/nand.o" -o "src/nand.o" "../src/nand.c"
Finished building: ../src/nand.c
 
Building file: ../src/nor.c
Invoking: ARM v7 gcc compiler
arm-none-eabi-gcc -Wall -O0 -g3 -I"/home/gnaylor/Dropbox/N3workingG/TE0722Rebuild/N3Vivado/N3Z_TD_FIFO/N3Z_TD_FIFO.sdk/PS_PL_wrapper_hw_platform_0" -c -fmessage-length=0 -MT"src/nor.o" -mcpu=cortex-a9 -mfpu=vfpv3 -mfloat-abi=hard -I../../FSBL_bsp/ps7_cortexa9_0/include -MMD -MP -MF"src/nor.d" -MT"src/nor.o" -o "src/nor.o" "../src/nor.c"
Finished building: ../src/nor.c
 
Building file: ../src/pcap.c
Invoking: ARM v7 gcc compiler
arm-none-eabi-gcc -Wall -O0 -g3 -I"/home/gnaylor/Dropbox/N3workingG/TE0722Rebuild/N3Vivado/N3Z_TD_FIFO/N3Z_TD_FIFO.sdk/PS_PL_wrapper_hw_platform_0" -c -fmessage-length=0 -MT"src/pcap.o" -mcpu=cortex-a9 -mfpu=vfpv3 -mfloat-abi=hard -I../../FSBL_bsp/ps7_cortexa9_0/include -MMD -MP -MF"src/pcap.d" -MT"src/pcap.o" -o "src/pcap.o" "../src/pcap.c"
Finished building: ../src/pcap.c
 
Building file: /home/gnaylor/Dropbox/N3workingG/TE0722Rebuild/N3Vivado/N3Z_TD_FIFO/N3Z_TD_FIFO.sdk/PS_PL_wrapper_hw_platform_0/ps7_init.c
Invoking: ARM v7 gcc compiler
arm-none-eabi-gcc -Wall -O0 -g3 -I"/home/gnaylor/Dropbox/N3workingG/TE0722Rebuild/N3Vivado/N3Z_TD_FIFO/N3Z_TD_FIFO.sdk/PS_PL_wrapper_hw_platform_0" -c -fmessage-length=0 -MT"src/ps7_init.o" -mcpu=cortex-a9 -mfpu=vfpv3 -mfloat-abi=hard -I../../FSBL_bsp/ps7_cortexa9_0/include -MMD -MP -MF"src/ps7_init.d" -MT"src/ps7_init.o" -o "src/ps7_init.o" "/home/gnaylor/Dropbox/N3workingG/TE0722Rebuild/N3Vivado/N3Z_TD_FIFO/N3Z_TD_FIFO.sdk/PS_PL_wrapper_hw_platform_0/ps7_init.c"
Finished building: /home/gnaylor/Dropbox/N3workingG/TE0722Rebuild/N3Vivado/N3Z_TD_FIFO/N3Z_TD_FIFO.sdk/PS_PL_wrapper_hw_platform_0/ps7_init.c
 
Building file: ../src/qspi.c
Invoking: ARM v7 gcc compiler
arm-none-eabi-gcc -Wall -O0 -g3 -I"/home/gnaylor/Dropbox/N3workingG/TE0722Rebuild/N3Vivado/N3Z_TD_FIFO/N3Z_TD_FIFO.sdk/PS_PL_wrapper_hw_platform_0" -c -fmessage-length=0 -MT"src/qspi.o" -mcpu=cortex-a9 -mfpu=vfpv3 -mfloat-abi=hard -I../../FSBL_bsp/ps7_cortexa9_0/include -MMD -MP -MF"src/qspi.d" -MT"src/qspi.o" -o "src/qspi.o" "../src/qspi.c"
Finished building: ../src/qspi.c
 
Building file: ../src/rsa.c
Invoking: ARM v7 gcc compiler
arm-none-eabi-gcc -Wall -O0 -g3 -I"/home/gnaylor/Dropbox/N3workingG/TE0722Rebuild/N3Vivado/N3Z_TD_FIFO/N3Z_TD_FIFO.sdk/PS_PL_wrapper_hw_platform_0" -c -fmessage-length=0 -MT"src/rsa.o" -mcpu=cortex-a9 -mfpu=vfpv3 -mfloat-abi=hard -I../../FSBL_bsp/ps7_cortexa9_0/include -MMD -MP -MF"src/rsa.d" -MT"src/rsa.o" -o "src/rsa.o" "../src/rsa.c"
Finished building: ../src/rsa.c
 
Building file: ../src/sd.c
Invoking: ARM v7 gcc compiler
arm-none-eabi-gcc -Wall -O0 -g3 -I"/home/gnaylor/Dropbox/N3workingG/TE0722Rebuild/N3Vivado/N3Z_TD_FIFO/N3Z_TD_FIFO.sdk/PS_PL_wrapper_hw_platform_0" -c -fmessage-length=0 -MT"src/sd.o" -mcpu=cortex-a9 -mfpu=vfpv3 -mfloat-abi=hard -I../../FSBL_bsp/ps7_cortexa9_0/include -MMD -MP -MF"src/sd.d" -MT"src/sd.o" -o "src/sd.o" "../src/sd.c"
Finished building: ../src/sd.c
 
Building target: FSBL.elf
Invoking: ARM v7 gcc linker
arm-none-eabi-gcc -L"/home/gnaylor/Dropbox/N3workingG/TE0722Rebuild/N3Vivado/N3Z_TD_FIFO/N3Z_TD_FIFO.sdk/FSBL/src" -mcpu=cortex-a9 -mfpu=vfpv3 -mfloat-abi=hard -Wl,-build-id=none -specs=Xilinx.spec -Wl,-T -Wl,../src/lscript.ld -L../../FSBL_bsp/ps7_cortexa9_0/lib -o "FSBL.elf"  ./src/fsbl_handoff.o ./src/fsbl_hooks.o ./src/image_mover.o ./src/main.o ./src/md5.o ./src/nand.o ./src/nor.o ./src/pcap.o ./src/ps7_init.o ./src/qspi.o ./src/rsa.o ./src/sd.o   -Wl,--start-group,-lxil,-lgcc,-lc,--end-group -Wl,--start-group,-lxilffs,-lxil,-lgcc,-lc,--end-group -Wl,--start-group,-lrsa,-lxil,-lgcc,-lc,--end-group
Finished building target: FSBL.elf
 
Invoking: ARM v7 Print Size
arm-none-eabi-size FSBL.elf  |tee "FSBL.elf.size"
   text	   data	    bss	    dec	    hex	filename
  77504	   4868	  74340	 156712	  26428	FSBL.elf
Finished building: FSBL.elf.size
 
20:46:22 **** Auto Build of configuration Debug for project FSBL ****
make pre-build main-build 
a9-linaro-pre-build-step
 
make: Nothing to be done for `main-build'.
20:47:22 **** Clean-only build of configuration Debug for project NicolaRadio ****
make clean 
rm -rf  ./src/portable/port.o ./src/portable/portASM.o  ./src/FreeRTOS_asm_vectors.o ./src/FreeRTOS_tick_config.o ./src/event_groups.o ./src/heap_4.o ./src/list.o ./src/main.o ./src/platform.o ./src/printf-stdarg.o ./src/ps7_init_Nicola.o ./src/queue.o ./src/tasks.o ./src/timers.o  ./NicolaCode/Bluetooth.o ./NicolaCode/ConsoleManager.o ./NicolaCode/DebugInterface.o ./NicolaCode/Flash-SDCard.o ./NicolaCode/LCD_Display.o ./NicolaCode/PSPLComms.o ./NicolaCode/RadioInterface.o ./NicolaCode/RemoteProtocolHandler.o ./NicolaCode/xsdps.o  ./src/portable/portASM.d  ./src/FreeRTOS_asm_vectors.d  ./src/portable/port.d  ./src/FreeRTOS_tick_config.d ./src/event_groups.d ./src/heap_4.d ./src/list.d ./src/main.d ./src/platform.d ./src/printf-stdarg.d ./src/ps7_init_Nicola.d ./src/queue.d ./src/tasks.d ./src/timers.d  ./NicolaCode/Bluetooth.d ./NicolaCode/ConsoleManager.d ./NicolaCode/DebugInterface.d ./NicolaCode/Flash-SDCard.d ./NicolaCode/LCD_Display.d ./NicolaCode/PSPLComms.d ./NicolaCode/RadioInterface.d ./NicolaCode/RemoteProtocolHandler.d ./NicolaCode/xsdps.d  NicolaRadio.elf.size  NicolaRadio.elf
 
20:47:22 **** Auto Build of configuration Debug for project NicolaRadio ****
make pre-build main-build 
a9-linaro-pre-build-step
 
Building file: ../src/portable/port.c
Invoking: ARM v7 gcc compiler
arm-none-eabi-gcc -DDEBUG_CODE -Wall -O0 -g3 -I../../NicolaRadio_bsp/ps7_cortexa9_0/include -I"/home/gnaylor/Dropbox/N3workingG/TE0722Rebuild/N3Vivado/N3Z_TD_FIFO/N3Z_TD_FIFO.sdk/NicolaRadio/src" -I"/home/gnaylor/Dropbox/N3workingG/TE0722Rebuild/N3Vivado/N3Z_TD_FIFO/N3Z_TD_FIFO.sdk/NicolaRadio/src/include" -I"/home/gnaylor/Dropbox/N3workingG/TE0722Rebuild/N3Vivado/N3Z_TD_FIFO/N3Z_TD_FIFO.sdk/NicolaRadio/src/portable" -I"/home/gnaylor/Dropbox/N3workingG/TE0722Rebuild/N3Vivado/N3Z_TD_FIFO/N3Z_TD_FIFO.sdk/NicolaRadio/NicolaInclude" -I"/home/gnaylor/Dropbox/N3workingG/TE0722Rebuild/N3Vivado/N3Z_TD_FIFO/N3Z_TD_FIFO.sdk/PS_PL_wrapper_hw_platform_0" -c -fmessage-length=0 -MT"src/portable/port.o" -mcpu=cortex-a9 -mfpu=vfpv3 -mfloat-abi=hard -MMD -MP -MF"src/portable/port.d" -MT"src/portable/port.o" -o "src/portable/port.o" "../src/portable/port.c"
Finished building: ../src/portable/port.c
 
Building file: ../src/portable/portASM.S
Invoking: ARM v7 gcc compiler
arm-none-eabi-gcc -DDEBUG_CODE -Wall -O0 -g3 -I../../NicolaRadio_bsp/ps7_cortexa9_0/include -I"/home/gnaylor/Dropbox/N3workingG/TE0722Rebuild/N3Vivado/N3Z_TD_FIFO/N3Z_TD_FIFO.sdk/NicolaRadio/src" -I"/home/gnaylor/Dropbox/N3workingG/TE0722Rebuild/N3Vivado/N3Z_TD_FIFO/N3Z_TD_FIFO.sdk/NicolaRadio/src/include" -I"/home/gnaylor/Dropbox/N3workingG/TE0722Rebuild/N3Vivado/N3Z_TD_FIFO/N3Z_TD_FIFO.sdk/NicolaRadio/src/portable" -I"/home/gnaylor/Dropbox/N3workingG/TE0722Rebuild/N3Vivado/N3Z_TD_FIFO/N3Z_TD_FIFO.sdk/NicolaRadio/NicolaInclude" -I"/home/gnaylor/Dropbox/N3workingG/TE0722Rebuild/N3Vivado/N3Z_TD_FIFO/N3Z_TD_FIFO.sdk/PS_PL_wrapper_hw_platform_0" -c -fmessage-length=0 -MT"src/portable/portASM.o" -mcpu=cortex-a9 -mfpu=vfpv3 -mfloat-abi=hard -MMD -MP -MF"src/portable/portASM.d" -MT"src/portable/portASM.o" -o "src/portable/portASM.o" "../src/portable/portASM.S"
Finished building: ../src/portable/portASM.S
 
Building file: ../src/FreeRTOS_asm_vectors.S
Invoking: ARM v7 gcc compiler
arm-none-eabi-gcc -DDEBUG_CODE -Wall -O0 -g3 -I../../NicolaRadio_bsp/ps7_cortexa9_0/include -I"/home/gnaylor/Dropbox/N3workingG/TE0722Rebuild/N3Vivado/N3Z_TD_FIFO/N3Z_TD_FIFO.sdk/NicolaRadio/src" -I"/home/gnaylor/Dropbox/N3workingG/TE0722Rebuild/N3Vivado/N3Z_TD_FIFO/N3Z_TD_FIFO.sdk/NicolaRadio/src/include" -I"/home/gnaylor/Dropbox/N3workingG/TE0722Rebuild/N3Vivado/N3Z_TD_FIFO/N3Z_TD_FIFO.sdk/NicolaRadio/src/portable" -I"/home/gnaylor/Dropbox/N3workingG/TE0722Rebuild/N3Vivado/N3Z_TD_FIFO/N3Z_TD_FIFO.sdk/NicolaRadio/NicolaInclude" -I"/home/gnaylor/Dropbox/N3workingG/TE0722Rebuild/N3Vivado/N3Z_TD_FIFO/N3Z_TD_FIFO.sdk/PS_PL_wrapper_hw_platform_0" -c -fmessage-length=0 -MT"src/FreeRTOS_asm_vectors.o" -mcpu=cortex-a9 -mfpu=vfpv3 -mfloat-abi=hard -MMD -MP -MF"src/FreeRTOS_asm_vectors.d" -MT"src/FreeRTOS_asm_vectors.o" -o "src/FreeRTOS_asm_vectors.o" "../src/FreeRTOS_asm_vectors.S"
Finished building: ../src/FreeRTOS_asm_vectors.S
 
Building file: ../src/FreeRTOS_tick_config.c
Invoking: ARM v7 gcc compiler
arm-none-eabi-gcc -DDEBUG_CODE -Wall -O0 -g3 -I../../NicolaRadio_bsp/ps7_cortexa9_0/include -I"/home/gnaylor/Dropbox/N3workingG/TE0722Rebuild/N3Vivado/N3Z_TD_FIFO/N3Z_TD_FIFO.sdk/NicolaRadio/src" -I"/home/gnaylor/Dropbox/N3workingG/TE0722Rebuild/N3Vivado/N3Z_TD_FIFO/N3Z_TD_FIFO.sdk/NicolaRadio/src/include" -I"/home/gnaylor/Dropbox/N3workingG/TE0722Rebuild/N3Vivado/N3Z_TD_FIFO/N3Z_TD_FIFO.sdk/NicolaRadio/src/portable" -I"/home/gnaylor/Dropbox/N3workingG/TE0722Rebuild/N3Vivado/N3Z_TD_FIFO/N3Z_TD_FIFO.sdk/NicolaRadio/NicolaInclude" -I"/home/gnaylor/Dropbox/N3workingG/TE0722Rebuild/N3Vivado/N3Z_TD_FIFO/N3Z_TD_FIFO.sdk/PS_PL_wrapper_hw_platform_0" -c -fmessage-length=0 -MT"src/FreeRTOS_tick_config.o" -mcpu=cortex-a9 -mfpu=vfpv3 -mfloat-abi=hard -MMD -MP -MF"src/FreeRTOS_tick_config.d" -MT"src/FreeRTOS_tick_config.o" -o "src/FreeRTOS_tick_config.o" "../src/FreeRTOS_tick_config.c"
Finished building: ../src/FreeRTOS_tick_config.c
 
Building file: ../src/event_groups.c
Invoking: ARM v7 gcc compiler
arm-none-eabi-gcc -DDEBUG_CODE -Wall -O0 -g3 -I../../NicolaRadio_bsp/ps7_cortexa9_0/include -I"/home/gnaylor/Dropbox/N3workingG/TE0722Rebuild/N3Vivado/N3Z_TD_FIFO/N3Z_TD_FIFO.sdk/NicolaRadio/src" -I"/home/gnaylor/Dropbox/N3workingG/TE0722Rebuild/N3Vivado/N3Z_TD_FIFO/N3Z_TD_FIFO.sdk/NicolaRadio/src/include" -I"/home/gnaylor/Dropbox/N3workingG/TE0722Rebuild/N3Vivado/N3Z_TD_FIFO/N3Z_TD_FIFO.sdk/NicolaRadio/src/portable" -I"/home/gnaylor/Dropbox/N3workingG/TE0722Rebuild/N3Vivado/N3Z_TD_FIFO/N3Z_TD_FIFO.sdk/NicolaRadio/NicolaInclude" -I"/home/gnaylor/Dropbox/N3workingG/TE0722Rebuild/N3Vivado/N3Z_TD_FIFO/N3Z_TD_FIFO.sdk/PS_PL_wrapper_hw_platform_0" -c -fmessage-length=0 -MT"src/event_groups.o" -mcpu=cortex-a9 -mfpu=vfpv3 -mfloat-abi=hard -MMD -MP -MF"src/event_groups.d" -MT"src/event_groups.o" -o "src/event_groups.o" "../src/event_groups.c"
Finished building: ../src/event_groups.c
 
Building file: ../src/heap_4.c
Invoking: ARM v7 gcc compiler
arm-none-eabi-gcc -DDEBUG_CODE -Wall -O0 -g3 -I../../NicolaRadio_bsp/ps7_cortexa9_0/include -I"/home/gnaylor/Dropbox/N3workingG/TE0722Rebuild/N3Vivado/N3Z_TD_FIFO/N3Z_TD_FIFO.sdk/NicolaRadio/src" -I"/home/gnaylor/Dropbox/N3workingG/TE0722Rebuild/N3Vivado/N3Z_TD_FIFO/N3Z_TD_FIFO.sdk/NicolaRadio/src/include" -I"/home/gnaylor/Dropbox/N3workingG/TE0722Rebuild/N3Vivado/N3Z_TD_FIFO/N3Z_TD_FIFO.sdk/NicolaRadio/src/portable" -I"/home/gnaylor/Dropbox/N3workingG/TE0722Rebuild/N3Vivado/N3Z_TD_FIFO/N3Z_TD_FIFO.sdk/NicolaRadio/NicolaInclude" -I"/home/gnaylor/Dropbox/N3workingG/TE0722Rebuild/N3Vivado/N3Z_TD_FIFO/N3Z_TD_FIFO.sdk/PS_PL_wrapper_hw_platform_0" -c -fmessage-length=0 -MT"src/heap_4.o" -mcpu=cortex-a9 -mfpu=vfpv3 -mfloat-abi=hard -MMD -MP -MF"src/heap_4.d" -MT"src/heap_4.o" -o "src/heap_4.o" "../src/heap_4.c"
Finished building: ../src/heap_4.c
 
Building file: ../src/list.c
Invoking: ARM v7 gcc compiler
arm-none-eabi-gcc -DDEBUG_CODE -Wall -O0 -g3 -I../../NicolaRadio_bsp/ps7_cortexa9_0/include -I"/home/gnaylor/Dropbox/N3workingG/TE0722Rebuild/N3Vivado/N3Z_TD_FIFO/N3Z_TD_FIFO.sdk/NicolaRadio/src" -I"/home/gnaylor/Dropbox/N3workingG/TE0722Rebuild/N3Vivado/N3Z_TD_FIFO/N3Z_TD_FIFO.sdk/NicolaRadio/src/include" -I"/home/gnaylor/Dropbox/N3workingG/TE0722Rebuild/N3Vivado/N3Z_TD_FIFO/N3Z_TD_FIFO.sdk/NicolaRadio/src/portable" -I"/home/gnaylor/Dropbox/N3workingG/TE0722Rebuild/N3Vivado/N3Z_TD_FIFO/N3Z_TD_FIFO.sdk/NicolaRadio/NicolaInclude" -I"/home/gnaylor/Dropbox/N3workingG/TE0722Rebuild/N3Vivado/N3Z_TD_FIFO/N3Z_TD_FIFO.sdk/PS_PL_wrapper_hw_platform_0" -c -fmessage-length=0 -MT"src/list.o" -mcpu=cortex-a9 -mfpu=vfpv3 -mfloat-abi=hard -MMD -MP -MF"src/list.d" -MT"src/list.o" -o "src/list.o" "../src/list.c"
Finished building: ../src/list.c
 
Building file: ../src/main.c
Invoking: ARM v7 gcc compiler
arm-none-eabi-gcc -DDEBUG_CODE -Wall -O0 -g3 -I../../NicolaRadio_bsp/ps7_cortexa9_0/include -I"/home/gnaylor/Dropbox/N3workingG/TE0722Rebuild/N3Vivado/N3Z_TD_FIFO/N3Z_TD_FIFO.sdk/NicolaRadio/src" -I"/home/gnaylor/Dropbox/N3workingG/TE0722Rebuild/N3Vivado/N3Z_TD_FIFO/N3Z_TD_FIFO.sdk/NicolaRadio/src/include" -I"/home/gnaylor/Dropbox/N3workingG/TE0722Rebuild/N3Vivado/N3Z_TD_FIFO/N3Z_TD_FIFO.sdk/NicolaRadio/src/portable" -I"/home/gnaylor/Dropbox/N3workingG/TE0722Rebuild/N3Vivado/N3Z_TD_FIFO/N3Z_TD_FIFO.sdk/NicolaRadio/NicolaInclude" -I"/home/gnaylor/Dropbox/N3workingG/TE0722Rebuild/N3Vivado/N3Z_TD_FIFO/N3Z_TD_FIFO.sdk/PS_PL_wrapper_hw_platform_0" -c -fmessage-length=0 -MT"src/main.o" -mcpu=cortex-a9 -mfpu=vfpv3 -mfloat-abi=hard -MMD -MP -MF"src/main.d" -MT"src/main.o" -o "src/main.o" "../src/main.c"
Finished building: ../src/main.c
 
Building file: ../src/platform.c
Invoking: ARM v7 gcc compiler
arm-none-eabi-gcc -DDEBUG_CODE -Wall -O0 -g3 -I../../NicolaRadio_bsp/ps7_cortexa9_0/include -I"/home/gnaylor/Dropbox/N3workingG/TE0722Rebuild/N3Vivado/N3Z_TD_FIFO/N3Z_TD_FIFO.sdk/NicolaRadio/src" -I"/home/gnaylor/Dropbox/N3workingG/TE0722Rebuild/N3Vivado/N3Z_TD_FIFO/N3Z_TD_FIFO.sdk/NicolaRadio/src/include" -I"/home/gnaylor/Dropbox/N3workingG/TE0722Rebuild/N3Vivado/N3Z_TD_FIFO/N3Z_TD_FIFO.sdk/NicolaRadio/src/portable" -I"/home/gnaylor/Dropbox/N3workingG/TE0722Rebuild/N3Vivado/N3Z_TD_FIFO/N3Z_TD_FIFO.sdk/NicolaRadio/NicolaInclude" -I"/home/gnaylor/Dropbox/N3workingG/TE0722Rebuild/N3Vivado/N3Z_TD_FIFO/N3Z_TD_FIFO.sdk/PS_PL_wrapper_hw_platform_0" -c -fmessage-length=0 -MT"src/platform.o" -mcpu=cortex-a9 -mfpu=vfpv3 -mfloat-abi=hard -MMD -MP -MF"src/platform.d" -MT"src/platform.o" -o "src/platform.o" "../src/platform.c"
Finished building: ../src/platform.c
 
Building file: ../src/printf-stdarg.c
Invoking: ARM v7 gcc compiler
arm-none-eabi-gcc -DDEBUG_CODE -Wall -O0 -g3 -I../../NicolaRadio_bsp/ps7_cortexa9_0/include -I"/home/gnaylor/Dropbox/N3workingG/TE0722Rebuild/N3Vivado/N3Z_TD_FIFO/N3Z_TD_FIFO.sdk/NicolaRadio/src" -I"/home/gnaylor/Dropbox/N3workingG/TE0722Rebuild/N3Vivado/N3Z_TD_FIFO/N3Z_TD_FIFO.sdk/NicolaRadio/src/include" -I"/home/gnaylor/Dropbox/N3workingG/TE0722Rebuild/N3Vivado/N3Z_TD_FIFO/N3Z_TD_FIFO.sdk/NicolaRadio/src/portable" -I"/home/gnaylor/Dropbox/N3workingG/TE0722Rebuild/N3Vivado/N3Z_TD_FIFO/N3Z_TD_FIFO.sdk/NicolaRadio/NicolaInclude" -I"/home/gnaylor/Dropbox/N3workingG/TE0722Rebuild/N3Vivado/N3Z_TD_FIFO/N3Z_TD_FIFO.sdk/PS_PL_wrapper_hw_platform_0" -c -fmessage-length=0 -MT"src/printf-stdarg.o" -mcpu=cortex-a9 -mfpu=vfpv3 -mfloat-abi=hard -MMD -MP -MF"src/printf-stdarg.d" -MT"src/printf-stdarg.o" -o "src/printf-stdarg.o" "../src/printf-stdarg.c"
Finished building: ../src/printf-stdarg.c
 
Building file: ../src/ps7_init_Nicola.c
Invoking: ARM v7 gcc compiler
arm-none-eabi-gcc -DDEBUG_CODE -Wall -O0 -g3 -I../../NicolaRadio_bsp/ps7_cortexa9_0/include -I"/home/gnaylor/Dropbox/N3workingG/TE0722Rebuild/N3Vivado/N3Z_TD_FIFO/N3Z_TD_FIFO.sdk/NicolaRadio/src" -I"/home/gnaylor/Dropbox/N3workingG/TE0722Rebuild/N3Vivado/N3Z_TD_FIFO/N3Z_TD_FIFO.sdk/NicolaRadio/src/include" -I"/home/gnaylor/Dropbox/N3workingG/TE0722Rebuild/N3Vivado/N3Z_TD_FIFO/N3Z_TD_FIFO.sdk/NicolaRadio/src/portable" -I"/home/gnaylor/Dropbox/N3workingG/TE0722Rebuild/N3Vivado/N3Z_TD_FIFO/N3Z_TD_FIFO.sdk/NicolaRadio/NicolaInclude" -I"/home/gnaylor/Dropbox/N3workingG/TE0722Rebuild/N3Vivado/N3Z_TD_FIFO/N3Z_TD_FIFO.sdk/PS_PL_wrapper_hw_platform_0" -c -fmessage-length=0 -MT"src/ps7_init_Nicola.o" -mcpu=cortex-a9 -mfpu=vfpv3 -mfloat-abi=hard -MMD -MP -MF"src/ps7_init_Nicola.d" -MT"src/ps7_init_Nicola.o" -o "src/ps7_init_Nicola.o" "../src/ps7_init_Nicola.c"
Finished building: ../src/ps7_init_Nicola.c
 
Building file: ../src/queue.c
Invoking: ARM v7 gcc compiler
arm-none-eabi-gcc -DDEBUG_CODE -Wall -O0 -g3 -I../../NicolaRadio_bsp/ps7_cortexa9_0/include -I"/home/gnaylor/Dropbox/N3workingG/TE0722Rebuild/N3Vivado/N3Z_TD_FIFO/N3Z_TD_FIFO.sdk/NicolaRadio/src" -I"/home/gnaylor/Dropbox/N3workingG/TE0722Rebuild/N3Vivado/N3Z_TD_FIFO/N3Z_TD_FIFO.sdk/NicolaRadio/src/include" -I"/home/gnaylor/Dropbox/N3workingG/TE0722Rebuild/N3Vivado/N3Z_TD_FIFO/N3Z_TD_FIFO.sdk/NicolaRadio/src/portable" -I"/home/gnaylor/Dropbox/N3workingG/TE0722Rebuild/N3Vivado/N3Z_TD_FIFO/N3Z_TD_FIFO.sdk/NicolaRadio/NicolaInclude" -I"/home/gnaylor/Dropbox/N3workingG/TE0722Rebuild/N3Vivado/N3Z_TD_FIFO/N3Z_TD_FIFO.sdk/PS_PL_wrapper_hw_platform_0" -c -fmessage-length=0 -MT"src/queue.o" -mcpu=cortex-a9 -mfpu=vfpv3 -mfloat-abi=hard -MMD -MP -MF"src/queue.d" -MT"src/queue.o" -o "src/queue.o" "../src/queue.c"
Finished building: ../src/queue.c
 
Building file: ../src/tasks.c
Invoking: ARM v7 gcc compiler
arm-none-eabi-gcc -DDEBUG_CODE -Wall -O0 -g3 -I../../NicolaRadio_bsp/ps7_cortexa9_0/include -I"/home/gnaylor/Dropbox/N3workingG/TE0722Rebuild/N3Vivado/N3Z_TD_FIFO/N3Z_TD_FIFO.sdk/NicolaRadio/src" -I"/home/gnaylor/Dropbox/N3workingG/TE0722Rebuild/N3Vivado/N3Z_TD_FIFO/N3Z_TD_FIFO.sdk/NicolaRadio/src/include" -I"/home/gnaylor/Dropbox/N3workingG/TE0722Rebuild/N3Vivado/N3Z_TD_FIFO/N3Z_TD_FIFO.sdk/NicolaRadio/src/portable" -I"/home/gnaylor/Dropbox/N3workingG/TE0722Rebuild/N3Vivado/N3Z_TD_FIFO/N3Z_TD_FIFO.sdk/NicolaRadio/NicolaInclude" -I"/home/gnaylor/Dropbox/N3workingG/TE0722Rebuild/N3Vivado/N3Z_TD_FIFO/N3Z_TD_FIFO.sdk/PS_PL_wrapper_hw_platform_0" -c -fmessage-length=0 -MT"src/tasks.o" -mcpu=cortex-a9 -mfpu=vfpv3 -mfloat-abi=hard -MMD -MP -MF"src/tasks.d" -MT"src/tasks.o" -o "src/tasks.o" "../src/tasks.c"
../src/tasks.c: In function ‘vTaskSwitchContext’:
../src/tasks.c:2806:10: warning: unused variable ‘n’ [-Wunused-variable]
    char *n = pxCurrentTCB->pcTaskName;
          ^
../src/tasks.c:2805:17: warning: unused variable ‘p’ [-Wunused-variable]
    TaskHandle_t p = ( TaskHandle_t ) pxCurrentTCB;
                 ^
Finished building: ../src/tasks.c
 
Building file: ../src/timers.c
Invoking: ARM v7 gcc compiler
arm-none-eabi-gcc -DDEBUG_CODE -Wall -O0 -g3 -I../../NicolaRadio_bsp/ps7_cortexa9_0/include -I"/home/gnaylor/Dropbox/N3workingG/TE0722Rebuild/N3Vivado/N3Z_TD_FIFO/N3Z_TD_FIFO.sdk/NicolaRadio/src" -I"/home/gnaylor/Dropbox/N3workingG/TE0722Rebuild/N3Vivado/N3Z_TD_FIFO/N3Z_TD_FIFO.sdk/NicolaRadio/src/include" -I"/home/gnaylor/Dropbox/N3workingG/TE0722Rebuild/N3Vivado/N3Z_TD_FIFO/N3Z_TD_FIFO.sdk/NicolaRadio/src/portable" -I"/home/gnaylor/Dropbox/N3workingG/TE0722Rebuild/N3Vivado/N3Z_TD_FIFO/N3Z_TD_FIFO.sdk/NicolaRadio/NicolaInclude" -I"/home/gnaylor/Dropbox/N3workingG/TE0722Rebuild/N3Vivado/N3Z_TD_FIFO/N3Z_TD_FIFO.sdk/PS_PL_wrapper_hw_platform_0" -c -fmessage-length=0 -MT"src/timers.o" -mcpu=cortex-a9 -mfpu=vfpv3 -mfloat-abi=hard -MMD -MP -MF"src/timers.d" -MT"src/timers.o" -o "src/timers.o" "../src/timers.c"
Finished building: ../src/timers.c
 
Building file: ../NicolaCode/Bluetooth.c
Invoking: ARM v7 gcc compiler
arm-none-eabi-gcc -DDEBUG_CODE -Wall -O0 -g3 -I../../NicolaRadio_bsp/ps7_cortexa9_0/include -I"/home/gnaylor/Dropbox/N3workingG/TE0722Rebuild/N3Vivado/N3Z_TD_FIFO/N3Z_TD_FIFO.sdk/NicolaRadio/src" -I"/home/gnaylor/Dropbox/N3workingG/TE0722Rebuild/N3Vivado/N3Z_TD_FIFO/N3Z_TD_FIFO.sdk/NicolaRadio/src/include" -I"/home/gnaylor/Dropbox/N3workingG/TE0722Rebuild/N3Vivado/N3Z_TD_FIFO/N3Z_TD_FIFO.sdk/NicolaRadio/src/portable" -I"/home/gnaylor/Dropbox/N3workingG/TE0722Rebuild/N3Vivado/N3Z_TD_FIFO/N3Z_TD_FIFO.sdk/NicolaRadio/NicolaInclude" -I"/home/gnaylor/Dropbox/N3workingG/TE0722Rebuild/N3Vivado/N3Z_TD_FIFO/N3Z_TD_FIFO.sdk/PS_PL_wrapper_hw_platform_0" -c -fmessage-length=0 -MT"NicolaCode/Bluetooth.o" -mcpu=cortex-a9 -mfpu=vfpv3 -mfloat-abi=hard -MMD -MP -MF"NicolaCode/Bluetooth.d" -MT"NicolaCode/Bluetooth.o" -o "NicolaCode/Bluetooth.o" "../NicolaCode/Bluetooth.c"
../NicolaCode/Bluetooth.c:1473:13: warning: ‘SetDataMode’ defined but not used [-Wunused-function]
 static void SetDataMode()
             ^
Finished building: ../NicolaCode/Bluetooth.c
 
Building file: ../NicolaCode/ConsoleManager.c
Invoking: ARM v7 gcc compiler
arm-none-eabi-gcc -DDEBUG_CODE -Wall -O0 -g3 -I../../NicolaRadio_bsp/ps7_cortexa9_0/include -I"/home/gnaylor/Dropbox/N3workingG/TE0722Rebuild/N3Vivado/N3Z_TD_FIFO/N3Z_TD_FIFO.sdk/NicolaRadio/src" -I"/home/gnaylor/Dropbox/N3workingG/TE0722Rebuild/N3Vivado/N3Z_TD_FIFO/N3Z_TD_FIFO.sdk/NicolaRadio/src/include" -I"/home/gnaylor/Dropbox/N3workingG/TE0722Rebuild/N3Vivado/N3Z_TD_FIFO/N3Z_TD_FIFO.sdk/NicolaRadio/src/portable" -I"/home/gnaylor/Dropbox/N3workingG/TE0722Rebuild/N3Vivado/N3Z_TD_FIFO/N3Z_TD_FIFO.sdk/NicolaRadio/NicolaInclude" -I"/home/gnaylor/Dropbox/N3workingG/TE0722Rebuild/N3Vivado/N3Z_TD_FIFO/N3Z_TD_FIFO.sdk/PS_PL_wrapper_hw_platform_0" -c -fmessage-length=0 -MT"NicolaCode/ConsoleManager.o" -mcpu=cortex-a9 -mfpu=vfpv3 -mfloat-abi=hard -MMD -MP -MF"NicolaCode/ConsoleManager.d" -MT"NicolaCode/ConsoleManager.o" -o "NicolaCode/ConsoleManager.o" "../NicolaCode/ConsoleManager.c"
Finished building: ../NicolaCode/ConsoleManager.c
 
Building file: ../NicolaCode/DebugInterface.c
Invoking: ARM v7 gcc compiler
arm-none-eabi-gcc -DDEBUG_CODE -Wall -O0 -g3 -I../../NicolaRadio_bsp/ps7_cortexa9_0/include -I"/home/gnaylor/Dropbox/N3workingG/TE0722Rebuild/N3Vivado/N3Z_TD_FIFO/N3Z_TD_FIFO.sdk/NicolaRadio/src" -I"/home/gnaylor/Dropbox/N3workingG/TE0722Rebuild/N3Vivado/N3Z_TD_FIFO/N3Z_TD_FIFO.sdk/NicolaRadio/src/include" -I"/home/gnaylor/Dropbox/N3workingG/TE0722Rebuild/N3Vivado/N3Z_TD_FIFO/N3Z_TD_FIFO.sdk/NicolaRadio/src/portable" -I"/home/gnaylor/Dropbox/N3workingG/TE0722Rebuild/N3Vivado/N3Z_TD_FIFO/N3Z_TD_FIFO.sdk/NicolaRadio/NicolaInclude" -I"/home/gnaylor/Dropbox/N3workingG/TE0722Rebuild/N3Vivado/N3Z_TD_FIFO/N3Z_TD_FIFO.sdk/PS_PL_wrapper_hw_platform_0" -c -fmessage-length=0 -MT"NicolaCode/DebugInterface.o" -mcpu=cortex-a9 -mfpu=vfpv3 -mfloat-abi=hard -MMD -MP -MF"NicolaCode/DebugInterface.d" -MT"NicolaCode/DebugInterface.o" -o "NicolaCode/DebugInterface.o" "../NicolaCode/DebugInterface.c"
../NicolaCode/DebugInterface.c: In function ‘Debuging_Main’:
../NicolaCode/DebugInterface.c:292:3: warning: implicit declaration of function ‘atoi’ [-Wimplicit-function-declaration]
   NumberOfSamples = (int) atoi( inBuffer ) ;
   ^
../NicolaCode/DebugInterface.c:182:10: warning: unused variable ‘theMessage’ [-Wunused-variable]
     char theMessage[2];
          ^
../NicolaCode/DebugInterface.c:176:9: warning: unused variable ‘Value’ [-Wunused-variable]
     int Value;
         ^
../NicolaCode/DebugInterface.c:171:9: warning: unused variable ‘ReceiveLength’ [-Wunused-variable]
     u32 ReceiveLength;
         ^
../NicolaCode/DebugInterface.c:168:6: warning: unused variable ‘Status’ [-Wunused-variable]
  int Status;
      ^
../NicolaCode/DebugInterface.c:167:18: warning: unused variable ‘ConfigData’ [-Wunused-variable]
  XLlFifo_Config *ConfigData;
                  ^
Finished building: ../NicolaCode/DebugInterface.c
 
Building file: ../NicolaCode/Flash-SDCard.c
Invoking: ARM v7 gcc compiler
arm-none-eabi-gcc -DDEBUG_CODE -Wall -O0 -g3 -I../../NicolaRadio_bsp/ps7_cortexa9_0/include -I"/home/gnaylor/Dropbox/N3workingG/TE0722Rebuild/N3Vivado/N3Z_TD_FIFO/N3Z_TD_FIFO.sdk/NicolaRadio/src" -I"/home/gnaylor/Dropbox/N3workingG/TE0722Rebuild/N3Vivado/N3Z_TD_FIFO/N3Z_TD_FIFO.sdk/NicolaRadio/src/include" -I"/home/gnaylor/Dropbox/N3workingG/TE0722Rebuild/N3Vivado/N3Z_TD_FIFO/N3Z_TD_FIFO.sdk/NicolaRadio/src/portable" -I"/home/gnaylor/Dropbox/N3workingG/TE0722Rebuild/N3Vivado/N3Z_TD_FIFO/N3Z_TD_FIFO.sdk/NicolaRadio/NicolaInclude" -I"/home/gnaylor/Dropbox/N3workingG/TE0722Rebuild/N3Vivado/N3Z_TD_FIFO/N3Z_TD_FIFO.sdk/PS_PL_wrapper_hw_platform_0" -c -fmessage-length=0 -MT"NicolaCode/Flash-SDCard.o" -mcpu=cortex-a9 -mfpu=vfpv3 -mfloat-abi=hard -MMD -MP -MF"NicolaCode/Flash-SDCard.d" -MT"NicolaCode/Flash-SDCard.o" -o "NicolaCode/Flash-SDCard.o" "../NicolaCode/Flash-SDCard.c"
Finished building: ../NicolaCode/Flash-SDCard.c
 
Building file: ../NicolaCode/LCD_Display.c
Invoking: ARM v7 gcc compiler
arm-none-eabi-gcc -DDEBUG_CODE -Wall -O0 -g3 -I../../NicolaRadio_bsp/ps7_cortexa9_0/include -I"/home/gnaylor/Dropbox/N3workingG/TE0722Rebuild/N3Vivado/N3Z_TD_FIFO/N3Z_TD_FIFO.sdk/NicolaRadio/src" -I"/home/gnaylor/Dropbox/N3workingG/TE0722Rebuild/N3Vivado/N3Z_TD_FIFO/N3Z_TD_FIFO.sdk/NicolaRadio/src/include" -I"/home/gnaylor/Dropbox/N3workingG/TE0722Rebuild/N3Vivado/N3Z_TD_FIFO/N3Z_TD_FIFO.sdk/NicolaRadio/src/portable" -I"/home/gnaylor/Dropbox/N3workingG/TE0722Rebuild/N3Vivado/N3Z_TD_FIFO/N3Z_TD_FIFO.sdk/NicolaRadio/NicolaInclude" -I"/home/gnaylor/Dropbox/N3workingG/TE0722Rebuild/N3Vivado/N3Z_TD_FIFO/N3Z_TD_FIFO.sdk/PS_PL_wrapper_hw_platform_0" -c -fmessage-length=0 -MT"NicolaCode/LCD_Display.o" -mcpu=cortex-a9 -mfpu=vfpv3 -mfloat-abi=hard -MMD -MP -MF"NicolaCode/LCD_Display.d" -MT"NicolaCode/LCD_Display.o" -o "NicolaCode/LCD_Display.o" "../NicolaCode/LCD_Display.c"
../NicolaCode/LCD_Display.c: In function ‘LCD_Main’:
../NicolaCode/LCD_Display.c:1704:30: warning: assignment makes integer from pointer without a cast
       CurrentSubMenuPosition = &turnRadioOffSetting1 ;
                              ^
../NicolaCode/LCD_Display.c: In function ‘LCD_FirstLine’:
../NicolaCode/LCD_Display.c:2487:6: warning: unused variable ‘enable’ [-Wunused-variable]
  int enable = 0;
      ^
../NicolaCode/LCD_Display.c:2486:6: warning: unused variable ‘i’ [-Wunused-variable]
  int i;
      ^
../NicolaCode/LCD_Display.c: In function ‘LCD_SecondLine’:
../NicolaCode/LCD_Display.c:2508:6: warning: unused variable ‘enable’ [-Wunused-variable]
  int enable = 0;
      ^
../NicolaCode/LCD_Display.c:2507:6: warning: unused variable ‘i’ [-Wunused-variable]
  int i;
      ^
../NicolaCode/LCD_Display.c: In function ‘LCD_ControlWrite’:
../NicolaCode/LCD_Display.c:2590:6: warning: unused variable ‘enable’ [-Wunused-variable]
  int enable ;
      ^
../NicolaCode/LCD_Display.c:2589:6: warning: unused variable ‘i’ [-Wunused-variable]
  int i;
      ^
../NicolaCode/LCD_Display.c: In function ‘MenuMessageFromHostComputer’:
../NicolaCode/LCD_Display.c:2908:3: warning: implicit declaration of function ‘atoi’ [-Wimplicit-function-declaration]
   thisNicolaSettings.thisNicolaID = atoi( parsedString);
   ^
../NicolaCode/LCD_Display.c: At top level:
../NicolaCode/LCD_Display.c:526:13: warning: ‘KEYPAD_Temp’ declared ‘static’ but never defined [-Wunused-function]
 static void KEYPAD_Temp( void *pvParameters );
             ^
../NicolaCode/LCD_Display.c:2724:13: warning: ‘LCDTimer5Callback’ defined but not used [-Wunused-function]
 static void LCDTimer5Callback( TimerHandle_t theHandle)
             ^
../NicolaCode/LCD_Display.c:610:12: warning: ‘ToneDetectStatus’ defined but not used [-Wunused-variable]
 static int ToneDetectStatus = RECEIVE_LEGACY ;
            ^
Finished building: ../NicolaCode/LCD_Display.c
 
Building file: ../NicolaCode/PSPLComms.c
Invoking: ARM v7 gcc compiler
arm-none-eabi-gcc -DDEBUG_CODE -Wall -O0 -g3 -I../../NicolaRadio_bsp/ps7_cortexa9_0/include -I"/home/gnaylor/Dropbox/N3workingG/TE0722Rebuild/N3Vivado/N3Z_TD_FIFO/N3Z_TD_FIFO.sdk/NicolaRadio/src" -I"/home/gnaylor/Dropbox/N3workingG/TE0722Rebuild/N3Vivado/N3Z_TD_FIFO/N3Z_TD_FIFO.sdk/NicolaRadio/src/include" -I"/home/gnaylor/Dropbox/N3workingG/TE0722Rebuild/N3Vivado/N3Z_TD_FIFO/N3Z_TD_FIFO.sdk/NicolaRadio/src/portable" -I"/home/gnaylor/Dropbox/N3workingG/TE0722Rebuild/N3Vivado/N3Z_TD_FIFO/N3Z_TD_FIFO.sdk/NicolaRadio/NicolaInclude" -I"/home/gnaylor/Dropbox/N3workingG/TE0722Rebuild/N3Vivado/N3Z_TD_FIFO/N3Z_TD_FIFO.sdk/PS_PL_wrapper_hw_platform_0" -c -fmessage-length=0 -MT"NicolaCode/PSPLComms.o" -mcpu=cortex-a9 -mfpu=vfpv3 -mfloat-abi=hard -MMD -MP -MF"NicolaCode/PSPLComms.d" -MT"NicolaCode/PSPLComms.o" -o "NicolaCode/PSPLComms.o" "../NicolaCode/PSPLComms.c"
../NicolaCode/PSPLComms.c: In function ‘PSPLComms_Initialise’:
../NicolaCode/PSPLComms.c:159:9: warning: variable ‘Status’ set but not used [-Wunused-but-set-variable]
     int Status;
         ^
../NicolaCode/PSPLComms.c: In function ‘PL_Receiver’:
../NicolaCode/PSPLComms.c:300:50: warning: passing argument 1 of ‘n3z_tonetest_plstatus_read’ from incompatible pointer type
       u32 statusReg = n3z_tonetest_plstatus_read(&PSPLFifo);
                                                  ^
In file included from ../NicolaCode/PSPLComms.c:28:0:
../../NicolaRadio_bsp/ps7_cortexa9_0/include/n3z_tonetest.h:165:5: note: expected ‘struct n3z_tonetest *’ but argument is of type ‘struct XLlFifo *’
 u32 n3z_tonetest_plstatus_read(n3z_tonetest *InstancePtr);
     ^
Finished building: ../NicolaCode/PSPLComms.c
 
Building file: ../NicolaCode/RadioInterface.c
Invoking: ARM v7 gcc compiler
arm-none-eabi-gcc -DDEBUG_CODE -Wall -O0 -g3 -I../../NicolaRadio_bsp/ps7_cortexa9_0/include -I"/home/gnaylor/Dropbox/N3workingG/TE0722Rebuild/N3Vivado/N3Z_TD_FIFO/N3Z_TD_FIFO.sdk/NicolaRadio/src" -I"/home/gnaylor/Dropbox/N3workingG/TE0722Rebuild/N3Vivado/N3Z_TD_FIFO/N3Z_TD_FIFO.sdk/NicolaRadio/src/include" -I"/home/gnaylor/Dropbox/N3workingG/TE0722Rebuild/N3Vivado/N3Z_TD_FIFO/N3Z_TD_FIFO.sdk/NicolaRadio/src/portable" -I"/home/gnaylor/Dropbox/N3workingG/TE0722Rebuild/N3Vivado/N3Z_TD_FIFO/N3Z_TD_FIFO.sdk/NicolaRadio/NicolaInclude" -I"/home/gnaylor/Dropbox/N3workingG/TE0722Rebuild/N3Vivado/N3Z_TD_FIFO/N3Z_TD_FIFO.sdk/PS_PL_wrapper_hw_platform_0" -c -fmessage-length=0 -MT"NicolaCode/RadioInterface.o" -mcpu=cortex-a9 -mfpu=vfpv3 -mfloat-abi=hard -MMD -MP -MF"NicolaCode/RadioInterface.d" -MT"NicolaCode/RadioInterface.o" -o "NicolaCode/RadioInterface.o" "../NicolaCode/RadioInterface.c"
Finished building: ../NicolaCode/RadioInterface.c
 
Building file: ../NicolaCode/RemoteProtocolHandler.c
Invoking: ARM v7 gcc compiler
arm-none-eabi-gcc -DDEBUG_CODE -Wall -O0 -g3 -I../../NicolaRadio_bsp/ps7_cortexa9_0/include -I"/home/gnaylor/Dropbox/N3workingG/TE0722Rebuild/N3Vivado/N3Z_TD_FIFO/N3Z_TD_FIFO.sdk/NicolaRadio/src" -I"/home/gnaylor/Dropbox/N3workingG/TE0722Rebuild/N3Vivado/N3Z_TD_FIFO/N3Z_TD_FIFO.sdk/NicolaRadio/src/include" -I"/home/gnaylor/Dropbox/N3workingG/TE0722Rebuild/N3Vivado/N3Z_TD_FIFO/N3Z_TD_FIFO.sdk/NicolaRadio/src/portable" -I"/home/gnaylor/Dropbox/N3workingG/TE0722Rebuild/N3Vivado/N3Z_TD_FIFO/N3Z_TD_FIFO.sdk/NicolaRadio/NicolaInclude" -I"/home/gnaylor/Dropbox/N3workingG/TE0722Rebuild/N3Vivado/N3Z_TD_FIFO/N3Z_TD_FIFO.sdk/PS_PL_wrapper_hw_platform_0" -c -fmessage-length=0 -MT"NicolaCode/RemoteProtocolHandler.o" -mcpu=cortex-a9 -mfpu=vfpv3 -mfloat-abi=hard -MMD -MP -MF"NicolaCode/RemoteProtocolHandler.d" -MT"NicolaCode/RemoteProtocolHandler.o" -o "NicolaCode/RemoteProtocolHandler.o" "../NicolaCode/RemoteProtocolHandler.c"
../NicolaCode/RemoteProtocolHandler.c: In function ‘HandleRemoteNicolaMessage’:
../NicolaCode/RemoteProtocolHandler.c:101:19: warning: unused variable ‘theSendMessage’ [-Wunused-variable]
  TEXT_MESSAGE    *theSendMessage = &theReceivedMessage ;  //so the code reads OK
                   ^
Finished building: ../NicolaCode/RemoteProtocolHandler.c
 
Building target: NicolaRadio.elf
Invoking: ARM v7 gcc linker
arm-none-eabi-gcc -mcpu=cortex-a9 -mfpu=vfpv3 -mfloat-abi=hard -Wl,-build-id=none -specs=Xilinx.spec -Xlinker -Map=Nicola.map -Wl,-T -Wl,../src/lscript.ld -L../../NicolaRadio_bsp/ps7_cortexa9_0/lib -o "NicolaRadio.elf"  ./src/portable/port.o ./src/portable/portASM.o  ./src/FreeRTOS_asm_vectors.o ./src/FreeRTOS_tick_config.o ./src/event_groups.o ./src/heap_4.o ./src/list.o ./src/main.o ./src/platform.o ./src/printf-stdarg.o ./src/ps7_init_Nicola.o ./src/queue.o ./src/tasks.o ./src/timers.o  ./NicolaCode/Bluetooth.o ./NicolaCode/ConsoleManager.o ./NicolaCode/DebugInterface.o ./NicolaCode/Flash-SDCard.o ./NicolaCode/LCD_Display.o ./NicolaCode/PSPLComms.o ./NicolaCode/RadioInterface.o ./NicolaCode/RemoteProtocolHandler.o   -Wl,--start-group,-lxil,-lgcc,-lc,--end-group
Finished building target: NicolaRadio.elf
 
Invoking: ARM v7 Print Size
arm-none-eabi-size NicolaRadio.elf  |tee "NicolaRadio.elf.size"
   text	   data	    bss	    dec	    hex	filename
 129400	   9008	  93328	 231736	  38938	NicolaRadio.elf
Finished building: NicolaRadio.elf.size
 
20:47:28 **** Clean-only build of configuration Debug for project FSBL ****
make clean 
rm -rf  ./src/fsbl_handoff.o ./src/fsbl_hooks.o ./src/image_mover.o ./src/main.o ./src/md5.o ./src/nand.o ./src/nor.o ./src/pcap.o ./src/ps7_init.o ./src/qspi.o ./src/rsa.o ./src/sd.o  ./src/fsbl_handoff.d  ./src/fsbl_hooks.d ./src/image_mover.d ./src/main.d ./src/md5.d ./src/nand.d ./src/nor.d ./src/pcap.d ./src/ps7_init.d ./src/qspi.d ./src/rsa.d ./src/sd.d  FSBL.elf.size  FSBL.elf
 
20:47:28 **** Auto Build of configuration Debug for project FSBL ****
make pre-build main-build 
a9-linaro-pre-build-step
 
Building file: ../src/fsbl_handoff.S
Invoking: ARM v7 gcc compiler
arm-none-eabi-gcc -DDDRLESS_SYSTEM -DFSBL_DEBUG_INFO -Wall -O0 -g3 -I"/home/gnaylor/Dropbox/N3workingG/TE0722Rebuild/N3Vivado/N3Z_TD_FIFO/N3Z_TD_FIFO.sdk/PS_PL_wrapper_hw_platform_0" -c -fmessage-length=0 -MT"src/fsbl_handoff.o" -mcpu=cortex-a9 -mfpu=vfpv3 -mfloat-abi=hard -I../../FSBL_bsp/ps7_cortexa9_0/include -MMD -MP -MF"src/fsbl_handoff.d" -MT"src/fsbl_handoff.o" -o "src/fsbl_handoff.o" "../src/fsbl_handoff.S"
Finished building: ../src/fsbl_handoff.S
 
Building file: ../src/fsbl_hooks.c
Invoking: ARM v7 gcc compiler
arm-none-eabi-gcc -DDDRLESS_SYSTEM -DFSBL_DEBUG_INFO -Wall -O0 -g3 -I"/home/gnaylor/Dropbox/N3workingG/TE0722Rebuild/N3Vivado/N3Z_TD_FIFO/N3Z_TD_FIFO.sdk/PS_PL_wrapper_hw_platform_0" -c -fmessage-length=0 -MT"src/fsbl_hooks.o" -mcpu=cortex-a9 -mfpu=vfpv3 -mfloat-abi=hard -I../../FSBL_bsp/ps7_cortexa9_0/include -MMD -MP -MF"src/fsbl_hooks.d" -MT"src/fsbl_hooks.o" -o "src/fsbl_hooks.o" "../src/fsbl_hooks.c"
Finished building: ../src/fsbl_hooks.c
 
Building file: ../src/image_mover.c
Invoking: ARM v7 gcc compiler
arm-none-eabi-gcc -DDDRLESS_SYSTEM -DFSBL_DEBUG_INFO -Wall -O0 -g3 -I"/home/gnaylor/Dropbox/N3workingG/TE0722Rebuild/N3Vivado/N3Z_TD_FIFO/N3Z_TD_FIFO.sdk/PS_PL_wrapper_hw_platform_0" -c -fmessage-length=0 -MT"src/image_mover.o" -mcpu=cortex-a9 -mfpu=vfpv3 -mfloat-abi=hard -I../../FSBL_bsp/ps7_cortexa9_0/include -MMD -MP -MF"src/image_mover.d" -MT"src/image_mover.o" -o "src/image_mover.o" "../src/image_mover.c"
../src/image_mover.c: In function ‘PartitionMove’:
../src/image_mover.c:1152:4: warning: implicit declaration of function ‘preload_funct’ [-Wimplicit-function-declaration]
    Status=preload_funct((FlashReadBaseAddress + SourceAddr), (ImageWordLen << WORD_LENGTH_SHIFT));
    ^
Finished building: ../src/image_mover.c
 
Building file: ../src/main.c
Invoking: ARM v7 gcc compiler
arm-none-eabi-gcc -DDDRLESS_SYSTEM -DFSBL_DEBUG_INFO -Wall -O0 -g3 -I"/home/gnaylor/Dropbox/N3workingG/TE0722Rebuild/N3Vivado/N3Z_TD_FIFO/N3Z_TD_FIFO.sdk/PS_PL_wrapper_hw_platform_0" -c -fmessage-length=0 -MT"src/main.o" -mcpu=cortex-a9 -mfpu=vfpv3 -mfloat-abi=hard -I../../FSBL_bsp/ps7_cortexa9_0/include -MMD -MP -MF"src/main.d" -MT"src/main.o" -o "src/main.o" "../src/main.c"
../src/main.c: In function ‘main’:
../src/main.c:650:2: warning: implicit declaration of function ‘Xil_L1DCacheEnable’ [-Wimplicit-function-declaration]
  Xil_L1DCacheEnable();
  ^
../src/main.c:651:2: warning: implicit declaration of function ‘Xil_L1ICacheEnable’ [-Wimplicit-function-declaration]
  Xil_L1ICacheEnable();
  ^
../src/main.c:652:2: warning: implicit declaration of function ‘Xil_L1DCacheInvalidate’ [-Wimplicit-function-declaration]
  Xil_L1DCacheInvalidate();
  ^
../src/main.c:653:2: warning: implicit declaration of function ‘Xil_L1ICacheInvalidate’ [-Wimplicit-function-declaration]
  Xil_L1ICacheInvalidate();
  ^
Finished building: ../src/main.c
 
Building file: ../src/md5.c
Invoking: ARM v7 gcc compiler
arm-none-eabi-gcc -DDDRLESS_SYSTEM -DFSBL_DEBUG_INFO -Wall -O0 -g3 -I"/home/gnaylor/Dropbox/N3workingG/TE0722Rebuild/N3Vivado/N3Z_TD_FIFO/N3Z_TD_FIFO.sdk/PS_PL_wrapper_hw_platform_0" -c -fmessage-length=0 -MT"src/md5.o" -mcpu=cortex-a9 -mfpu=vfpv3 -mfloat-abi=hard -I../../FSBL_bsp/ps7_cortexa9_0/include -MMD -MP -MF"src/md5.d" -MT"src/md5.o" -o "src/md5.o" "../src/md5.c"
Finished building: ../src/md5.c
 
Building file: ../src/nand.c
Invoking: ARM v7 gcc compiler
arm-none-eabi-gcc -DDDRLESS_SYSTEM -DFSBL_DEBUG_INFO -Wall -O0 -g3 -I"/home/gnaylor/Dropbox/N3workingG/TE0722Rebuild/N3Vivado/N3Z_TD_FIFO/N3Z_TD_FIFO.sdk/PS_PL_wrapper_hw_platform_0" -c -fmessage-length=0 -MT"src/nand.o" -mcpu=cortex-a9 -mfpu=vfpv3 -mfloat-abi=hard -I../../FSBL_bsp/ps7_cortexa9_0/include -MMD -MP -MF"src/nand.d" -MT"src/nand.o" -o "src/nand.o" "../src/nand.c"
Finished building: ../src/nand.c
 
Building file: ../src/nor.c
Invoking: ARM v7 gcc compiler
arm-none-eabi-gcc -DDDRLESS_SYSTEM -DFSBL_DEBUG_INFO -Wall -O0 -g3 -I"/home/gnaylor/Dropbox/N3workingG/TE0722Rebuild/N3Vivado/N3Z_TD_FIFO/N3Z_TD_FIFO.sdk/PS_PL_wrapper_hw_platform_0" -c -fmessage-length=0 -MT"src/nor.o" -mcpu=cortex-a9 -mfpu=vfpv3 -mfloat-abi=hard -I../../FSBL_bsp/ps7_cortexa9_0/include -MMD -MP -MF"src/nor.d" -MT"src/nor.o" -o "src/nor.o" "../src/nor.c"
Finished building: ../src/nor.c
 
Building file: ../src/pcap.c
Invoking: ARM v7 gcc compiler
arm-none-eabi-gcc -DDDRLESS_SYSTEM -DFSBL_DEBUG_INFO -Wall -O0 -g3 -I"/home/gnaylor/Dropbox/N3workingG/TE0722Rebuild/N3Vivado/N3Z_TD_FIFO/N3Z_TD_FIFO.sdk/PS_PL_wrapper_hw_platform_0" -c -fmessage-length=0 -MT"src/pcap.o" -mcpu=cortex-a9 -mfpu=vfpv3 -mfloat-abi=hard -I../../FSBL_bsp/ps7_cortexa9_0/include -MMD -MP -MF"src/pcap.d" -MT"src/pcap.o" -o "src/pcap.o" "../src/pcap.c"
Finished building: ../src/pcap.c
 
Building file: /home/gnaylor/Dropbox/N3workingG/TE0722Rebuild/N3Vivado/N3Z_TD_FIFO/N3Z_TD_FIFO.sdk/PS_PL_wrapper_hw_platform_0/ps7_init.c
Invoking: ARM v7 gcc compiler
arm-none-eabi-gcc -DDDRLESS_SYSTEM -DFSBL_DEBUG_INFO -Wall -O0 -g3 -I"/home/gnaylor/Dropbox/N3workingG/TE0722Rebuild/N3Vivado/N3Z_TD_FIFO/N3Z_TD_FIFO.sdk/PS_PL_wrapper_hw_platform_0" -c -fmessage-length=0 -MT"src/ps7_init.o" -mcpu=cortex-a9 -mfpu=vfpv3 -mfloat-abi=hard -I../../FSBL_bsp/ps7_cortexa9_0/include -MMD -MP -MF"src/ps7_init.d" -MT"src/ps7_init.o" -o "src/ps7_init.o" "/home/gnaylor/Dropbox/N3workingG/TE0722Rebuild/N3Vivado/N3Z_TD_FIFO/N3Z_TD_FIFO.sdk/PS_PL_wrapper_hw_platform_0/ps7_init.c"
Finished building: /home/gnaylor/Dropbox/N3workingG/TE0722Rebuild/N3Vivado/N3Z_TD_FIFO/N3Z_TD_FIFO.sdk/PS_PL_wrapper_hw_platform_0/ps7_init.c
 
Building file: ../src/qspi.c
Invoking: ARM v7 gcc compiler
arm-none-eabi-gcc -DDDRLESS_SYSTEM -DFSBL_DEBUG_INFO -Wall -O0 -g3 -I"/home/gnaylor/Dropbox/N3workingG/TE0722Rebuild/N3Vivado/N3Z_TD_FIFO/N3Z_TD_FIFO.sdk/PS_PL_wrapper_hw_platform_0" -c -fmessage-length=0 -MT"src/qspi.o" -mcpu=cortex-a9 -mfpu=vfpv3 -mfloat-abi=hard -I../../FSBL_bsp/ps7_cortexa9_0/include -MMD -MP -MF"src/qspi.d" -MT"src/qspi.o" -o "src/qspi.o" "../src/qspi.c"
Finished building: ../src/qspi.c
 
Building file: ../src/rsa.c
Invoking: ARM v7 gcc compiler
arm-none-eabi-gcc -DDDRLESS_SYSTEM -DFSBL_DEBUG_INFO -Wall -O0 -g3 -I"/home/gnaylor/Dropbox/N3workingG/TE0722Rebuild/N3Vivado/N3Z_TD_FIFO/N3Z_TD_FIFO.sdk/PS_PL_wrapper_hw_platform_0" -c -fmessage-length=0 -MT"src/rsa.o" -mcpu=cortex-a9 -mfpu=vfpv3 -mfloat-abi=hard -I../../FSBL_bsp/ps7_cortexa9_0/include -MMD -MP -MF"src/rsa.d" -MT"src/rsa.o" -o "src/rsa.o" "../src/rsa.c"
Finished building: ../src/rsa.c
 
Building file: ../src/sd.c
Invoking: ARM v7 gcc compiler
arm-none-eabi-gcc -DDDRLESS_SYSTEM -DFSBL_DEBUG_INFO -Wall -O0 -g3 -I"/home/gnaylor/Dropbox/N3workingG/TE0722Rebuild/N3Vivado/N3Z_TD_FIFO/N3Z_TD_FIFO.sdk/PS_PL_wrapper_hw_platform_0" -c -fmessage-length=0 -MT"src/sd.o" -mcpu=cortex-a9 -mfpu=vfpv3 -mfloat-abi=hard -I../../FSBL_bsp/ps7_cortexa9_0/include -MMD -MP -MF"src/sd.d" -MT"src/sd.o" -o "src/sd.o" "../src/sd.c"
Finished building: ../src/sd.c
 
Building target: FSBL.elf
Invoking: ARM v7 gcc linker
arm-none-eabi-gcc -L"/home/gnaylor/Dropbox/N3workingG/TE0722Rebuild/N3Vivado/N3Z_TD_FIFO/N3Z_TD_FIFO.sdk/FSBL/src" -mcpu=cortex-a9 -mfpu=vfpv3 -mfloat-abi=hard -Wl,-build-id=none -specs=Xilinx.spec -Wl,-T -Wl,../src/lscript.ld -L../../FSBL_bsp/ps7_cortexa9_0/lib -o "FSBL.elf"  ./src/fsbl_handoff.o ./src/fsbl_hooks.o ./src/image_mover.o ./src/main.o ./src/md5.o ./src/nand.o ./src/nor.o ./src/pcap.o ./src/ps7_init.o ./src/qspi.o ./src/rsa.o ./src/sd.o   -Wl,--start-group,-lxil,-lgcc,-lc,--end-group -Wl,--start-group,-lxilffs,-lxil,-lgcc,-lc,--end-group -Wl,--start-group,-lrsa,-lxil,-lgcc,-lc,--end-group
Finished building target: FSBL.elf
 
Invoking: ARM v7 Print Size
arm-none-eabi-size FSBL.elf  |tee "FSBL.elf.size"
   text	   data	    bss	    dec	    hex	filename
  84892	   4852	  74340	 164084	  280f4	FSBL.elf
Finished building: FSBL.elf.size
 
20:47:49 **** Incremental Build of configuration Debug for project FSBL ****
make pre-build main-build 
a9-linaro-pre-build-step
 
make: Nothing to be done for `main-build'.
20:47:50 **** Incremental Build of configuration Debug for project NicolaRadio ****
make pre-build main-build 
a9-linaro-pre-build-step
 
make: Nothing to be done for `main-build'.
20:48:05 **** Incremental Build of configuration Debug for project FSBL ****
make pre-build main-build 
a9-linaro-pre-build-step
 
make: Nothing to be done for `main-build'.
20:48:06 **** Clean-only build of configuration Release for project NicolaRadio ****
make clean 
rm -rf  ./src/portable/port.o ./src/portable/portASM.o  ./src/FreeRTOS_asm_vectors.o ./src/FreeRTOS_tick_config.o ./src/event_groups.o ./src/heap_4.o ./src/list.o ./src/main.o ./src/platform.o ./src/printf-stdarg.o ./src/ps7_init_Nicola.o ./src/queue.o ./src/tasks.o ./src/timers.o  ./NicolaCode/Bluetooth.o ./NicolaCode/ConsoleManager.o ./NicolaCode/DebugInterface.o ./NicolaCode/Flash-SDCard.o ./NicolaCode/LCD_Display.o ./NicolaCode/PSPLComms.o ./NicolaCode/RadioInterface.o ./NicolaCode/RemoteProtocolHandler.o ./NicolaCode/xsdps.o  ./src/portable/portASM.d  ./src/FreeRTOS_asm_vectors.d  ./src/portable/port.d  ./src/FreeRTOS_tick_config.d ./src/event_groups.d ./src/heap_4.d ./src/list.d ./src/main.d ./src/platform.d ./src/printf-stdarg.d ./src/ps7_init_Nicola.d ./src/queue.d ./src/tasks.d ./src/timers.d  ./NicolaCode/Bluetooth.d ./NicolaCode/ConsoleManager.d ./NicolaCode/DebugInterface.d ./NicolaCode/Flash-SDCard.d ./NicolaCode/LCD_Display.d ./NicolaCode/PSPLComms.d ./NicolaCode/RadioInterface.d ./NicolaCode/RemoteProtocolHandler.d ./NicolaCode/xsdps.d  NicolaRadio.elf.size  NicolaRadio.elf
 
20:48:06 **** Incremental Build of configuration Release for project NicolaRadio ****
make pre-build main-build 
a9-linaro-pre-build-step
 
Building file: ../src/portable/port.c
Invoking: ARM v7 gcc compiler
arm-none-eabi-gcc -Wall -Os -I../../NicolaRadio_bsp/ps7_cortexa9_0/include -I"/home/gnaylor/Dropbox/N3workingG/TE0722Rebuild/N3Vivado/N3Z_TD_FIFO/N3Z_TD_FIFO.sdk/NicolaRadio/src" -I"/home/gnaylor/Dropbox/N3workingG/TE0722Rebuild/N3Vivado/N3Z_TD_FIFO/N3Z_TD_FIFO.sdk/NicolaRadio/src/include" -I"/home/gnaylor/Dropbox/N3workingG/TE0722Rebuild/N3Vivado/N3Z_TD_FIFO/N3Z_TD_FIFO.sdk/NicolaRadio/src/portable" -I"/home/gnaylor/Dropbox/N3workingG/TE0722Rebuild/N3Vivado/N3Z_TD_FIFO/N3Z_TD_FIFO.sdk/NicolaRadio/NicolaInclude" -I"/home/gnaylor/Dropbox/N3workingG/TE0722Rebuild/N3Vivado/N3Z_TD_FIFO/N3Z_TD_FIFO.sdk/PS_PL_wrapper_hw_platform_0" -c -fmessage-length=0 -MT"src/portable/port.o" -mcpu=cortex-a9 -mfpu=vfpv3 -mfloat-abi=hard -MMD -MP -MF"src/portable/port.d" -MT"src/portable/port.o" -o "src/portable/port.o" "../src/portable/port.c"
Finished building: ../src/portable/port.c
 
Building file: ../src/portable/portASM.S
Invoking: ARM v7 gcc compiler
arm-none-eabi-gcc -Wall -Os -I../../NicolaRadio_bsp/ps7_cortexa9_0/include -I"/home/gnaylor/Dropbox/N3workingG/TE0722Rebuild/N3Vivado/N3Z_TD_FIFO/N3Z_TD_FIFO.sdk/NicolaRadio/src" -I"/home/gnaylor/Dropbox/N3workingG/TE0722Rebuild/N3Vivado/N3Z_TD_FIFO/N3Z_TD_FIFO.sdk/NicolaRadio/src/include" -I"/home/gnaylor/Dropbox/N3workingG/TE0722Rebuild/N3Vivado/N3Z_TD_FIFO/N3Z_TD_FIFO.sdk/NicolaRadio/src/portable" -I"/home/gnaylor/Dropbox/N3workingG/TE0722Rebuild/N3Vivado/N3Z_TD_FIFO/N3Z_TD_FIFO.sdk/NicolaRadio/NicolaInclude" -I"/home/gnaylor/Dropbox/N3workingG/TE0722Rebuild/N3Vivado/N3Z_TD_FIFO/N3Z_TD_FIFO.sdk/PS_PL_wrapper_hw_platform_0" -c -fmessage-length=0 -MT"src/portable/portASM.o" -mcpu=cortex-a9 -mfpu=vfpv3 -mfloat-abi=hard -MMD -MP -MF"src/portable/portASM.d" -MT"src/portable/portASM.o" -o "src/portable/portASM.o" "../src/portable/portASM.S"
Finished building: ../src/portable/portASM.S
 
Building file: ../src/FreeRTOS_asm_vectors.S
Invoking: ARM v7 gcc compiler
arm-none-eabi-gcc -Wall -Os -I../../NicolaRadio_bsp/ps7_cortexa9_0/include -I"/home/gnaylor/Dropbox/N3workingG/TE0722Rebuild/N3Vivado/N3Z_TD_FIFO/N3Z_TD_FIFO.sdk/NicolaRadio/src" -I"/home/gnaylor/Dropbox/N3workingG/TE0722Rebuild/N3Vivado/N3Z_TD_FIFO/N3Z_TD_FIFO.sdk/NicolaRadio/src/include" -I"/home/gnaylor/Dropbox/N3workingG/TE0722Rebuild/N3Vivado/N3Z_TD_FIFO/N3Z_TD_FIFO.sdk/NicolaRadio/src/portable" -I"/home/gnaylor/Dropbox/N3workingG/TE0722Rebuild/N3Vivado/N3Z_TD_FIFO/N3Z_TD_FIFO.sdk/NicolaRadio/NicolaInclude" -I"/home/gnaylor/Dropbox/N3workingG/TE0722Rebuild/N3Vivado/N3Z_TD_FIFO/N3Z_TD_FIFO.sdk/PS_PL_wrapper_hw_platform_0" -c -fmessage-length=0 -MT"src/FreeRTOS_asm_vectors.o" -mcpu=cortex-a9 -mfpu=vfpv3 -mfloat-abi=hard -MMD -MP -MF"src/FreeRTOS_asm_vectors.d" -MT"src/FreeRTOS_asm_vectors.o" -o "src/FreeRTOS_asm_vectors.o" "../src/FreeRTOS_asm_vectors.S"
Finished building: ../src/FreeRTOS_asm_vectors.S
 
Building file: ../src/FreeRTOS_tick_config.c
Invoking: ARM v7 gcc compiler
arm-none-eabi-gcc -Wall -Os -I../../NicolaRadio_bsp/ps7_cortexa9_0/include -I"/home/gnaylor/Dropbox/N3workingG/TE0722Rebuild/N3Vivado/N3Z_TD_FIFO/N3Z_TD_FIFO.sdk/NicolaRadio/src" -I"/home/gnaylor/Dropbox/N3workingG/TE0722Rebuild/N3Vivado/N3Z_TD_FIFO/N3Z_TD_FIFO.sdk/NicolaRadio/src/include" -I"/home/gnaylor/Dropbox/N3workingG/TE0722Rebuild/N3Vivado/N3Z_TD_FIFO/N3Z_TD_FIFO.sdk/NicolaRadio/src/portable" -I"/home/gnaylor/Dropbox/N3workingG/TE0722Rebuild/N3Vivado/N3Z_TD_FIFO/N3Z_TD_FIFO.sdk/NicolaRadio/NicolaInclude" -I"/home/gnaylor/Dropbox/N3workingG/TE0722Rebuild/N3Vivado/N3Z_TD_FIFO/N3Z_TD_FIFO.sdk/PS_PL_wrapper_hw_platform_0" -c -fmessage-length=0 -MT"src/FreeRTOS_tick_config.o" -mcpu=cortex-a9 -mfpu=vfpv3 -mfloat-abi=hard -MMD -MP -MF"src/FreeRTOS_tick_config.d" -MT"src/FreeRTOS_tick_config.o" -o "src/FreeRTOS_tick_config.o" "../src/FreeRTOS_tick_config.c"
Finished building: ../src/FreeRTOS_tick_config.c
 
Building file: ../src/event_groups.c
Invoking: ARM v7 gcc compiler
[...]
Finished building target: NicolaRadio.elf
 
Invoking: ARM v7 Print Size
arm-none-eabi-size NicolaRadio.elf  |tee "NicolaRadio.elf.size"
   text	   data	    bss	    dec	    hex	filename
 127744	   9000	  93360	 230104	  382d8	NicolaRadio.elf
Finished building: NicolaRadio.elf.size
 
21:17:38 **** Incremental Build of configuration Debug for project FSBL ****
make pre-build main-build 
a9-linaro-pre-build-step
 
Building file: ../src/fsbl_hooks.c
Invoking: ARM v7 gcc compiler
arm-none-eabi-gcc -DDDRLESS_SYSTEM -DFSBL_DEBUG_INFO -Wall -O0 -g3 -I"/home/gnaylor/Dropbox/N3workingG/TE0722Rebuild/N3Vivado/N3Z_TD_FIFO/N3Z_TD_FIFO.sdk/PS_PL_wrapper_hw_platform_0" -c -fmessage-length=0 -MT"src/fsbl_hooks.o" -mcpu=cortex-a9 -mfpu=vfpv3 -mfloat-abi=hard -I../../FSBL_bsp/ps7_cortexa9_0/include -MMD -MP -MF"src/fsbl_hooks.d" -MT"src/fsbl_hooks.o" -o "src/fsbl_hooks.o" "../src/fsbl_hooks.c"
Finished building: ../src/fsbl_hooks.c
 
Building file: ../src/image_mover.c
Invoking: ARM v7 gcc compiler
arm-none-eabi-gcc -DDDRLESS_SYSTEM -DFSBL_DEBUG_INFO -Wall -O0 -g3 -I"/home/gnaylor/Dropbox/N3workingG/TE0722Rebuild/N3Vivado/N3Z_TD_FIFO/N3Z_TD_FIFO.sdk/PS_PL_wrapper_hw_platform_0" -c -fmessage-length=0 -MT"src/image_mover.o" -mcpu=cortex-a9 -mfpu=vfpv3 -mfloat-abi=hard -I../../FSBL_bsp/ps7_cortexa9_0/include -MMD -MP -MF"src/image_mover.d" -MT"src/image_mover.o" -o "src/image_mover.o" "../src/image_mover.c"
../src/image_mover.c: In function ‘PartitionMove’:
../src/image_mover.c:1152:4: warning: implicit declaration of function ‘preload_funct’ [-Wimplicit-function-declaration]
    Status=preload_funct((FlashReadBaseAddress + SourceAddr), (ImageWordLen << WORD_LENGTH_SHIFT));
    ^
Finished building: ../src/image_mover.c
 
Building file: ../src/main.c
Invoking: ARM v7 gcc compiler
arm-none-eabi-gcc -DDDRLESS_SYSTEM -DFSBL_DEBUG_INFO -Wall -O0 -g3 -I"/home/gnaylor/Dropbox/N3workingG/TE0722Rebuild/N3Vivado/N3Z_TD_FIFO/N3Z_TD_FIFO.sdk/PS_PL_wrapper_hw_platform_0" -c -fmessage-length=0 -MT"src/main.o" -mcpu=cortex-a9 -mfpu=vfpv3 -mfloat-abi=hard -I../../FSBL_bsp/ps7_cortexa9_0/include -MMD -MP -MF"src/main.d" -MT"src/main.o" -o "src/main.o" "../src/main.c"
../src/main.c: In function ‘main’:
../src/main.c:650:2: warning: implicit declaration of function ‘Xil_L1DCacheEnable’ [-Wimplicit-function-declaration]
  Xil_L1DCacheEnable();
  ^
../src/main.c:651:2: warning: implicit declaration of function ‘Xil_L1ICacheEnable’ [-Wimplicit-function-declaration]
  Xil_L1ICacheEnable();
  ^
../src/main.c:652:2: warning: implicit declaration of function ‘Xil_L1DCacheInvalidate’ [-Wimplicit-function-declaration]
  Xil_L1DCacheInvalidate();
  ^
../src/main.c:653:2: warning: implicit declaration of function ‘Xil_L1ICacheInvalidate’ [-Wimplicit-function-declaration]
  Xil_L1ICacheInvalidate();
  ^
Finished building: ../src/main.c
 
Building file: ../src/nand.c
Invoking: ARM v7 gcc compiler
arm-none-eabi-gcc -DDDRLESS_SYSTEM -DFSBL_DEBUG_INFO -Wall -O0 -g3 -I"/home/gnaylor/Dropbox/N3workingG/TE0722Rebuild/N3Vivado/N3Z_TD_FIFO/N3Z_TD_FIFO.sdk/PS_PL_wrapper_hw_platform_0" -c -fmessage-length=0 -MT"src/nand.o" -mcpu=cortex-a9 -mfpu=vfpv3 -mfloat-abi=hard -I../../FSBL_bsp/ps7_cortexa9_0/include -MMD -MP -MF"src/nand.d" -MT"src/nand.o" -o "src/nand.o" "../src/nand.c"
Finished building: ../src/nand.c
 
Building file: ../src/nor.c
Invoking: ARM v7 gcc compiler
arm-none-eabi-gcc -DDDRLESS_SYSTEM -DFSBL_DEBUG_INFO -Wall -O0 -g3 -I"/home/gnaylor/Dropbox/N3workingG/TE0722Rebuild/N3Vivado/N3Z_TD_FIFO/N3Z_TD_FIFO.sdk/PS_PL_wrapper_hw_platform_0" -c -fmessage-length=0 -MT"src/nor.o" -mcpu=cortex-a9 -mfpu=vfpv3 -mfloat-abi=hard -I../../FSBL_bsp/ps7_cortexa9_0/include -MMD -MP -MF"src/nor.d" -MT"src/nor.o" -o "src/nor.o" "../src/nor.c"
Finished building: ../src/nor.c
 
Building file: ../src/pcap.c
Invoking: ARM v7 gcc compiler
arm-none-eabi-gcc -DDDRLESS_SYSTEM -DFSBL_DEBUG_INFO -Wall -O0 -g3 -I"/home/gnaylor/Dropbox/N3workingG/TE0722Rebuild/N3Vivado/N3Z_TD_FIFO/N3Z_TD_FIFO.sdk/PS_PL_wrapper_hw_platform_0" -c -fmessage-length=0 -MT"src/pcap.o" -mcpu=cortex-a9 -mfpu=vfpv3 -mfloat-abi=hard -I../../FSBL_bsp/ps7_cortexa9_0/include -MMD -MP -MF"src/pcap.d" -MT"src/pcap.o" -o "src/pcap.o" "../src/pcap.c"
Finished building: ../src/pcap.c
 
Building file: /home/gnaylor/Dropbox/N3workingG/TE0722Rebuild/N3Vivado/N3Z_TD_FIFO/N3Z_TD_FIFO.sdk/PS_PL_wrapper_hw_platform_0/ps7_init.c
Invoking: ARM v7 gcc compiler
arm-none-eabi-gcc -DDDRLESS_SYSTEM -DFSBL_DEBUG_INFO -Wall -O0 -g3 -I"/home/gnaylor/Dropbox/N3workingG/TE0722Rebuild/N3Vivado/N3Z_TD_FIFO/N3Z_TD_FIFO.sdk/PS_PL_wrapper_hw_platform_0" -c -fmessage-length=0 -MT"src/ps7_init.o" -mcpu=cortex-a9 -mfpu=vfpv3 -mfloat-abi=hard -I../../FSBL_bsp/ps7_cortexa9_0/include -MMD -MP -MF"src/ps7_init.d" -MT"src/ps7_init.o" -o "src/ps7_init.o" "/home/gnaylor/Dropbox/N3workingG/TE0722Rebuild/N3Vivado/N3Z_TD_FIFO/N3Z_TD_FIFO.sdk/PS_PL_wrapper_hw_platform_0/ps7_init.c"
Finished building: /home/gnaylor/Dropbox/N3workingG/TE0722Rebuild/N3Vivado/N3Z_TD_FIFO/N3Z_TD_FIFO.sdk/PS_PL_wrapper_hw_platform_0/ps7_init.c
 
Building file: ../src/qspi.c
Invoking: ARM v7 gcc compiler
arm-none-eabi-gcc -DDDRLESS_SYSTEM -DFSBL_DEBUG_INFO -Wall -O0 -g3 -I"/home/gnaylor/Dropbox/N3workingG/TE0722Rebuild/N3Vivado/N3Z_TD_FIFO/N3Z_TD_FIFO.sdk/PS_PL_wrapper_hw_platform_0" -c -fmessage-length=0 -MT"src/qspi.o" -mcpu=cortex-a9 -mfpu=vfpv3 -mfloat-abi=hard -I../../FSBL_bsp/ps7_cortexa9_0/include -MMD -MP -MF"src/qspi.d" -MT"src/qspi.o" -o "src/qspi.o" "../src/qspi.c"
Finished building: ../src/qspi.c
 
Building file: ../src/sd.c
Invoking: ARM v7 gcc compiler
arm-none-eabi-gcc -DDDRLESS_SYSTEM -DFSBL_DEBUG_INFO -Wall -O0 -g3 -I"/home/gnaylor/Dropbox/N3workingG/TE0722Rebuild/N3Vivado/N3Z_TD_FIFO/N3Z_TD_FIFO.sdk/PS_PL_wrapper_hw_platform_0" -c -fmessage-length=0 -MT"src/sd.o" -mcpu=cortex-a9 -mfpu=vfpv3 -mfloat-abi=hard -I../../FSBL_bsp/ps7_cortexa9_0/include -MMD -MP -MF"src/sd.d" -MT"src/sd.o" -o "src/sd.o" "../src/sd.c"
Finished building: ../src/sd.c
 
Building target: FSBL.elf
Invoking: ARM v7 gcc linker
arm-none-eabi-gcc -L"/home/gnaylor/Dropbox/N3workingG/TE0722Rebuild/N3Vivado/N3Z_TD_FIFO/N3Z_TD_FIFO.sdk/FSBL/src" -mcpu=cortex-a9 -mfpu=vfpv3 -mfloat-abi=hard -Wl,-build-id=none -specs=Xilinx.spec -Wl,-T -Wl,../src/lscript.ld -L../../FSBL_bsp/ps7_cortexa9_0/lib -o "FSBL.elf"  ./src/fsbl_handoff.o ./src/fsbl_hooks.o ./src/image_mover.o ./src/main.o ./src/md5.o ./src/nand.o ./src/nor.o ./src/pcap.o ./src/ps7_init.o ./src/qspi.o ./src/rsa.o ./src/sd.o   -Wl,--start-group,-lxil,-lgcc,-lc,--end-group -Wl,--start-group,-lxilffs,-lxil,-lgcc,-lc,--end-group -Wl,--start-group,-lrsa,-lxil,-lgcc,-lc,--end-group
Finished building target: FSBL.elf
 
Invoking: ARM v7 Print Size
arm-none-eabi-size FSBL.elf  |tee "FSBL.elf.size"
   text	   data	    bss	    dec	    hex	filename
  84892	   4852	  74340	 164084	  280f4	FSBL.elf
Finished building: FSBL.elf.size
 
21:17:40 **** Incremental Build of configuration Debug for project NicolaRadio ****
make pre-build main-build 
a9-linaro-pre-build-step
 
Building file: ../src/main.c
Invoking: ARM v7 gcc compiler
arm-none-eabi-gcc -DDEBUG_CODE -Wall -O0 -g3 -I../../NicolaRadio_bsp/ps7_cortexa9_0/include -I"/home/gnaylor/Dropbox/N3workingG/TE0722Rebuild/N3Vivado/N3Z_TD_FIFO/N3Z_TD_FIFO.sdk/NicolaRadio/src" -I"/home/gnaylor/Dropbox/N3workingG/TE0722Rebuild/N3Vivado/N3Z_TD_FIFO/N3Z_TD_FIFO.sdk/NicolaRadio/src/include" -I"/home/gnaylor/Dropbox/N3workingG/TE0722Rebuild/N3Vivado/N3Z_TD_FIFO/N3Z_TD_FIFO.sdk/NicolaRadio/src/portable" -I"/home/gnaylor/Dropbox/N3workingG/TE0722Rebuild/N3Vivado/N3Z_TD_FIFO/N3Z_TD_FIFO.sdk/NicolaRadio/NicolaInclude" -I"/home/gnaylor/Dropbox/N3workingG/TE0722Rebuild/N3Vivado/N3Z_TD_FIFO/N3Z_TD_FIFO.sdk/PS_PL_wrapper_hw_platform_0" -c -fmessage-length=0 -MT"src/main.o" -mcpu=cortex-a9 -mfpu=vfpv3 -mfloat-abi=hard -MMD -MP -MF"src/main.d" -MT"src/main.o" -o "src/main.o" "../src/main.c"
Finished building: ../src/main.c
 
Building file: ../src/ps7_init_Nicola.c
Invoking: ARM v7 gcc compiler
arm-none-eabi-gcc -DDEBUG_CODE -Wall -O0 -g3 -I../../NicolaRadio_bsp/ps7_cortexa9_0/include -I"/home/gnaylor/Dropbox/N3workingG/TE0722Rebuild/N3Vivado/N3Z_TD_FIFO/N3Z_TD_FIFO.sdk/NicolaRadio/src" -I"/home/gnaylor/Dropbox/N3workingG/TE0722Rebuild/N3Vivado/N3Z_TD_FIFO/N3Z_TD_FIFO.sdk/NicolaRadio/src/include" -I"/home/gnaylor/Dropbox/N3workingG/TE0722Rebuild/N3Vivado/N3Z_TD_FIFO/N3Z_TD_FIFO.sdk/NicolaRadio/src/portable" -I"/home/gnaylor/Dropbox/N3workingG/TE0722Rebuild/N3Vivado/N3Z_TD_FIFO/N3Z_TD_FIFO.sdk/NicolaRadio/NicolaInclude" -I"/home/gnaylor/Dropbox/N3workingG/TE0722Rebuild/N3Vivado/N3Z_TD_FIFO/N3Z_TD_FIFO.sdk/PS_PL_wrapper_hw_platform_0" -c -fmessage-length=0 -MT"src/ps7_init_Nicola.o" -mcpu=cortex-a9 -mfpu=vfpv3 -mfloat-abi=hard -MMD -MP -MF"src/ps7_init_Nicola.d" -MT"src/ps7_init_Nicola.o" -o "src/ps7_init_Nicola.o" "../src/ps7_init_Nicola.c"
Finished building: ../src/ps7_init_Nicola.c
 
Building file: ../NicolaCode/Bluetooth.c
Invoking: ARM v7 gcc compiler
arm-none-eabi-gcc -DDEBUG_CODE -Wall -O0 -g3 -I../../NicolaRadio_bsp/ps7_cortexa9_0/include -I"/home/gnaylor/Dropbox/N3workingG/TE0722Rebuild/N3Vivado/N3Z_TD_FIFO/N3Z_TD_FIFO.sdk/NicolaRadio/src" -I"/home/gnaylor/Dropbox/N3workingG/TE0722Rebuild/N3Vivado/N3Z_TD_FIFO/N3Z_TD_FIFO.sdk/NicolaRadio/src/include" -I"/home/gnaylor/Dropbox/N3workingG/TE0722Rebuild/N3Vivado/N3Z_TD_FIFO/N3Z_TD_FIFO.sdk/NicolaRadio/src/portable" -I"/home/gnaylor/Dropbox/N3workingG/TE0722Rebuild/N3Vivado/N3Z_TD_FIFO/N3Z_TD_FIFO.sdk/NicolaRadio/NicolaInclude" -I"/home/gnaylor/Dropbox/N3workingG/TE0722Rebuild/N3Vivado/N3Z_TD_FIFO/N3Z_TD_FIFO.sdk/PS_PL_wrapper_hw_platform_0" -c -fmessage-length=0 -MT"NicolaCode/Bluetooth.o" -mcpu=cortex-a9 -mfpu=vfpv3 -mfloat-abi=hard -MMD -MP -MF"NicolaCode/Bluetooth.d" -MT"NicolaCode/Bluetooth.o" -o "NicolaCode/Bluetooth.o" "../NicolaCode/Bluetooth.c"
../NicolaCode/Bluetooth.c:1480:13: warning: ‘SetDataMode’ defined but not used [-Wunused-function]
 static void SetDataMode()
             ^
Finished building: ../NicolaCode/Bluetooth.c
 
Building file: ../NicolaCode/ConsoleManager.c
Invoking: ARM v7 gcc compiler
arm-none-eabi-gcc -DDEBUG_CODE -Wall -O0 -g3 -I../../NicolaRadio_bsp/ps7_cortexa9_0/include -I"/home/gnaylor/Dropbox/N3workingG/TE0722Rebuild/N3Vivado/N3Z_TD_FIFO/N3Z_TD_FIFO.sdk/NicolaRadio/src" -I"/home/gnaylor/Dropbox/N3workingG/TE0722Rebuild/N3Vivado/N3Z_TD_FIFO/N3Z_TD_FIFO.sdk/NicolaRadio/src/include" -I"/home/gnaylor/Dropbox/N3workingG/TE0722Rebuild/N3Vivado/N3Z_TD_FIFO/N3Z_TD_FIFO.sdk/NicolaRadio/src/portable" -I"/home/gnaylor/Dropbox/N3workingG/TE0722Rebuild/N3Vivado/N3Z_TD_FIFO/N3Z_TD_FIFO.sdk/NicolaRadio/NicolaInclude" -I"/home/gnaylor/Dropbox/N3workingG/TE0722Rebuild/N3Vivado/N3Z_TD_FIFO/N3Z_TD_FIFO.sdk/PS_PL_wrapper_hw_platform_0" -c -fmessage-length=0 -MT"NicolaCode/ConsoleManager.o" -mcpu=cortex-a9 -mfpu=vfpv3 -mfloat-abi=hard -MMD -MP -MF"NicolaCode/ConsoleManager.d" -MT"NicolaCode/ConsoleManager.o" -o "NicolaCode/ConsoleManager.o" "../NicolaCode/ConsoleManager.c"
Finished building: ../NicolaCode/ConsoleManager.c
 
Building file: ../NicolaCode/DebugInterface.c
Invoking: ARM v7 gcc compiler
arm-none-eabi-gcc -DDEBUG_CODE -Wall -O0 -g3 -I../../NicolaRadio_bsp/ps7_cortexa9_0/include -I"/home/gnaylor/Dropbox/N3workingG/TE0722Rebuild/N3Vivado/N3Z_TD_FIFO/N3Z_TD_FIFO.sdk/NicolaRadio/src" -I"/home/gnaylor/Dropbox/N3workingG/TE0722Rebuild/N3Vivado/N3Z_TD_FIFO/N3Z_TD_FIFO.sdk/NicolaRadio/src/include" -I"/home/gnaylor/Dropbox/N3workingG/TE0722Rebuild/N3Vivado/N3Z_TD_FIFO/N3Z_TD_FIFO.sdk/NicolaRadio/src/portable" -I"/home/gnaylor/Dropbox/N3workingG/TE0722Rebuild/N3Vivado/N3Z_TD_FIFO/N3Z_TD_FIFO.sdk/NicolaRadio/NicolaInclude" -I"/home/gnaylor/Dropbox/N3workingG/TE0722Rebuild/N3Vivado/N3Z_TD_FIFO/N3Z_TD_FIFO.sdk/PS_PL_wrapper_hw_platform_0" -c -fmessage-length=0 -MT"NicolaCode/DebugInterface.o" -mcpu=cortex-a9 -mfpu=vfpv3 -mfloat-abi=hard -MMD -MP -MF"NicolaCode/DebugInterface.d" -MT"NicolaCode/DebugInterface.o" -o "NicolaCode/DebugInterface.o" "../NicolaCode/DebugInterface.c"
../NicolaCode/DebugInterface.c: In function ‘Debuging_Main’:
../NicolaCode/DebugInterface.c:292:3: warning: implicit declaration of function ‘atoi’ [-Wimplicit-function-declaration]
   NumberOfSamples = (int) atoi( inBuffer ) ;
   ^
../NicolaCode/DebugInterface.c:182:10: warning: unused variable ‘theMessage’ [-Wunused-variable]
     char theMessage[2];
          ^
../NicolaCode/DebugInterface.c:176:9: warning: unused variable ‘Value’ [-Wunused-variable]
     int Value;
         ^
../NicolaCode/DebugInterface.c:171:9: warning: unused variable ‘ReceiveLength’ [-Wunused-variable]
     u32 ReceiveLength;
         ^
../NicolaCode/DebugInterface.c:168:6: warning: unused variable ‘Status’ [-Wunused-variable]
  int Status;
      ^
../NicolaCode/DebugInterface.c:167:18: warning: unused variable ‘ConfigData’ [-Wunused-variable]
  XLlFifo_Config *ConfigData;
                  ^
Finished building: ../NicolaCode/DebugInterface.c
 
Building file: ../NicolaCode/LCD_Display.c
Invoking: ARM v7 gcc compiler
arm-none-eabi-gcc -DDEBUG_CODE -Wall -O0 -g3 -I../../NicolaRadio_bsp/ps7_cortexa9_0/include -I"/home/gnaylor/Dropbox/N3workingG/TE0722Rebuild/N3Vivado/N3Z_TD_FIFO/N3Z_TD_FIFO.sdk/NicolaRadio/src" -I"/home/gnaylor/Dropbox/N3workingG/TE0722Rebuild/N3Vivado/N3Z_TD_FIFO/N3Z_TD_FIFO.sdk/NicolaRadio/src/include" -I"/home/gnaylor/Dropbox/N3workingG/TE0722Rebuild/N3Vivado/N3Z_TD_FIFO/N3Z_TD_FIFO.sdk/NicolaRadio/src/portable" -I"/home/gnaylor/Dropbox/N3workingG/TE0722Rebuild/N3Vivado/N3Z_TD_FIFO/N3Z_TD_FIFO.sdk/NicolaRadio/NicolaInclude" -I"/home/gnaylor/Dropbox/N3workingG/TE0722Rebuild/N3Vivado/N3Z_TD_FIFO/N3Z_TD_FIFO.sdk/PS_PL_wrapper_hw_platform_0" -c -fmessage-length=0 -MT"NicolaCode/LCD_Display.o" -mcpu=cortex-a9 -mfpu=vfpv3 -mfloat-abi=hard -MMD -MP -MF"NicolaCode/LCD_Display.d" -MT"NicolaCode/LCD_Display.o" -o "NicolaCode/LCD_Display.o" "../NicolaCode/LCD_Display.c"
../NicolaCode/LCD_Display.c: In function ‘LCD_Main’:
../NicolaCode/LCD_Display.c:1704:30: warning: assignment makes integer from pointer without a cast
       CurrentSubMenuPosition = &turnRadioOffSetting1 ;
                              ^
../NicolaCode/LCD_Display.c: In function ‘LCD_FirstLine’:
../NicolaCode/LCD_Display.c:2487:6: warning: unused variable ‘enable’ [-Wunused-variable]
  int enable = 0;
      ^
../NicolaCode/LCD_Display.c:2486:6: warning: unused variable ‘i’ [-Wunused-variable]
  int i;
      ^
../NicolaCode/LCD_Display.c: In function ‘LCD_SecondLine’:
../NicolaCode/LCD_Display.c:2508:6: warning: unused variable ‘enable’ [-Wunused-variable]
  int enable = 0;
      ^
../NicolaCode/LCD_Display.c:2507:6: warning: unused variable ‘i’ [-Wunused-variable]
  int i;
      ^
../NicolaCode/LCD_Display.c: In function ‘LCD_ControlWrite’:
../NicolaCode/LCD_Display.c:2590:6: warning: unused variable ‘enable’ [-Wunused-variable]
  int enable ;
      ^
../NicolaCode/LCD_Display.c:2589:6: warning: unused variable ‘i’ [-Wunused-variable]
  int i;
      ^
../NicolaCode/LCD_Display.c: In function ‘MenuMessageFromHostComputer’:
../NicolaCode/LCD_Display.c:2908:3: warning: implicit declaration of function ‘atoi’ [-Wimplicit-function-declaration]
   thisNicolaSettings.thisNicolaID = atoi( parsedString);
   ^
../NicolaCode/LCD_Display.c: At top level:
../NicolaCode/LCD_Display.c:526:13: warning: ‘KEYPAD_Temp’ declared ‘static’ but never defined [-Wunused-function]
 static void KEYPAD_Temp( void *pvParameters );
             ^
../NicolaCode/LCD_Display.c:2724:13: warning: ‘LCDTimer5Callback’ defined but not used [-Wunused-function]
 static void LCDTimer5Callback( TimerHandle_t theHandle)
             ^
../NicolaCode/LCD_Display.c:610:12: warning: ‘ToneDetectStatus’ defined but not used [-Wunused-variable]
 static int ToneDetectStatus = RECEIVE_LEGACY ;
            ^
Finished building: ../NicolaCode/LCD_Display.c
 
Building file: ../NicolaCode/RadioInterface.c
Invoking: ARM v7 gcc compiler
arm-none-eabi-gcc -DDEBUG_CODE -Wall -O0 -g3 -I../../NicolaRadio_bsp/ps7_cortexa9_0/include -I"/home/gnaylor/Dropbox/N3workingG/TE0722Rebuild/N3Vivado/N3Z_TD_FIFO/N3Z_TD_FIFO.sdk/NicolaRadio/src" -I"/home/gnaylor/Dropbox/N3workingG/TE0722Rebuild/N3Vivado/N3Z_TD_FIFO/N3Z_TD_FIFO.sdk/NicolaRadio/src/include" -I"/home/gnaylor/Dropbox/N3workingG/TE0722Rebuild/N3Vivado/N3Z_TD_FIFO/N3Z_TD_FIFO.sdk/NicolaRadio/src/portable" -I"/home/gnaylor/Dropbox/N3workingG/TE0722Rebuild/N3Vivado/N3Z_TD_FIFO/N3Z_TD_FIFO.sdk/NicolaRadio/NicolaInclude" -I"/home/gnaylor/Dropbox/N3workingG/TE0722Rebuild/N3Vivado/N3Z_TD_FIFO/N3Z_TD_FIFO.sdk/PS_PL_wrapper_hw_platform_0" -c -fmessage-length=0 -MT"NicolaCode/RadioInterface.o" -mcpu=cortex-a9 -mfpu=vfpv3 -mfloat-abi=hard -MMD -MP -MF"NicolaCode/RadioInterface.d" -MT"NicolaCode/RadioInterface.o" -o "NicolaCode/RadioInterface.o" "../NicolaCode/RadioInterface.c"
Finished building: ../NicolaCode/RadioInterface.c
 
Building file: ../NicolaCode/RemoteProtocolHandler.c
Invoking: ARM v7 gcc compiler
arm-none-eabi-gcc -DDEBUG_CODE -Wall -O0 -g3 -I../../NicolaRadio_bsp/ps7_cortexa9_0/include -I"/home/gnaylor/Dropbox/N3workingG/TE0722Rebuild/N3Vivado/N3Z_TD_FIFO/N3Z_TD_FIFO.sdk/NicolaRadio/src" -I"/home/gnaylor/Dropbox/N3workingG/TE0722Rebuild/N3Vivado/N3Z_TD_FIFO/N3Z_TD_FIFO.sdk/NicolaRadio/src/include" -I"/home/gnaylor/Dropbox/N3workingG/TE0722Rebuild/N3Vivado/N3Z_TD_FIFO/N3Z_TD_FIFO.sdk/NicolaRadio/src/portable" -I"/home/gnaylor/Dropbox/N3workingG/TE0722Rebuild/N3Vivado/N3Z_TD_FIFO/N3Z_TD_FIFO.sdk/NicolaRadio/NicolaInclude" -I"/home/gnaylor/Dropbox/N3workingG/TE0722Rebuild/N3Vivado/N3Z_TD_FIFO/N3Z_TD_FIFO.sdk/PS_PL_wrapper_hw_platform_0" -c -fmessage-length=0 -MT"NicolaCode/RemoteProtocolHandler.o" -mcpu=cortex-a9 -mfpu=vfpv3 -mfloat-abi=hard -MMD -MP -MF"NicolaCode/RemoteProtocolHandler.d" -MT"NicolaCode/RemoteProtocolHandler.o" -o "NicolaCode/RemoteProtocolHandler.o" "../NicolaCode/RemoteProtocolHandler.c"
../NicolaCode/RemoteProtocolHandler.c: In function ‘HandleRemoteNicolaMessage’:
../NicolaCode/RemoteProtocolHandler.c:101:19: warning: unused variable ‘theSendMessage’ [-Wunused-variable]
  TEXT_MESSAGE    *theSendMessage = &theReceivedMessage ;  //so the code reads OK
                   ^
Finished building: ../NicolaCode/RemoteProtocolHandler.c
 
Building target: NicolaRadio.elf
Invoking: ARM v7 gcc linker
arm-none-eabi-gcc -mcpu=cortex-a9 -mfpu=vfpv3 -mfloat-abi=hard -Wl,-build-id=none -specs=Xilinx.spec -Xlinker -Map=Nicola.map -Wl,-T -Wl,../src/lscript.ld -L../../NicolaRadio_bsp/ps7_cortexa9_0/lib -o "NicolaRadio.elf"  ./src/portable/port.o ./src/portable/portASM.o  ./src/FreeRTOS_asm_vectors.o ./src/FreeRTOS_tick_config.o ./src/event_groups.o ./src/heap_4.o ./src/list.o ./src/main.o ./src/platform.o ./src/printf-stdarg.o ./src/ps7_init_Nicola.o ./src/queue.o ./src/tasks.o ./src/timers.o  ./NicolaCode/Bluetooth.o ./NicolaCode/ConsoleManager.o ./NicolaCode/DebugInterface.o ./NicolaCode/Flash-SDCard.o ./NicolaCode/LCD_Display.o ./NicolaCode/PSPLComms.o ./NicolaCode/RadioInterface.o ./NicolaCode/RemoteProtocolHandler.o   -Wl,--start-group,-lxil,-lgcc,-lc,--end-group
Finished building target: NicolaRadio.elf
 
Invoking: ARM v7 Print Size
arm-none-eabi-size NicolaRadio.elf  |tee "NicolaRadio.elf.size"
   text	   data	    bss	    dec	    hex	filename
 127744	   9000	  93360	 230104	  382d8	NicolaRadio.elf
Finished building: NicolaRadio.elf.size
 
21:18:19 **** Incremental Build of configuration Debug for project FSBL ****
make pre-build main-build 
a9-linaro-pre-build-step
 
make: Nothing to be done for `main-build'.
21:18:20 **** Incremental Build of configuration Debug for project NicolaRadio ****
make pre-build main-build 
a9-linaro-pre-build-step
 
make: Nothing to be done for `main-build'.
