21:49:36 **** Build of project N3Z_Fifodata_bsp ****
make -k all 
Running Make include in ps7_cortexa9_0/libsrc/coresightps_dcc_v1_2/src
make -C ps7_cortexa9_0/libsrc/coresightps_dcc_v1_2/src -s include  "SHELL=/bin/sh" "COMPILER=arm-none-eabi-gcc" "ARCHIVER=arm-none-eabi-ar" "COMPILER_FLAGS=  -O2 -c" "EXTRA_COMPILER_FLAGS=-mcpu=cortex-a9 -mfpu=vfpv3 -mfloat-abi=hard -nostartfiles"
Running Make include in ps7_cortexa9_0/libsrc/cpu_cortexa9_v2_2/src
make -C ps7_cortexa9_0/libsrc/cpu_cortexa9_v2_2/src -s include  "SHELL=/bin/sh" "COMPILER=arm-none-eabi-gcc" "ARCHIVER=arm-none-eabi-ar" "COMPILER_FLAGS=  -O2 -c" "EXTRA_COMPILER_FLAGS=-mcpu=cortex-a9 -mfpu=vfpv3 -mfloat-abi=hard -nostartfiles"
Running Make include in ps7_cortexa9_0/libsrc/devcfg_v3_4/src
make -C ps7_cortexa9_0/libsrc/devcfg_v3_4/src -s include  "SHELL=/bin/sh" "COMPILER=arm-none-eabi-gcc" "ARCHIVER=arm-none-eabi-ar" "COMPILER_FLAGS=  -O2 -c" "EXTRA_COMPILER_FLAGS=-mcpu=cortex-a9 -mfpu=vfpv3 -mfloat-abi=hard -nostartfiles"
Running Make include in ps7_cortexa9_0/libsrc/dmaps_v2_1/src
make -C ps7_cortexa9_0/libsrc/dmaps_v2_1/src -s include  "SHELL=/bin/sh" "COMPILER=arm-none-eabi-gcc" "ARCHIVER=arm-none-eabi-ar" "COMPILER_FLAGS=  -O2 -c" "EXTRA_COMPILER_FLAGS=-mcpu=cortex-a9 -mfpu=vfpv3 -mfloat-abi=hard -nostartfiles"
Running Make include in ps7_cortexa9_0/libsrc/gpiops_v3_1/src
make -C ps7_cortexa9_0/libsrc/gpiops_v3_1/src -s include  "SHELL=/bin/sh" "COMPILER=arm-none-eabi-gcc" "ARCHIVER=arm-none-eabi-ar" "COMPILER_FLAGS=  -O2 -c" "EXTRA_COMPILER_FLAGS=-mcpu=cortex-a9 -mfpu=vfpv3 -mfloat-abi=hard -nostartfiles"
Running Make include in ps7_cortexa9_0/libsrc/llfifo_v5_1/src
make -C ps7_cortexa9_0/libsrc/llfifo_v5_1/src -s include  "SHELL=/bin/sh" "COMPILER=arm-none-eabi-gcc" "ARCHIVER=arm-none-eabi-ar" "COMPILER_FLAGS=  -O2 -c" "EXTRA_COMPILER_FLAGS=-mcpu=cortex-a9 -mfpu=vfpv3 -mfloat-abi=hard -nostartfiles"
Running Make include in ps7_cortexa9_0/libsrc/n3z_tonetest_v1_09/src
make -C ps7_cortexa9_0/libsrc/n3z_tonetest_v1_09/src -s include  "SHELL=/bin/sh" "COMPILER=arm-none-eabi-gcc" "ARCHIVER=arm-none-eabi-ar" "COMPILER_FLAGS=  -O2 -c" "EXTRA_COMPILER_FLAGS=-mcpu=cortex-a9 -mfpu=vfpv3 -mfloat-abi=hard -nostartfiles"
Running Make include in ps7_cortexa9_0/libsrc/qspips_v3_3/src
make -C ps7_cortexa9_0/libsrc/qspips_v3_3/src -s include  "SHELL=/bin/sh" "COMPILER=arm-none-eabi-gcc" "ARCHIVER=arm-none-eabi-ar" "COMPILER_FLAGS=  -O2 -c" "EXTRA_COMPILER_FLAGS=-mcpu=cortex-a9 -mfpu=vfpv3 -mfloat-abi=hard -nostartfiles"
Running Make include in ps7_cortexa9_0/libsrc/scugic_v3_3/src
make -C ps7_cortexa9_0/libsrc/scugic_v3_3/src -s include  "SHELL=/bin/sh" "COMPILER=arm-none-eabi-gcc" "ARCHIVER=arm-none-eabi-ar" "COMPILER_FLAGS=  -O2 -c" "EXTRA_COMPILER_FLAGS=-mcpu=cortex-a9 -mfpu=vfpv3 -mfloat-abi=hard -nostartfiles"
Running Make include in ps7_cortexa9_0/libsrc/scutimer_v2_1/src
make -C ps7_cortexa9_0/libsrc/scutimer_v2_1/src -s include  "SHELL=/bin/sh" "COMPILER=arm-none-eabi-gcc" "ARCHIVER=arm-none-eabi-ar" "COMPILER_FLAGS=  -O2 -c" "EXTRA_COMPILER_FLAGS=-mcpu=cortex-a9 -mfpu=vfpv3 -mfloat-abi=hard -nostartfiles"
Running Make include in ps7_cortexa9_0/libsrc/scuwdt_v2_1/src
make -C ps7_cortexa9_0/libsrc/scuwdt_v2_1/src -s include  "SHELL=/bin/sh" "COMPILER=arm-none-eabi-gcc" "ARCHIVER=arm-none-eabi-ar" "COMPILER_FLAGS=  -O2 -c" "EXTRA_COMPILER_FLAGS=-mcpu=cortex-a9 -mfpu=vfpv3 -mfloat-abi=hard -nostartfiles"
Running Make include in ps7_cortexa9_0/libsrc/standalone_v5_5/src
make -C ps7_cortexa9_0/libsrc/standalone_v5_5/src -s include  "SHELL=/bin/sh" "COMPILER=arm-none-eabi-gcc" "ARCHIVER=arm-none-eabi-ar" "COMPILER_FLAGS=  -O2 -c" "EXTRA_COMPILER_FLAGS=-mcpu=cortex-a9 -mfpu=vfpv3 -mfloat-abi=hard -nostartfiles"
Running Make include in ps7_cortexa9_0/libsrc/uartps_v3_1/src
make -C ps7_cortexa9_0/libsrc/uartps_v3_1/src -s include  "SHELL=/bin/sh" "COMPILER=arm-none-eabi-gcc" "ARCHIVER=arm-none-eabi-ar" "COMPILER_FLAGS=  -O2 -c" "EXTRA_COMPILER_FLAGS=-mcpu=cortex-a9 -mfpu=vfpv3 -mfloat-abi=hard -nostartfiles"
Running Make include in ps7_cortexa9_0/libsrc/xadcps_v2_2/src
make -C ps7_cortexa9_0/libsrc/xadcps_v2_2/src -s include  "SHELL=/bin/sh" "COMPILER=arm-none-eabi-gcc" "ARCHIVER=arm-none-eabi-ar" "COMPILER_FLAGS=  -O2 -c" "EXTRA_COMPILER_FLAGS=-mcpu=cortex-a9 -mfpu=vfpv3 -mfloat-abi=hard -nostartfiles"
Running Make libs in ps7_cortexa9_0/libsrc/coresightps_dcc_v1_2/src
make -C ps7_cortexa9_0/libsrc/coresightps_dcc_v1_2/src -s libs  "SHELL=/bin/sh" "COMPILER=arm-none-eabi-gcc" "ARCHIVER=arm-none-eabi-ar" "COMPILER_FLAGS=  -O2 -c" "EXTRA_COMPILER_FLAGS=-mcpu=cortex-a9 -mfpu=vfpv3 -mfloat-abi=hard -nostartfiles"
Compiling coresightps_dcc
arm-none-eabi-ar: creating ../../../lib/libxil.a
Running Make libs in ps7_cortexa9_0/libsrc/cpu_cortexa9_v2_2/src
make -C ps7_cortexa9_0/libsrc/cpu_cortexa9_v2_2/src -s libs  "SHELL=/bin/sh" "COMPILER=arm-none-eabi-gcc" "ARCHIVER=arm-none-eabi-ar" "COMPILER_FLAGS=  -O2 -c" "EXTRA_COMPILER_FLAGS=-mcpu=cortex-a9 -mfpu=vfpv3 -mfloat-abi=hard -nostartfiles"
Compiling cpu_cortexa9
Running Make libs in ps7_cortexa9_0/libsrc/devcfg_v3_4/src
make -C ps7_cortexa9_0/libsrc/devcfg_v3_4/src -s libs  "SHELL=/bin/sh" "COMPILER=arm-none-eabi-gcc" "ARCHIVER=arm-none-eabi-ar" "COMPILER_FLAGS=  -O2 -c" "EXTRA_COMPILER_FLAGS=-mcpu=cortex-a9 -mfpu=vfpv3 -mfloat-abi=hard -nostartfiles"
Compiling devcfg
Running Make libs in ps7_cortexa9_0/libsrc/dmaps_v2_1/src
make -C ps7_cortexa9_0/libsrc/dmaps_v2_1/src -s libs  "SHELL=/bin/sh" "COMPILER=arm-none-eabi-gcc" "ARCHIVER=arm-none-eabi-ar" "COMPILER_FLAGS=  -O2 -c" "EXTRA_COMPILER_FLAGS=-mcpu=cortex-a9 -mfpu=vfpv3 -mfloat-abi=hard -nostartfiles"
Compiling dmaps
Running Make libs in ps7_cortexa9_0/libsrc/gpiops_v3_1/src
make -C ps7_cortexa9_0/libsrc/gpiops_v3_1/src -s libs  "SHELL=/bin/sh" "COMPILER=arm-none-eabi-gcc" "ARCHIVER=arm-none-eabi-ar" "COMPILER_FLAGS=  -O2 -c" "EXTRA_COMPILER_FLAGS=-mcpu=cortex-a9 -mfpu=vfpv3 -mfloat-abi=hard -nostartfiles"
Compiling gpiops
Running Make libs in ps7_cortexa9_0/libsrc/llfifo_v5_1/src
make -C ps7_cortexa9_0/libsrc/llfifo_v5_1/src -s libs  "SHELL=/bin/sh" "COMPILER=arm-none-eabi-gcc" "ARCHIVER=arm-none-eabi-ar" "COMPILER_FLAGS=  -O2 -c" "EXTRA_COMPILER_FLAGS=-mcpu=cortex-a9 -mfpu=vfpv3 -mfloat-abi=hard -nostartfiles"
Compiling llfifo
Running Make libs in ps7_cortexa9_0/libsrc/n3z_tonetest_v1_09/src
make -C ps7_cortexa9_0/libsrc/n3z_tonetest_v1_09/src -s libs  "SHELL=/bin/sh" "COMPILER=arm-none-eabi-gcc" "ARCHIVER=arm-none-eabi-ar" "COMPILER_FLAGS=  -O2 -c" "EXTRA_COMPILER_FLAGS=-mcpu=cortex-a9 -mfpu=vfpv3 -mfloat-abi=hard -nostartfiles"
Compiling foo_top_top
Running Make libs in ps7_cortexa9_0/libsrc/qspips_v3_3/src
make -C ps7_cortexa9_0/libsrc/qspips_v3_3/src -s libs  "SHELL=/bin/sh" "COMPILER=arm-none-eabi-gcc" "ARCHIVER=arm-none-eabi-ar" "COMPILER_FLAGS=  -O2 -c" "EXTRA_COMPILER_FLAGS=-mcpu=cortex-a9 -mfpu=vfpv3 -mfloat-abi=hard -nostartfiles"
Compiling qspips
Running Make libs in ps7_cortexa9_0/libsrc/scugic_v3_3/src
make -C ps7_cortexa9_0/libsrc/scugic_v3_3/src -s libs  "SHELL=/bin/sh" "COMPILER=arm-none-eabi-gcc" "ARCHIVER=arm-none-eabi-ar" "COMPILER_FLAGS=  -O2 -c" "EXTRA_COMPILER_FLAGS=-mcpu=cortex-a9 -mfpu=vfpv3 -mfloat-abi=hard -nostartfiles"
Compiling scugic
Running Make libs in ps7_cortexa9_0/libsrc/scutimer_v2_1/src
make -C ps7_cortexa9_0/libsrc/scutimer_v2_1/src -s libs  "SHELL=/bin/sh" "COMPILER=arm-none-eabi-gcc" "ARCHIVER=arm-none-eabi-ar" "COMPILER_FLAGS=  -O2 -c" "EXTRA_COMPILER_FLAGS=-mcpu=cortex-a9 -mfpu=vfpv3 -mfloat-abi=hard -nostartfiles"
Compiling scutimer
Running Make libs in ps7_cortexa9_0/libsrc/scuwdt_v2_1/src
make -C ps7_cortexa9_0/libsrc/scuwdt_v2_1/src -s libs  "SHELL=/bin/sh" "COMPILER=arm-none-eabi-gcc" "ARCHIVER=arm-none-eabi-ar" "COMPILER_FLAGS=  -O2 -c" "EXTRA_COMPILER_FLAGS=-mcpu=cortex-a9 -mfpu=vfpv3 -mfloat-abi=hard -nostartfiles"
Compiling scuwdt
Running Make libs in ps7_cortexa9_0/libsrc/standalone_v5_5/src
make -C ps7_cortexa9_0/libsrc/standalone_v5_5/src -s libs  "SHELL=/bin/sh" "COMPILER=arm-none-eabi-gcc" "ARCHIVER=arm-none-eabi-ar" "COMPILER_FLAGS=  -O2 -c" "EXTRA_COMPILER_FLAGS=-mcpu=cortex-a9 -mfpu=vfpv3 -mfloat-abi=hard -nostartfiles"
Compiling standalone
Running Make libs in ps7_cortexa9_0/libsrc/uartps_v3_1/src
make -C ps7_cortexa9_0/libsrc/uartps_v3_1/src -s libs  "SHELL=/bin/sh" "COMPILER=arm-none-eabi-gcc" "ARCHIVER=arm-none-eabi-ar" "COMPILER_FLAGS=  -O2 -c" "EXTRA_COMPILER_FLAGS=-mcpu=cortex-a9 -mfpu=vfpv3 -mfloat-abi=hard -nostartfiles"
Compiling uartps
Running Make libs in ps7_cortexa9_0/libsrc/xadcps_v2_2/src
make -C ps7_cortexa9_0/libsrc/xadcps_v2_2/src -s libs  "SHELL=/bin/sh" "COMPILER=arm-none-eabi-gcc" "ARCHIVER=arm-none-eabi-ar" "COMPILER_FLAGS=  -O2 -c" "EXTRA_COMPILER_FLAGS=-mcpu=cortex-a9 -mfpu=vfpv3 -mfloat-abi=hard -nostartfiles"
Compiling xadcps
Finished building libraries
21:49:54 **** Build of configuration Debug for project N3Z_Fifodata ****
make pre-build main-build 
a9-linaro-pre-build-step
 
Building file: ../src/helloworld.c
Invoking: ARM v7 gcc compiler
arm-none-eabi-gcc -Wall -O0 -g3 -c -fmessage-length=0 -MT"src/helloworld.o" -mcpu=cortex-a9 -mfpu=vfpv3 -mfloat-abi=hard -I../../N3Z_Fifodata_bsp/ps7_cortexa9_0/include -MMD -MP -MF"src/helloworld.d" -MT"src/helloworld.o" -o "src/helloworld.o" "../src/helloworld.c"
Finished building: ../src/helloworld.c
 
Building file: ../src/platform.c
Invoking: ARM v7 gcc compiler
arm-none-eabi-gcc -Wall -O0 -g3 -c -fmessage-length=0 -MT"src/platform.o" -mcpu=cortex-a9 -mfpu=vfpv3 -mfloat-abi=hard -I../../N3Z_Fifodata_bsp/ps7_cortexa9_0/include -MMD -MP -MF"src/platform.d" -MT"src/platform.o" -o "src/platform.o" "../src/platform.c"
Finished building: ../src/platform.c
 
Building target: N3Z_Fifodata.elf
Invoking: ARM v7 gcc linker
arm-none-eabi-gcc -mcpu=cortex-a9 -mfpu=vfpv3 -mfloat-abi=hard -Wl,-build-id=none -specs=Xilinx.spec -Wl,-T -Wl,../src/lscript.ld -L../../N3Z_Fifodata_bsp/ps7_cortexa9_0/lib -o "N3Z_Fifodata.elf"  ./src/helloworld.o ./src/platform.o   -Wl,--start-group,-lxil,-lgcc,-lc,--end-group
Finished building target: N3Z_Fifodata.elf
 
Invoking: ARM v7 Print Size
arm-none-eabi-size N3Z_Fifodata.elf  |tee "N3Z_Fifodata.elf.size"
   text	   data	    bss	    dec	    hex	filename
  22960	   1152	  22580	  46692	   b664	N3Z_Fifodata.elf
Finished building: N3Z_Fifodata.elf.size
 
21:50:00 **** Auto Build of configuration Debug for project N3Z_Fifodata ****
make pre-build main-build 
a9-linaro-pre-build-step
 
make: Nothing to be done for `main-build'.
21:56:20 **** Incremental Build of configuration Debug for project N3Z_Fifodata ****
make pre-build main-build 
a9-linaro-pre-build-step
 
Building file: ../src/helloworld.c
Invoking: ARM v7 gcc compiler
arm-none-eabi-gcc -Wall -O0 -g3 -c -fmessage-length=0 -MT"src/helloworld.o" -mcpu=cortex-a9 -mfpu=vfpv3 -mfloat-abi=hard -I../../N3Z_Fifodata_bsp/ps7_cortexa9_0/include -MMD -MP -MF"src/helloworld.d" -MT"src/helloworld.o" -o "src/helloworld.o" "../src/helloworld.c"
../src/helloworld.c: In function ‘main’:
../src/helloworld.c:188:9: warning: format ‘%d’ expects argument of type ‘int’, but argument 2 has type ‘u32’ [-Wformat=]
         printf("Receive byte length is %d\r\n",ReceiveLength);
         ^
../src/helloworld.c:188:9: warning: format ‘%d’ expects argument of type ‘int’, but argument 2 has type ‘u32’ [-Wformat=]
../src/helloworld.c:194:11: warning: format ‘%d’ expects argument of type ‘int’, but argument 2 has type ‘u32’ [-Wformat=]
           printf("%d\r\n",Buffer[samplenumber]);
           ^
../src/helloworld.c:194:11: warning: format ‘%d’ expects argument of type ‘int’, but argument 2 has type ‘u32’ [-Wformat=]
../src/helloworld.c:134:21: warning: unused variable ‘Config’ [-Wunused-variable]
     XLlFifo_Config *Config;
                     ^
../src/helloworld.c:125:9: warning: unused variable ‘read_in’ [-Wunused-variable]
     int read_in =0;
         ^
../src/helloworld.c:123:10: warning: unused variable ‘from_keyboard’ [-Wunused-variable]
     char from_keyboard[10];
          ^
../src/helloworld.c:122:9: warning: unused variable ‘DataValue’ [-Wunused-variable]
     int DataValue;
         ^
../src/helloworld.c:120:9: warning: unused variable ‘keyval’ [-Wunused-variable]
     int keyval;
         ^
../src/helloworld.c:119:9: warning: variable ‘read_out’ set but not used [-Wunused-but-set-variable]
     int read_out =0;
         ^
Finished building: ../src/helloworld.c
 
Building target: N3Z_Fifodata.elf
Invoking: ARM v7 gcc linker
arm-none-eabi-gcc -mcpu=cortex-a9 -mfpu=vfpv3 -mfloat-abi=hard -Wl,-build-id=none -specs=Xilinx.spec -Wl,-T -Wl,../src/lscript.ld -L../../N3Z_Fifodata_bsp/ps7_cortexa9_0/lib -o "N3Z_Fifodata.elf"  ./src/helloworld.o ./src/platform.o   -Wl,--start-group,-lxil,-lgcc,-lc,--end-group
Finished building target: N3Z_Fifodata.elf
 
Invoking: ARM v7 Print Size
arm-none-eabi-size N3Z_Fifodata.elf  |tee "N3Z_Fifodata.elf.size"
   text	   data	    bss	    dec	    hex	filename
  80460	   2592	  23548	 106600	  1a068	N3Z_Fifodata.elf
Finished building: N3Z_Fifodata.elf.size
 
21:57:39 **** Incremental Build of configuration Debug for project N3Z_Fifodata ****
make pre-build main-build 
a9-linaro-pre-build-step
 
make: Nothing to be done for `main-build'.
22:00:21 **** Incremental Build of configuration Debug for project N3Z_Fifodata ****
make pre-build main-build 
a9-linaro-pre-build-step
 
make: Nothing to be done for `main-build'.
22:02:04 **** Incremental Build of configuration Debug for project N3Z_Fifodata ****
make pre-build main-build 
a9-linaro-pre-build-step
 
make: Nothing to be done for `main-build'.
22:03:26 **** Incremental Build of configuration Debug for project N3Z_Fifodata ****
make pre-build main-build 
a9-linaro-pre-build-step
 
make: Nothing to be done for `main-build'.
22:04:48 **** Incremental Build of configuration Debug for project N3Z_Fifodata ****
make pre-build main-build 
a9-linaro-pre-build-step
 
make: Nothing to be done for `main-build'.
22:08:35 **** Auto Build of configuration Debug for project N3Z_Fifodata ****
make pre-build main-build 
a9-linaro-pre-build-step
 
Building file: ../src/helloworld.c
Invoking: ARM v7 gcc compiler
arm-none-eabi-gcc -Wall -O0 -g3 -c -fmessage-length=0 -MT"src/helloworld.o" -mcpu=cortex-a9 -mfpu=vfpv3 -mfloat-abi=hard -I../../N3Z_Fifodata_bsp/ps7_cortexa9_0/include -MMD -MP -MF"src/helloworld.d" -MT"src/helloworld.o" -o "src/helloworld.o" "../src/helloworld.c"
../src/helloworld.c: In function ‘main’:
../src/helloworld.c:188:9: warning: format ‘%d’ expects argument of type ‘int’, but argument 2 has type ‘u32’ [-Wformat=]
         printf("Receive byte length is %d\r\n",ReceiveLength);
         ^
../src/helloworld.c:188:9: warning: format ‘%d’ expects argument of type ‘int’, but argument 2 has type ‘u32’ [-Wformat=]
../src/helloworld.c:194:11: warning: format ‘%d’ expects argument of type ‘int’, but argument 2 has type ‘u32’ [-Wformat=]
           printf("%d\r\n",Buffer[samplenumber]);
           ^
../src/helloworld.c:194:11: warning: format ‘%d’ expects argument of type ‘int’, but argument 2 has type ‘u32’ [-Wformat=]
../src/helloworld.c:134:21: warning: unused variable ‘Config’ [-Wunused-variable]
     XLlFifo_Config *Config;
                     ^
../src/helloworld.c:125:9: warning: unused variable ‘read_in’ [-Wunused-variable]
     int read_in =0;
         ^
../src/helloworld.c:123:10: warning: unused variable ‘from_keyboard’ [-Wunused-variable]
     char from_keyboard[10];
          ^
../src/helloworld.c:122:9: warning: unused variable ‘DataValue’ [-Wunused-variable]
     int DataValue;
         ^
../src/helloworld.c:120:9: warning: unused variable ‘keyval’ [-Wunused-variable]
     int keyval;
         ^
../src/helloworld.c:119:9: warning: variable ‘read_out’ set but not used [-Wunused-but-set-variable]
     int read_out =0;
         ^
Finished building: ../src/helloworld.c
 
Building target: N3Z_Fifodata.elf
Invoking: ARM v7 gcc linker
arm-none-eabi-gcc -mcpu=cortex-a9 -mfpu=vfpv3 -mfloat-abi=hard -Wl,-build-id=none -specs=Xilinx.spec -Wl,-T -Wl,../src/lscript.ld -L../../N3Z_Fifodata_bsp/ps7_cortexa9_0/lib -o "N3Z_Fifodata.elf"  ./src/helloworld.o ./src/platform.o   -Wl,--start-group,-lxil,-lgcc,-lc,--end-group
Finished building target: N3Z_Fifodata.elf
 
Invoking: ARM v7 Print Size
arm-none-eabi-size N3Z_Fifodata.elf  |tee "N3Z_Fifodata.elf.size"
   text	   data	    bss	    dec	    hex	filename
  80460	   2592	  23548	 106600	  1a068	N3Z_Fifodata.elf
Finished building: N3Z_Fifodata.elf.size
 
22:08:42 **** Incremental Build of configuration Debug for project N3Z_Fifodata ****
make pre-build main-build 
a9-linaro-pre-build-step
 
make: Nothing to be done for `main-build'.
22:26:14 **** Auto Build of configuration Debug for project N3Z_Fifodata ****
make pre-build main-build 
a9-linaro-pre-build-step
 
Building file: ../src/helloworld.c
Invoking: ARM v7 gcc compiler
arm-none-eabi-gcc -Wall -O0 -g3 -c -fmessage-length=0 -MT"src/helloworld.o" -mcpu=cortex-a9 -mfpu=vfpv3 -mfloat-abi=hard -I../../N3Z_Fifodata_bsp/ps7_cortexa9_0/include -MMD -MP -MF"src/helloworld.d" -MT"src/helloworld.o" -o "src/helloworld.o" "../src/helloworld.c"
../src/helloworld.c: In function ‘main’:
../src/helloworld.c:129:5: error: unknown type name ‘XLIFifo_Config’
     XLIFifo_Config *ConfigData;
     ^
../src/helloworld.c:130:5: error: unknown type name ‘XLIFifo_Config’
     XLIFifo_Config *ConfigPSPL;
     ^
../src/helloworld.c:132:5: warning: implicit declaration of function ‘XLIFfio_LookupConfig’ [-Wimplicit-function-declaration]
     ConfigData=XLIFfio_LookupConfig(DataFIFO_DEV_ID);
     ^
../src/helloworld.c:132:15: warning: assignment makes pointer from integer without a cast
     ConfigData=XLIFfio_LookupConfig(DataFIFO_DEV_ID);
               ^
../src/helloworld.c:133:15: warning: assignment makes pointer from integer without a cast
     ConfigPSPL=XLIFfio_LookupConfig(PS_PLFIFO_DEV_ID);
               ^
../src/helloworld.c:134:5: warning: implicit declaration of function ‘XLIFifo_CfgInitialize’ [-Wimplicit-function-declaration]
     Status=XLIFifo_CfgInitialize(&DataFifo,ConfigData,ConfigData->BaseAddress);
     ^
../src/helloworld.c:134:65: error: request for member ‘BaseAddress’ in something not a structure or union
     Status=XLIFifo_CfgInitialize(&DataFifo,ConfigData,ConfigData->BaseAddress);
                                                                 ^
../src/helloworld.c:135:65: error: request for member ‘BaseAddress’ in something not a structure or union
     Status=XLIFifo_CfgInitialize(&PSPLFifo,ConfigPSPL,ConfigPSPL->BaseAddress);
                                                                 ^
../src/helloworld.c:159:46: error: request for member ‘BaseAddress’ in something not a structure or union
     XLlFifo_Initialize( &DataFifo, ConfigData->BaseAddress);
                                              ^
../src/helloworld.c:160:46: error: request for member ‘BaseAddress’ in something not a structure or union
     XLlFifo_Initialize( &PSPLFifo, ConfigPSPL->BaseAddress);
                                              ^
../src/helloworld.c:195:9: warning: format ‘%d’ expects argument of type ‘int’, but argument 2 has type ‘u32’ [-Wformat=]
         printf("Receive byte length is %d\r\n",ReceiveLength);
         ^
../src/helloworld.c:195:9: warning: format ‘%d’ expects argument of type ‘int’, but argument 2 has type ‘u32’ [-Wformat=]
../src/helloworld.c:201:11: warning: format ‘%d’ expects argument of type ‘int’, but argument 2 has type ‘u32’ [-Wformat=]
           printf("%d\r\n",Buffer[samplenumber]);
           ^
../src/helloworld.c:201:11: warning: format ‘%d’ expects argument of type ‘int’, but argument 2 has type ‘u32’ [-Wformat=]
../src/helloworld.c:141:21: warning: unused variable ‘Config’ [-Wunused-variable]
     XLlFifo_Config *Config;
                     ^
../src/helloworld.c:125:9: warning: unused variable ‘read_in’ [-Wunused-variable]
     int read_in =0;
         ^
../src/helloworld.c:123:10: warning: unused variable ‘from_keyboard’ [-Wunused-variable]
     char from_keyboard[10];
          ^
../src/helloworld.c:122:9: warning: unused variable ‘DataValue’ [-Wunused-variable]
     int DataValue;
         ^
../src/helloworld.c:120:9: warning: unused variable ‘keyval’ [-Wunused-variable]
     int keyval;
         ^
../src/helloworld.c:119:9: warning: variable ‘read_out’ set but not used [-Wunused-but-set-variable]
     int read_out =0;
         ^
make: *** [src/helloworld.o] Error 1
22:26:46 **** Auto Build of configuration Debug for project N3Z_Fifodata ****
make pre-build main-build 
a9-linaro-pre-build-step
 
Building file: ../src/helloworld.c
Invoking: ARM v7 gcc compiler
arm-none-eabi-gcc -Wall -O0 -g3 -c -fmessage-length=0 -MT"src/helloworld.o" -mcpu=cortex-a9 -mfpu=vfpv3 -mfloat-abi=hard -I../../N3Z_Fifodata_bsp/ps7_cortexa9_0/include -MMD -MP -MF"src/helloworld.d" -MT"src/helloworld.o" -o "src/helloworld.o" "../src/helloworld.c"
../src/helloworld.c: In function ‘main’:
../src/helloworld.c:132:5: warning: implicit declaration of function ‘XLIFfio_LookupConfig’ [-Wimplicit-function-declaration]
     ConfigData=XLIFfio_LookupConfig(DataFIFO_DEV_ID);
     ^
../src/helloworld.c:132:15: warning: assignment makes pointer from integer without a cast
     ConfigData=XLIFfio_LookupConfig(DataFIFO_DEV_ID);
               ^
../src/helloworld.c:133:15: warning: assignment makes pointer from integer without a cast
     ConfigPSPL=XLIFfio_LookupConfig(PS_PLFIFO_DEV_ID);
               ^
../src/helloworld.c:134:5: warning: implicit declaration of function ‘XLIFifo_CfgInitialize’ [-Wimplicit-function-declaration]
     Status=XLIFifo_CfgInitialize(&DataFifo,ConfigData,ConfigData->BaseAddress);
     ^
../src/helloworld.c:195:9: warning: format ‘%d’ expects argument of type ‘int’, but argument 2 has type ‘u32’ [-Wformat=]
         printf("Receive byte length is %d\r\n",ReceiveLength);
         ^
../src/helloworld.c:195:9: warning: format ‘%d’ expects argument of type ‘int’, but argument 2 has type ‘u32’ [-Wformat=]
../src/helloworld.c:201:11: warning: format ‘%d’ expects argument of type ‘int’, but argument 2 has type ‘u32’ [-Wformat=]
           printf("%d\r\n",Buffer[samplenumber]);
           ^
../src/helloworld.c:201:11: warning: format ‘%d’ expects argument of type ‘int’, but argument 2 has type ‘u32’ [-Wformat=]
../src/helloworld.c:141:21: warning: unused variable ‘Config’ [-Wunused-variable]
     XLlFifo_Config *Config;
                     ^
../src/helloworld.c:125:9: warning: unused variable ‘read_in’ [-Wunused-variable]
     int read_in =0;
         ^
../src/helloworld.c:123:10: warning: unused variable ‘from_keyboard’ [-Wunused-variable]
     char from_keyboard[10];
          ^
../src/helloworld.c:122:9: warning: unused variable ‘DataValue’ [-Wunused-variable]
     int DataValue;
         ^
../src/helloworld.c:120:9: warning: unused variable ‘keyval’ [-Wunused-variable]
     int keyval;
         ^
../src/helloworld.c:119:9: warning: variable ‘read_out’ set but not used [-Wunused-but-set-variable]
     int read_out =0;
         ^
Finished building: ../src/helloworld.c
 
Building target: N3Z_Fifodata.elf
Invoking: ARM v7 gcc linker
arm-none-eabi-gcc -mcpu=cortex-a9 -mfpu=vfpv3 -mfloat-abi=hard -Wl,-build-id=none -specs=Xilinx.spec -Wl,-T -Wl,../src/lscript.ld -L../../N3Z_Fifodata_bsp/ps7_cortexa9_0/lib -o "N3Z_Fifodata.elf"  ./src/helloworld.o ./src/platform.o   -Wl,--start-group,-lxil,-lgcc,-lc,--end-group
./src/helloworld.o: In function `main':
/home/graham/Dropbox/N3workingG/TE0722Rebuild/N3Vivado/TE0722TD/N3Z_TD_FIFO/N3Z_TD_FIFO.sdk/N3Z_Fifodata/Debug/../src/helloworld.c:132: undefined reference to `XLIFfio_LookupConfig'
/home/graham/Dropbox/N3workingG/TE0722Rebuild/N3Vivado/TE0722TD/N3Z_TD_FIFO/N3Z_TD_FIFO.sdk/N3Z_Fifodata/Debug/../src/helloworld.c:133: undefined reference to `XLIFfio_LookupConfig'
/home/graham/Dropbox/N3workingG/TE0722Rebuild/N3Vivado/TE0722TD/N3Z_TD_FIFO/N3Z_TD_FIFO.sdk/N3Z_Fifodata/Debug/../src/helloworld.c:134: undefined reference to `XLIFifo_CfgInitialize'
/home/graham/Dropbox/N3workingG/TE0722Rebuild/N3Vivado/TE0722TD/N3Z_TD_FIFO/N3Z_TD_FIFO.sdk/N3Z_Fifodata/Debug/../src/helloworld.c:135: undefined reference to `XLIFifo_CfgInitialize'
collect2: error: ld returned 1 exit status
make: *** [N3Z_Fifodata.elf] Error 1
22:27:23 **** Auto Build of configuration Debug for project N3Z_Fifodata ****
make pre-build main-build 
a9-linaro-pre-build-step
 
Building file: ../src/helloworld.c
Invoking: ARM v7 gcc compiler
arm-none-eabi-gcc -Wall -O0 -g3 -c -fmessage-length=0 -MT"src/helloworld.o" -mcpu=cortex-a9 -mfpu=vfpv3 -mfloat-abi=hard -I../../N3Z_Fifodata_bsp/ps7_cortexa9_0/include -MMD -MP -MF"src/helloworld.d" -MT"src/helloworld.o" -o "src/helloworld.o" "../src/helloworld.c"
../src/helloworld.c: In function ‘main’:
../src/helloworld.c:195:9: warning: format ‘%d’ expects argument of type ‘int’, but argument 2 has type ‘u32’ [-Wformat=]
         printf("Receive byte length is %d\r\n",ReceiveLength);
         ^
../src/helloworld.c:195:9: warning: format ‘%d’ expects argument of type ‘int’, but argument 2 has type ‘u32’ [-Wformat=]
../src/helloworld.c:201:11: warning: format ‘%d’ expects argument of type ‘int’, but argument 2 has type ‘u32’ [-Wformat=]
           printf("%d\r\n",Buffer[samplenumber]);
           ^
../src/helloworld.c:201:11: warning: format ‘%d’ expects argument of type ‘int’, but argument 2 has type ‘u32’ [-Wformat=]
../src/helloworld.c:141:21: warning: unused variable ‘Config’ [-Wunused-variable]
     XLlFifo_Config *Config;
                     ^
../src/helloworld.c:125:9: warning: unused variable ‘read_in’ [-Wunused-variable]
     int read_in =0;
         ^
../src/helloworld.c:123:10: warning: unused variable ‘from_keyboard’ [-Wunused-variable]
     char from_keyboard[10];
          ^
../src/helloworld.c:122:9: warning: unused variable ‘DataValue’ [-Wunused-variable]
     int DataValue;
         ^
../src/helloworld.c:120:9: warning: unused variable ‘keyval’ [-Wunused-variable]
     int keyval;
         ^
../src/helloworld.c:119:9: warning: variable ‘read_out’ set but not used [-Wunused-but-set-variable]
     int read_out =0;
         ^
Finished building: ../src/helloworld.c
 
Building target: N3Z_Fifodata.elf
Invoking: ARM v7 gcc linker
arm-none-eabi-gcc -mcpu=cortex-a9 -mfpu=vfpv3 -mfloat-abi=hard -Wl,-build-id=none -specs=Xilinx.spec -Wl,-T -Wl,../src/lscript.ld -L../../N3Z_Fifodata_bsp/ps7_cortexa9_0/lib -o "N3Z_Fifodata.elf"  ./src/helloworld.o ./src/platform.o   -Wl,--start-group,-lxil,-lgcc,-lc,--end-group
Finished building target: N3Z_Fifodata.elf
 
Invoking: ARM v7 Print Size
arm-none-eabi-size N3Z_Fifodata.elf  |tee "N3Z_Fifodata.elf.size"
   text	   data	    bss	    dec	    hex	filename
  80588	   2624	  23548	 106760	  1a108	N3Z_Fifodata.elf
Finished building: N3Z_Fifodata.elf.size
 
22:28:06 **** Incremental Build of configuration Debug for project N3Z_Fifodata ****
make pre-build main-build 
a9-linaro-pre-build-step
 
make: Nothing to be done for `main-build'.
22:30:31 **** Auto Build of configuration Debug for project N3Z_Fifodata ****
make pre-build main-build 
a9-linaro-pre-build-step
 
Building file: ../src/helloworld.c
Invoking: ARM v7 gcc compiler
arm-none-eabi-gcc -Wall -O0 -g3 -c -fmessage-length=0 -MT"src/helloworld.o" -mcpu=cortex-a9 -mfpu=vfpv3 -mfloat-abi=hard -I../../N3Z_Fifodata_bsp/ps7_cortexa9_0/include -MMD -MP -MF"src/helloworld.d" -MT"src/helloworld.o" -o "src/helloworld.o" "../src/helloworld.c"
../src/helloworld.c: In function ‘main’:
../src/helloworld.c:199:9: warning: format ‘%d’ expects argument of type ‘int’, but argument 2 has type ‘u32’ [-Wformat=]
         printf("Receive byte length is %d\r\n",ReceiveLength);
         ^
../src/helloworld.c:199:9: warning: format ‘%d’ expects argument of type ‘int’, but argument 2 has type ‘u32’ [-Wformat=]
../src/helloworld.c:205:11: warning: format ‘%d’ expects argument of type ‘int’, but argument 2 has type ‘u32’ [-Wformat=]
           printf("%d\r\n",Buffer[samplenumber]);
           ^
../src/helloworld.c:205:11: warning: format ‘%d’ expects argument of type ‘int’, but argument 2 has type ‘u32’ [-Wformat=]
../src/helloworld.c:141:21: warning: unused variable ‘Config’ [-Wunused-variable]
     XLlFifo_Config *Config;
                     ^
../src/helloworld.c:125:9: warning: unused variable ‘read_in’ [-Wunused-variable]
     int read_in =0;
         ^
../src/helloworld.c:123:10: warning: unused variable ‘from_keyboard’ [-Wunused-variable]
     char from_keyboard[10];
          ^
../src/helloworld.c:122:9: warning: unused variable ‘DataValue’ [-Wunused-variable]
     int DataValue;
         ^
../src/helloworld.c:120:9: warning: unused variable ‘keyval’ [-Wunused-variable]
     int keyval;
         ^
../src/helloworld.c:119:9: warning: variable ‘read_out’ set but not used [-Wunused-but-set-variable]
     int read_out =0;
         ^
Finished building: ../src/helloworld.c
 
Building target: N3Z_Fifodata.elf
Invoking: ARM v7 gcc linker
arm-none-eabi-gcc -mcpu=cortex-a9 -mfpu=vfpv3 -mfloat-abi=hard -Wl,-build-id=none -specs=Xilinx.spec -Wl,-T -Wl,../src/lscript.ld -L../../N3Z_Fifodata_bsp/ps7_cortexa9_0/lib -o "N3Z_Fifodata.elf"  ./src/helloworld.o ./src/platform.o   -Wl,--start-group,-lxil,-lgcc,-lc,--end-group
Finished building target: N3Z_Fifodata.elf
 
Invoking: ARM v7 Print Size
arm-none-eabi-size N3Z_Fifodata.elf  |tee "N3Z_Fifodata.elf.size"
   text	   data	    bss	    dec	    hex	filename
  80668	   2624	  23548	 106840	  1a158	N3Z_Fifodata.elf
Finished building: N3Z_Fifodata.elf.size
 
22:30:51 **** Incremental Build of configuration Debug for project N3Z_Fifodata ****
make pre-build main-build 
a9-linaro-pre-build-step
 
make: Nothing to be done for `main-build'.
22:31:54 **** Auto Build of configuration Debug for project N3Z_Fifodata ****
make pre-build main-build 
a9-linaro-pre-build-step
 
Building file: ../src/helloworld.c
Invoking: ARM v7 gcc compiler
arm-none-eabi-gcc -Wall -O0 -g3 -c -fmessage-length=0 -MT"src/helloworld.o" -mcpu=cortex-a9 -mfpu=vfpv3 -mfloat-abi=hard -I../../N3Z_Fifodata_bsp/ps7_cortexa9_0/include -MMD -MP -MF"src/helloworld.d" -MT"src/helloworld.o" -o "src/helloworld.o" "../src/helloworld.c"
../src/helloworld.c: In function ‘main’:
../src/helloworld.c:132:5: warning: implicit declaration of function ‘XLlFifo_LookupConfig’ [-Wimplicit-function-declaration]
     ConfigData=XLlFifo_LookupConfig(DataFIFO_DEV_ID);
     ^
../src/helloworld.c:132:15: warning: assignment makes pointer from integer without a cast
     ConfigData=XLlFifo_LookupConfig(DataFIFO_DEV_ID);
               ^
../src/helloworld.c:133:15: warning: assignment makes pointer from integer without a cast
     ConfigPSPL=XLlFifo_LookupConfig(PS_PLFIFO_DEV_ID);
               ^
../src/helloworld.c:199:9: warning: format ‘%d’ expects argument of type ‘int’, but argument 2 has type ‘u32’ [-Wformat=]
         printf("Receive byte length is %d\r\n",ReceiveLength);
         ^
../src/helloworld.c:199:9: warning: format ‘%d’ expects argument of type ‘int’, but argument 2 has type ‘u32’ [-Wformat=]
../src/helloworld.c:205:11: warning: format ‘%d’ expects argument of type ‘int’, but argument 2 has type ‘u32’ [-Wformat=]
           printf("%d\r\n",Buffer[samplenumber]);
           ^
../src/helloworld.c:205:11: warning: format ‘%d’ expects argument of type ‘int’, but argument 2 has type ‘u32’ [-Wformat=]
../src/helloworld.c:141:21: warning: unused variable ‘Config’ [-Wunused-variable]
     XLlFifo_Config *Config;
                     ^
../src/helloworld.c:125:9: warning: unused variable ‘read_in’ [-Wunused-variable]
     int read_in =0;
         ^
../src/helloworld.c:123:10: warning: unused variable ‘from_keyboard’ [-Wunused-variable]
     char from_keyboard[10];
          ^
../src/helloworld.c:122:9: warning: unused variable ‘DataValue’ [-Wunused-variable]
     int DataValue;
         ^
../src/helloworld.c:120:9: warning: unused variable ‘keyval’ [-Wunused-variable]
     int keyval;
         ^
../src/helloworld.c:119:9: warning: variable ‘read_out’ set but not used [-Wunused-but-set-variable]
     int read_out =0;
         ^
Finished building: ../src/helloworld.c
 
Building target: N3Z_Fifodata.elf
Invoking: ARM v7 gcc linker
arm-none-eabi-gcc -mcpu=cortex-a9 -mfpu=vfpv3 -mfloat-abi=hard -Wl,-build-id=none -specs=Xilinx.spec -Wl,-T -Wl,../src/lscript.ld -L../../N3Z_Fifodata_bsp/ps7_cortexa9_0/lib -o "N3Z_Fifodata.elf"  ./src/helloworld.o ./src/platform.o   -Wl,--start-group,-lxil,-lgcc,-lc,--end-group
./src/helloworld.o: In function `main':
/home/graham/Dropbox/N3workingG/TE0722Rebuild/N3Vivado/TE0722TD/N3Z_TD_FIFO/N3Z_TD_FIFO.sdk/N3Z_Fifodata/Debug/../src/helloworld.c:132: undefined reference to `XLlFifo_LookupConfig'
/home/graham/Dropbox/N3workingG/TE0722Rebuild/N3Vivado/TE0722TD/N3Z_TD_FIFO/N3Z_TD_FIFO.sdk/N3Z_Fifodata/Debug/../src/helloworld.c:133: undefined reference to `XLlFifo_LookupConfig'
collect2: error: ld returned 1 exit status
make: *** [N3Z_Fifodata.elf] Error 1
22:32:16 **** Auto Build of configuration Debug for project N3Z_Fifodata ****
make pre-build main-build 
a9-linaro-pre-build-step
 
Building file: ../src/helloworld.c
Invoking: ARM v7 gcc compiler
arm-none-eabi-gcc -Wall -O0 -g3 -c -fmessage-length=0 -MT"src/helloworld.o" -mcpu=cortex-a9 -mfpu=vfpv3 -mfloat-abi=hard -I../../N3Z_Fifodata_bsp/ps7_cortexa9_0/include -MMD -MP -MF"src/helloworld.d" -MT"src/helloworld.o" -o "src/helloworld.o" "../src/helloworld.c"
../src/helloworld.c: In function ‘main’:
../src/helloworld.c:199:9: warning: format ‘%d’ expects argument of type ‘int’, but argument 2 has type ‘u32’ [-Wformat=]
         printf("Receive byte length is %d\r\n",ReceiveLength);
         ^
../src/helloworld.c:199:9: warning: format ‘%d’ expects argument of type ‘int’, but argument 2 has type ‘u32’ [-Wformat=]
../src/helloworld.c:205:11: warning: format ‘%d’ expects argument of type ‘int’, but argument 2 has type ‘u32’ [-Wformat=]
           printf("%d\r\n",Buffer[samplenumber]);
           ^
../src/helloworld.c:205:11: warning: format ‘%d’ expects argument of type ‘int’, but argument 2 has type ‘u32’ [-Wformat=]
../src/helloworld.c:141:21: warning: unused variable ‘Config’ [-Wunused-variable]
     XLlFifo_Config *Config;
                     ^
../src/helloworld.c:125:9: warning: unused variable ‘read_in’ [-Wunused-variable]
     int read_in =0;
         ^
../src/helloworld.c:123:10: warning: unused variable ‘from_keyboard’ [-Wunused-variable]
     char from_keyboard[10];
          ^
../src/helloworld.c:122:9: warning: unused variable ‘DataValue’ [-Wunused-variable]
     int DataValue;
         ^
../src/helloworld.c:120:9: warning: unused variable ‘keyval’ [-Wunused-variable]
     int keyval;
         ^
../src/helloworld.c:119:9: warning: variable ‘read_out’ set but not used [-Wunused-but-set-variable]
     int read_out =0;
         ^
Finished building: ../src/helloworld.c
 
Building target: N3Z_Fifodata.elf
Invoking: ARM v7 gcc linker
arm-none-eabi-gcc -mcpu=cortex-a9 -mfpu=vfpv3 -mfloat-abi=hard -Wl,-build-id=none -specs=Xilinx.spec -Wl,-T -Wl,../src/lscript.ld -L../../N3Z_Fifodata_bsp/ps7_cortexa9_0/lib -o "N3Z_Fifodata.elf"  ./src/helloworld.o ./src/platform.o   -Wl,--start-group,-lxil,-lgcc,-lc,--end-group
Finished building target: N3Z_Fifodata.elf
 
Invoking: ARM v7 Print Size
arm-none-eabi-size N3Z_Fifodata.elf  |tee "N3Z_Fifodata.elf.size"
   text	   data	    bss	    dec	    hex	filename
  80668	   2624	  23548	 106840	  1a158	N3Z_Fifodata.elf
Finished building: N3Z_Fifodata.elf.size
 
22:36:28 **** Auto Build of configuration Debug for project N3Z_Fifodata ****
make pre-build main-build 
a9-linaro-pre-build-step
 
Building file: ../src/helloworld.c
Invoking: ARM v7 gcc compiler
arm-none-eabi-gcc -Wall -O0 -g3 -c -fmessage-length=0 -MT"src/helloworld.o" -mcpu=cortex-a9 -mfpu=vfpv3 -mfloat-abi=hard -I../../N3Z_Fifodata_bsp/ps7_cortexa9_0/include -MMD -MP -MF"src/helloworld.d" -MT"src/helloworld.o" -o "src/helloworld.o" "../src/helloworld.c"
../src/helloworld.c: In function ‘main’:
../src/helloworld.c:203:9: warning: format ‘%d’ expects argument of type ‘int’, but argument 2 has type ‘u32’ [-Wformat=]
         printf("Receive byte length is %d\r\n",ReceiveLength);
         ^
../src/helloworld.c:203:9: warning: format ‘%d’ expects argument of type ‘int’, but argument 2 has type ‘u32’ [-Wformat=]
../src/helloworld.c:209:11: warning: format ‘%d’ expects argument of type ‘int’, but argument 2 has type ‘u32’ [-Wformat=]
           printf("%d\r\n",Buffer[samplenumber]);
           ^
../src/helloworld.c:209:11: warning: format ‘%d’ expects argument of type ‘int’, but argument 2 has type ‘u32’ [-Wformat=]
../src/helloworld.c:144:21: warning: unused variable ‘Config’ [-Wunused-variable]
     XLlFifo_Config *Config;
                     ^
../src/helloworld.c:125:9: warning: unused variable ‘read_in’ [-Wunused-variable]
     int read_in =0;
         ^
../src/helloworld.c:123:10: warning: unused variable ‘from_keyboard’ [-Wunused-variable]
     char from_keyboard[10];
          ^
../src/helloworld.c:122:9: warning: unused variable ‘DataValue’ [-Wunused-variable]
     int DataValue;
         ^
../src/helloworld.c:120:9: warning: unused variable ‘keyval’ [-Wunused-variable]
     int keyval;
         ^
../src/helloworld.c:119:9: warning: variable ‘read_out’ set but not used [-Wunused-but-set-variable]
     int read_out =0;
         ^
Finished building: ../src/helloworld.c
 
Building target: N3Z_Fifodata.elf
Invoking: ARM v7 gcc linker
arm-none-eabi-gcc -mcpu=cortex-a9 -mfpu=vfpv3 -mfloat-abi=hard -Wl,-build-id=none -specs=Xilinx.spec -Wl,-T -Wl,../src/lscript.ld -L../../N3Z_Fifodata_bsp/ps7_cortexa9_0/lib -o "N3Z_Fifodata.elf"  ./src/helloworld.o ./src/platform.o   -Wl,--start-group,-lxil,-lgcc,-lc,--end-group
Finished building target: N3Z_Fifodata.elf
 
Invoking: ARM v7 Print Size
arm-none-eabi-size N3Z_Fifodata.elf  |tee "N3Z_Fifodata.elf.size"
   text	   data	    bss	    dec	    hex	filename
  80732	   2624	  23548	 106904	  1a198	N3Z_Fifodata.elf
Finished building: N3Z_Fifodata.elf.size
 
22:36:33 **** Incremental Build of configuration Debug for project N3Z_Fifodata ****
make pre-build main-build 
a9-linaro-pre-build-step
 
make: Nothing to be done for `main-build'.
22:41:06 **** Auto Build of configuration Debug for project N3Z_Fifodata ****
make pre-build main-build 
a9-linaro-pre-build-step
 
Building file: ../src/helloworld.c
Invoking: ARM v7 gcc compiler
arm-none-eabi-gcc -Wall -O0 -g3 -c -fmessage-length=0 -MT"src/helloworld.o" -mcpu=cortex-a9 -mfpu=vfpv3 -mfloat-abi=hard -I../../N3Z_Fifodata_bsp/ps7_cortexa9_0/include -MMD -MP -MF"src/helloworld.d" -MT"src/helloworld.o" -o "src/helloworld.o" "../src/helloworld.c"
../src/helloworld.c: In function ‘main’:
../src/helloworld.c:203:9: warning: format ‘%d’ expects argument of type ‘int’, but argument 2 has type ‘u32’ [-Wformat=]
         printf("Receive byte length is %d\r\n",ReceiveLength);
         ^
../src/helloworld.c:203:9: warning: format ‘%d’ expects argument of type ‘int’, but argument 2 has type ‘u32’ [-Wformat=]
../src/helloworld.c:209:11: warning: format ‘%d’ expects argument of type ‘int’, but argument 2 has type ‘u32’ [-Wformat=]
           printf("%d\r\n",Buffer[samplenumber]);
           ^
../src/helloworld.c:209:11: warning: format ‘%d’ expects argument of type ‘int’, but argument 2 has type ‘u32’ [-Wformat=]
../src/helloworld.c:144:21: warning: unused variable ‘Config’ [-Wunused-variable]
     XLlFifo_Config *Config;
                     ^
../src/helloworld.c:125:9: warning: unused variable ‘read_in’ [-Wunused-variable]
     int read_in =0;
         ^
../src/helloworld.c:123:10: warning: unused variable ‘from_keyboard’ [-Wunused-variable]
     char from_keyboard[10];
          ^
../src/helloworld.c:122:9: warning: unused variable ‘DataValue’ [-Wunused-variable]
     int DataValue;
         ^
../src/helloworld.c:120:9: warning: unused variable ‘keyval’ [-Wunused-variable]
     int keyval;
         ^
../src/helloworld.c:119:9: warning: variable ‘read_out’ set but not used [-Wunused-but-set-variable]
     int read_out =0;
         ^
Finished building: ../src/helloworld.c
 
Building target: N3Z_Fifodata.elf
Invoking: ARM v7 gcc linker
arm-none-eabi-gcc -mcpu=cortex-a9 -mfpu=vfpv3 -mfloat-abi=hard -Wl,-build-id=none -specs=Xilinx.spec -Wl,-T -Wl,../src/lscript.ld -L../../N3Z_Fifodata_bsp/ps7_cortexa9_0/lib -o "N3Z_Fifodata.elf"  ./src/helloworld.o ./src/platform.o   -Wl,--start-group,-lxil,-lgcc,-lc,--end-group
Finished building target: N3Z_Fifodata.elf
 
Invoking: ARM v7 Print Size
arm-none-eabi-size N3Z_Fifodata.elf  |tee "N3Z_Fifodata.elf.size"
   text	   data	    bss	    dec	    hex	filename
  80796	   2624	  23548	 106968	  1a1d8	N3Z_Fifodata.elf
Finished building: N3Z_Fifodata.elf.size
 
22:41:28 **** Incremental Build of configuration Debug for project N3Z_Fifodata ****
make pre-build main-build 
a9-linaro-pre-build-step
 
make: Nothing to be done for `main-build'.
22:44:15 **** Auto Build of configuration Debug for project N3Z_Fifodata ****
make pre-build main-build 
a9-linaro-pre-build-step
 
Building file: ../src/helloworld.c
Invoking: ARM v7 gcc compiler
arm-none-eabi-gcc -Wall -O0 -g3 -c -fmessage-length=0 -MT"src/helloworld.o" -mcpu=cortex-a9 -mfpu=vfpv3 -mfloat-abi=hard -I../../N3Z_Fifodata_bsp/ps7_cortexa9_0/include -MMD -MP -MF"src/helloworld.d" -MT"src/helloworld.o" -o "src/helloworld.o" "../src/helloworld.c"
../src/helloworld.c: In function ‘main’:
../src/helloworld.c:204:9: warning: format ‘%d’ expects argument of type ‘int’, but argument 2 has type ‘u32’ [-Wformat=]
         printf("Receive word length is %d\r\n",ReceiveLength);
         ^
../src/helloworld.c:204:9: warning: format ‘%d’ expects argument of type ‘int’, but argument 2 has type ‘u32’ [-Wformat=]
../src/helloworld.c:209:11: warning: format ‘%d’ expects argument of type ‘int’, but argument 2 has type ‘u32’ [-Wformat=]
           printf("%d\r\n",Buffer[samplenumber]);
           ^
../src/helloworld.c:209:11: warning: format ‘%d’ expects argument of type ‘int’, but argument 2 has type ‘u32’ [-Wformat=]
../src/helloworld.c:144:21: warning: unused variable ‘Config’ [-Wunused-variable]
     XLlFifo_Config *Config;
                     ^
../src/helloworld.c:125:9: warning: unused variable ‘read_in’ [-Wunused-variable]
     int read_in =0;
         ^
../src/helloworld.c:123:10: warning: unused variable ‘from_keyboard’ [-Wunused-variable]
     char from_keyboard[10];
          ^
../src/helloworld.c:122:9: warning: unused variable ‘DataValue’ [-Wunused-variable]
     int DataValue;
         ^
../src/helloworld.c:120:9: warning: unused variable ‘keyval’ [-Wunused-variable]
     int keyval;
         ^
../src/helloworld.c:119:9: warning: variable ‘read_out’ set but not used [-Wunused-but-set-variable]
     int read_out =0;
         ^
Finished building: ../src/helloworld.c
 
Building target: N3Z_Fifodata.elf
Invoking: ARM v7 gcc linker
arm-none-eabi-gcc -mcpu=cortex-a9 -mfpu=vfpv3 -mfloat-abi=hard -Wl,-build-id=none -specs=Xilinx.spec -Wl,-T -Wl,../src/lscript.ld -L../../N3Z_Fifodata_bsp/ps7_cortexa9_0/lib -o "N3Z_Fifodata.elf"  ./src/helloworld.o ./src/platform.o   -Wl,--start-group,-lxil,-lgcc,-lc,--end-group
Finished building target: N3Z_Fifodata.elf
 
Invoking: ARM v7 Print Size
arm-none-eabi-size N3Z_Fifodata.elf  |tee "N3Z_Fifodata.elf.size"
   text	   data	    bss	    dec	    hex	filename
  80828	   2624	  23548	 107000	  1a1f8	N3Z_Fifodata.elf
Finished building: N3Z_Fifodata.elf.size
 
22:44:23 **** Incremental Build of configuration Debug for project N3Z_Fifodata ****
make pre-build main-build 
a9-linaro-pre-build-step
 
make: Nothing to be done for `main-build'.
22:45:18 **** Auto Build of configuration Debug for project N3Z_Fifodata ****
make pre-build main-build 
a9-linaro-pre-build-step
 
Building file: ../src/helloworld.c
Invoking: ARM v7 gcc compiler
arm-none-eabi-gcc -Wall -O0 -g3 -c -fmessage-length=0 -MT"src/helloworld.o" -mcpu=cortex-a9 -mfpu=vfpv3 -mfloat-abi=hard -I../../N3Z_Fifodata_bsp/ps7_cortexa9_0/include -MMD -MP -MF"src/helloworld.d" -MT"src/helloworld.o" -o "src/helloworld.o" "../src/helloworld.c"
../src/helloworld.c: In function ‘main’:
../src/helloworld.c:204:9: warning: format ‘%d’ expects argument of type ‘int’, but argument 2 has type ‘u32’ [-Wformat=]
         printf("Receive word length is %d\r\n",ReceiveLength);
         ^
../src/helloworld.c:204:9: warning: format ‘%d’ expects argument of type ‘int’, but argument 2 has type ‘u32’ [-Wformat=]
../src/helloworld.c:209:11: warning: format ‘%d’ expects argument of type ‘int’, but argument 2 has type ‘u32’ [-Wformat=]
           printf("%d\r\n",Buffer[samplenumber]);
           ^
../src/helloworld.c:209:11: warning: format ‘%d’ expects argument of type ‘int’, but argument 2 has type ‘u32’ [-Wformat=]
../src/helloworld.c:144:21: warning: unused variable ‘Config’ [-Wunused-variable]
     XLlFifo_Config *Config;
                     ^
../src/helloworld.c:125:9: warning: unused variable ‘read_in’ [-Wunused-variable]
     int read_in =0;
         ^
../src/helloworld.c:123:10: warning: unused variable ‘from_keyboard’ [-Wunused-variable]
     char from_keyboard[10];
          ^
../src/helloworld.c:122:9: warning: unused variable ‘DataValue’ [-Wunused-variable]
     int DataValue;
         ^
../src/helloworld.c:120:9: warning: unused variable ‘keyval’ [-Wunused-variable]
     int keyval;
         ^
../src/helloworld.c:119:9: warning: variable ‘read_out’ set but not used [-Wunused-but-set-variable]
     int read_out =0;
         ^
Finished building: ../src/helloworld.c
 
Building target: N3Z_Fifodata.elf
Invoking: ARM v7 gcc linker
arm-none-eabi-gcc -mcpu=cortex-a9 -mfpu=vfpv3 -mfloat-abi=hard -Wl,-build-id=none -specs=Xilinx.spec -Wl,-T -Wl,../src/lscript.ld -L../../N3Z_Fifodata_bsp/ps7_cortexa9_0/lib -o "N3Z_Fifodata.elf"  ./src/helloworld.o ./src/platform.o   -Wl,--start-group,-lxil,-lgcc,-lc,--end-group
Finished building target: N3Z_Fifodata.elf
 
Invoking: ARM v7 Print Size
arm-none-eabi-size N3Z_Fifodata.elf  |tee "N3Z_Fifodata.elf.size"
   text	   data	    bss	    dec	    hex	filename
  80828	   2624	  23548	 107000	  1a1f8	N3Z_Fifodata.elf
Finished building: N3Z_Fifodata.elf.size
 
22:45:22 **** Incremental Build of configuration Debug for project N3Z_Fifodata ****
make pre-build main-build 
a9-linaro-pre-build-step
 
make: Nothing to be done for `main-build'.
22:46:11 **** Auto Build of configuration Debug for project N3Z_Fifodata ****
make pre-build main-build 
a9-linaro-pre-build-step
 
Building file: ../src/helloworld.c
Invoking: ARM v7 gcc compiler
arm-none-eabi-gcc -Wall -O0 -g3 -c -fmessage-length=0 -MT"src/helloworld.o" -mcpu=cortex-a9 -mfpu=vfpv3 -mfloat-abi=hard -I../../N3Z_Fifodata_bsp/ps7_cortexa9_0/include -MMD -MP -MF"src/helloworld.d" -MT"src/helloworld.o" -o "src/helloworld.o" "../src/helloworld.c"
../src/helloworld.c: In function ‘main’:
../src/helloworld.c:204:9: warning: format ‘%d’ expects argument of type ‘int’, but argument 2 has type ‘u32’ [-Wformat=]
         printf("Receive word length is %d\r\n",ReceiveLength);
         ^
../src/helloworld.c:204:9: warning: format ‘%d’ expects argument of type ‘int’, but argument 2 has type ‘u32’ [-Wformat=]
../src/helloworld.c:209:11: warning: format ‘%d’ expects argument of type ‘int’, but argument 2 has type ‘u32’ [-Wformat=]
           printf("%d\r\n",Buffer[samplenumber]);
           ^
../src/helloworld.c:209:11: warning: format ‘%d’ expects argument of type ‘int’, but argument 2 has type ‘u32’ [-Wformat=]
../src/helloworld.c:144:21: warning: unused variable ‘Config’ [-Wunused-variable]
     XLlFifo_Config *Config;
                     ^
../src/helloworld.c:125:9: warning: unused variable ‘read_in’ [-Wunused-variable]
     int read_in =0;
         ^
../src/helloworld.c:123:10: warning: unused variable ‘from_keyboard’ [-Wunused-variable]
     char from_keyboard[10];
          ^
../src/helloworld.c:122:9: warning: unused variable ‘DataValue’ [-Wunused-variable]
     int DataValue;
         ^
../src/helloworld.c:120:9: warning: unused variable ‘keyval’ [-Wunused-variable]
     int keyval;
         ^
../src/helloworld.c:119:9: warning: variable ‘read_out’ set but not used [-Wunused-but-set-variable]
     int read_out =0;
         ^
Finished building: ../src/helloworld.c
 
Building target: N3Z_Fifodata.elf
Invoking: ARM v7 gcc linker
arm-none-eabi-gcc -mcpu=cortex-a9 -mfpu=vfpv3 -mfloat-abi=hard -Wl,-build-id=none -specs=Xilinx.spec -Wl,-T -Wl,../src/lscript.ld -L../../N3Z_Fifodata_bsp/ps7_cortexa9_0/lib -o "N3Z_Fifodata.elf"  ./src/helloworld.o ./src/platform.o   -Wl,--start-group,-lxil,-lgcc,-lc,--end-group
Finished building target: N3Z_Fifodata.elf
 
Invoking: ARM v7 Print Size
arm-none-eabi-size N3Z_Fifodata.elf  |tee "N3Z_Fifodata.elf.size"
   text	   data	    bss	    dec	    hex	filename
  80828	   2624	  23548	 107000	  1a1f8	N3Z_Fifodata.elf
Finished building: N3Z_Fifodata.elf.size
 
17:21:44 **** Incremental Build of configuration Debug for project N3Z_Fifodata ****
make pre-build main-build 
a9-linaro-pre-build-step
 
Building file: ../src/helloworld.c
Invoking: ARM v7 gcc compiler
arm-none-eabi-gcc -Wall -O0 -g3 -c -fmessage-length=0 -MT"src/helloworld.o" -mcpu=cortex-a9 -mfpu=vfpv3 -mfloat-abi=hard -I../../N3Z_Fifodata_bsp/ps7_cortexa9_0/include -MMD -MP -MF"src/helloworld.d" -MT"src/helloworld.o" -o "src/helloworld.o" "../src/helloworld.c"
../src/helloworld.c:52:24: fatal error: xil_printf.h: No such file or directory
 #include "xil_printf.h"
                        ^
compilation terminated.
make: *** [src/helloworld.o] Error 1
17:22:58 **** Incremental Build of configuration Debug for project N3Z_Fifodata ****
make pre-build main-build 
a9-linaro-pre-build-step
 
Building file: ../src/helloworld.c
Invoking: ARM v7 gcc compiler
arm-none-eabi-gcc -Wall -O0 -g3 -c -fmessage-length=0 -MT"src/helloworld.o" -mcpu=cortex-a9 -mfpu=vfpv3 -mfloat-abi=hard -I../../N3Z_Fifodata_bsp/ps7_cortexa9_0/include -MMD -MP -MF"src/helloworld.d" -MT"src/helloworld.o" -o "src/helloworld.o" "../src/helloworld.c"
../src/helloworld.c:52:24: fatal error: xil_printf.h: No such file or directory
 #include "xil_printf.h"
                        ^
compilation terminated.
make: *** [src/helloworld.o] Error 1
22:43:31 **** Auto Build of project N3Z_Fifodata_bsp ****
make -k all 
Running Make include in ps7_cortexa9_0/libsrc/coresightps_dcc_v1_2/src
make -C ps7_cortexa9_0/libsrc/coresightps_dcc_v1_2/src -s include  "SHELL=/bin/sh" "COMPILER=arm-none-eabi-gcc" "ARCHIVER=arm-none-eabi-ar" "COMPILER_FLAGS=  -O2 -c" "EXTRA_COMPILER_FLAGS=-mcpu=cortex-a9 -mfpu=vfpv3 -mfloat-abi=hard -nostartfiles"
Running Make include in ps7_cortexa9_0/libsrc/cpu_cortexa9_v2_2/src
make -C ps7_cortexa9_0/libsrc/cpu_cortexa9_v2_2/src -s include  "SHELL=/bin/sh" "COMPILER=arm-none-eabi-gcc" "ARCHIVER=arm-none-eabi-ar" "COMPILER_FLAGS=  -O2 -c" "EXTRA_COMPILER_FLAGS=-mcpu=cortex-a9 -mfpu=vfpv3 -mfloat-abi=hard -nostartfiles"
Running Make include in ps7_cortexa9_0/libsrc/devcfg_v3_4/src
make -C ps7_cortexa9_0/libsrc/devcfg_v3_4/src -s include  "SHELL=/bin/sh" "COMPILER=arm-none-eabi-gcc" "ARCHIVER=arm-none-eabi-ar" "COMPILER_FLAGS=  -O2 -c" "EXTRA_COMPILER_FLAGS=-mcpu=cortex-a9 -mfpu=vfpv3 -mfloat-abi=hard -nostartfiles"
Running Make include in ps7_cortexa9_0/libsrc/dmaps_v2_1/src
make -C ps7_cortexa9_0/libsrc/dmaps_v2_1/src -s include  "SHELL=/bin/sh" "COMPILER=arm-none-eabi-gcc" "ARCHIVER=arm-none-eabi-ar" "COMPILER_FLAGS=  -O2 -c" "EXTRA_COMPILER_FLAGS=-mcpu=cortex-a9 -mfpu=vfpv3 -mfloat-abi=hard -nostartfiles"
Running Make include in ps7_cortexa9_0/libsrc/gpiops_v3_1/src
make -C ps7_cortexa9_0/libsrc/gpiops_v3_1/src -s include  "SHELL=/bin/sh" "COMPILER=arm-none-eabi-gcc" "ARCHIVER=arm-none-eabi-ar" "COMPILER_FLAGS=  -O2 -c" "EXTRA_COMPILER_FLAGS=-mcpu=cortex-a9 -mfpu=vfpv3 -mfloat-abi=hard -nostartfiles"
Running Make include in ps7_cortexa9_0/libsrc/llfifo_v5_1/src
make -C ps7_cortexa9_0/libsrc/llfifo_v5_1/src -s include  "SHELL=/bin/sh" "COMPILER=arm-none-eabi-gcc" "ARCHIVER=arm-none-eabi-ar" "COMPILER_FLAGS=  -O2 -c" "EXTRA_COMPILER_FLAGS=-mcpu=cortex-a9 -mfpu=vfpv3 -mfloat-abi=hard -nostartfiles"
Running Make include in ps7_cortexa9_0/libsrc/n3z_tonetest_v1_09/src
make -C ps7_cortexa9_0/libsrc/n3z_tonetest_v1_09/src -s include  "SHELL=/bin/sh" "COMPILER=arm-none-eabi-gcc" "ARCHIVER=arm-none-eabi-ar" "COMPILER_FLAGS=  -O2 -c" "EXTRA_COMPILER_FLAGS=-mcpu=cortex-a9 -mfpu=vfpv3 -mfloat-abi=hard -nostartfiles"
Running Make include in ps7_cortexa9_0/libsrc/qspips_v3_3/src
make -C ps7_cortexa9_0/libsrc/qspips_v3_3/src -s include  "SHELL=/bin/sh" "COMPILER=arm-none-eabi-gcc" "ARCHIVER=arm-none-eabi-ar" "COMPILER_FLAGS=  -O2 -c" "EXTRA_COMPILER_FLAGS=-mcpu=cortex-a9 -mfpu=vfpv3 -mfloat-abi=hard -nostartfiles"
Running Make include in ps7_cortexa9_0/libsrc/scugic_v3_3/src
make -C ps7_cortexa9_0/libsrc/scugic_v3_3/src -s include  "SHELL=/bin/sh" "COMPILER=arm-none-eabi-gcc" "ARCHIVER=arm-none-eabi-ar" "COMPILER_FLAGS=  -O2 -c" "EXTRA_COMPILER_FLAGS=-mcpu=cortex-a9 -mfpu=vfpv3 -mfloat-abi=hard -nostartfiles"
Running Make include in ps7_cortexa9_0/libsrc/scutimer_v2_1/src
make -C ps7_cortexa9_0/libsrc/scutimer_v2_1/src -s include  "SHELL=/bin/sh" "COMPILER=arm-none-eabi-gcc" "ARCHIVER=arm-none-eabi-ar" "COMPILER_FLAGS=  -O2 -c" "EXTRA_COMPILER_FLAGS=-mcpu=cortex-a9 -mfpu=vfpv3 -mfloat-abi=hard -nostartfiles"
Running Make include in ps7_cortexa9_0/libsrc/scuwdt_v2_1/src
make -C ps7_cortexa9_0/libsrc/scuwdt_v2_1/src -s include  "SHELL=/bin/sh" "COMPILER=arm-none-eabi-gcc" "ARCHIVER=arm-none-eabi-ar" "COMPILER_FLAGS=  -O2 -c" "EXTRA_COMPILER_FLAGS=-mcpu=cortex-a9 -mfpu=vfpv3 -mfloat-abi=hard -nostartfiles"
Running Make include in ps7_cortexa9_0/libsrc/standalone_v5_5/src
make -C ps7_cortexa9_0/libsrc/standalone_v5_5/src -s include  "SHELL=/bin/sh" "COMPILER=arm-none-eabi-gcc" "ARCHIVER=arm-none-eabi-ar" "COMPILER_FLAGS=  -O2 -c" "EXTRA_COMPILER_FLAGS=-mcpu=cortex-a9 -mfpu=vfpv3 -mfloat-abi=hard -nostartfiles"
Running Make include in ps7_cortexa9_0/libsrc/uartps_v3_1/src
make -C ps7_cortexa9_0/libsrc/uartps_v3_1/src -s include  "SHELL=/bin/sh" "COMPILER=arm-none-eabi-gcc" "ARCHIVER=arm-none-eabi-ar" "COMPILER_FLAGS=  -O2 -c" "EXTRA_COMPILER_FLAGS=-mcpu=cortex-a9 -mfpu=vfpv3 -mfloat-abi=hard -nostartfiles"
Running Make include in ps7_cortexa9_0/libsrc/xadcps_v2_2/src
make -C ps7_cortexa9_0/libsrc/xadcps_v2_2/src -s include  "SHELL=/bin/sh" "COMPILER=arm-none-eabi-gcc" "ARCHIVER=arm-none-eabi-ar" "COMPILER_FLAGS=  -O2 -c" "EXTRA_COMPILER_FLAGS=-mcpu=cortex-a9 -mfpu=vfpv3 -mfloat-abi=hard -nostartfiles"
Running Make libs in ps7_cortexa9_0/libsrc/coresightps_dcc_v1_2/src
make -C ps7_cortexa9_0/libsrc/coresightps_dcc_v1_2/src -s libs  "SHELL=/bin/sh" "COMPILER=arm-none-eabi-gcc" "ARCHIVER=arm-none-eabi-ar" "COMPILER_FLAGS=  -O2 -c" "EXTRA_COMPILER_FLAGS=-mcpu=cortex-a9 -mfpu=vfpv3 -mfloat-abi=hard -nostartfiles"
Compiling coresightps_dcc
arm-none-eabi-ar: creating ../../../lib/libxil.a
Running Make libs in ps7_cortexa9_0/libsrc/cpu_cortexa9_v2_2/src
make -C ps7_cortexa9_0/libsrc/cpu_cortexa9_v2_2/src -s libs  "SHELL=/bin/sh" "COMPILER=arm-none-eabi-gcc" "ARCHIVER=arm-none-eabi-ar" "COMPILER_FLAGS=  -O2 -c" "EXTRA_COMPILER_FLAGS=-mcpu=cortex-a9 -mfpu=vfpv3 -mfloat-abi=hard -nostartfiles"
Compiling cpu_cortexa9
Running Make libs in ps7_cortexa9_0/libsrc/devcfg_v3_4/src
make -C ps7_cortexa9_0/libsrc/devcfg_v3_4/src -s libs  "SHELL=/bin/sh" "COMPILER=arm-none-eabi-gcc" "ARCHIVER=arm-none-eabi-ar" "COMPILER_FLAGS=  -O2 -c" "EXTRA_COMPILER_FLAGS=-mcpu=cortex-a9 -mfpu=vfpv3 -mfloat-abi=hard -nostartfiles"
Compiling devcfg
Running Make libs in ps7_cortexa9_0/libsrc/dmaps_v2_1/src
make -C ps7_cortexa9_0/libsrc/dmaps_v2_1/src -s libs  "SHELL=/bin/sh" "COMPILER=arm-none-eabi-gcc" "ARCHIVER=arm-none-eabi-ar" "COMPILER_FLAGS=  -O2 -c" "EXTRA_COMPILER_FLAGS=-mcpu=cortex-a9 -mfpu=vfpv3 -mfloat-abi=hard -nostartfiles"
Compiling dmaps
Running Make libs in ps7_cortexa9_0/libsrc/gpiops_v3_1/src
make -C ps7_cortexa9_0/libsrc/gpiops_v3_1/src -s libs  "SHELL=/bin/sh" "COMPILER=arm-none-eabi-gcc" "ARCHIVER=arm-none-eabi-ar" "COMPILER_FLAGS=  -O2 -c" "EXTRA_COMPILER_FLAGS=-mcpu=cortex-a9 -mfpu=vfpv3 -mfloat-abi=hard -nostartfiles"
Compiling gpiops
Running Make libs in ps7_cortexa9_0/libsrc/llfifo_v5_1/src
make -C ps7_cortexa9_0/libsrc/llfifo_v5_1/src -s libs  "SHELL=/bin/sh" "COMPILER=arm-none-eabi-gcc" "ARCHIVER=arm-none-eabi-ar" "COMPILER_FLAGS=  -O2 -c" "EXTRA_COMPILER_FLAGS=-mcpu=cortex-a9 -mfpu=vfpv3 -mfloat-abi=hard -nostartfiles"
Compiling llfifo
Running Make libs in ps7_cortexa9_0/libsrc/n3z_tonetest_v1_09/src
make -C ps7_cortexa9_0/libsrc/n3z_tonetest_v1_09/src -s libs  "SHELL=/bin/sh" "COMPILER=arm-none-eabi-gcc" "ARCHIVER=arm-none-eabi-ar" "COMPILER_FLAGS=  -O2 -c" "EXTRA_COMPILER_FLAGS=-mcpu=cortex-a9 -mfpu=vfpv3 -mfloat-abi=hard -nostartfiles"
Compiling foo_top_top
Running Make libs in ps7_cortexa9_0/libsrc/qspips_v3_3/src
make -C ps7_cortexa9_0/libsrc/qspips_v3_3/src -s libs  "SHELL=/bin/sh" "COMPILER=arm-none-eabi-gcc" "ARCHIVER=arm-none-eabi-ar" "COMPILER_FLAGS=  -O2 -c" "EXTRA_COMPILER_FLAGS=-mcpu=cortex-a9 -mfpu=vfpv3 -mfloat-abi=hard -nostartfiles"
Compiling qspips
Running Make libs in ps7_cortexa9_0/libsrc/scugic_v3_3/src
make -C ps7_cortexa9_0/libsrc/scugic_v3_3/src -s libs  "SHELL=/bin/sh" "COMPILER=arm-none-eabi-gcc" "ARCHIVER=arm-none-eabi-ar" "COMPILER_FLAGS=  -O2 -c" "EXTRA_COMPILER_FLAGS=-mcpu=cortex-a9 -mfpu=vfpv3 -mfloat-abi=hard -nostartfiles"
Compiling scugic
Running Make libs in ps7_cortexa9_0/libsrc/scutimer_v2_1/src
make -C ps7_cortexa9_0/libsrc/scutimer_v2_1/src -s libs  "SHELL=/bin/sh" "COMPILER=arm-none-eabi-gcc" "ARCHIVER=arm-none-eabi-ar" "COMPILER_FLAGS=  -O2 -c" "EXTRA_COMPILER_FLAGS=-mcpu=cortex-a9 -mfpu=vfpv3 -mfloat-abi=hard -nostartfiles"
Compiling scutimer
Running Make libs in ps7_cortexa9_0/libsrc/scuwdt_v2_1/src
make -C ps7_cortexa9_0/libsrc/scuwdt_v2_1/src -s libs  "SHELL=/bin/sh" "COMPILER=arm-none-eabi-gcc" "ARCHIVER=arm-none-eabi-ar" "COMPILER_FLAGS=  -O2 -c" "EXTRA_COMPILER_FLAGS=-mcpu=cortex-a9 -mfpu=vfpv3 -mfloat-abi=hard -nostartfiles"
Compiling scuwdt
Running Make libs in ps7_cortexa9_0/libsrc/standalone_v5_5/src
make -C ps7_cortexa9_0/libsrc/standalone_v5_5/src -s libs  "SHELL=/bin/sh" "COMPILER=arm-none-eabi-gcc" "ARCHIVER=arm-none-eabi-ar" "COMPILER_FLAGS=  -O2 -c" "EXTRA_COMPILER_FLAGS=-mcpu=cortex-a9 -mfpu=vfpv3 -mfloat-abi=hard -nostartfiles"
Compiling standalone
Running Make libs in ps7_cortexa9_0/libsrc/uartps_v3_1/src
make -C ps7_cortexa9_0/libsrc/uartps_v3_1/src -s libs  "SHELL=/bin/sh" "COMPILER=arm-none-eabi-gcc" "ARCHIVER=arm-none-eabi-ar" "COMPILER_FLAGS=  -O2 -c" "EXTRA_COMPILER_FLAGS=-mcpu=cortex-a9 -mfpu=vfpv3 -mfloat-abi=hard -nostartfiles"
Compiling uartps
Running Make libs in ps7_cortexa9_0/libsrc/xadcps_v2_2/src
make -C ps7_cortexa9_0/libsrc/xadcps_v2_2/src -s libs  "SHELL=/bin/sh" "COMPILER=arm-none-eabi-gcc" "ARCHIVER=arm-none-eabi-ar" "COMPILER_FLAGS=  -O2 -c" "EXTRA_COMPILER_FLAGS=-mcpu=cortex-a9 -mfpu=vfpv3 -mfloat-abi=hard -nostartfiles"
Compiling xadcps
Finished building libraries
22:44:23 **** Auto Build of configuration Debug for project N3Z_Fifodata ****
make pre-build main-build 
a9-linaro-pre-build-step
 
Building file: ../src/helloworld.c
Invoking: ARM v7 gcc compiler
arm-none-eabi-gcc -Wall -O0 -g3 -c -fmessage-length=0 -MT"src/helloworld.o" -mcpu=cortex-a9 -mfpu=vfpv3 -mfloat-abi=hard -I../../N3Z_Fifodata_bsp/ps7_cortexa9_0/include -MMD -MP -MF"src/helloworld.d" -MT"src/helloworld.o" -o "src/helloworld.o" "../src/helloworld.c"
../src/helloworld.c: In function ‘main’:
../src/helloworld.c:204:9: warning: format ‘%d’ expects argument of type ‘int’, but argument 2 has type ‘u32’ [-Wformat=]
         printf("Receive word length is %d\r\n",ReceiveLength);
         ^
../src/helloworld.c:204:9: warning: format ‘%d’ expects argument of type ‘int’, but argument 2 has type ‘u32’ [-Wformat=]
../src/helloworld.c:209:11: warning: format ‘%d’ expects argument of type ‘int’, but argument 2 has type ‘u32’ [-Wformat=]
           printf("%d\r\n",Buffer[samplenumber]);
           ^
../src/helloworld.c:209:11: warning: format ‘%d’ expects argument of type ‘int’, but argument 2 has type ‘u32’ [-Wformat=]
../src/helloworld.c:144:21: warning: unused variable ‘Config’ [-Wunused-variable]
     XLlFifo_Config *Config;
                     ^
../src/helloworld.c:125:9: warning: unused variable ‘read_in’ [-Wunused-variable]
     int read_in =0;
         ^
../src/helloworld.c:123:10: warning: unused variable ‘from_keyboard’ [-Wunused-variable]
     char from_keyboard[10];
          ^
../src/helloworld.c:122:9: warning: unused variable ‘DataValue’ [-Wunused-variable]
     int DataValue;
         ^
../src/helloworld.c:120:9: warning: unused variable ‘keyval’ [-Wunused-variable]
     int keyval;
         ^
../src/helloworld.c:119:9: warning: variable ‘read_out’ set but not used [-Wunused-but-set-variable]
     int read_out =0;
         ^
Finished building: ../src/helloworld.c
 
Building file: ../src/platform.c
Invoking: ARM v7 gcc compiler
arm-none-eabi-gcc -Wall -O0 -g3 -c -fmessage-length=0 -MT"src/platform.o" -mcpu=cortex-a9 -mfpu=vfpv3 -mfloat-abi=hard -I../../N3Z_Fifodata_bsp/ps7_cortexa9_0/include -MMD -MP -MF"src/platform.d" -MT"src/platform.o" -o "src/platform.o" "../src/platform.c"
Finished building: ../src/platform.c
 
Building target: N3Z_Fifodata.elf
Invoking: ARM v7 gcc linker
arm-none-eabi-gcc -mcpu=cortex-a9 -mfpu=vfpv3 -mfloat-abi=hard -Wl,-build-id=none -specs=Xilinx.spec -Wl,-T -Wl,../src/lscript.ld -L../../N3Z_Fifodata_bsp/ps7_cortexa9_0/lib -o "N3Z_Fifodata.elf"  ./src/helloworld.o ./src/platform.o   -Wl,--start-group,-lxil,-lgcc,-lc,--end-group
Finished building target: N3Z_Fifodata.elf
 
Invoking: ARM v7 Print Size
arm-none-eabi-size N3Z_Fifodata.elf  |tee "N3Z_Fifodata.elf.size"
   text	   data	    bss	    dec	    hex	filename
  80828	   2624	  23548	 107000	  1a1f8	N3Z_Fifodata.elf
Finished building: N3Z_Fifodata.elf.size
 
19:20:29 **** Auto Build of project N3Z_Fifodata_bsp ****
make -k all 
Running Make include in ps7_cortexa9_0/libsrc/coresightps_dcc_v1_2/src
make -C ps7_cortexa9_0/libsrc/coresightps_dcc_v1_2/src -s include  "SHELL=/bin/sh" "COMPILER=arm-none-eabi-gcc" "ARCHIVER=arm-none-eabi-ar" "COMPILER_FLAGS=  -O2 -c" "EXTRA_COMPILER_FLAGS=-mcpu=cortex-a9 -mfpu=vfpv3 -mfloat-abi=hard -nostartfiles"
Running Make include in ps7_cortexa9_0/libsrc/cpu_cortexa9_v2_2/src
make -C ps7_cortexa9_0/libsrc/cpu_cortexa9_v2_2/src -s include  "SHELL=/bin/sh" "COMPILER=arm-none-eabi-gcc" "ARCHIVER=arm-none-eabi-ar" "COMPILER_FLAGS=  -O2 -c" "EXTRA_COMPILER_FLAGS=-mcpu=cortex-a9 -mfpu=vfpv3 -mfloat-abi=hard -nostartfiles"
Running Make include in ps7_cortexa9_0/libsrc/devcfg_v3_4/src
make -C ps7_cortexa9_0/libsrc/devcfg_v3_4/src -s include  "SHELL=/bin/sh" "COMPILER=arm-none-eabi-gcc" "ARCHIVER=arm-none-eabi-ar" "COMPILER_FLAGS=  -O2 -c" "EXTRA_COMPILER_FLAGS=-mcpu=cortex-a9 -mfpu=vfpv3 -mfloat-abi=hard -nostartfiles"
Running Make include in ps7_cortexa9_0/libsrc/dmaps_v2_1/src
make -C ps7_cortexa9_0/libsrc/dmaps_v2_1/src -s include  "SHELL=/bin/sh" "COMPILER=arm-none-eabi-gcc" "ARCHIVER=arm-none-eabi-ar" "COMPILER_FLAGS=  -O2 -c" "EXTRA_COMPILER_FLAGS=-mcpu=cortex-a9 -mfpu=vfpv3 -mfloat-abi=hard -nostartfiles"
Running Make include in ps7_cortexa9_0/libsrc/gpiops_v3_1/src
make -C ps7_cortexa9_0/libsrc/gpiops_v3_1/src -s include  "SHELL=/bin/sh" "COMPILER=arm-none-eabi-gcc" "ARCHIVER=arm-none-eabi-ar" "COMPILER_FLAGS=  -O2 -c" "EXTRA_COMPILER_FLAGS=-mcpu=cortex-a9 -mfpu=vfpv3 -mfloat-abi=hard -nostartfiles"
Running Make include in ps7_cortexa9_0/libsrc/llfifo_v5_1/src
make -C ps7_cortexa9_0/libsrc/llfifo_v5_1/src -s include  "SHELL=/bin/sh" "COMPILER=arm-none-eabi-gcc" "ARCHIVER=arm-none-eabi-ar" "COMPILER_FLAGS=  -O2 -c" "EXTRA_COMPILER_FLAGS=-mcpu=cortex-a9 -mfpu=vfpv3 -mfloat-abi=hard -nostartfiles"
Running Make include in ps7_cortexa9_0/libsrc/n3z_tonetest_v1_09/src
make -C ps7_cortexa9_0/libsrc/n3z_tonetest_v1_09/src -s include  "SHELL=/bin/sh" "COMPILER=arm-none-eabi-gcc" "ARCHIVER=arm-none-eabi-ar" "COMPILER_FLAGS=  -O2 -c" "EXTRA_COMPILER_FLAGS=-mcpu=cortex-a9 -mfpu=vfpv3 -mfloat-abi=hard -nostartfiles"
Running Make include in ps7_cortexa9_0/libsrc/qspips_v3_3/src
make -C ps7_cortexa9_0/libsrc/qspips_v3_3/src -s include  "SHELL=/bin/sh" "COMPILER=arm-none-eabi-gcc" "ARCHIVER=arm-none-eabi-ar" "COMPILER_FLAGS=  -O2 -c" "EXTRA_COMPILER_FLAGS=-mcpu=cortex-a9 -mfpu=vfpv3 -mfloat-abi=hard -nostartfiles"
Running Make include in ps7_cortexa9_0/libsrc/scugic_v3_3/src
make -C ps7_cortexa9_0/libsrc/scugic_v3_3/src -s include  "SHELL=/bin/sh" "COMPILER=arm-none-eabi-gcc" "ARCHIVER=arm-none-eabi-ar" "COMPILER_FLAGS=  -O2 -c" "EXTRA_COMPILER_FLAGS=-mcpu=cortex-a9 -mfpu=vfpv3 -mfloat-abi=hard -nostartfiles"
Running Make include in ps7_cortexa9_0/libsrc/scutimer_v2_1/src
make -C ps7_cortexa9_0/libsrc/scutimer_v2_1/src -s include  "SHELL=/bin/sh" "COMPILER=arm-none-eabi-gcc" "ARCHIVER=arm-none-eabi-ar" "COMPILER_FLAGS=  -O2 -c" "EXTRA_COMPILER_FLAGS=-mcpu=cortex-a9 -mfpu=vfpv3 -mfloat-abi=hard -nostartfiles"
Running Make include in ps7_cortexa9_0/libsrc/scuwdt_v2_1/src
make -C ps7_cortexa9_0/libsrc/scuwdt_v2_1/src -s include  "SHELL=/bin/sh" "COMPILER=arm-none-eabi-gcc" "ARCHIVER=arm-none-eabi-ar" "COMPILER_FLAGS=  -O2 -c" "EXTRA_COMPILER_FLAGS=-mcpu=cortex-a9 -mfpu=vfpv3 -mfloat-abi=hard -nostartfiles"
Running Make include in ps7_cortexa9_0/libsrc/standalone_v5_5/src
make -C ps7_cortexa9_0/libsrc/standalone_v5_5/src -s include  "SHELL=/bin/sh" "COMPILER=arm-none-eabi-gcc" "ARCHIVER=arm-none-eabi-ar" "COMPILER_FLAGS=  -O2 -c" "EXTRA_COMPILER_FLAGS=-mcpu=cortex-a9 -mfpu=vfpv3 -mfloat-abi=hard -nostartfiles"
Running Make include in ps7_cortexa9_0/libsrc/uartps_v3_1/src
make -C ps7_cortexa9_0/libsrc/uartps_v3_1/src -s include  "SHELL=/bin/sh" "COMPILER=arm-none-eabi-gcc" "ARCHIVER=arm-none-eabi-ar" "COMPILER_FLAGS=  -O2 -c" "EXTRA_COMPILER_FLAGS=-mcpu=cortex-a9 -mfpu=vfpv3 -mfloat-abi=hard -nostartfiles"
Running Make include in ps7_cortexa9_0/libsrc/xadcps_v2_2/src
make -C ps7_cortexa9_0/libsrc/xadcps_v2_2/src -s include  "SHELL=/bin/sh" "COMPILER=arm-none-eabi-gcc" "ARCHIVER=arm-none-eabi-ar" "COMPILER_FLAGS=  -O2 -c" "EXTRA_COMPILER_FLAGS=-mcpu=cortex-a9 -mfpu=vfpv3 -mfloat-abi=hard -nostartfiles"
Running Make libs in ps7_cortexa9_0/libsrc/coresightps_dcc_v1_2/src
make -C ps7_cortexa9_0/libsrc/coresightps_dcc_v1_2/src -s libs  "SHELL=/bin/sh" "COMPILER=arm-none-eabi-gcc" "ARCHIVER=arm-none-eabi-ar" "COMPILER_FLAGS=  -O2 -c" "EXTRA_COMPILER_FLAGS=-mcpu=cortex-a9 -mfpu=vfpv3 -mfloat-abi=hard -nostartfiles"
Compiling coresightps_dcc
arm-none-eabi-ar: creating ../../../lib/libxil.a
Running Make libs in ps7_cortexa9_0/libsrc/cpu_cortexa9_v2_2/src
make -C ps7_cortexa9_0/libsrc/cpu_cortexa9_v2_2/src -s libs  "SHELL=/bin/sh" "COMPILER=arm-none-eabi-gcc" "ARCHIVER=arm-none-eabi-ar" "COMPILER_FLAGS=  -O2 -c" "EXTRA_COMPILER_FLAGS=-mcpu=cortex-a9 -mfpu=vfpv3 -mfloat-abi=hard -nostartfiles"
Compiling cpu_cortexa9
Running Make libs in ps7_cortexa9_0/libsrc/devcfg_v3_4/src
make -C ps7_cortexa9_0/libsrc/devcfg_v3_4/src -s libs  "SHELL=/bin/sh" "COMPILER=arm-none-eabi-gcc" "ARCHIVER=arm-none-eabi-ar" "COMPILER_FLAGS=  -O2 -c" "EXTRA_COMPILER_FLAGS=-mcpu=cortex-a9 -mfpu=vfpv3 -mfloat-abi=hard -nostartfiles"
Compiling devcfg
Running Make libs in ps7_cortexa9_0/libsrc/dmaps_v2_1/src
make -C ps7_cortexa9_0/libsrc/dmaps_v2_1/src -s libs  "SHELL=/bin/sh" "COMPILER=arm-none-eabi-gcc" "ARCHIVER=arm-none-eabi-ar" "COMPILER_FLAGS=  -O2 -c" "EXTRA_COMPILER_FLAGS=-mcpu=cortex-a9 -mfpu=vfpv3 -mfloat-abi=hard -nostartfiles"
Compiling dmaps
Running Make libs in ps7_cortexa9_0/libsrc/gpiops_v3_1/src
make -C ps7_cortexa9_0/libsrc/gpiops_v3_1/src -s libs  "SHELL=/bin/sh" "COMPILER=arm-none-eabi-gcc" "ARCHIVER=arm-none-eabi-ar" "COMPILER_FLAGS=  -O2 -c" "EXTRA_COMPILER_FLAGS=-mcpu=cortex-a9 -mfpu=vfpv3 -mfloat-abi=hard -nostartfiles"
Compiling gpiops
Running Make libs in ps7_cortexa9_0/libsrc/llfifo_v5_1/src
make -C ps7_cortexa9_0/libsrc/llfifo_v5_1/src -s libs  "SHELL=/bin/sh" "COMPILER=arm-none-eabi-gcc" "ARCHIVER=arm-none-eabi-ar" "COMPILER_FLAGS=  -O2 -c" "EXTRA_COMPILER_FLAGS=-mcpu=cortex-a9 -mfpu=vfpv3 -mfloat-abi=hard -nostartfiles"
Compiling llfifo
Running Make libs in ps7_cortexa9_0/libsrc/n3z_tonetest_v1_09/src
make -C ps7_cortexa9_0/libsrc/n3z_tonetest_v1_09/src -s libs  "SHELL=/bin/sh" "COMPILER=arm-none-eabi-gcc" "ARCHIVER=arm-none-eabi-ar" "COMPILER_FLAGS=  -O2 -c" "EXTRA_COMPILER_FLAGS=-mcpu=cortex-a9 -mfpu=vfpv3 -mfloat-abi=hard -nostartfiles"
Compiling foo_top_top
Running Make libs in ps7_cortexa9_0/libsrc/qspips_v3_3/src
make -C ps7_cortexa9_0/libsrc/qspips_v3_3/src -s libs  "SHELL=/bin/sh" "COMPILER=arm-none-eabi-gcc" "ARCHIVER=arm-none-eabi-ar" "COMPILER_FLAGS=  -O2 -c" "EXTRA_COMPILER_FLAGS=-mcpu=cortex-a9 -mfpu=vfpv3 -mfloat-abi=hard -nostartfiles"
Compiling qspips
Running Make libs in ps7_cortexa9_0/libsrc/scugic_v3_3/src
make -C ps7_cortexa9_0/libsrc/scugic_v3_3/src -s libs  "SHELL=/bin/sh" "COMPILER=arm-none-eabi-gcc" "ARCHIVER=arm-none-eabi-ar" "COMPILER_FLAGS=  -O2 -c" "EXTRA_COMPILER_FLAGS=-mcpu=cortex-a9 -mfpu=vfpv3 -mfloat-abi=hard -nostartfiles"
Compiling scugic
Running Make libs in ps7_cortexa9_0/libsrc/scutimer_v2_1/src
make -C ps7_cortexa9_0/libsrc/scutimer_v2_1/src -s libs  "SHELL=/bin/sh" "COMPILER=arm-none-eabi-gcc" "ARCHIVER=arm-none-eabi-ar" "COMPILER_FLAGS=  -O2 -c" "EXTRA_COMPILER_FLAGS=-mcpu=cortex-a9 -mfpu=vfpv3 -mfloat-abi=hard -nostartfiles"
Compiling scutimer
Running Make libs in ps7_cortexa9_0/libsrc/scuwdt_v2_1/src
make -C ps7_cortexa9_0/libsrc/scuwdt_v2_1/src -s libs  "SHELL=/bin/sh" "COMPILER=arm-none-eabi-gcc" "ARCHIVER=arm-none-eabi-ar" "COMPILER_FLAGS=  -O2 -c" "EXTRA_COMPILER_FLAGS=-mcpu=cortex-a9 -mfpu=vfpv3 -mfloat-abi=hard -nostartfiles"
Compiling scuwdt
Running Make libs in ps7_cortexa9_0/libsrc/standalone_v5_5/src
make -C ps7_cortexa9_0/libsrc/standalone_v5_5/src -s libs  "SHELL=/bin/sh" "COMPILER=arm-none-eabi-gcc" "ARCHIVER=arm-none-eabi-ar" "COMPILER_FLAGS=  -O2 -c" "EXTRA_COMPILER_FLAGS=-mcpu=cortex-a9 -mfpu=vfpv3 -mfloat-abi=hard -nostartfiles"
Compiling standalone
Running Make libs in ps7_cortexa9_0/libsrc/uartps_v3_1/src
make -C ps7_cortexa9_0/libsrc/uartps_v3_1/src -s libs  "SHELL=/bin/sh" "COMPILER=arm-none-eabi-gcc" "ARCHIVER=arm-none-eabi-ar" "COMPILER_FLAGS=  -O2 -c" "EXTRA_COMPILER_FLAGS=-mcpu=cortex-a9 -mfpu=vfpv3 -mfloat-abi=hard -nostartfiles"
Compiling uartps
Running Make libs in ps7_cortexa9_0/libsrc/xadcps_v2_2/src
make -C ps7_cortexa9_0/libsrc/xadcps_v2_2/src -s libs  "SHELL=/bin/sh" "COMPILER=arm-none-eabi-gcc" "ARCHIVER=arm-none-eabi-ar" "COMPILER_FLAGS=  -O2 -c" "EXTRA_COMPILER_FLAGS=-mcpu=cortex-a9 -mfpu=vfpv3 -mfloat-abi=hard -nostartfiles"
Compiling xadcps
Finished building libraries
19:20:59 **** Auto Build of configuration Debug for project N3Z_Fifodata ****
make pre-build main-build 
a9-linaro-pre-build-step
 
Building file: ../src/helloworld.c
Invoking: ARM v7 gcc compiler
arm-none-eabi-gcc -Wall -O0 -g3 -c -fmessage-length=0 -MT"src/helloworld.o" -mcpu=cortex-a9 -mfpu=vfpv3 -mfloat-abi=hard -I../../N3Z_Fifodata_bsp/ps7_cortexa9_0/include -MMD -MP -MF"src/helloworld.d" -MT"src/helloworld.o" -o "src/helloworld.o" "../src/helloworld.c"
../src/helloworld.c: In function ‘main’:
../src/helloworld.c:204:9: warning: format ‘%d’ expects argument of type ‘int’, but argument 2 has type ‘u32’ [-Wformat=]
         printf("Receive word length is %d\r\n",ReceiveLength);
         ^
../src/helloworld.c:204:9: warning: format ‘%d’ expects argument of type ‘int’, but argument 2 has type ‘u32’ [-Wformat=]
../src/helloworld.c:209:11: warning: format ‘%d’ expects argument of type ‘int’, but argument 2 has type ‘u32’ [-Wformat=]
           printf("%d\r\n",Buffer[samplenumber]);
           ^
../src/helloworld.c:209:11: warning: format ‘%d’ expects argument of type ‘int’, but argument 2 has type ‘u32’ [-Wformat=]
../src/helloworld.c:144:21: warning: unused variable ‘Config’ [-Wunused-variable]
     XLlFifo_Config *Config;
                     ^
../src/helloworld.c:125:9: warning: unused variable ‘read_in’ [-Wunused-variable]
     int read_in =0;
         ^
../src/helloworld.c:123:10: warning: unused variable ‘from_keyboard’ [-Wunused-variable]
     char from_keyboard[10];
          ^
../src/helloworld.c:122:9: warning: unused variable ‘DataValue’ [-Wunused-variable]
     int DataValue;
         ^
../src/helloworld.c:120:9: warning: unused variable ‘keyval’ [-Wunused-variable]
     int keyval;
         ^
../src/helloworld.c:119:9: warning: variable ‘read_out’ set but not used [-Wunused-but-set-variable]
     int read_out =0;
         ^
Finished building: ../src/helloworld.c
 
Building file: ../src/platform.c
Invoking: ARM v7 gcc compiler
arm-none-eabi-gcc -Wall -O0 -g3 -c -fmessage-length=0 -MT"src/platform.o" -mcpu=cortex-a9 -mfpu=vfpv3 -mfloat-abi=hard -I../../N3Z_Fifodata_bsp/ps7_cortexa9_0/include -MMD -MP -MF"src/platform.d" -MT"src/platform.o" -o "src/platform.o" "../src/platform.c"
Finished building: ../src/platform.c
 
Building target: N3Z_Fifodata.elf
Invoking: ARM v7 gcc linker
arm-none-eabi-gcc -mcpu=cortex-a9 -mfpu=vfpv3 -mfloat-abi=hard -Wl,-build-id=none -specs=Xilinx.spec -Wl,-T -Wl,../src/lscript.ld -L../../N3Z_Fifodata_bsp/ps7_cortexa9_0/lib -o "N3Z_Fifodata.elf"  ./src/helloworld.o ./src/platform.o   -Wl,--start-group,-lxil,-lgcc,-lc,--end-group
Finished building target: N3Z_Fifodata.elf
 
Invoking: ARM v7 Print Size
arm-none-eabi-size N3Z_Fifodata.elf  |tee "N3Z_Fifodata.elf.size"
   text	   data	    bss	    dec	    hex	filename
  80828	   2624	  23548	 107000	  1a1f8	N3Z_Fifodata.elf
Finished building: N3Z_Fifodata.elf.size
 
19:26:28 **** Incremental Build of configuration Debug for project N3Z_Fifodata ****
make pre-build main-build 
a9-linaro-pre-build-step
 
Building file: ../src/helloworld.c
Invoking: ARM v7 gcc compiler
arm-none-eabi-gcc -Wall -O0 -g3 -c -fmessage-length=0 -MT"src/helloworld.o" -mcpu=cortex-a9 -mfpu=vfpv3 -mfloat-abi=hard -I../../N3Z_Fifodata_bsp/ps7_cortexa9_0/include -MMD -MP -MF"src/helloworld.d" -MT"src/helloworld.o" -o "src/helloworld.o" "../src/helloworld.c"
../src/helloworld.c:52:24: fatal error: xil_printf.h: No such file or directory
 #include "xil_printf.h"
                        ^
compilation terminated.
make: *** [src/helloworld.o] Error 1
19:28:11 **** Incremental Build of configuration Debug for project N3Z_Fifodata ****
make pre-build main-build 
a9-linaro-pre-build-step
 
Building file: ../src/helloworld.c
Invoking: ARM v7 gcc compiler
arm-none-eabi-gcc -Wall -O0 -g3 -c -fmessage-length=0 -MT"src/helloworld.o" -mcpu=cortex-a9 -mfpu=vfpv3 -mfloat-abi=hard -I../../N3Z_Fifodata_bsp/ps7_cortexa9_0/include -MMD -MP -MF"src/helloworld.d" -MT"src/helloworld.o" -o "src/helloworld.o" "../src/helloworld.c"
../src/helloworld.c:52:24: fatal error: xil_printf.h: No such file or directory
 #include "xil_printf.h"
                        ^
compilation terminated.
make: *** [src/helloworld.o] Error 1
22:16:24 **** Auto Build of project N3Z_Fifodata_bsp ****
make -k all 
Running Make include in ps7_cortexa9_0/libsrc/coresightps_dcc_v1_2/src
make -C ps7_cortexa9_0/libsrc/coresightps_dcc_v1_2/src -s include  "SHELL=/bin/sh" "COMPILER=arm-none-eabi-gcc" "ARCHIVER=arm-none-eabi-ar" "COMPILER_FLAGS=  -O2 -c" "EXTRA_COMPILER_FLAGS=-mcpu=cortex-a9 -mfpu=vfpv3 -mfloat-abi=hard -nostartfiles"
Running Make include in ps7_cortexa9_0/libsrc/cpu_cortexa9_v2_2/src
make -C ps7_cortexa9_0/libsrc/cpu_cortexa9_v2_2/src -s include  "SHELL=/bin/sh" "COMPILER=arm-none-eabi-gcc" "ARCHIVER=arm-none-eabi-ar" "COMPILER_FLAGS=  -O2 -c" "EXTRA_COMPILER_FLAGS=-mcpu=cortex-a9 -mfpu=vfpv3 -mfloat-abi=hard -nostartfiles"
Running Make include in ps7_cortexa9_0/libsrc/devcfg_v3_4/src
make -C ps7_cortexa9_0/libsrc/devcfg_v3_4/src -s include  "SHELL=/bin/sh" "COMPILER=arm-none-eabi-gcc" "ARCHIVER=arm-none-eabi-ar" "COMPILER_FLAGS=  -O2 -c" "EXTRA_COMPILER_FLAGS=-mcpu=cortex-a9 -mfpu=vfpv3 -mfloat-abi=hard -nostartfiles"
Running Make include in ps7_cortexa9_0/libsrc/dmaps_v2_1/src
make -C ps7_cortexa9_0/libsrc/dmaps_v2_1/src -s include  "SHELL=/bin/sh" "COMPILER=arm-none-eabi-gcc" "ARCHIVER=arm-none-eabi-ar" "COMPILER_FLAGS=  -O2 -c" "EXTRA_COMPILER_FLAGS=-mcpu=cortex-a9 -mfpu=vfpv3 -mfloat-abi=hard -nostartfiles"
Running Make include in ps7_cortexa9_0/libsrc/gpiops_v3_1/src
make -C ps7_cortexa9_0/libsrc/gpiops_v3_1/src -s include  "SHELL=/bin/sh" "COMPILER=arm-none-eabi-gcc" "ARCHIVER=arm-none-eabi-ar" "COMPILER_FLAGS=  -O2 -c" "EXTRA_COMPILER_FLAGS=-mcpu=cortex-a9 -mfpu=vfpv3 -mfloat-abi=hard -nostartfiles"
Running Make include in ps7_cortexa9_0/libsrc/llfifo_v5_1/src
make -C ps7_cortexa9_0/libsrc/llfifo_v5_1/src -s include  "SHELL=/bin/sh" "COMPILER=arm-none-eabi-gcc" "ARCHIVER=arm-none-eabi-ar" "COMPILER_FLAGS=  -O2 -c" "EXTRA_COMPILER_FLAGS=-mcpu=cortex-a9 -mfpu=vfpv3 -mfloat-abi=hard -nostartfiles"
Running Make include in ps7_cortexa9_0/libsrc/n3z_tonetest_v1_09/src
make -C ps7_cortexa9_0/libsrc/n3z_tonetest_v1_09/src -s include  "SHELL=/bin/sh" "COMPILER=arm-none-eabi-gcc" "ARCHIVER=arm-none-eabi-ar" "COMPILER_FLAGS=  -O2 -c" "EXTRA_COMPILER_FLAGS=-mcpu=cortex-a9 -mfpu=vfpv3 -mfloat-abi=hard -nostartfiles"
Running Make include in ps7_cortexa9_0/libsrc/qspips_v3_3/src
make -C ps7_cortexa9_0/libsrc/qspips_v3_3/src -s include  "SHELL=/bin/sh" "COMPILER=arm-none-eabi-gcc" "ARCHIVER=arm-none-eabi-ar" "COMPILER_FLAGS=  -O2 -c" "EXTRA_COMPILER_FLAGS=-mcpu=cortex-a9 -mfpu=vfpv3 -mfloat-abi=hard -nostartfiles"
Running Make include in ps7_cortexa9_0/libsrc/scugic_v3_3/src
make -C ps7_cortexa9_0/libsrc/scugic_v3_3/src -s include  "SHELL=/bin/sh" "COMPILER=arm-none-eabi-gcc" "ARCHIVER=arm-none-eabi-ar" "COMPILER_FLAGS=  -O2 -c" "EXTRA_COMPILER_FLAGS=-mcpu=cortex-a9 -mfpu=vfpv3 -mfloat-abi=hard -nostartfiles"
Running Make include in ps7_cortexa9_0/libsrc/scutimer_v2_1/src
make -C ps7_cortexa9_0/libsrc/scutimer_v2_1/src -s include  "SHELL=/bin/sh" "COMPILER=arm-none-eabi-gcc" "ARCHIVER=arm-none-eabi-ar" "COMPILER_FLAGS=  -O2 -c" "EXTRA_COMPILER_FLAGS=-mcpu=cortex-a9 -mfpu=vfpv3 -mfloat-abi=hard -nostartfiles"
Running Make include in ps7_cortexa9_0/libsrc/scuwdt_v2_1/src
make -C ps7_cortexa9_0/libsrc/scuwdt_v2_1/src -s include  "SHELL=/bin/sh" "COMPILER=arm-none-eabi-gcc" "ARCHIVER=arm-none-eabi-ar" "COMPILER_FLAGS=  -O2 -c" "EXTRA_COMPILER_FLAGS=-mcpu=cortex-a9 -mfpu=vfpv3 -mfloat-abi=hard -nostartfiles"
Running Make include in ps7_cortexa9_0/libsrc/standalone_v5_5/src
make -C ps7_cortexa9_0/libsrc/standalone_v5_5/src -s include  "SHELL=/bin/sh" "COMPILER=arm-none-eabi-gcc" "ARCHIVER=arm-none-eabi-ar" "COMPILER_FLAGS=  -O2 -c" "EXTRA_COMPILER_FLAGS=-mcpu=cortex-a9 -mfpu=vfpv3 -mfloat-abi=hard -nostartfiles"
Running Make include in ps7_cortexa9_0/libsrc/uartps_v3_1/src
make -C ps7_cortexa9_0/libsrc/uartps_v3_1/src -s include  "SHELL=/bin/sh" "COMPILER=arm-none-eabi-gcc" "ARCHIVER=arm-none-eabi-ar" "COMPILER_FLAGS=  -O2 -c" "EXTRA_COMPILER_FLAGS=-mcpu=cortex-a9 -mfpu=vfpv3 -mfloat-abi=hard -nostartfiles"
Running Make include in ps7_cortexa9_0/libsrc/xadcps_v2_2/src
make -C ps7_cortexa9_0/libsrc/xadcps_v2_2/src -s include  "SHELL=/bin/sh" "COMPILER=arm-none-eabi-gcc" "ARCHIVER=arm-none-eabi-ar" "COMPILER_FLAGS=  -O2 -c" "EXTRA_COMPILER_FLAGS=-mcpu=cortex-a9 -mfpu=vfpv3 -mfloat-abi=hard -nostartfiles"
Running Make libs in ps7_cortexa9_0/libsrc/coresightps_dcc_v1_2/src
make -C ps7_cortexa9_0/libsrc/coresightps_dcc_v1_2/src -s libs  "SHELL=/bin/sh" "COMPILER=arm-none-eabi-gcc" "ARCHIVER=arm-none-eabi-ar" "COMPILER_FLAGS=  -O2 -c" "EXTRA_COMPILER_FLAGS=-mcpu=cortex-a9 -mfpu=vfpv3 -mfloat-abi=hard -nostartfiles"
Compiling coresightps_dcc
Running Make libs in ps7_cortexa9_0/libsrc/cpu_cortexa9_v2_2/src
[...]
Compiling scutimer
Running Make libs in ps7_cortexa9_0/libsrc/scuwdt_v2_1/src
make -C ps7_cortexa9_0/libsrc/scuwdt_v2_1/src -s libs  "SHELL=/bin/sh" "COMPILER=arm-none-eabi-gcc" "ARCHIVER=arm-none-eabi-ar" "COMPILER_FLAGS=  -O2 -c" "EXTRA_COMPILER_FLAGS=-mcpu=cortex-a9 -mfpu=vfpv3 -mfloat-abi=hard -nostartfiles"
Compiling scuwdt
Running Make libs in ps7_cortexa9_0/libsrc/sdps_v2_8/src
make -C ps7_cortexa9_0/libsrc/sdps_v2_8/src -s libs  "SHELL=/bin/sh" "COMPILER=arm-none-eabi-gcc" "ARCHIVER=arm-none-eabi-ar" "COMPILER_FLAGS=  -O2 -c" "EXTRA_COMPILER_FLAGS=-mcpu=cortex-a9 -mfpu=vfpv3 -mfloat-abi=hard -nostartfiles"
Compiling sdps
Running Make libs in ps7_cortexa9_0/libsrc/standalone_v5_5/src
make -C ps7_cortexa9_0/libsrc/standalone_v5_5/src -s libs  "SHELL=/bin/sh" "COMPILER=arm-none-eabi-gcc" "ARCHIVER=arm-none-eabi-ar" "COMPILER_FLAGS=  -O2 -c" "EXTRA_COMPILER_FLAGS=-mcpu=cortex-a9 -mfpu=vfpv3 -mfloat-abi=hard -nostartfiles"
Compiling standalone
Running Make libs in ps7_cortexa9_0/libsrc/uartps_v3_1/src
make -C ps7_cortexa9_0/libsrc/uartps_v3_1/src -s libs  "SHELL=/bin/sh" "COMPILER=arm-none-eabi-gcc" "ARCHIVER=arm-none-eabi-ar" "COMPILER_FLAGS=  -O2 -c" "EXTRA_COMPILER_FLAGS=-mcpu=cortex-a9 -mfpu=vfpv3 -mfloat-abi=hard -nostartfiles"
Compiling uartps
Running Make libs in ps7_cortexa9_0/libsrc/xadcps_v2_2/src
make -C ps7_cortexa9_0/libsrc/xadcps_v2_2/src -s libs  "SHELL=/bin/sh" "COMPILER=arm-none-eabi-gcc" "ARCHIVER=arm-none-eabi-ar" "COMPILER_FLAGS=  -O2 -c" "EXTRA_COMPILER_FLAGS=-mcpu=cortex-a9 -mfpu=vfpv3 -mfloat-abi=hard -nostartfiles"
Compiling xadcps
Finished building libraries
08:38:17 **** Auto Build of configuration Debug for project N3Z_Fifodata ****
make pre-build main-build 
a9-linaro-pre-build-step
 
Building file: ../src/helloworld.c
Invoking: ARM v7 gcc compiler
arm-none-eabi-gcc -Wall -O0 -g3 -c -fmessage-length=0 -MT"src/helloworld.o" -mcpu=cortex-a9 -mfpu=vfpv3 -mfloat-abi=hard -I../../N3Z_Fifodata_bsp/ps7_cortexa9_0/include -MMD -MP -MF"src/helloworld.d" -MT"src/helloworld.o" -o "src/helloworld.o" "../src/helloworld.c"
../src/helloworld.c: In function ‘main’:
../src/helloworld.c:161:5: warning: format ‘%d’ expects argument of type ‘int’, but argument 2 has type ‘XLlFifo’ [-Wformat=]
     printf("DataFifo pointer: %d\n\r",DataFifo);
     ^
../src/helloworld.c:161:5: warning: format ‘%d’ expects argument of type ‘int’, but argument 2 has type ‘XLlFifo’ [-Wformat=]
../src/helloworld.c:208:5: warning: implicit declaration of function ‘TxSend’ [-Wimplicit-function-declaration]
     Status=TxSend(&PSPLFifo, Buffer, 4);
     ^
../src/helloworld.c:249:17: warning: implicit declaration of function ‘RxReceive’ [-Wimplicit-function-declaration]
                 ReceiveLength=RxReceive(&PSPLFifo, Buffer);
                 ^
../src/helloworld.c:250:17: warning: format ‘%d’ expects argument of type ‘int’, but argument 2 has type ‘u32’ [-Wformat=]
                 printf("Receive reported length is %d\r\n",ReceiveLength);
                 ^
../src/helloworld.c:250:17: warning: format ‘%d’ expects argument of type ‘int’, but argument 2 has type ‘u32’ [-Wformat=]
../src/helloworld.c:330:26: warning: format ‘%d’ expects argument of type ‘int’, but argument 2 has type ‘u32’ [-Wformat=]
                          printf("Receive reported length is %d\r\n",ReceiveLength);
                          ^
../src/helloworld.c:330:26: warning: format ‘%d’ expects argument of type ‘int’, but argument 2 has type ‘u32’ [-Wformat=]
../src/helloworld.c:170:21: warning: unused variable ‘Config’ [-Wunused-variable]
     XLlFifo_Config *Config;
                     ^
../src/helloworld.c:134:16: warning: unused variable ‘DataStreamSpec’ [-Wunused-variable]
     static u32 DataStreamSpec;
                ^
../src/helloworld.c:132:9: warning: unused variable ‘read_in’ [-Wunused-variable]
     int read_in =0;
         ^
../src/helloworld.c:130:10: warning: unused variable ‘from_keyboard’ [-Wunused-variable]
     char from_keyboard[10];
          ^
../src/helloworld.c:129:9: warning: unused variable ‘DataValue’ [-Wunused-variable]
     int DataValue;
         ^
../src/helloworld.c:128:9: warning: unused variable ‘samplenumber’ [-Wunused-variable]
     int samplenumber;
         ^
../src/helloworld.c:127:9: warning: unused variable ‘keyval’ [-Wunused-variable]
     int keyval;
         ^
../src/helloworld.c:126:9: warning: variable ‘read_out’ set but not used [-Wunused-but-set-variable]
     int read_out =0;
         ^
Finished building: ../src/helloworld.c
 
Building file: ../src/platform.c
Invoking: ARM v7 gcc compiler
arm-none-eabi-gcc -Wall -O0 -g3 -c -fmessage-length=0 -MT"src/platform.o" -mcpu=cortex-a9 -mfpu=vfpv3 -mfloat-abi=hard -I../../N3Z_Fifodata_bsp/ps7_cortexa9_0/include -MMD -MP -MF"src/platform.d" -MT"src/platform.o" -o "src/platform.o" "../src/platform.c"
Finished building: ../src/platform.c
 
Building target: N3Z_Fifodata.elf
Invoking: ARM v7 gcc linker
arm-none-eabi-gcc -mcpu=cortex-a9 -mfpu=vfpv3 -mfloat-abi=hard -Wl,-build-id=none -specs=Xilinx.spec -Wl,-T -Wl,../src/lscript.ld -L../../N3Z_Fifodata_bsp/ps7_cortexa9_0/lib -o "N3Z_Fifodata.elf"  ./src/helloworld.o ./src/platform.o   -Wl,--start-group,-lxil,-lgcc,-lc,--end-group
Finished building target: N3Z_Fifodata.elf
 
Invoking: ARM v7 Print Size
arm-none-eabi-size N3Z_Fifodata.elf  |tee "N3Z_Fifodata.elf.size"
   text	   data	    bss	    dec	    hex	filename
  83448	   2624	  24076	 110148	  1ae44	N3Z_Fifodata.elf
Finished building: N3Z_Fifodata.elf.size
 
08:53:53 **** Incremental Build of configuration Debug for project N3Z_Fifodata ****
make pre-build main-build 
a9-linaro-pre-build-step
 
make: Nothing to be done for `main-build'.
10:51:54 **** Incremental Build of configuration Debug for project N3Z_Fifodata ****
make pre-build main-build 
a9-linaro-pre-build-step
 
Building file: ../src/helloworld.c
Invoking: ARM v7 gcc compiler
arm-none-eabi-gcc -Wall -O0 -g3 -c -fmessage-length=0 -MT"src/helloworld.o" -mcpu=cortex-a9 -mfpu=vfpv3 -mfloat-abi=hard -I../../N3Z_Fifodata_bsp/ps7_cortexa9_0/include -MMD -MP -MF"src/helloworld.d" -MT"src/helloworld.o" -o "src/helloworld.o" "../src/helloworld.c"
../src/helloworld.c:52:24: fatal error: xil_printf.h: No such file or directory
 #include "xil_printf.h"
                        ^
compilation terminated.
make: *** [src/helloworld.o] Error 1
10:52:20 **** Auto Build of project N3Z_Fifodata_bsp ****
make -k all 
Running Make include in ps7_cortexa9_0/libsrc/coresightps_dcc_v1_2/src
make -C ps7_cortexa9_0/libsrc/coresightps_dcc_v1_2/src -s include  "SHELL=/bin/sh" "COMPILER=arm-none-eabi-gcc" "ARCHIVER=arm-none-eabi-ar" "COMPILER_FLAGS=  -O2 -c" "EXTRA_COMPILER_FLAGS=-mcpu=cortex-a9 -mfpu=vfpv3 -mfloat-abi=hard -nostartfiles"
Running Make include in ps7_cortexa9_0/libsrc/cpu_cortexa9_v2_2/src
make -C ps7_cortexa9_0/libsrc/cpu_cortexa9_v2_2/src -s include  "SHELL=/bin/sh" "COMPILER=arm-none-eabi-gcc" "ARCHIVER=arm-none-eabi-ar" "COMPILER_FLAGS=  -O2 -c" "EXTRA_COMPILER_FLAGS=-mcpu=cortex-a9 -mfpu=vfpv3 -mfloat-abi=hard -nostartfiles"
Running Make include in ps7_cortexa9_0/libsrc/devcfg_v3_4/src
make -C ps7_cortexa9_0/libsrc/devcfg_v3_4/src -s include  "SHELL=/bin/sh" "COMPILER=arm-none-eabi-gcc" "ARCHIVER=arm-none-eabi-ar" "COMPILER_FLAGS=  -O2 -c" "EXTRA_COMPILER_FLAGS=-mcpu=cortex-a9 -mfpu=vfpv3 -mfloat-abi=hard -nostartfiles"
Running Make include in ps7_cortexa9_0/libsrc/dmaps_v2_1/src
make -C ps7_cortexa9_0/libsrc/dmaps_v2_1/src -s include  "SHELL=/bin/sh" "COMPILER=arm-none-eabi-gcc" "ARCHIVER=arm-none-eabi-ar" "COMPILER_FLAGS=  -O2 -c" "EXTRA_COMPILER_FLAGS=-mcpu=cortex-a9 -mfpu=vfpv3 -mfloat-abi=hard -nostartfiles"
Running Make include in ps7_cortexa9_0/libsrc/gpiops_v3_1/src
make -C ps7_cortexa9_0/libsrc/gpiops_v3_1/src -s include  "SHELL=/bin/sh" "COMPILER=arm-none-eabi-gcc" "ARCHIVER=arm-none-eabi-ar" "COMPILER_FLAGS=  -O2 -c" "EXTRA_COMPILER_FLAGS=-mcpu=cortex-a9 -mfpu=vfpv3 -mfloat-abi=hard -nostartfiles"
Running Make include in ps7_cortexa9_0/libsrc/llfifo_v5_1/src
make -C ps7_cortexa9_0/libsrc/llfifo_v5_1/src -s include  "SHELL=/bin/sh" "COMPILER=arm-none-eabi-gcc" "ARCHIVER=arm-none-eabi-ar" "COMPILER_FLAGS=  -O2 -c" "EXTRA_COMPILER_FLAGS=-mcpu=cortex-a9 -mfpu=vfpv3 -mfloat-abi=hard -nostartfiles"
Running Make include in ps7_cortexa9_0/libsrc/n3z_tonetest_v1_09/src
make -C ps7_cortexa9_0/libsrc/n3z_tonetest_v1_09/src -s include  "SHELL=/bin/sh" "COMPILER=arm-none-eabi-gcc" "ARCHIVER=arm-none-eabi-ar" "COMPILER_FLAGS=  -O2 -c" "EXTRA_COMPILER_FLAGS=-mcpu=cortex-a9 -mfpu=vfpv3 -mfloat-abi=hard -nostartfiles"
Running Make include in ps7_cortexa9_0/libsrc/qspips_v3_3/src
make -C ps7_cortexa9_0/libsrc/qspips_v3_3/src -s include  "SHELL=/bin/sh" "COMPILER=arm-none-eabi-gcc" "ARCHIVER=arm-none-eabi-ar" "COMPILER_FLAGS=  -O2 -c" "EXTRA_COMPILER_FLAGS=-mcpu=cortex-a9 -mfpu=vfpv3 -mfloat-abi=hard -nostartfiles"
Running Make include in ps7_cortexa9_0/libsrc/scugic_v3_3/src
make -C ps7_cortexa9_0/libsrc/scugic_v3_3/src -s include  "SHELL=/bin/sh" "COMPILER=arm-none-eabi-gcc" "ARCHIVER=arm-none-eabi-ar" "COMPILER_FLAGS=  -O2 -c" "EXTRA_COMPILER_FLAGS=-mcpu=cortex-a9 -mfpu=vfpv3 -mfloat-abi=hard -nostartfiles"
Running Make include in ps7_cortexa9_0/libsrc/scutimer_v2_1/src
make -C ps7_cortexa9_0/libsrc/scutimer_v2_1/src -s include  "SHELL=/bin/sh" "COMPILER=arm-none-eabi-gcc" "ARCHIVER=arm-none-eabi-ar" "COMPILER_FLAGS=  -O2 -c" "EXTRA_COMPILER_FLAGS=-mcpu=cortex-a9 -mfpu=vfpv3 -mfloat-abi=hard -nostartfiles"
Running Make include in ps7_cortexa9_0/libsrc/scuwdt_v2_1/src
make -C ps7_cortexa9_0/libsrc/scuwdt_v2_1/src -s include  "SHELL=/bin/sh" "COMPILER=arm-none-eabi-gcc" "ARCHIVER=arm-none-eabi-ar" "COMPILER_FLAGS=  -O2 -c" "EXTRA_COMPILER_FLAGS=-mcpu=cortex-a9 -mfpu=vfpv3 -mfloat-abi=hard -nostartfiles"
Running Make include in ps7_cortexa9_0/libsrc/sdps_v2_8/src
make -C ps7_cortexa9_0/libsrc/sdps_v2_8/src -s include  "SHELL=/bin/sh" "COMPILER=arm-none-eabi-gcc" "ARCHIVER=arm-none-eabi-ar" "COMPILER_FLAGS=  -O2 -c" "EXTRA_COMPILER_FLAGS=-mcpu=cortex-a9 -mfpu=vfpv3 -mfloat-abi=hard -nostartfiles"
Running Make include in ps7_cortexa9_0/libsrc/standalone_v5_5/src
make -C ps7_cortexa9_0/libsrc/standalone_v5_5/src -s include  "SHELL=/bin/sh" "COMPILER=arm-none-eabi-gcc" "ARCHIVER=arm-none-eabi-ar" "COMPILER_FLAGS=  -O2 -c" "EXTRA_COMPILER_FLAGS=-mcpu=cortex-a9 -mfpu=vfpv3 -mfloat-abi=hard -nostartfiles"
Running Make include in ps7_cortexa9_0/libsrc/uartps_v3_1/src
make -C ps7_cortexa9_0/libsrc/uartps_v3_1/src -s include  "SHELL=/bin/sh" "COMPILER=arm-none-eabi-gcc" "ARCHIVER=arm-none-eabi-ar" "COMPILER_FLAGS=  -O2 -c" "EXTRA_COMPILER_FLAGS=-mcpu=cortex-a9 -mfpu=vfpv3 -mfloat-abi=hard -nostartfiles"
Running Make include in ps7_cortexa9_0/libsrc/xadcps_v2_2/src
make -C ps7_cortexa9_0/libsrc/xadcps_v2_2/src -s include  "SHELL=/bin/sh" "COMPILER=arm-none-eabi-gcc" "ARCHIVER=arm-none-eabi-ar" "COMPILER_FLAGS=  -O2 -c" "EXTRA_COMPILER_FLAGS=-mcpu=cortex-a9 -mfpu=vfpv3 -mfloat-abi=hard -nostartfiles"
Running Make libs in ps7_cortexa9_0/libsrc/coresightps_dcc_v1_2/src
make -C ps7_cortexa9_0/libsrc/coresightps_dcc_v1_2/src -s libs  "SHELL=/bin/sh" "COMPILER=arm-none-eabi-gcc" "ARCHIVER=arm-none-eabi-ar" "COMPILER_FLAGS=  -O2 -c" "EXTRA_COMPILER_FLAGS=-mcpu=cortex-a9 -mfpu=vfpv3 -mfloat-abi=hard -nostartfiles"
Compiling coresightps_dcc
arm-none-eabi-ar: creating ../../../lib/libxil.a
Running Make libs in ps7_cortexa9_0/libsrc/cpu_cortexa9_v2_2/src
make -C ps7_cortexa9_0/libsrc/cpu_cortexa9_v2_2/src -s libs  "SHELL=/bin/sh" "COMPILER=arm-none-eabi-gcc" "ARCHIVER=arm-none-eabi-ar" "COMPILER_FLAGS=  -O2 -c" "EXTRA_COMPILER_FLAGS=-mcpu=cortex-a9 -mfpu=vfpv3 -mfloat-abi=hard -nostartfiles"
Compiling cpu_cortexa9
Running Make libs in ps7_cortexa9_0/libsrc/devcfg_v3_4/src
make -C ps7_cortexa9_0/libsrc/devcfg_v3_4/src -s libs  "SHELL=/bin/sh" "COMPILER=arm-none-eabi-gcc" "ARCHIVER=arm-none-eabi-ar" "COMPILER_FLAGS=  -O2 -c" "EXTRA_COMPILER_FLAGS=-mcpu=cortex-a9 -mfpu=vfpv3 -mfloat-abi=hard -nostartfiles"
Compiling devcfg
Running Make libs in ps7_cortexa9_0/libsrc/dmaps_v2_1/src
make -C ps7_cortexa9_0/libsrc/dmaps_v2_1/src -s libs  "SHELL=/bin/sh" "COMPILER=arm-none-eabi-gcc" "ARCHIVER=arm-none-eabi-ar" "COMPILER_FLAGS=  -O2 -c" "EXTRA_COMPILER_FLAGS=-mcpu=cortex-a9 -mfpu=vfpv3 -mfloat-abi=hard -nostartfiles"
Compiling dmaps
Running Make libs in ps7_cortexa9_0/libsrc/gpiops_v3_1/src
make -C ps7_cortexa9_0/libsrc/gpiops_v3_1/src -s libs  "SHELL=/bin/sh" "COMPILER=arm-none-eabi-gcc" "ARCHIVER=arm-none-eabi-ar" "COMPILER_FLAGS=  -O2 -c" "EXTRA_COMPILER_FLAGS=-mcpu=cortex-a9 -mfpu=vfpv3 -mfloat-abi=hard -nostartfiles"
Compiling gpiops
Running Make libs in ps7_cortexa9_0/libsrc/llfifo_v5_1/src
make -C ps7_cortexa9_0/libsrc/llfifo_v5_1/src -s libs  "SHELL=/bin/sh" "COMPILER=arm-none-eabi-gcc" "ARCHIVER=arm-none-eabi-ar" "COMPILER_FLAGS=  -O2 -c" "EXTRA_COMPILER_FLAGS=-mcpu=cortex-a9 -mfpu=vfpv3 -mfloat-abi=hard -nostartfiles"
Compiling llfifo
Running Make libs in ps7_cortexa9_0/libsrc/n3z_tonetest_v1_09/src
make -C ps7_cortexa9_0/libsrc/n3z_tonetest_v1_09/src -s libs  "SHELL=/bin/sh" "COMPILER=arm-none-eabi-gcc" "ARCHIVER=arm-none-eabi-ar" "COMPILER_FLAGS=  -O2 -c" "EXTRA_COMPILER_FLAGS=-mcpu=cortex-a9 -mfpu=vfpv3 -mfloat-abi=hard -nostartfiles"
Compiling foo_top_top
Running Make libs in ps7_cortexa9_0/libsrc/qspips_v3_3/src
make -C ps7_cortexa9_0/libsrc/qspips_v3_3/src -s libs  "SHELL=/bin/sh" "COMPILER=arm-none-eabi-gcc" "ARCHIVER=arm-none-eabi-ar" "COMPILER_FLAGS=  -O2 -c" "EXTRA_COMPILER_FLAGS=-mcpu=cortex-a9 -mfpu=vfpv3 -mfloat-abi=hard -nostartfiles"
Compiling qspips
Running Make libs in ps7_cortexa9_0/libsrc/scugic_v3_3/src
make -C ps7_cortexa9_0/libsrc/scugic_v3_3/src -s libs  "SHELL=/bin/sh" "COMPILER=arm-none-eabi-gcc" "ARCHIVER=arm-none-eabi-ar" "COMPILER_FLAGS=  -O2 -c" "EXTRA_COMPILER_FLAGS=-mcpu=cortex-a9 -mfpu=vfpv3 -mfloat-abi=hard -nostartfiles"
Compiling scugic
Running Make libs in ps7_cortexa9_0/libsrc/scutimer_v2_1/src
make -C ps7_cortexa9_0/libsrc/scutimer_v2_1/src -s libs  "SHELL=/bin/sh" "COMPILER=arm-none-eabi-gcc" "ARCHIVER=arm-none-eabi-ar" "COMPILER_FLAGS=  -O2 -c" "EXTRA_COMPILER_FLAGS=-mcpu=cortex-a9 -mfpu=vfpv3 -mfloat-abi=hard -nostartfiles"
Compiling scutimer
Running Make libs in ps7_cortexa9_0/libsrc/scuwdt_v2_1/src
make -C ps7_cortexa9_0/libsrc/scuwdt_v2_1/src -s libs  "SHELL=/bin/sh" "COMPILER=arm-none-eabi-gcc" "ARCHIVER=arm-none-eabi-ar" "COMPILER_FLAGS=  -O2 -c" "EXTRA_COMPILER_FLAGS=-mcpu=cortex-a9 -mfpu=vfpv3 -mfloat-abi=hard -nostartfiles"
Compiling scuwdt
Running Make libs in ps7_cortexa9_0/libsrc/sdps_v2_8/src
make -C ps7_cortexa9_0/libsrc/sdps_v2_8/src -s libs  "SHELL=/bin/sh" "COMPILER=arm-none-eabi-gcc" "ARCHIVER=arm-none-eabi-ar" "COMPILER_FLAGS=  -O2 -c" "EXTRA_COMPILER_FLAGS=-mcpu=cortex-a9 -mfpu=vfpv3 -mfloat-abi=hard -nostartfiles"
Compiling sdps
Running Make libs in ps7_cortexa9_0/libsrc/standalone_v5_5/src
make -C ps7_cortexa9_0/libsrc/standalone_v5_5/src -s libs  "SHELL=/bin/sh" "COMPILER=arm-none-eabi-gcc" "ARCHIVER=arm-none-eabi-ar" "COMPILER_FLAGS=  -O2 -c" "EXTRA_COMPILER_FLAGS=-mcpu=cortex-a9 -mfpu=vfpv3 -mfloat-abi=hard -nostartfiles"
Compiling standalone
Running Make libs in ps7_cortexa9_0/libsrc/uartps_v3_1/src
make -C ps7_cortexa9_0/libsrc/uartps_v3_1/src -s libs  "SHELL=/bin/sh" "COMPILER=arm-none-eabi-gcc" "ARCHIVER=arm-none-eabi-ar" "COMPILER_FLAGS=  -O2 -c" "EXTRA_COMPILER_FLAGS=-mcpu=cortex-a9 -mfpu=vfpv3 -mfloat-abi=hard -nostartfiles"
Compiling uartps
Running Make libs in ps7_cortexa9_0/libsrc/xadcps_v2_2/src
make -C ps7_cortexa9_0/libsrc/xadcps_v2_2/src -s libs  "SHELL=/bin/sh" "COMPILER=arm-none-eabi-gcc" "ARCHIVER=arm-none-eabi-ar" "COMPILER_FLAGS=  -O2 -c" "EXTRA_COMPILER_FLAGS=-mcpu=cortex-a9 -mfpu=vfpv3 -mfloat-abi=hard -nostartfiles"
Compiling xadcps
Finished building libraries
10:52:38 **** Auto Build of configuration Debug for project N3Z_Fifodata ****
make pre-build main-build 
a9-linaro-pre-build-step
 
Building file: ../src/helloworld.c
Invoking: ARM v7 gcc compiler
arm-none-eabi-gcc -Wall -O0 -g3 -c -fmessage-length=0 -MT"src/helloworld.o" -mcpu=cortex-a9 -mfpu=vfpv3 -mfloat-abi=hard -I../../N3Z_Fifodata_bsp/ps7_cortexa9_0/include -MMD -MP -MF"src/helloworld.d" -MT"src/helloworld.o" -o "src/helloworld.o" "../src/helloworld.c"
../src/helloworld.c: In function ‘main’:
../src/helloworld.c:161:5: warning: format ‘%d’ expects argument of type ‘int’, but argument 2 has type ‘XLlFifo’ [-Wformat=]
     printf("DataFifo pointer: %d\n\r",DataFifo);
     ^
../src/helloworld.c:161:5: warning: format ‘%d’ expects argument of type ‘int’, but argument 2 has type ‘XLlFifo’ [-Wformat=]
../src/helloworld.c:208:5: warning: implicit declaration of function ‘TxSend’ [-Wimplicit-function-declaration]
     Status=TxSend(&PSPLFifo, Buffer, 4);
     ^
../src/helloworld.c:249:17: warning: implicit declaration of function ‘RxReceive’ [-Wimplicit-function-declaration]
                 ReceiveLength=RxReceive(&PSPLFifo, Buffer);
                 ^
../src/helloworld.c:250:17: warning: format ‘%d’ expects argument of type ‘int’, but argument 2 has type ‘u32’ [-Wformat=]
                 printf("Receive reported length is %d\r\n",ReceiveLength);
                 ^
../src/helloworld.c:250:17: warning: format ‘%d’ expects argument of type ‘int’, but argument 2 has type ‘u32’ [-Wformat=]
../src/helloworld.c:330:26: warning: format ‘%d’ expects argument of type ‘int’, but argument 2 has type ‘u32’ [-Wformat=]
                          printf("Receive reported length is %d\r\n",ReceiveLength);
                          ^
../src/helloworld.c:330:26: warning: format ‘%d’ expects argument of type ‘int’, but argument 2 has type ‘u32’ [-Wformat=]
../src/helloworld.c:170:21: warning: unused variable ‘Config’ [-Wunused-variable]
     XLlFifo_Config *Config;
                     ^
../src/helloworld.c:134:16: warning: unused variable ‘DataStreamSpec’ [-Wunused-variable]
     static u32 DataStreamSpec;
                ^
../src/helloworld.c:132:9: warning: unused variable ‘read_in’ [-Wunused-variable]
     int read_in =0;
         ^
../src/helloworld.c:130:10: warning: unused variable ‘from_keyboard’ [-Wunused-variable]
     char from_keyboard[10];
          ^
../src/helloworld.c:129:9: warning: unused variable ‘DataValue’ [-Wunused-variable]
     int DataValue;
         ^
../src/helloworld.c:128:9: warning: unused variable ‘samplenumber’ [-Wunused-variable]
     int samplenumber;
         ^
../src/helloworld.c:127:9: warning: unused variable ‘keyval’ [-Wunused-variable]
     int keyval;
         ^
../src/helloworld.c:126:9: warning: variable ‘read_out’ set but not used [-Wunused-but-set-variable]
     int read_out =0;
         ^
Finished building: ../src/helloworld.c
 
Building file: ../src/platform.c
Invoking: ARM v7 gcc compiler
arm-none-eabi-gcc -Wall -O0 -g3 -c -fmessage-length=0 -MT"src/platform.o" -mcpu=cortex-a9 -mfpu=vfpv3 -mfloat-abi=hard -I../../N3Z_Fifodata_bsp/ps7_cortexa9_0/include -MMD -MP -MF"src/platform.d" -MT"src/platform.o" -o "src/platform.o" "../src/platform.c"
Finished building: ../src/platform.c
 
Building target: N3Z_Fifodata.elf
Invoking: ARM v7 gcc linker
arm-none-eabi-gcc -mcpu=cortex-a9 -mfpu=vfpv3 -mfloat-abi=hard -Wl,-build-id=none -specs=Xilinx.spec -Wl,-T -Wl,../src/lscript.ld -L../../N3Z_Fifodata_bsp/ps7_cortexa9_0/lib -o "N3Z_Fifodata.elf"  ./src/helloworld.o ./src/platform.o   -Wl,--start-group,-lxil,-lgcc,-lc,--end-group
Finished building target: N3Z_Fifodata.elf
 
Invoking: ARM v7 Print Size
arm-none-eabi-size N3Z_Fifodata.elf  |tee "N3Z_Fifodata.elf.size"
   text	   data	    bss	    dec	    hex	filename
  83448	   2624	  24076	 110148	  1ae44	N3Z_Fifodata.elf
Finished building: N3Z_Fifodata.elf.size
 
10:52:52 **** Incremental Build of configuration Debug for project N3Z_Fifodata ****
make pre-build main-build 
a9-linaro-pre-build-step
 
make: Nothing to be done for `main-build'.
