Archive member included because of file (symbol)

../../NicolaRadio_bsp/ps7_cortexa9_0/lib/libxil.a(xllfifo.o)
                              ./NicolaCode/DebugInterface.o (XLlFifo_iRxOccupancy)
../../NicolaRadio_bsp/ps7_cortexa9_0/lib/libxil.a(xllfifo_sinit.o)
                              ./NicolaCode/PSPLComms.o (XLlFfio_LookupConfig)
../../NicolaRadio_bsp/ps7_cortexa9_0/lib/libxil.a(xstreamer.o)
                              ../../NicolaRadio_bsp/ps7_cortexa9_0/lib/libxil.a(xllfifo.o) (XStrm_RxInitialize)
../../NicolaRadio_bsp/ps7_cortexa9_0/lib/libxil.a(n3z_tonetest.o)
                              ./NicolaCode/DebugInterface.o (n3z_tonetest_values2recover_write)
../../NicolaRadio_bsp/ps7_cortexa9_0/lib/libxil.a(n3z_tonetest_sinit.o)
                              ./NicolaCode/PSPLComms.o (n3z_tonetest_Initialize)
../../NicolaRadio_bsp/ps7_cortexa9_0/lib/libxil.a(xscugic.o)
                              ./src/FreeRTOS_tick_config.o (XScuGic_CfgInitialize)
../../NicolaRadio_bsp/ps7_cortexa9_0/lib/libxil.a(xscugic_g.o)
                              ./src/FreeRTOS_tick_config.o (XScuGic_ConfigTable)
../../NicolaRadio_bsp/ps7_cortexa9_0/lib/libxil.a(xscugic_sinit.o)
                              ./src/FreeRTOS_tick_config.o (XScuGic_LookupConfig)
../../NicolaRadio_bsp/ps7_cortexa9_0/lib/libxil.a(xscutimer.o)
                              ./src/FreeRTOS_tick_config.o (XScuTimer_CfgInitialize)
../../NicolaRadio_bsp/ps7_cortexa9_0/lib/libxil.a(xscutimer_sinit.o)
                              ./src/FreeRTOS_tick_config.o (XScuTimer_LookupConfig)
../../NicolaRadio_bsp/ps7_cortexa9_0/lib/libxil.a(xscuwdt.o)
                              ./src/main.o (XScuWdt_CfgInitialize)
../../NicolaRadio_bsp/ps7_cortexa9_0/lib/libxil.a(xscuwdt_sinit.o)
                              ./src/main.o (XScuWdt_LookupConfig)
../../NicolaRadio_bsp/ps7_cortexa9_0/lib/libxil.a(xsdps.o)
                              ./NicolaCode/Flash-SDCard.o (XSdPs_CfgInitialize)
../../NicolaRadio_bsp/ps7_cortexa9_0/lib/libxil.a(xsdps_options.o)
                              ../../NicolaRadio_bsp/ps7_cortexa9_0/lib/libxil.a(xsdps.o) (XSdPs_SetBlkSize)
../../NicolaRadio_bsp/ps7_cortexa9_0/lib/libxil.a(xsdps_sinit.o)
                              ./NicolaCode/Flash-SDCard.o (XSdPs_LookupConfig)
../../NicolaRadio_bsp/ps7_cortexa9_0/lib/libxil.a(asm_vectors.o)
                              (_vector_table)
../../NicolaRadio_bsp/ps7_cortexa9_0/lib/libxil.a(boot.o)
                              ./src/FreeRTOS_asm_vectors.o (_boot)
../../NicolaRadio_bsp/ps7_cortexa9_0/lib/libxil.a(sleep.o)
                              ../../NicolaRadio_bsp/ps7_cortexa9_0/lib/libxil.a(xsdps.o) (sleep)
../../NicolaRadio_bsp/ps7_cortexa9_0/lib/libxil.a(translation_table.o)
                              ../../NicolaRadio_bsp/ps7_cortexa9_0/lib/libxil.a(boot.o) (MMUTable)
../../NicolaRadio_bsp/ps7_cortexa9_0/lib/libxil.a(usleep.o)
                              ../../NicolaRadio_bsp/ps7_cortexa9_0/lib/libxil.a(xsdps.o) (usleep)
../../NicolaRadio_bsp/ps7_cortexa9_0/lib/libxil.a(vectors.o)
                              ../../NicolaRadio_bsp/ps7_cortexa9_0/lib/libxil.a(asm_vectors.o) (UndefinedException)
../../NicolaRadio_bsp/ps7_cortexa9_0/lib/libxil.a(xil-crt0.o)
                              ../../NicolaRadio_bsp/ps7_cortexa9_0/lib/libxil.a(boot.o) (_start)
../../NicolaRadio_bsp/ps7_cortexa9_0/lib/libxil.a(xil_assert.o)
                              ../../NicolaRadio_bsp/ps7_cortexa9_0/lib/libxil.a(xllfifo.o) (Xil_Assert)
../../NicolaRadio_bsp/ps7_cortexa9_0/lib/libxil.a(xil_cache.o)
                              ../../NicolaRadio_bsp/ps7_cortexa9_0/lib/libxil.a(xsdps.o) (Xil_DCacheFlushRange)
../../NicolaRadio_bsp/ps7_cortexa9_0/lib/libxil.a(xil_exception.o)
                              ../../NicolaRadio_bsp/ps7_cortexa9_0/lib/libxil.a(asm_vectors.o) (PrefetchAbortAddr)
../../NicolaRadio_bsp/ps7_cortexa9_0/lib/libxil.a(xil_io.o)
                              ../../NicolaRadio_bsp/ps7_cortexa9_0/lib/libxil.a(xsdps.o) (Xil_In8)
../../NicolaRadio_bsp/ps7_cortexa9_0/lib/libxil.a(xil_printf.o)
                              ./src/main.o (xil_printf)
../../NicolaRadio_bsp/ps7_cortexa9_0/lib/libxil.a(xtime_l.o)
                              ../../NicolaRadio_bsp/ps7_cortexa9_0/lib/libxil.a(xil-crt0.o) (XTime_SetTime)
../../NicolaRadio_bsp/ps7_cortexa9_0/lib/libxil.a(xllfifo_g.o)
                              ../../NicolaRadio_bsp/ps7_cortexa9_0/lib/libxil.a(xllfifo_sinit.o) (XLlFifo_ConfigTable)
../../NicolaRadio_bsp/ps7_cortexa9_0/lib/libxil.a(n3z_tonetest_g.o)
                              ../../NicolaRadio_bsp/ps7_cortexa9_0/lib/libxil.a(n3z_tonetest_sinit.o) (n3z_tonetest_ConfigTable)
../../NicolaRadio_bsp/ps7_cortexa9_0/lib/libxil.a(xscutimer_g.o)
                              ../../NicolaRadio_bsp/ps7_cortexa9_0/lib/libxil.a(xscutimer_sinit.o) (XScuTimer_ConfigTable)
../../NicolaRadio_bsp/ps7_cortexa9_0/lib/libxil.a(xscuwdt_g.o)
[...]
Memory Configuration

Name             Origin             Length             Attributes
ps7_qspi_linear_0_S_AXI_BASEADDR 0xfc000000         0x00800000
FLASH            0xfc400000         0x00800000
ps7_ram_0_S_AXI_BASEADDR 0x00000000         0x00030000
ps7_ram_1_S_AXI_BASEADDR 0xffff0000         0x0000fe00
*default*        0x00000000         0xffffffff

Linker script and memory map

LOAD /opt/Xilinx/SDK/2016.2/gnu/aarch32/lin/gcc-arm-none-eabi/bin/../lib/gcc/arm-none-eabi/4.9.2/v7-a/fpv3/hard/crti.o
LOAD /opt/Xilinx/SDK/2016.2/gnu/aarch32/lin/gcc-arm-none-eabi/bin/../lib/gcc/arm-none-eabi/4.9.2/v7-a/fpv3/hard/crtbegin.o
                0x00002000                _STACK_SIZE = DEFINED (_STACK_SIZE)?_STACK_SIZE:0x2000
                0x0000a000                _HEAP_SIZE = DEFINED (_HEAP_SIZE)?_HEAP_SIZE:0xa000
                0x00000400                _ABORT_STACK_SIZE = DEFINED (_ABORT_STACK_SIZE)?_ABORT_STACK_SIZE:0x400
                0x00000800                _SUPERVISOR_STACK_SIZE = DEFINED (_SUPERVISOR_STACK_SIZE)?_SUPERVISOR_STACK_SIZE:0x800
                0x00000400                _IRQ_STACK_SIZE = DEFINED (_IRQ_STACK_SIZE)?_IRQ_STACK_SIZE:0x400
                0x00000400                _FIQ_STACK_SIZE = DEFINED (_FIQ_STACK_SIZE)?_FIQ_STACK_SIZE:0x400
                0x00000400                _UNDEF_STACK_SIZE = DEFINED (_UNDEF_STACK_SIZE)?_UNDEF_STACK_SIZE:0x400

.text           0xfc400000    0x11e34
 *(.freertos_vectors)
 .freertos_vectors
                0xfc400000       0xb0 ./src/FreeRTOS_asm_vectors.o
                0xfc400000                _freertos_vector_table
                0xfc400090                vPortInstallFreeRTOSVectorTable
 *(.vectors)
 .vectors       0xfc4000b0      0x12c ../../NicolaRadio_bsp/ps7_cortexa9_0/lib/libxil.a(asm_vectors.o)
                0xfc4000b0                _vector_table
 *(.boot)
 .boot          0xfc4001dc      0x370 ../../NicolaRadio_bsp/ps7_cortexa9_0/lib/libxil.a(boot.o)
                0xfc4001dc                _boot
                0xfc4001dc                _prestart
 *(.text)
 .text          0xfc40054c        0x0 /opt/Xilinx/SDK/2016.2/gnu/aarch32/lin/gcc-arm-none-eabi/bin/../lib/gcc/arm-none-eabi/4.9.2/v7-a/fpv3/hard/crti.o
 .text          0xfc40054c      0x108 /opt/Xilinx/SDK/2016.2/gnu/aarch32/lin/gcc-arm-none-eabi/bin/../lib/gcc/arm-none-eabi/4.9.2/v7-a/fpv3/hard/crtbegin.o
 .text          0xfc400654      0x3f4 ./src/portable/port.o
                0xfc400654                pxPortInitialiseStack
                0xfc40071c                xPortStartScheduler
                0xfc400800                vPortEndScheduler
                0xfc400824                vPortExitCritical
                0xfc400880                FreeRTOS_Tick_Handler
                0xfc4008fc                vPortTaskUsesFPU
                0xfc400918                vPortClearInterruptMask
                0xfc400954                ulPortSetInterruptMask
                0xfc40099c                vPortEnterCritical
                0xfc4009ec                vPortValidateInterruptPriority
 *fill*         0xfc400a48        0x8 
 .text          0xfc400a50      0x2e0 ./src/portable/portASM.o
                0xfc400a50                FreeRTOS_SWI_Handler
                0xfc400af8                vPortRestoreTaskContext
                0xfc400b60                FreeRTOS_IRQ_Handler
                0xfc400cd0                vApplicationIRQHandler
 .text          0xfc400d30        0x0 ./src/FreeRTOS_asm_vectors.o
 .text          0xfc400d30      0x16c ./src/FreeRTOS_tick_config.o
                0xfc400d30                vClearTickInterrupt
                0xfc400d48                vConfigureTickInterrupt
                0xfc400e64                vApplicationFPUSafeIRQHandler
 .text          0xfc400e9c        0x0 ./src/event_groups.o
 .text          0xfc400e9c      0x2f0 ./src/heap_4.o
                0xfc400f10                pvPortMalloc
                0xfc4010c8                vPortFree
                0xfc401168                xPortGetFreeHeapSize
                0xfc401178                xPortGetMinimumEverFreeHeapSize
                0xfc401188                vPortInitialiseBlocks
 .text          0xfc40118c       0xec ./src/list.o
                0xfc40118c                vListInitialise
                0xfc4011b0                vListInitialiseItem
                0xfc4011bc                vListInsertEnd
                0xfc4011ec                vListInsert
                0xfc401240                uxListRemove
 .text          0xfc401278      0x17c ./src/main.o
                0xfc401278                tempFSBLCode
                0xfc40127c                GetVersionString
                0xfc4012bc                vApplicationMallocFailedHook
                0xfc4012c8                vApplicationStackOverflowHook
                0xfc4012d4                vApplicationIdleHook
                0xfc4012f8                vAssertCalled
                0xfc401328                vApplicationTickHook
                0xfc40132c                vInitialiseTimerForRunTimeStats
                0xfc4013ac                vApplicationGetIdleTaskMemory
                0xfc4013cc                vApplicationGetTimerTaskMemory
 .text          0xfc4013f4       0x60 ./src/platform.o
                0xfc4013f4                enable_caches
                0xfc4013f8                disable_caches
                0xfc401408                init_uart
                0xfc40140c                init_platform
                0xfc401450                cleanup_platform
 .text          0xfc401454      0x45c ./src/printf-stdarg.o
                0xfc401824                printf
                0xfc401850                sprintf
                0xfc401880                snprintf
 .text          0xfc4018b0      0x350 ./src/ps7_init_Nicola.o
                0xfc4018b0                getPS7MessageInfo
                0xfc4018cc                ps7GetSiliconVersion
                0xfc4018e0                mask_write
                0xfc4018f8                mask_poll
                0xfc401924                mask_read
                0xfc401930                perf_start_clock
                0xfc401944                perf_reset_clock
                0xfc401960                get_number_of_cycles_for_delay
                0xfc401980                perf_disable_clock
                0xfc401994                perf_reset_and_start_timer
                0xfc4019b0                ps7_config
                0xfc401ac0                ps7_post_config
                0xfc401af4                ps7_debug
                0xfc401b28                ps7_init
 .text          0xfc401c00     0x1174 ./src/queue.o
                0xfc401e8c                xQueueGenericReset
                0xfc401f34                xQueueGenericCreateStatic
                0xfc402024                xQueueGenericCreate
                0xfc4020a4                xQueueCreateCountingSemaphoreStatic
                0xfc402108                xQueueCreateCountingSemaphore
                0xfc402158                xQueueGenericSend
                0xfc402374                xQueueCreateMutex
                0xfc402398                xQueueCreateMutexStatic
                0xfc4023c8                xQueueGiveMutexRecursive
                0xfc40242c                xQueueGenericSendFromISR
                0xfc402558                xQueueGiveFromISR
                0xfc40265c                xQueueGenericReceive
                0xfc402864                xQueueTakeMutexRecursive
                0xfc4028d0                xQueueReceiveFromISR
                0xfc4029a0                xQueuePeekFromISR
                0xfc402a44                uxQueueMessagesWaiting
                0xfc402a74                uxQueueSpacesAvailable
                0xfc402aac                uxQueueMessagesWaitingFromISR
                0xfc402ad0                uxQueueGetQueueNumber
                0xfc402ad8                vQueueSetQueueNumber
                0xfc402ae0                ucQueueGetQueueType
                0xfc402ae8                xQueueIsQueueEmptyFromISR
                0xfc402b14                xQueueIsQueueFullFromISR
                0xfc402b48                vQueueAddToRegistry
                0xfc402b88                pcQueueGetName
                0xfc402bc4                vQueueUnregisterQueue
                0xfc402c04                vQueueDelete
                0xfc402c40                vQueueWaitForMessageRestricted
                0xfc402ca0                xQueueCreateSet
                0xfc402cac                xQueueAddToSet
                0xfc402ce8                xQueueRemoveFromSet
                0xfc402d2c                xQueueSelectFromSet
                0xfc402d54                xQueueSelectFromSetFromISR
 .text          0xfc402d74     0x20d0 ./src/tasks.o
                0xfc403198                xTaskCreateStatic
                0xfc403248                xTaskCreate
                0xfc4032d8                vTaskDelete
                0xfc4033d8                eTaskGetState
                0xfc403474                uxTaskPriorityGet
                0xfc4034a0                uxTaskPriorityGetFromISR
                0xfc4034d0                vTaskPrioritySet
                0xfc4035f0                vTaskResume
                0xfc403690                xTaskResumeFromISR
                0xfc403750                vTaskStartScheduler
                0xfc403808                vTaskEndScheduler
                0xfc403828                vTaskSuspendAll
                0xfc403840                xTaskGetTickCount
                0xfc403850                xTaskGetTickCountFromISR
                0xfc403868                uxTaskGetNumberOfTasks
                0xfc403878                pcTaskGetName
                0xfc4038b0                xTaskIncrementTick
                0xfc403a24                xTaskResumeAll
                0xfc403b3c                vTaskDelayUntil
                0xfc403c08                vTaskDelay
                0xfc403cf0                xTaskGetHandle
                0xfc403da8                xTaskAbortDelay
                0xfc403e58                vTaskSwitchContext
                0xfc403f44                vTaskSuspend
                0xfc404038                vTaskPlaceOnEventList
                0xfc404080                vTaskPlaceOnUnorderedEventList
                0xfc4040f0                vTaskPlaceOnEventListRestricted
                0xfc404144                xTaskRemoveFromEventList
                0xfc4041e8                xTaskRemoveFromUnorderedEventList
                0xfc404298                vTaskSetTimeOutState
                0xfc4042d0                xTaskCheckForTimeOut
                0xfc404394                vTaskMissedYield
                0xfc4043a8                uxTaskGetTaskNumber
                0xfc4043b4                vTaskSetTaskNumber
                0xfc4043c0                vTaskGetInfo
                0xfc404514                uxTaskGetSystemState
                0xfc4045e4                xTaskGetCurrentTaskHandle
                0xfc4045f4                xTaskGetSchedulerState
                0xfc404624                vTaskPriorityInherit
                0xfc4046f4                xTaskPriorityDisinherit
                0xfc4047f8                vTaskList
                0xfc404928                uxTaskResetEventItemValue
                0xfc404950                pvTaskIncrementMutexHeldCount
                0xfc404978                ulTaskNotifyTake
                0xfc404a08                xTaskNotifyWait
                0xfc404ac0                xTaskGenericNotify
                0xfc404bd4                xTaskGenericNotifyFromISR
                0xfc404d24                vTaskNotifyGiveFromISR
                0xfc404e0c                xTaskNotifyStateClear
 .text          0xfc404e44      0x864 ./src/timers.o
                0xfc404f2c                xTimerCreateTimerTask
                0xfc404fcc                xTimerCreate
                0xfc40503c                xTimerCreateStatic
                0xfc4050dc                xTimerGenericCommand
                0xfc4054d0                xTimerGetTimerDaemonTaskHandle
                0xfc405504                xTimerGetPeriod
                0xfc405528                xTimerGetExpiryTime
                0xfc40554c                pcTimerGetName
                0xfc405570                xTimerIsTimerActive
                0xfc4055a8                pvTimerGetTimerID
                0xfc4055d8                vTimerSetTimerID
                0xfc405608                xTimerPendFunctionCallFromISR
                0xfc405640                xTimerPendFunctionCall
 .text          0xfc4056a8     0x1428 ./NicolaCode/Bluetooth.o
                0xfc405a6c                BluetoothStartup
                0xfc405bb4                BluetoothBeginInquiry
                0xfc405c0c                DetermineChannelType
                0xfc405cc0                FindChannelTableFromMAC
                0xfc405d24                AllocateChannelTable
                0xfc405ddc                FindChannelTableFromLinkID
                0xfc405e2c                FindChannelTableFromSCOChannel
                0xfc405e7c                FindChannelTableFromRFCommChannel
                0xfc405ecc                FindChannelTableForTablet
 .text          0xfc406ad0      0x444 ./NicolaCode/ConsoleManager.o
                0xfc406cc8                ConsoleStartup
                0xfc406d5c                uart_ReceiveByteCheck
                0xfc406d74                uart_ReceiveByte
                0xfc406dac                uart_SendByte
                0xfc406de8                transmitToConsole
 .text          0xfc406f14      0x44c ./NicolaCode/DebugInterface.o
                0xfc40725c                DebugingGraham_Startup
                0xfc4072a8                Rx2Uart
 .text          0xfc407360      0x10c ./NicolaCode/Flash-SDCard.o
                0xfc407360                CDCardInit
                0xfc4073ec                CDFlashRead
                0xfc40742c                CDFlashWrite
 .text          0xfc40746c     0x2a68 ./NicolaCode/LCD_Display.o
                0xfc40757c                SetBeaconBeepTime
                0xfc4077e0                SetDebuggingState
                0xfc40786c                EffectTurnRadioOff
                0xfc407930                SetConfidenceBeepTime
                0xfc407b4c                SetKeypadCheckState
                0xfc407bdc                LCD_Startup
                0xfc407c54                hexToInt
                0xfc407c7c                LCD_Write_String
                0xfc409578                MenuMessageFromHostComputer
                0xfc409de8                AddReceivedTextToMenu
 .text          0xfc409ed4      0x510 ./NicolaCode/PSPLComms.o
                0xfc409ed4                PSPLComms_Initialise
                0xfc40a02c                intToHexChars
                0xfc40a058                LoadPicoFast
                0xfc40a0d8                ReadResponse
                0xfc40a1f0                TxSend
                0xfc40a344                RxReceive
 .text          0xfc40a3e4      0x1d0 ./NicolaCode/RadioInterface.o
                0xfc40a3e4                RadioInterfaceInit
                0xfc40a424                SetMicrophoneVolumeAbs
                0xfc40a440                SetMicrophoneVolume
                0xfc40a4b4                SetAerialType
                0xfc40a4b8                SetToneDetect
                0xfc40a508                SetAerialFrequency
                0xfc40a54c                SendPresetMessage
                0xfc40a558                SendWatchdogMessage
 .text          0xfc40a5b4      0x190 ./NicolaCode/RemoteProtocolHandler.o
                0xfc40a6b0                TextMessageStartup
 .text          0xfc40a744      0x540 ../../NicolaRadio_bsp/ps7_cortexa9_0/lib/libxil.a(xllfifo.o)
                0xfc40a744                XLlFifo_iRxOccupancy
                0xfc40a798                XLlFifo_iRxGetLen
                0xfc40a7ec                XLlFifo_iTxVacancy
                0xfc40a840                XLlFifo_iTxSetLen
                0xfc40a88c                XLlFifo_CfgInitialize
                0xfc40a9bc                XLlFifo_RxGetWord
                0xfc40a9dc                XLlFifo_iRead_Aligned
                0xfc40aa94                XLlFifo_TxPutWord
                0xfc40aaa8                XLlFifo_iWrite_Aligned
                0xfc40ab60                XLlFifo_Initialize
 .text          0xfc40ac84       0x38 ../../NicolaRadio_bsp/ps7_cortexa9_0/lib/libxil.a(xllfifo_sinit.o)
                0xfc40ac84                XLlFfio_LookupConfig
 .text          0xfc40acbc      0x350 ../../NicolaRadio_bsp/ps7_cortexa9_0/lib/libxil.a(xstreamer.o)
                0xfc40acbc                XStrm_RxInitialize
                0xfc40ad20                XStrm_TxInitialize
                0xfc40ad84                XStrm_RxGetLen
                0xfc40ada8                XStrm_Read
                0xfc40aed8                XStrm_TxSetLen
                0xfc40af20                XStrm_Write
 .text          0xfc40b00c      0x3c0 ../../NicolaRadio_bsp/ps7_cortexa9_0/lib/libxil.a(n3z_tonetest.o)
                0xfc40b00c                n3z_tonetest_CfgInitialize
                0xfc40b088                n3z_tonetest_values2recover_write
                0xfc40b0d0                n3z_tonetest_values2recover_read
                0xfc40b118                n3z_tonetest_n3zconfig_write
                0xfc40b164                n3z_tonetest_n3zconfig_read
                0xfc40b1b0                n3z_tonetest_audiovolume_write
                0xfc40b1fc                n3z_tonetest_audiovolume_read
                0xfc40b248                n3z_tonetest_adcgain_ave_peak_read
                0xfc40b294                n3z_tonetest_plstatus_read
                0xfc40b2e0                n3z_tonetest_starttoneamp_read
                0xfc40b334                n3z_tonetest_demodsignallevel_read
                0xfc40b380                n3z_tonetest_txaudiolevel_read
 .text          0xfc40b3cc       0x90 ../../NicolaRadio_bsp/ps7_cortexa9_0/lib/libxil.a(n3z_tonetest_sinit.o)
                0xfc40b3cc                n3z_tonetest_LookupConfig
                0xfc40b3e8                n3z_tonetest_Initialize
 .text          0xfc40b45c      0x930 ../../NicolaRadio_bsp/ps7_cortexa9_0/lib/libxil.a(xscugic.o)
                0xfc40b4ac                XScuGic_CfgInitialize
                0xfc40b664                XScuGic_Connect
                0xfc40b73c                XScuGic_Disconnect
                0xfc40b814                XScuGic_Enable
                0xfc40b8d0                XScuGic_Disable
                0xfc40b98c                XScuGic_SoftwareIntr
                0xfc40ba78                XScuGic_SetPriorityTriggerType
                0xfc40bbfc                XScuGic_GetPriorityTriggerType
                0xfc40bd3c                XScuGic_InterruptMaptoCpu
 .text          0xfc40bd8c        0x0 ../../NicolaRadio_bsp/ps7_cortexa9_0/lib/libxil.a(xscugic_g.o)
 .text          0xfc40bd8c       0x1c ../../NicolaRadio_bsp/ps7_cortexa9_0/lib/libxil.a(xscugic_sinit.o)
                0xfc40bd8c                XScuGic_LookupConfig
 .text          0xfc40bda8      0x314 ../../NicolaRadio_bsp/ps7_cortexa9_0/lib/libxil.a(xscutimer.o)
                0xfc40bda8                XScuTimer_CfgInitialize
                0xfc40be58                XScuTimer_Start
                0xfc40bef4                XScuTimer_Stop
                0xfc40bf88                XScuTimer_SetPrescaler
                0xfc40c030                XScuTimer_GetPrescaler
 .text          0xfc40c0bc       0x1c ../../NicolaRadio_bsp/ps7_cortexa9_0/lib/libxil.a(xscutimer_sinit.o)
                0xfc40c0bc                XScuTimer_LookupConfig
 .text          0xfc40c0d8      0x238 ../../NicolaRadio_bsp/ps7_cortexa9_0/lib/libxil.a(xscuwdt.o)
                0xfc40c0d8                XScuWdt_CfgInitialize
                0xfc40c1e0                XScuWdt_Start
                0xfc40c27c                XScuWdt_Stop
 .text          0xfc40c310       0x1c ../../NicolaRadio_bsp/ps7_cortexa9_0/lib/libxil.a(xscuwdt_sinit.o)
                0xfc40c310                XScuWdt_LookupConfig
 .text          0xfc40c32c     0x1130 ../../NicolaRadio_bsp/ps7_cortexa9_0/lib/libxil.a(xsdps.o)
                0xfc40c32c                XSdPs_CfgInitialize
                0xfc40c500                XSdPs_FrameCmd
                0xfc40c688                XSdPs_CmdTransfer
                0xfc40c860                XSdPs_SdCardInitialize
                0xfc40cb18                XSdPs_Select_Card
                0xfc40cb38                XSdPs_SetupADMA2DescTbl
                0xfc40cc00                XSdPs_ReadPolled
                0xfc40cd38                XSdPs_WritePolled
                0xfc40ce64                XSdPs_MmcCardInitialize
                0xfc40d064                XSdPs_CardInitialize
 .text          0xfc40d45c     0x10b8 ../../NicolaRadio_bsp/ps7_cortexa9_0/lib/libxil.a(xsdps_options.o)
                0xfc40d740                XSdPs_SetBlkSize
                0xfc40d81c                XSdPs_Get_BusWidth
                0xfc40d990                XSdPs_Change_BusWidth
                0xfc40db30                XSdPs_Get_BusSpeed
                0xfc40dc8c                XSdPs_Change_ClkFreq
                0xfc40de44                XSdPs_Change_BusSpeed
                0xfc40e0e0                XSdPs_Pullup
                0xfc40e194                XSdPs_Get_Mmc_ExtCsd
                0xfc40e2f0                XSdPs_Uhs_ModeInit
                0xfc40e504                XSdPs_SetTapDelay
 .text          0xfc40e514       0x1c ../../NicolaRadio_bsp/ps7_cortexa9_0/lib/libxil.a(xsdps_sinit.o)
                0xfc40e514                XSdPs_LookupConfig
 .text          0xfc40e530        0x0 ../../NicolaRadio_bsp/ps7_cortexa9_0/lib/libxil.a(asm_vectors.o)
 .text          0xfc40e530        0x0 ../../NicolaRadio_bsp/ps7_cortexa9_0/lib/libxil.a(boot.o)
 .text          0xfc40e530       0x48 ../../NicolaRadio_bsp/ps7_cortexa9_0/lib/libxil.a(sleep.o)
                0xfc40e530                sleep
 .text          0xfc40e578        0x0 ../../NicolaRadio_bsp/ps7_cortexa9_0/lib/libxil.a(translation_table.o)
 .text          0xfc40e578       0x44 ../../NicolaRadio_bsp/ps7_cortexa9_0/lib/libxil.a(usleep.o)
                0xfc40e578                usleep
 .text          0xfc40e5bc       0x78 ../../NicolaRadio_bsp/ps7_cortexa9_0/lib/libxil.a(vectors.o)
                0xfc40e5bc                UndefinedException
                0xfc40e5d0                FIQInterrupt
                0xfc40e5e4                IRQInterrupt
                0xfc40e5f8                SWInterrupt
                0xfc40e60c                DataAbortInterrupt
                0xfc40e620                PrefetchAbortInterrupt
 .text          0xfc40e634       0x78 ../../NicolaRadio_bsp/ps7_cortexa9_0/lib/libxil.a(xil-crt0.o)
                0xfc40e648                _start
 .text          0xfc40e6ac       0x34 ../../NicolaRadio_bsp/ps7_cortexa9_0/lib/libxil.a(xil_assert.o)
                0xfc40e6ac                Xil_Assert
                0xfc40e6cc                Xil_AssertSetCallback
                0xfc40e6dc                XNullHandler
 .text          0xfc40e6e0      0x9fc ../../NicolaRadio_bsp/ps7_cortexa9_0/lib/libxil.a(xil_cache.o)
                0xfc40e6e0                Xil_DCacheInvalidateLine
                0xfc40e724                Xil_DCacheFlushRange
                0xfc40e784                Xil_DCacheStoreLine
                0xfc40e7c4                Xil_ICacheInvalidateLine
                0xfc40e808                Xil_ICacheInvalidateRange
                0xfc40e860                Xil_L1DCacheInvalidate
                0xfc40e908                Xil_L1DCacheEnable
                0xfc40e928                Xil_L1DCacheInvalidateLine
                0xfc40e940                Xil_L1DCacheInvalidateRange
                0xfc40e988                Xil_L1DCacheFlush
                0xfc40ea18                Xil_L1DCacheDisable
                0xfc40ea30                Xil_L1DCacheFlushLine
                0xfc40ea48                Xil_L1DCacheFlushRange
                0xfc40ea90                Xil_L1DCacheStoreLine
                0xfc40eaa8                Xil_L1ICacheEnable
                0xfc40eac4                Xil_L1ICacheDisable
                0xfc40eae0                Xil_L1ICacheInvalidate
                0xfc40eaf8                Xil_L1ICacheInvalidateLine
                0xfc40eb10                Xil_L1ICacheInvalidateRange
                0xfc40eb58                Xil_L2CacheInvalidate
                0xfc40ebb4                Xil_DCacheInvalidate
                0xfc40ebd4                Xil_ICacheInvalidate
                0xfc40ec04                Xil_L2CacheEnable
                0xfc40ecb4                Xil_DCacheEnable
                0xfc40ecc4                Xil_ICacheEnable
                0xfc40ece0                Xil_L2CacheInvalidateLine
                0xfc40ecfc                Xil_L2CacheInvalidateRange
                0xfc40ed80                Xil_L2CacheFlush
                0xfc40ede4                Xil_DCacheFlush
                0xfc40ee04                Xil_L2CacheDisable
                0xfc40ee44                Xil_DCacheDisable
                0xfc40ee60                Xil_ICacheDisable
                0xfc40ee84                Xil_L2CacheFlushLine
                0xfc40eeb4                Xil_DCacheInvalidateRange
                0xfc40efd4                Xil_DCacheFlushLine
                0xfc40f03c                Xil_L2CacheFlushRange
                0xfc40f0c0                Xil_L2CacheStoreLine
 .text          0xfc40f0dc       0x58 ../../NicolaRadio_bsp/ps7_cortexa9_0/lib/libxil.a(xil_exception.o)
                0xfc40f0e0                Xil_DataAbortHandler
                0xfc40f0e8                Xil_PrefetchAbortHandler
                0xfc40f0f0                Xil_UndefinedExceptionHandler
                0xfc40f0f4                Xil_ExceptionInit
                0xfc40f0f8                Xil_ExceptionRegisterHandler
                0xfc40f110                Xil_ExceptionRemoveHandler
 .text          0xfc40f134       0x88 ../../NicolaRadio_bsp/ps7_cortexa9_0/lib/libxil.a(xil_io.o)
                0xfc40f134                Xil_In8
                0xfc40f13c                Xil_In16
                0xfc40f144                Xil_In32
                0xfc40f14c                Xil_Out8
                0xfc40f154                Xil_Out16
                0xfc40f15c                Xil_Out32
                0xfc40f164                Xil_In16BE
                0xfc40f178                Xil_In32BE
                0xfc40f184                Xil_Out16BE
                0xfc40f198                Xil_Out32BE
                0xfc40f1a4                Xil_EndianSwap16
                0xfc40f1b4                Xil_EndianSwap32
 .text          0xfc40f1bc      0x690 ../../NicolaRadio_bsp/ps7_cortexa9_0/lib/libxil.a(xil_printf.o)
                0xfc40f3cc                xil_printf
 .text          0xfc40f84c       0xa0 ../../NicolaRadio_bsp/ps7_cortexa9_0/lib/libxil.a(xtime_l.o)
                0xfc40f84c                XTime_SetTime
                0xfc40f89c                XTime_GetTime
 .text          0xfc40f8ec        0x0 ../../NicolaRadio_bsp/ps7_cortexa9_0/lib/libxil.a(xllfifo_g.o)
 .text          0xfc40f8ec        0x0 ../../NicolaRadio_bsp/ps7_cortexa9_0/lib/libxil.a(n3z_tonetest_g.o)
 .text          0xfc40f8ec        0x0 ../../NicolaRadio_bsp/ps7_cortexa9_0/lib/libxil.a(xscutimer_g.o)
 .text          0xfc40f8ec        0x0 ../../NicolaRadio_bsp/ps7_cortexa9_0/lib/libxil.a(xscuwdt_g.o)
 .text          0xfc40f8ec        0x0 ../../NicolaRadio_bsp/ps7_cortexa9_0/lib/libxil.a(xsdps_g.o)
 .text          0xfc40f8ec       0x3c ../../NicolaRadio_bsp/ps7_cortexa9_0/lib/libxil.a(cpu_init.o)
                0xfc40f8ec                __cpu_init
 .text          0xfc40f928        0xc ../../NicolaRadio_bsp/ps7_cortexa9_0/lib/libxil.a(outbyte.o)
                0xfc40f928                outbyte
 .text          0xfc40f934       0xec ../../NicolaRadio_bsp/ps7_cortexa9_0/lib/libxil.a(xuartps_hw.o)
                0xfc40f934                XUartPs_SendByte
                0xfc40f964                XUartPs_RecvByte
                0xfc40f990                XUartPs_ResetHw
 .text          0xfc40fa20      0x20c /opt/Xilinx/SDK/2016.2/gnu/aarch32/lin/gcc-arm-none-eabi/bin/../lib/gcc/arm-none-eabi/4.9.2/v7-a/fpv3/hard/libgcc.a(_udivsi3.o)
                0xfc40fa20                __udivsi3
                0xfc40fa20                __aeabi_uidiv
                0xfc40fc0c                __aeabi_uidivmod
 .text          0xfc40fc2c      0x240 /opt/Xilinx/SDK/2016.2/gnu/aarch32/lin/gcc-arm-none-eabi/bin/../lib/gcc/arm-none-eabi/4.9.2/v7-a/fpv3/hard/libgcc.a(_divsi3.o)
                0xfc40fc2c                __aeabi_idiv
                0xfc40fc2c                __divsi3
                0xfc40fe4c                __aeabi_idivmod
 .text          0xfc40fe6c        0x4 /opt/Xilinx/SDK/2016.2/gnu/aarch32/lin/gcc-arm-none-eabi/bin/../lib/gcc/arm-none-eabi/4.9.2/v7-a/fpv3/hard/libgcc.a(_dvmd_tls.o)
                0xfc40fe6c                __aeabi_ldiv0
                0xfc40fe6c                __aeabi_idiv0
 .text          0xfc40fe70       0x18 /opt/Xilinx/SDK/2016.2/gnu/aarch32/lin/gcc-arm-none-eabi/bin/../lib/gcc/arm-none-eabi/4.9.2/../../../../arm-none-eabi/lib/v7-a/fpv3/hard/libc.a(lib_a-atoi.o)
                0xfc40fe70                atoi
                0xfc40fe7c                _atoi_r
 .text          0xfc40fe88       0x18 /opt/Xilinx/SDK/2016.2/gnu/aarch32/lin/gcc-arm-none-eabi/bin/../lib/gcc/arm-none-eabi/4.9.2/../../../../arm-none-eabi/lib/v7-a/fpv3/hard/libc.a(lib_a-ctype_.o)
                0xfc40fe88                __set_ctype
 .text          0xfc40fea0       0x34 /opt/Xilinx/SDK/2016.2/gnu/aarch32/lin/gcc-arm-none-eabi/bin/../lib/gcc/arm-none-eabi/4.9.2/../../../../arm-none-eabi/lib/v7-a/fpv3/hard/libc.a(lib_a-exit.o)
                0xfc40fea0                exit
 .text          0xfc40fed4       0x40 /opt/Xilinx/SDK/2016.2/gnu/aarch32/lin/gcc-arm-none-eabi/bin/../lib/gcc/arm-none-eabi/4.9.2/../../../../arm-none-eabi/lib/v7-a/fpv3/hard/libc.a(lib_a-fini.o)
                0xfc40fed4                __libc_fini_array
 .text          0xfc40ff14        0x0 /opt/Xilinx/SDK/2016.2/gnu/aarch32/lin/gcc-arm-none-eabi/bin/../lib/gcc/arm-none-eabi/4.9.2/../../../../arm-none-eabi/lib/v7-a/fpv3/hard/libc.a(lib_a-impure.o)
 .text          0xfc40ff14       0x78 /opt/Xilinx/SDK/2016.2/gnu/aarch32/lin/gcc-arm-none-eabi/bin/../lib/gcc/arm-none-eabi/4.9.2/../../../../arm-none-eabi/lib/v7-a/fpv3/hard/libc.a(lib_a-init.o)
                0xfc40ff14                __libc_init_array
 .text          0xfc40ff8c       0x28 /opt/Xilinx/SDK/2016.2/gnu/aarch32/lin/gcc-arm-none-eabi/bin/../lib/gcc/arm-none-eabi/4.9.2/../../../../arm-none-eabi/lib/v7-a/fpv3/hard/libc.a(lib_a-malloc.o)
                0xfc40ff8c                malloc
                0xfc40ffa0                free
 .text          0xfc40ffb4      0x768 /opt/Xilinx/SDK/2016.2/gnu/aarch32/lin/gcc-arm-none-eabi/bin/../lib/gcc/arm-none-eabi/4.9.2/../../../../arm-none-eabi/lib/v7-a/fpv3/hard/libc.a(lib_a-mallocr.o)
                0xfc40ffb4                _malloc_r
 .text          0xfc41071c       0xa8 /opt/Xilinx/SDK/2016.2/gnu/aarch32/lin/gcc-arm-none-eabi/bin/../lib/gcc/arm-none-eabi/4.9.2/../../../../arm-none-eabi/lib/v7-a/fpv3/hard/libc.a(lib_a-memcmp.o)
                0xfc41071c                memcmp
 *fill*         0xfc4107c4       0x3c 
 .text          0xfc410800      0x600 /opt/Xilinx/SDK/2016.2/gnu/aarch32/lin/gcc-arm-none-eabi/bin/../lib/gcc/arm-none-eabi/4.9.2/../../../../arm-none-eabi/lib/v7-a/fpv3/hard/libc.a(lib_a-memcpy.o)
                0xfc410800                memcpy
 .text          0xfc410e00       0xf8 /opt/Xilinx/SDK/2016.2/gnu/aarch32/lin/gcc-arm-none-eabi/bin/../lib/gcc/arm-none-eabi/4.9.2/../../../../arm-none-eabi/lib/v7-a/fpv3/hard/libc.a(lib_a-memset.o)
                0xfc410e00                memset
 .text          0xfc410ef8        0x8 /opt/Xilinx/SDK/2016.2/gnu/aarch32/lin/gcc-arm-none-eabi/bin/../lib/gcc/arm-none-eabi/4.9.2/../../../../arm-none-eabi/lib/v7-a/fpv3/hard/libc.a(lib_a-mlock.o)
                0xfc410ef8                __malloc_lock
                0xfc410efc                __malloc_unlock
 .text          0xfc410f00       0x38 /opt/Xilinx/SDK/2016.2/gnu/aarch32/lin/gcc-arm-none-eabi/bin/../lib/gcc/arm-none-eabi/4.9.2/../../../../arm-none-eabi/lib/v7-a/fpv3/hard/libc.a(lib_a-sbrkr.o)
                0xfc410f00                _sbrk_r
 .text          0xfc410f38       0xf8 /opt/Xilinx/SDK/2016.2/gnu/aarch32/lin/gcc-arm-none-eabi/bin/../lib/gcc/arm-none-eabi/4.9.2/../../../../arm-none-eabi/lib/v7-a/fpv3/hard/libc.a(lib_a-strcpy.o)
                0xfc410f38                strcpy
 *fill*         0xfc411030       0x10 
 .text          0xfc411040      0x100 /opt/Xilinx/SDK/2016.2/gnu/aarch32/lin/gcc-arm-none-eabi/bin/../lib/gcc/arm-none-eabi/4.9.2/../../../../arm-none-eabi/lib/v7-a/fpv3/hard/libc.a(lib_a-strlen-armv7.o)
                0xfc411040                strlen
 .text          0xfc411140      0x110 /opt/Xilinx/SDK/2016.2/gnu/aarch32/lin/gcc-arm-none-eabi/bin/../lib/gcc/arm-none-eabi/4.9.2/../../../../arm-none-eabi/lib/v7-a/fpv3/hard/libc.a(lib_a-strncmp.o)
                0xfc411140                strncmp
 .text          0xfc411250       0xdc /opt/Xilinx/SDK/2016.2/gnu/aarch32/lin/gcc-arm-none-eabi/bin/../lib/gcc/arm-none-eabi/4.9.2/../../../../arm-none-eabi/lib/v7-a/fpv3/hard/libc.a(lib_a-strncpy.o)
                0xfc411250                strncpy
 .text          0xfc41132c      0x1fc /opt/Xilinx/SDK/2016.2/gnu/aarch32/lin/gcc-arm-none-eabi/bin/../lib/gcc/arm-none-eabi/4.9.2/../../../../arm-none-eabi/lib/v7-a/fpv3/hard/libc.a(lib_a-strtol.o)
                0xfc41132c                _strtol_r
                0xfc41150c                strtol
 .text          0xfc411528      0x168 /opt/Xilinx/SDK/2016.2/gnu/aarch32/lin/gcc-arm-none-eabi/bin/../lib/gcc/arm-none-eabi/4.9.2/../../../../arm-none-eabi/lib/v7-a/fpv3/hard/libc.a(lib_a-__call_atexit.o)
                0xfc411528                __call_exitprocs
 .text          0xfc411690       0x14 /opt/Xilinx/SDK/2016.2/gnu/aarch32/lin/gcc-arm-none-eabi/bin/../lib/gcc/arm-none-eabi/4.9.2/../../../../arm-none-eabi/lib/v7-a/fpv3/hard/libc.a(lib_a-atexit.o)
                0xfc411690                atexit
 .text          0xfc4116a4      0x3ac /opt/Xilinx/SDK/2016.2/gnu/aarch32/lin/gcc-arm-none-eabi/bin/../lib/gcc/arm-none-eabi/4.9.2/../../../../arm-none-eabi/lib/v7-a/fpv3/hard/libc.a(lib_a-freer.o)
                0xfc4116a4                _malloc_trim_r
                0xfc4117a0                _free_r
 .text          0xfc411a50      0x11c /opt/Xilinx/SDK/2016.2/gnu/aarch32/lin/gcc-arm-none-eabi/bin/../lib/gcc/arm-none-eabi/4.9.2/../../../../arm-none-eabi/lib/v7-a/fpv3/hard/libc.a(lib_a-reent.o)
                0xfc411a50                cleanup_glue
                0xfc411a7c                _reclaim_reent
 .text          0xfc411b6c       0xd8 /opt/Xilinx/SDK/2016.2/gnu/aarch32/lin/gcc-arm-none-eabi/bin/../lib/gcc/arm-none-eabi/4.9.2/../../../../arm-none-eabi/lib/v7-a/fpv3/hard/libc.a(lib_a-__atexit.o)
                0xfc411b6c                __register_exitproc
 .text          0xfc411c44        0x4 ../../NicolaRadio_bsp/ps7_cortexa9_0/lib/libxil.a(_exit.o)
                0xfc411c44                _exit
 .text          0xfc411c48       0x3c ../../NicolaRadio_bsp/ps7_cortexa9_0/lib/libxil.a(_sbrk.o)
                0xfc411c48                _sbrk
 .text          0xfc411c84        0x0 /opt/Xilinx/SDK/2016.2/gnu/aarch32/lin/gcc-arm-none-eabi/bin/../lib/gcc/arm-none-eabi/4.9.2/v7-a/fpv3/hard/crtend.o
 .text          0xfc411c84        0x0 /opt/Xilinx/SDK/2016.2/gnu/aarch32/lin/gcc-arm-none-eabi/bin/../lib/gcc/arm-none-eabi/4.9.2/v7-a/fpv3/hard/crtn.o
 *(.text.*)
 .text.startup  0xfc411c84      0x194 ./src/main.o
                0xfc411c84                main
 .text.startup  0xfc411e18       0x1c /opt/Xilinx/SDK/2016.2/gnu/aarch32/lin/gcc-arm-none-eabi/bin/../lib/gcc/arm-none-eabi/4.9.2/../../../../arm-none-eabi/lib/v7-a/fpv3/hard/libc.a(lib_a-__call_atexit.o)
 *(.gnu.linkonce.t.*)
 *(.plt)
 *(.gnu_warning)
 *(.gcc_execpt_table)
 *(.glue_7)
 .glue_7        0x00000000        0x0 linker stubs
 *(.glue_7t)
 .glue_7t       0x00000000        0x0 linker stubs
 *(.vfp11_veneer)
 .vfp11_veneer  0x00000000        0x0 linker stubs
 *(.ARM.extab)
 *(.gnu.linkonce.armextab.*)

.v4_bx          0xfc411e34        0x0
 .v4_bx         0x00000000        0x0 linker stubs

.init           0xfc411e34       0x18
 .init          0xfc411e34        0xc /opt/Xilinx/SDK/2016.2/gnu/aarch32/lin/gcc-arm-none-eabi/bin/../lib/gcc/arm-none-eabi/4.9.2/v7-a/fpv3/hard/crti.o
                0xfc411e34                _init
 .init          0xfc411e40        0xc /opt/Xilinx/SDK/2016.2/gnu/aarch32/lin/gcc-arm-none-eabi/bin/../lib/gcc/arm-none-eabi/4.9.2/v7-a/fpv3/hard/crtn.o

.fini           0xfc411e4c       0x18
 .fini          0xfc411e4c        0xc /opt/Xilinx/SDK/2016.2/gnu/aarch32/lin/gcc-arm-none-eabi/bin/../lib/gcc/arm-none-eabi/4.9.2/v7-a/fpv3/hard/crti.o
                0xfc411e4c                _fini
 .fini          0xfc411e58        0xc /opt/Xilinx/SDK/2016.2/gnu/aarch32/lin/gcc-arm-none-eabi/bin/../lib/gcc/arm-none-eabi/4.9.2/v7-a/fpv3/hard/crtn.o

.iplt           0xfc411e64        0x0
 .iplt          0x00000000        0x0 /opt/Xilinx/SDK/2016.2/gnu/aarch32/lin/gcc-arm-none-eabi/bin/../lib/gcc/arm-none-eabi/4.9.2/v7-a/fpv3/hard/crtbegin.o

.mmu_tbl        0xfc414000     0x4000
                0xfc414000                __mmu_tbl_start = .
 *(.mmu_tbl)
 .mmu_tbl       0xfc414000     0x4000 ../../NicolaRadio_bsp/ps7_cortexa9_0/lib/libxil.a(translation_table.o)
                0xfc414000                MMUTable
                0xfc418000                __mmu_tbl_end = .

.eh_frame       0xfc418000        0x4
 .eh_frame      0xfc418000        0x0 /opt/Xilinx/SDK/2016.2/gnu/aarch32/lin/gcc-arm-none-eabi/bin/../lib/gcc/arm-none-eabi/4.9.2/v7-a/fpv3/hard/crtbegin.o
 .eh_frame      0xfc418000        0x4 /opt/Xilinx/SDK/2016.2/gnu/aarch32/lin/gcc-arm-none-eabi/bin/../lib/gcc/arm-none-eabi/4.9.2/v7-a/fpv3/hard/crtend.o

.rodata         0xfc418004      0x134
 .rodata        0xfc418004       0x10 ./src/portable/port.o
                0xfc418004                ulMaxAPIPriorityMask
                0xfc418008                ulICCPMR
                0xfc41800c                ulICCEOIR
                0xfc418010                ulICCIAR
 .rodata        0xfc418014       0x18 ./src/ps7_init_Nicola.o
 .rodata        0xfc41802c        0x4 ./src/tasks.o
 .rodata        0xfc418030      0x104 /opt/Xilinx/SDK/2016.2/gnu/aarch32/lin/gcc-arm-none-eabi/bin/../lib/gcc/arm-none-eabi/4.9.2/../../../../arm-none-eabi/lib/v7-a/fpv3/hard/libc.a(lib_a-ctype_.o)
                0xfc418030                _ctype_
 .rodata        0xfc418134        0x4 /opt/Xilinx/SDK/2016.2/gnu/aarch32/lin/gcc-arm-none-eabi/bin/../lib/gcc/arm-none-eabi/4.9.2/../../../../arm-none-eabi/lib/v7-a/fpv3/hard/libc.a(lib_a-impure.o)
                0xfc418134                _global_impure_ptr

.rodata.str1.1  0xfc418138      0xc81
 .rodata.str1.1
                0xfc418138       0x17 ./src/portable/port.o
 .rodata.str1.1
                0xfc41814f       0x1e ./src/FreeRTOS_tick_config.o
 .rodata.str1.1
                0xfc41816d       0x10 ./src/heap_4.o
 .rodata.str1.1
                0xfc41817d       0x63 ./src/main.o
 .rodata.str1.1
                0xfc4181e0        0x7 ./src/printf-stdarg.o
 .rodata.str1.1
                0xfc4181e7       0xc6 ./src/ps7_init_Nicola.o
 .rodata.str1.1
                0xfc4182ad        0xf ./src/queue.o
 .rodata.str1.1
                0xfc4182bc       0x23 ./src/tasks.o
 .rodata.str1.1
                0xfc4182df       0x1d ./src/timers.o
 .rodata.str1.1
                0xfc4182fc      0x36c ./NicolaCode/Bluetooth.o
 .rodata.str1.1
                0xfc418668       0x20 ./NicolaCode/ConsoleManager.o
                                 0x23 (size before relaxing)
 .rodata.str1.1
                0xfc418688      0x29a ./NicolaCode/DebugInterface.o
 .rodata.str1.1
                0xfc418922       0x16 ./NicolaCode/Flash-SDCard.o
 .rodata.str1.1
                0xfc418938      0x371 ./NicolaCode/LCD_Display.o
                                0x387 (size before relaxing)
 .rodata.str1.1
                0xfc418ca9       0x39 ./NicolaCode/PSPLComms.o
                                 0x73 (size before relaxing)
 .rodata.str1.1
                0xfc418ce2       0x94 ./NicolaCode/RadioInterface.o
 .rodata.str1.1
                0xfc418d76       0x43 ./NicolaCode/RemoteProtocolHandler.o

.rodata.str1.4  0xfc418dbc       0x94
 .rodata.str1.4
                0xfc418dbc        0xa ../../NicolaRadio_bsp/ps7_cortexa9_0/lib/libxil.a(xllfifo.o)
                                  0xc (size before relaxing)
 *fill*         0xfc418dc6        0x2 
 .rodata.str1.4
                0xfc418dc8        0xc ../../NicolaRadio_bsp/ps7_cortexa9_0/lib/libxil.a(xstreamer.o)
 .rodata.str1.4
                0xfc418dd4        0xf ../../NicolaRadio_bsp/ps7_cortexa9_0/lib/libxil.a(n3z_tonetest.o)
                                 0x10 (size before relaxing)
 *fill*         0xfc418de3        0x1 
 .rodata.str1.4
                0xfc418de4       0x15 ../../NicolaRadio_bsp/ps7_cortexa9_0/lib/libxil.a(n3z_tonetest_sinit.o)
                                 0x18 (size before relaxing)
 *fill*         0xfc418df9        0x3 
 .rodata.str1.4
                0xfc418dfc        0xa ../../NicolaRadio_bsp/ps7_cortexa9_0/lib/libxil.a(xscugic.o)
                                  0xc (size before relaxing)
 *fill*         0xfc418e06        0x2 
 .rodata.str1.4
                0xfc418e08        0xc ../../NicolaRadio_bsp/ps7_cortexa9_0/lib/libxil.a(xscutimer.o)
 .rodata.str1.4
                0xfc418e14        0xa ../../NicolaRadio_bsp/ps7_cortexa9_0/lib/libxil.a(xscuwdt.o)
                                  0xc (size before relaxing)
 *fill*         0xfc418e1e        0x2 
 .rodata.str1.4
                0xfc418e20        0x8 ../../NicolaRadio_bsp/ps7_cortexa9_0/lib/libxil.a(xsdps.o)
 .rodata.str1.4
                0xfc418e28       0x10 ../../NicolaRadio_bsp/ps7_cortexa9_0/lib/libxil.a(xsdps_options.o)
 .rodata.str1.4
                0xfc418e38       0x11 ../../NicolaRadio_bsp/ps7_cortexa9_0/lib/libxil.a(xil_printf.o)
                                 0x14 (size before relaxing)
 *fill*         0xfc418e49        0x3 
 .rodata.str1.4
                0xfc418e4c        0x4 /opt/Xilinx/SDK/2016.2/gnu/aarch32/lin/gcc-arm-none-eabi/bin/../lib/gcc/arm-none-eabi/4.9.2/../../../../arm-none-eabi/lib/v7-a/fpv3/hard/libc.a(lib_a-impure.o)

.rel.dyn        0xfc418e50        0x0
 .rel.iplt      0x00000000        0x0 /opt/Xilinx/SDK/2016.2/gnu/aarch32/lin/gcc-arm-none-eabi/bin/../lib/gcc/arm-none-eabi/4.9.2/v7-a/fpv3/hard/crtbegin.o

.sdata2         0x00000000        0x0
                0x00000000                __sdata2_start = .
 *(.sdata2)
 *(.sdata2.*)
 *(.gnu.linkonce.s2.*)
                0x00000000                __sdata2_end = .

.sbss2          0x00000000        0x0
                0x00000000                __sbss2_start = .
 *(.sbss2)
 *(.sbss2.*)
 *(.gnu.linkonce.sb2.*)
                0x00000000                __sbss2_end = .

.data           0x00000000     0x2314 load address 0xfc418e50
                0x00000000                __data_start = .
                0x00000000                _dataVMA_start = .
 *(.data)
 .data          0x00000000        0x0 /opt/Xilinx/SDK/2016.2/gnu/aarch32/lin/gcc-arm-none-eabi/bin/../lib/gcc/arm-none-eabi/4.9.2/v7-a/fpv3/hard/crti.o
 .data          0x00000000        0x4 /opt/Xilinx/SDK/2016.2/gnu/aarch32/lin/gcc-arm-none-eabi/bin/../lib/gcc/arm-none-eabi/4.9.2/v7-a/fpv3/hard/crtbegin.o
                0x00000000                __dso_handle
 .data          0x00000004        0x4 ./src/portable/port.o
                0x00000004                ulCriticalNesting
 .data          0x00000008        0x0 ./src/portable/portASM.o
 .data          0x00000008        0x0 ./src/FreeRTOS_asm_vectors.o
 .data          0x00000008        0x0 ./src/FreeRTOS_tick_config.o
 .data          0x00000008        0x0 ./src/event_groups.o
 .data          0x00000008        0x0 ./src/heap_4.o
 .data          0x00000008        0x0 ./src/list.o
 .data          0x00000008        0xc ./src/main.o
                0x00000008                thisDate
                0x0000000c                VersionStringStart
                0x00000010                thisTime
 .data          0x00000014        0x0 ./src/platform.o
 .data          0x00000014        0x0 ./src/printf-stdarg.o
 .data          0x00000014      0xe00 ./src/ps7_init_Nicola.o
                0x00000014                ps7_post_config_1_0
                0x00000058                ps7_post_config_2_0
                0x0000009c                ps7_post_config_3_0
                0x000000e0                ps7_debug_1_0
                0x00000114                ps7_debug_2_0
                0x00000148                ps7_debug_3_0
                0x0000017c                ps7_mio_init_data
                0x00000180                ps7_mio_init_data_1_0
                0x00000274                ps7_pll_init_data
                0x00000278                ps7_pll_init_data_1_0
                0x00000400                ps7_clock_init_data
                0x00000404                ps7_clock_init_data_1_0
                0x000004a8                ps7_ddr_init_data
                0x000004ac                ps7_peripherals_init_data
                0x000004b0                ps7_peripherals_init_data_1_0
                0x000005bc                ps7_mio_init_data_2_0
                0x000006b0                ps7_pll_init_data_2_0
                0x00000838                ps7_clock_init_data_2_0
                0x000008dc                ps7_peripherals_init_data_2_0
                0x000009e8                ps7_mio_init_data_3_0
                0x00000adc                ps7_pll_init_data_3_0
                0x00000c64                ps7_clock_init_data_3_0
                0x00000d08                ps7_peripherals_init_data_3_0
 .data          0x00000e14        0x0 ./src/queue.o
 .data          0x00000e14        0x0 ./src/tasks.o
 .data          0x00000e14        0x0 ./src/timers.o
 .data          0x00000e14       0x4c ./NicolaCode/Bluetooth.o
                0x00000e14                BluetoothCommandEcho
                0x00000e18                StartupMessages
                0x00000e58                PinCodes
 .data          0x00000e60        0x0 ./NicolaCode/ConsoleManager.o
 .data          0x00000e60        0x0 ./NicolaCode/DebugInterface.o
 .data          0x00000e60        0x4 ./NicolaCode/Flash-SDCard.o
 .data          0x00000e64      0x5b4 ./NicolaCode/LCD_Display.o
                0x00000e64                MicrophoneVolume
                0x00000e68                theMenu_3
                0x00000ea4                VersionNumberSubMenu
                0x00000ec4                CurrentMenuPosition
                0x00000ec8                CurrentSubMenuPosition
                0x00000ecc                DisplayAerialEarthing
                0x00000ed0                WatchdogReplyUser
                0x00000ed4                WatchdogReplyKeypad
                0x00000ed8                turnRadioOffSetting1
                0x00000ef8                Nicola3Name
                0x00000efc                theMenu_4a
                0x00000f38                theMenu_4
                0x00000f74                theMenu_5
                0x00000fb0                theMenu_6
                0x00000fec                theMenu_7
                0x00001028                theMenu_7a
                0x00001064                theMenu_8
                0x000010a0                theMenu_8a
                0x000010dc                theMenu_9
                0x00001118                theMenu_99
                0x00001154                turnRadioOffSetting
                0x00001174                debugOff
                0x00001194                debugOn
                0x000011b4                keypadCheckOff
                0x000011d4                keypadCheckOn
                0x000011f4                TextMessageTestSetting4
                0x00001208                TextMessageTestSetting3
                0x0000121c                TextMessageTestSetting2
                0x00001230                TextMessageTestSetting
                0x00001244                TextMessageReceived4
                0x00001258                TextMessageReceived3
                0x0000126c                TextMessageReceived2
                0x00001280                TextMessageReceived
                0x00001294                BluetoothPairingSetting1
                0x000012b4                BluetoothPairingSetting
                0x000012d4                confidenceBeepSetting
                0x00001334                ToneDetectSetting1
                0x00001354                ToneDetectSetting0
                0x00001374                frequencySetting3
                0x00001394                frequencySetting2
                0x000013b4                frequencySetting
                0x000013d4                aerialTypeSetting1
                0x000013f4                aerialTypeSetting
                0x00001414                FrequencySetting
 .data          0x00001418        0x0 ./NicolaCode/PSPLComms.o
 .data          0x00001418        0x8 ./NicolaCode/RadioInterface.o
                0x00001418                toneDetectMask
                0x0000141c                frequencyMask
 .data          0x00001420        0x0 ./NicolaCode/RemoteProtocolHandler.o
 .data          0x00001420        0x0 ../../NicolaRadio_bsp/ps7_cortexa9_0/lib/libxil.a(xllfifo.o)
 .data          0x00001420        0x0 ../../NicolaRadio_bsp/ps7_cortexa9_0/lib/libxil.a(xllfifo_sinit.o)
 .data          0x00001420        0x0 ../../NicolaRadio_bsp/ps7_cortexa9_0/lib/libxil.a(xstreamer.o)
 .data          0x00001420        0x0 ../../NicolaRadio_bsp/ps7_cortexa9_0/lib/libxil.a(n3z_tonetest.o)
 .data          0x00001420        0x0 ../../NicolaRadio_bsp/ps7_cortexa9_0/lib/libxil.a(n3z_tonetest_sinit.o)
 .data          0x00001420        0x0 ../../NicolaRadio_bsp/ps7_cortexa9_0/lib/libxil.a(xscugic.o)
 .data          0x00001420      0x624 ../../NicolaRadio_bsp/ps7_cortexa9_0/lib/libxil.a(xscugic_g.o)
                0x00001420                XScuGic_ConfigTable
 .data          0x00001a44        0x0 ../../NicolaRadio_bsp/ps7_cortexa9_0/lib/libxil.a(xscugic_sinit.o)
 .data          0x00001a44        0x0 ../../NicolaRadio_bsp/ps7_cortexa9_0/lib/libxil.a(xscutimer.o)
 .data          0x00001a44        0x0 ../../NicolaRadio_bsp/ps7_cortexa9_0/lib/libxil.a(xscutimer_sinit.o)
 .data          0x00001a44        0x0 ../../NicolaRadio_bsp/ps7_cortexa9_0/lib/libxil.a(xscuwdt.o)
 .data          0x00001a44        0x0 ../../NicolaRadio_bsp/ps7_cortexa9_0/lib/libxil.a(xscuwdt_sinit.o)
 .data          0x00001a44        0x0 ../../NicolaRadio_bsp/ps7_cortexa9_0/lib/libxil.a(xsdps.o)
 .data          0x00001a44        0x0 ../../NicolaRadio_bsp/ps7_cortexa9_0/lib/libxil.a(xsdps_options.o)
 .data          0x00001a44        0x0 ../../NicolaRadio_bsp/ps7_cortexa9_0/lib/libxil.a(xsdps_sinit.o)
 .data          0x00001a44        0x0 ../../NicolaRadio_bsp/ps7_cortexa9_0/lib/libxil.a(asm_vectors.o)
 .data          0x00001a44        0x0 ../../NicolaRadio_bsp/ps7_cortexa9_0/lib/libxil.a(boot.o)
 .data          0x00001a44        0x0 ../../NicolaRadio_bsp/ps7_cortexa9_0/lib/libxil.a(sleep.o)
 .data          0x00001a44        0x0 ../../NicolaRadio_bsp/ps7_cortexa9_0/lib/libxil.a(translation_table.o)
 .data          0x00001a44        0x0 ../../NicolaRadio_bsp/ps7_cortexa9_0/lib/libxil.a(usleep.o)
 .data          0x00001a44        0x0 ../../NicolaRadio_bsp/ps7_cortexa9_0/lib/libxil.a(vectors.o)
 .data          0x00001a44        0x0 ../../NicolaRadio_bsp/ps7_cortexa9_0/lib/libxil.a(xil-crt0.o)
 .data          0x00001a44        0x0 ../../NicolaRadio_bsp/ps7_cortexa9_0/lib/libxil.a(xil_assert.o)
 .data          0x00001a44        0x0 ../../NicolaRadio_bsp/ps7_cortexa9_0/lib/libxil.a(xil_cache.o)
 .data          0x00001a44       0x38 ../../NicolaRadio_bsp/ps7_cortexa9_0/lib/libxil.a(xil_exception.o)
                0x00001a44                XExc_VectorTable
 .data          0x00001a7c        0x0 ../../NicolaRadio_bsp/ps7_cortexa9_0/lib/libxil.a(xil_io.o)
 .data          0x00001a7c        0x0 ../../NicolaRadio_bsp/ps7_cortexa9_0/lib/libxil.a(xil_printf.o)
 .data          0x00001a7c        0x0 ../../NicolaRadio_bsp/ps7_cortexa9_0/lib/libxil.a(xtime_l.o)
 .data          0x00001a7c       0x20 ../../NicolaRadio_bsp/ps7_cortexa9_0/lib/libxil.a(xllfifo_g.o)
                0x00001a7c                XLlFifo_ConfigTable
 .data          0x00001a9c        0x8 ../../NicolaRadio_bsp/ps7_cortexa9_0/lib/libxil.a(n3z_tonetest_g.o)
                0x00001a9c                n3z_tonetest_ConfigTable
 .data          0x00001aa4        0x8 ../../NicolaRadio_bsp/ps7_cortexa9_0/lib/libxil.a(xscutimer_g.o)
                0x00001aa4                XScuTimer_ConfigTable
 .data          0x00001aac        0x8 ../../NicolaRadio_bsp/ps7_cortexa9_0/lib/libxil.a(xscuwdt_g.o)
                0x00001aac                XScuWdt_ConfigTable
 .data          0x00001ab4       0x14 ../../NicolaRadio_bsp/ps7_cortexa9_0/lib/libxil.a(xsdps_g.o)
                0x00001ab4                XSdPs_ConfigTable
 .data          0x00001ac8        0x0 ../../NicolaRadio_bsp/ps7_cortexa9_0/lib/libxil.a(cpu_init.o)
 .data          0x00001ac8        0x0 ../../NicolaRadio_bsp/ps7_cortexa9_0/lib/libxil.a(outbyte.o)
 .data          0x00001ac8        0x0 ../../NicolaRadio_bsp/ps7_cortexa9_0/lib/libxil.a(xuartps_hw.o)
 .data          0x00001ac8        0x0 /opt/Xilinx/SDK/2016.2/gnu/aarch32/lin/gcc-arm-none-eabi/bin/../lib/gcc/arm-none-eabi/4.9.2/v7-a/fpv3/hard/libgcc.a(_udivsi3.o)
 .data          0x00001ac8        0x0 /opt/Xilinx/SDK/2016.2/gnu/aarch32/lin/gcc-arm-none-eabi/bin/../lib/gcc/arm-none-eabi/4.9.2/v7-a/fpv3/hard/libgcc.a(_divsi3.o)
 .data          0x00001ac8        0x0 /opt/Xilinx/SDK/2016.2/gnu/aarch32/lin/gcc-arm-none-eabi/bin/../lib/gcc/arm-none-eabi/4.9.2/v7-a/fpv3/hard/libgcc.a(_dvmd_tls.o)
 .data          0x00001ac8        0x0 /opt/Xilinx/SDK/2016.2/gnu/aarch32/lin/gcc-arm-none-eabi/bin/../lib/gcc/arm-none-eabi/4.9.2/../../../../arm-none-eabi/lib/v7-a/fpv3/hard/libc.a(lib_a-atoi.o)
 .data          0x00001ac8        0x4 /opt/Xilinx/SDK/2016.2/gnu/aarch32/lin/gcc-arm-none-eabi/bin/../lib/gcc/arm-none-eabi/4.9.2/../../../../arm-none-eabi/lib/v7-a/fpv3/hard/libc.a(lib_a-ctype_.o)
                0x00001ac8                __ctype_ptr__
 .data          0x00001acc        0x0 /opt/Xilinx/SDK/2016.2/gnu/aarch32/lin/gcc-arm-none-eabi/bin/../lib/gcc/arm-none-eabi/4.9.2/../../../../arm-none-eabi/lib/v7-a/fpv3/hard/libc.a(lib_a-exit.o)
 .data          0x00001acc        0x0 /opt/Xilinx/SDK/2016.2/gnu/aarch32/lin/gcc-arm-none-eabi/bin/../lib/gcc/arm-none-eabi/4.9.2/../../../../arm-none-eabi/lib/v7-a/fpv3/hard/libc.a(lib_a-fini.o)
 *fill*         0x00001acc        0x4 
 .data          0x00001ad0      0x430 /opt/Xilinx/SDK/2016.2/gnu/aarch32/lin/gcc-arm-none-eabi/bin/../lib/gcc/arm-none-eabi/4.9.2/../../../../arm-none-eabi/lib/v7-a/fpv3/hard/libc.a(lib_a-impure.o)
                0x00001ad0                _impure_ptr
 .data          0x00001f00        0x0 /opt/Xilinx/SDK/2016.2/gnu/aarch32/lin/gcc-arm-none-eabi/bin/../lib/gcc/arm-none-eabi/4.9.2/../../../../arm-none-eabi/lib/v7-a/fpv3/hard/libc.a(lib_a-init.o)
 .data          0x00001f00        0x0 /opt/Xilinx/SDK/2016.2/gnu/aarch32/lin/gcc-arm-none-eabi/bin/../lib/gcc/arm-none-eabi/4.9.2/../../../../arm-none-eabi/lib/v7-a/fpv3/hard/libc.a(lib_a-malloc.o)
 .data          0x00001f00      0x410 /opt/Xilinx/SDK/2016.2/gnu/aarch32/lin/gcc-arm-none-eabi/bin/../lib/gcc/arm-none-eabi/4.9.2/../../../../arm-none-eabi/lib/v7-a/fpv3/hard/libc.a(lib_a-mallocr.o)
                0x00001f00                __malloc_av_
                0x00002308                __malloc_sbrk_base
                0x0000230c                __malloc_trim_threshold
 .data          0x00002310        0x0 /opt/Xilinx/SDK/2016.2/gnu/aarch32/lin/gcc-arm-none-eabi/bin/../lib/gcc/arm-none-eabi/4.9.2/../../../../arm-none-eabi/lib/v7-a/fpv3/hard/libc.a(lib_a-memcmp.o)
 .data          0x00002310        0x0 /opt/Xilinx/SDK/2016.2/gnu/aarch32/lin/gcc-arm-none-eabi/bin/../lib/gcc/arm-none-eabi/4.9.2/../../../../arm-none-eabi/lib/v7-a/fpv3/hard/libc.a(lib_a-memcpy.o)
 .data          0x00002310        0x0 /opt/Xilinx/SDK/2016.2/gnu/aarch32/lin/gcc-arm-none-eabi/bin/../lib/gcc/arm-none-eabi/4.9.2/../../../../arm-none-eabi/lib/v7-a/fpv3/hard/libc.a(lib_a-memset.o)
 .data          0x00002310        0x0 /opt/Xilinx/SDK/2016.2/gnu/aarch32/lin/gcc-arm-none-eabi/bin/../lib/gcc/arm-none-eabi/4.9.2/../../../../arm-none-eabi/lib/v7-a/fpv3/hard/libc.a(lib_a-mlock.o)
 .data          0x00002310        0x0 /opt/Xilinx/SDK/2016.2/gnu/aarch32/lin/gcc-arm-none-eabi/bin/../lib/gcc/arm-none-eabi/4.9.2/../../../../arm-none-eabi/lib/v7-a/fpv3/hard/libc.a(lib_a-sbrkr.o)
 .data          0x00002310        0x0 /opt/Xilinx/SDK/2016.2/gnu/aarch32/lin/gcc-arm-none-eabi/bin/../lib/gcc/arm-none-eabi/4.9.2/../../../../arm-none-eabi/lib/v7-a/fpv3/hard/libc.a(lib_a-strcpy.o)
 .data          0x00002310        0x0 /opt/Xilinx/SDK/2016.2/gnu/aarch32/lin/gcc-arm-none-eabi/bin/../lib/gcc/arm-none-eabi/4.9.2/../../../../arm-none-eabi/lib/v7-a/fpv3/hard/libc.a(lib_a-strlen-armv7.o)
 .data          0x00002310        0x0 /opt/Xilinx/SDK/2016.2/gnu/aarch32/lin/gcc-arm-none-eabi/bin/../lib/gcc/arm-none-eabi/4.9.2/../../../../arm-none-eabi/lib/v7-a/fpv3/hard/libc.a(lib_a-strncmp.o)
 .data          0x00002310        0x0 /opt/Xilinx/SDK/2016.2/gnu/aarch32/lin/gcc-arm-none-eabi/bin/../lib/gcc/arm-none-eabi/4.9.2/../../../../arm-none-eabi/lib/v7-a/fpv3/hard/libc.a(lib_a-strncpy.o)
 .data          0x00002310        0x0 /opt/Xilinx/SDK/2016.2/gnu/aarch32/lin/gcc-arm-none-eabi/bin/../lib/gcc/arm-none-eabi/4.9.2/../../../../arm-none-eabi/lib/v7-a/fpv3/hard/libc.a(lib_a-strtol.o)
 .data          0x00002310        0x0 /opt/Xilinx/SDK/2016.2/gnu/aarch32/lin/gcc-arm-none-eabi/bin/../lib/gcc/arm-none-eabi/4.9.2/../../../../arm-none-eabi/lib/v7-a/fpv3/hard/libc.a(lib_a-__call_atexit.o)
 .data          0x00002310        0x0 /opt/Xilinx/SDK/2016.2/gnu/aarch32/lin/gcc-arm-none-eabi/bin/../lib/gcc/arm-none-eabi/4.9.2/../../../../arm-none-eabi/lib/v7-a/fpv3/hard/libc.a(lib_a-atexit.o)
 .data          0x00002310        0x0 /opt/Xilinx/SDK/2016.2/gnu/aarch32/lin/gcc-arm-none-eabi/bin/../lib/gcc/arm-none-eabi/4.9.2/../../../../arm-none-eabi/lib/v7-a/fpv3/hard/libc.a(lib_a-freer.o)
 .data          0x00002310        0x0 /opt/Xilinx/SDK/2016.2/gnu/aarch32/lin/gcc-arm-none-eabi/bin/../lib/gcc/arm-none-eabi/4.9.2/../../../../arm-none-eabi/lib/v7-a/fpv3/hard/libc.a(lib_a-reent.o)
 .data          0x00002310        0x0 /opt/Xilinx/SDK/2016.2/gnu/aarch32/lin/gcc-arm-none-eabi/bin/../lib/gcc/arm-none-eabi/4.9.2/../../../../arm-none-eabi/lib/v7-a/fpv3/hard/libc.a(lib_a-__atexit.o)
 .data          0x00002310        0x0 ../../NicolaRadio_bsp/ps7_cortexa9_0/lib/libxil.a(_exit.o)
 .data          0x00002310        0x0 ../../NicolaRadio_bsp/ps7_cortexa9_0/lib/libxil.a(_sbrk.o)
 .data          0x00002310        0x0 /opt/Xilinx/SDK/2016.2/gnu/aarch32/lin/gcc-arm-none-eabi/bin/../lib/gcc/arm-none-eabi/4.9.2/v7-a/fpv3/hard/crtend.o
 .data          0x00002310        0x0 /opt/Xilinx/SDK/2016.2/gnu/aarch32/lin/gcc-arm-none-eabi/bin/../lib/gcc/arm-none-eabi/4.9.2/v7-a/fpv3/hard/crtn.o
 *(.data.*)
 *(.gnu.linkonce.d.*)
 *(.jcr)
 .jcr           0x00002310        0x0 /opt/Xilinx/SDK/2016.2/gnu/aarch32/lin/gcc-arm-none-eabi/bin/../lib/gcc/arm-none-eabi/4.9.2/v7-a/fpv3/hard/crtbegin.o
 .jcr           0x00002310        0x4 /opt/Xilinx/SDK/2016.2/gnu/aarch32/lin/gcc-arm-none-eabi/bin/../lib/gcc/arm-none-eabi/4.9.2/v7-a/fpv3/hard/crtend.o
 *(.got)
 *(.got.plt)
                0x00002314                __data_end = .
                0x00002314                _dataVMA_end = .
                0xfc418e50                _dataLMA = LOADADDR (.data)

.init_array     0x00002314        0x4 load address 0xfc41b164
 .init_array    0x00002314        0x4 /opt/Xilinx/SDK/2016.2/gnu/aarch32/lin/gcc-arm-none-eabi/bin/../lib/gcc/arm-none-eabi/4.9.2/v7-a/fpv3/hard/crtbegin.o

.fini_array     0x00002318        0x4 load address 0xfc41b168
 .fini_array    0x00002318        0x4 /opt/Xilinx/SDK/2016.2/gnu/aarch32/lin/gcc-arm-none-eabi/bin/../lib/gcc/arm-none-eabi/4.9.2/v7-a/fpv3/hard/crtbegin.o

.tm_clone_table
                0x0000231c        0x0 load address 0xfc41b16c
 .tm_clone_table
                0x0000231c        0x0 /opt/Xilinx/SDK/2016.2/gnu/aarch32/lin/gcc-arm-none-eabi/bin/../lib/gcc/arm-none-eabi/4.9.2/v7-a/fpv3/hard/crtbegin.o
 .tm_clone_table
                0x0000231c        0x0 /opt/Xilinx/SDK/2016.2/gnu/aarch32/lin/gcc-arm-none-eabi/bin/../lib/gcc/arm-none-eabi/4.9.2/v7-a/fpv3/hard/crtend.o

.igot.plt       0x0000231c        0x0 load address 0xfc41b16c
 .igot.plt      0x00000000        0x0 /opt/Xilinx/SDK/2016.2/gnu/aarch32/lin/gcc-arm-none-eabi/bin/../lib/gcc/arm-none-eabi/4.9.2/v7-a/fpv3/hard/crtbegin.o

.got2           0x0000231c        0x0 load address 0xfc41b16c
 .got2          0x0000231c        0x0 ../../NicolaRadio_bsp/ps7_cortexa9_0/lib/libxil.a(xil-crt0.o)

.init_array.00000
                0x0000231c        0x4 load address 0xfc41b16c
 .init_array.00000
                0x0000231c        0x4 /opt/Xilinx/SDK/2016.2/gnu/aarch32/lin/gcc-arm-none-eabi/bin/../lib/gcc/arm-none-eabi/4.9.2/../../../../arm-none-eabi/lib/v7-a/fpv3/hard/libc.a(lib_a-__call_atexit.o)

.data1          0x00002320        0x0 load address 0xfc41b170
                0x00002320                __data1_start = .
 *(.data1)
 *(.data1.*)
                0x00002320                __data1_end = .

.sdata          0x00002320        0x0 load address 0xfc41b170
                0x00002320                __sdata_start = .
 *(.sdata)
 *(.sdata.*)
 *(.gnu.linkonce.s.*)
                0x00002320                __sdata_end = .

.sbss           0x00002320        0x0 load address 0xfc41b170
                0x00002320                __sbss_start = .
 *(.sbss)
 *(.sbss.*)
 *(.gnu.linkonce.sb.*)
                0x00002320                __sbss_end = .

.tdata          0x00002320        0x0 load address 0xfc41b170
                0x00002320                __tdata_start = .
 *(.tdata)
 *(.tdata.*)
 *(.gnu.linkonce.td.*)
                0x00002320                __tdata_end = .

.tbss           0x00002320        0x0 load address 0xfc41b170
                0x00002320                __tbss_start = .
 *(.tbss)
 *(.tbss.*)
 *(.gnu.linkonce.tb.*)
                0x00002320                __tbss_end = .

.bss            0x00002320     0x9490 load address 0xfc41b170
                0x00002320                __bss_start = .
 *(.bss)
 .bss           0x00002320        0x0 /opt/Xilinx/SDK/2016.2/gnu/aarch32/lin/gcc-arm-none-eabi/bin/../lib/gcc/arm-none-eabi/4.9.2/v7-a/fpv3/hard/crti.o
 .bss           0x00002320       0x1c /opt/Xilinx/SDK/2016.2/gnu/aarch32/lin/gcc-arm-none-eabi/bin/../lib/gcc/arm-none-eabi/4.9.2/v7-a/fpv3/hard/crtbegin.o
 .bss           0x0000233c        0xc ./src/portable/port.o
                0x0000233c                ulPortYieldRequired
                0x00002340                ulPortTaskHasFPUContext
                0x00002344                ulPortInterruptNesting
 .bss           0x00002348        0x0 ./src/portable/portASM.o
 .bss           0x00002348        0x0 ./src/FreeRTOS_asm_vectors.o
 .bss           0x00002348       0x10 ./src/FreeRTOS_tick_config.o
 .bss           0x00002358        0x0 ./src/event_groups.o
 .bss           0x00002358     0x7818 ./src/heap_4.o
 .bss           0x00009b70        0x0 ./src/list.o
 .bss           0x00009b70      0xcb0 ./src/main.o
 .bss           0x0000a820        0x0 ./src/platform.o
 .bss           0x0000a820        0x0 ./src/printf-stdarg.o
 .bss           0x0000a820        0x0 ./src/ps7_init_Nicola.o
                0x0000a820                ps7_ddr_init_data_1_0
                0x0000a820                ps7_ddr_init_data_2_0
                0x0000a820                ps7_ddr_init_data_3_0
 .bss           0x0000a820        0x0 ./src/queue.o
 .bss           0x0000a820      0x12c ./src/tasks.o
                0x0000a824                pxCurrentTCB
 .bss           0x0000a94c       0xe0 ./src/timers.o
 .bss           0x0000aa2c       0x84 ./NicolaCode/Bluetooth.o
                0x0000aaac                RfcommIsOpen
 .bss           0x0000aab0        0x0 ./NicolaCode/ConsoleManager.o
 .bss           0x0000aab0        0x4 ./NicolaCode/DebugInterface.o
 *fill*         0x0000aab4        0xc 
 .bss           0x0000aac0      0x160 ./NicolaCode/Flash-SDCard.o
 .bss           0x0000ac20      0x724 ./NicolaCode/LCD_Display.o
                0x0000b030                flashOffset
                0x0000b238                DisplayVolumeCounter
                0x0000b240                firstMenuItem
                0x0000b244                CDCardRunning
                0x0000b33c                WatchdogCounter
                0x0000b340                ToneDetectSetting
 .bss           0x0000b344        0x8 ./NicolaCode/PSPLComms.o
 .bss           0x0000b34c        0x4 ./NicolaCode/RadioInterface.o
                0x0000b34c                InstancePtr
 .bss           0x0000b350        0x0 ./NicolaCode/RemoteProtocolHandler.o
 .bss           0x0000b350        0x0 ../../NicolaRadio_bsp/ps7_cortexa9_0/lib/libxil.a(xllfifo.o)
 .bss           0x0000b350        0x0 ../../NicolaRadio_bsp/ps7_cortexa9_0/lib/libxil.a(xllfifo_sinit.o)
 .bss           0x0000b350        0x0 ../../NicolaRadio_bsp/ps7_cortexa9_0/lib/libxil.a(xstreamer.o)
 .bss           0x0000b350        0x0 ../../NicolaRadio_bsp/ps7_cortexa9_0/lib/libxil.a(n3z_tonetest.o)
 .bss           0x0000b350        0x0 ../../NicolaRadio_bsp/ps7_cortexa9_0/lib/libxil.a(n3z_tonetest_sinit.o)
 .bss           0x0000b350        0x0 ../../NicolaRadio_bsp/ps7_cortexa9_0/lib/libxil.a(xscugic.o)
 .bss           0x0000b350        0x0 ../../NicolaRadio_bsp/ps7_cortexa9_0/lib/libxil.a(xscugic_g.o)
 .bss           0x0000b350        0x0 ../../NicolaRadio_bsp/ps7_cortexa9_0/lib/libxil.a(xscugic_sinit.o)
 .bss           0x0000b350        0x0 ../../NicolaRadio_bsp/ps7_cortexa9_0/lib/libxil.a(xscutimer.o)
 .bss           0x0000b350        0x0 ../../NicolaRadio_bsp/ps7_cortexa9_0/lib/libxil.a(xscutimer_sinit.o)
 .bss           0x0000b350        0x0 ../../NicolaRadio_bsp/ps7_cortexa9_0/lib/libxil.a(xscuwdt.o)
 .bss           0x0000b350        0x0 ../../NicolaRadio_bsp/ps7_cortexa9_0/lib/libxil.a(xscuwdt_sinit.o)
 *fill*         0x0000b350       0x10 
 .bss           0x0000b360      0x200 ../../NicolaRadio_bsp/ps7_cortexa9_0/lib/libxil.a(xsdps.o)
 .bss           0x0000b560        0x0 ../../NicolaRadio_bsp/ps7_cortexa9_0/lib/libxil.a(xsdps_options.o)
 .bss           0x0000b560        0x0 ../../NicolaRadio_bsp/ps7_cortexa9_0/lib/libxil.a(xsdps_sinit.o)
 .bss           0x0000b560        0x0 ../../NicolaRadio_bsp/ps7_cortexa9_0/lib/libxil.a(asm_vectors.o)
 .bss           0x0000b560        0x0 ../../NicolaRadio_bsp/ps7_cortexa9_0/lib/libxil.a(boot.o)
 .bss           0x0000b560        0x0 ../../NicolaRadio_bsp/ps7_cortexa9_0/lib/libxil.a(sleep.o)
 .bss           0x0000b560        0x0 ../../NicolaRadio_bsp/ps7_cortexa9_0/lib/libxil.a(translation_table.o)
 .bss           0x0000b560        0x0 ../../NicolaRadio_bsp/ps7_cortexa9_0/lib/libxil.a(usleep.o)
 .bss           0x0000b560        0x0 ../../NicolaRadio_bsp/ps7_cortexa9_0/lib/libxil.a(vectors.o)
 .bss           0x0000b560        0x0 ../../NicolaRadio_bsp/ps7_cortexa9_0/lib/libxil.a(xil-crt0.o)
 .bss           0x0000b560        0x4 ../../NicolaRadio_bsp/ps7_cortexa9_0/lib/libxil.a(xil_assert.o)
 .bss           0x0000b564        0x0 ../../NicolaRadio_bsp/ps7_cortexa9_0/lib/libxil.a(xil_cache.o)
 .bss           0x0000b564        0x0 ../../NicolaRadio_bsp/ps7_cortexa9_0/lib/libxil.a(xil_exception.o)
 .bss           0x0000b564        0x0 ../../NicolaRadio_bsp/ps7_cortexa9_0/lib/libxil.a(xil_io.o)
 .bss           0x0000b564        0x0 ../../NicolaRadio_bsp/ps7_cortexa9_0/lib/libxil.a(xil_printf.o)
 .bss           0x0000b564        0x0 ../../NicolaRadio_bsp/ps7_cortexa9_0/lib/libxil.a(xtime_l.o)
 .bss           0x0000b564        0x0 ../../NicolaRadio_bsp/ps7_cortexa9_0/lib/libxil.a(xllfifo_g.o)
 .bss           0x0000b564        0x0 ../../NicolaRadio_bsp/ps7_cortexa9_0/lib/libxil.a(n3z_tonetest_g.o)
 .bss           0x0000b564        0x0 ../../NicolaRadio_bsp/ps7_cortexa9_0/lib/libxil.a(xscutimer_g.o)
 .bss           0x0000b564        0x0 ../../NicolaRadio_bsp/ps7_cortexa9_0/lib/libxil.a(xscuwdt_g.o)
 .bss           0x0000b564        0x0 ../../NicolaRadio_bsp/ps7_cortexa9_0/lib/libxil.a(xsdps_g.o)
 .bss           0x0000b564        0x0 ../../NicolaRadio_bsp/ps7_cortexa9_0/lib/libxil.a(cpu_init.o)
 .bss           0x0000b564        0x0 ../../NicolaRadio_bsp/ps7_cortexa9_0/lib/libxil.a(outbyte.o)
 .bss           0x0000b564        0x0 ../../NicolaRadio_bsp/ps7_cortexa9_0/lib/libxil.a(xuartps_hw.o)
 .bss           0x0000b564        0x0 /opt/Xilinx/SDK/2016.2/gnu/aarch32/lin/gcc-arm-none-eabi/bin/../lib/gcc/arm-none-eabi/4.9.2/v7-a/fpv3/hard/libgcc.a(_udivsi3.o)
 .bss           0x0000b564        0x0 /opt/Xilinx/SDK/2016.2/gnu/aarch32/lin/gcc-arm-none-eabi/bin/../lib/gcc/arm-none-eabi/4.9.2/v7-a/fpv3/hard/libgcc.a(_divsi3.o)
 .bss           0x0000b564        0x0 /opt/Xilinx/SDK/2016.2/gnu/aarch32/lin/gcc-arm-none-eabi/bin/../lib/gcc/arm-none-eabi/4.9.2/v7-a/fpv3/hard/libgcc.a(_dvmd_tls.o)
 .bss           0x0000b564        0x0 /opt/Xilinx/SDK/2016.2/gnu/aarch32/lin/gcc-arm-none-eabi/bin/../lib/gcc/arm-none-eabi/4.9.2/../../../../arm-none-eabi/lib/v7-a/fpv3/hard/libc.a(lib_a-atoi.o)
 .bss           0x0000b564        0x0 /opt/Xilinx/SDK/2016.2/gnu/aarch32/lin/gcc-arm-none-eabi/bin/../lib/gcc/arm-none-eabi/4.9.2/../../../../arm-none-eabi/lib/v7-a/fpv3/hard/libc.a(lib_a-ctype_.o)
 .bss           0x0000b564        0x0 /opt/Xilinx/SDK/2016.2/gnu/aarch32/lin/gcc-arm-none-eabi/bin/../lib/gcc/arm-none-eabi/4.9.2/../../../../arm-none-eabi/lib/v7-a/fpv3/hard/libc.a(lib_a-exit.o)
 .bss           0x0000b564        0x0 /opt/Xilinx/SDK/2016.2/gnu/aarch32/lin/gcc-arm-none-eabi/bin/../lib/gcc/arm-none-eabi/4.9.2/../../../../arm-none-eabi/lib/v7-a/fpv3/hard/libc.a(lib_a-fini.o)
 .bss           0x0000b564        0x0 /opt/Xilinx/SDK/2016.2/gnu/aarch32/lin/gcc-arm-none-eabi/bin/../lib/gcc/arm-none-eabi/4.9.2/../../../../arm-none-eabi/lib/v7-a/fpv3/hard/libc.a(lib_a-impure.o)
 .bss           0x0000b564        0x0 /opt/Xilinx/SDK/2016.2/gnu/aarch32/lin/gcc-arm-none-eabi/bin/../lib/gcc/arm-none-eabi/4.9.2/../../../../arm-none-eabi/lib/v7-a/fpv3/hard/libc.a(lib_a-init.o)
 .bss           0x0000b564        0x0 /opt/Xilinx/SDK/2016.2/gnu/aarch32/lin/gcc-arm-none-eabi/bin/../lib/gcc/arm-none-eabi/4.9.2/../../../../arm-none-eabi/lib/v7-a/fpv3/hard/libc.a(lib_a-malloc.o)
 .bss           0x0000b564       0x34 /opt/Xilinx/SDK/2016.2/gnu/aarch32/lin/gcc-arm-none-eabi/bin/../lib/gcc/arm-none-eabi/4.9.2/../../../../arm-none-eabi/lib/v7-a/fpv3/hard/libc.a(lib_a-mallocr.o)
                0x0000b564                __malloc_top_pad
                0x0000b568                __malloc_current_mallinfo
                0x0000b590                __malloc_max_sbrked_mem
                0x0000b594                __malloc_max_total_mem
 .bss           0x0000b598        0x0 /opt/Xilinx/SDK/2016.2/gnu/aarch32/lin/gcc-arm-none-eabi/bin/../lib/gcc/arm-none-eabi/4.9.2/../../../../arm-none-eabi/lib/v7-a/fpv3/hard/libc.a(lib_a-memcmp.o)
 .bss           0x0000b598        0x0 /opt/Xilinx/SDK/2016.2/gnu/aarch32/lin/gcc-arm-none-eabi/bin/../lib/gcc/arm-none-eabi/4.9.2/../../../../arm-none-eabi/lib/v7-a/fpv3/hard/libc.a(lib_a-memcpy.o)
 .bss           0x0000b598        0x0 /opt/Xilinx/SDK/2016.2/gnu/aarch32/lin/gcc-arm-none-eabi/bin/../lib/gcc/arm-none-eabi/4.9.2/../../../../arm-none-eabi/lib/v7-a/fpv3/hard/libc.a(lib_a-memset.o)
 .bss           0x0000b598        0x0 /opt/Xilinx/SDK/2016.2/gnu/aarch32/lin/gcc-arm-none-eabi/bin/../lib/gcc/arm-none-eabi/4.9.2/../../../../arm-none-eabi/lib/v7-a/fpv3/hard/libc.a(lib_a-mlock.o)
 .bss           0x0000b598        0x0 /opt/Xilinx/SDK/2016.2/gnu/aarch32/lin/gcc-arm-none-eabi/bin/../lib/gcc/arm-none-eabi/4.9.2/../../../../arm-none-eabi/lib/v7-a/fpv3/hard/libc.a(lib_a-sbrkr.o)
 .bss           0x0000b598        0x0 /opt/Xilinx/SDK/2016.2/gnu/aarch32/lin/gcc-arm-none-eabi/bin/../lib/gcc/arm-none-eabi/4.9.2/../../../../arm-none-eabi/lib/v7-a/fpv3/hard/libc.a(lib_a-strcpy.o)
 .bss           0x0000b598        0x0 /opt/Xilinx/SDK/2016.2/gnu/aarch32/lin/gcc-arm-none-eabi/bin/../lib/gcc/arm-none-eabi/4.9.2/../../../../arm-none-eabi/lib/v7-a/fpv3/hard/libc.a(lib_a-strlen-armv7.o)
 .bss           0x0000b598        0x0 /opt/Xilinx/SDK/2016.2/gnu/aarch32/lin/gcc-arm-none-eabi/bin/../lib/gcc/arm-none-eabi/4.9.2/../../../../arm-none-eabi/lib/v7-a/fpv3/hard/libc.a(lib_a-strncmp.o)
 .bss           0x0000b598        0x0 /opt/Xilinx/SDK/2016.2/gnu/aarch32/lin/gcc-arm-none-eabi/bin/../lib/gcc/arm-none-eabi/4.9.2/../../../../arm-none-eabi/lib/v7-a/fpv3/hard/libc.a(lib_a-strncpy.o)
 .bss           0x0000b598        0x0 /opt/Xilinx/SDK/2016.2/gnu/aarch32/lin/gcc-arm-none-eabi/bin/../lib/gcc/arm-none-eabi/4.9.2/../../../../arm-none-eabi/lib/v7-a/fpv3/hard/libc.a(lib_a-strtol.o)
 .bss           0x0000b598        0x0 /opt/Xilinx/SDK/2016.2/gnu/aarch32/lin/gcc-arm-none-eabi/bin/../lib/gcc/arm-none-eabi/4.9.2/../../../../arm-none-eabi/lib/v7-a/fpv3/hard/libc.a(lib_a-__call_atexit.o)
 .bss           0x0000b598        0x0 /opt/Xilinx/SDK/2016.2/gnu/aarch32/lin/gcc-arm-none-eabi/bin/../lib/gcc/arm-none-eabi/4.9.2/../../../../arm-none-eabi/lib/v7-a/fpv3/hard/libc.a(lib_a-atexit.o)
 .bss           0x0000b598        0x0 /opt/Xilinx/SDK/2016.2/gnu/aarch32/lin/gcc-arm-none-eabi/bin/../lib/gcc/arm-none-eabi/4.9.2/../../../../arm-none-eabi/lib/v7-a/fpv3/hard/libc.a(lib_a-freer.o)
 .bss           0x0000b598        0x0 /opt/Xilinx/SDK/2016.2/gnu/aarch32/lin/gcc-arm-none-eabi/bin/../lib/gcc/arm-none-eabi/4.9.2/../../../../arm-none-eabi/lib/v7-a/fpv3/hard/libc.a(lib_a-reent.o)
 .bss           0x0000b598        0x0 /opt/Xilinx/SDK/2016.2/gnu/aarch32/lin/gcc-arm-none-eabi/bin/../lib/gcc/arm-none-eabi/4.9.2/../../../../arm-none-eabi/lib/v7-a/fpv3/hard/libc.a(lib_a-__atexit.o)
 .bss           0x0000b598        0x0 ../../NicolaRadio_bsp/ps7_cortexa9_0/lib/libxil.a(_exit.o)
 .bss           0x0000b598        0x4 ../../NicolaRadio_bsp/ps7_cortexa9_0/lib/libxil.a(_sbrk.o)
 .bss           0x0000b59c        0x0 /opt/Xilinx/SDK/2016.2/gnu/aarch32/lin/gcc-arm-none-eabi/bin/../lib/gcc/arm-none-eabi/4.9.2/v7-a/fpv3/hard/crtend.o
 .bss           0x0000b59c        0x0 /opt/Xilinx/SDK/2016.2/gnu/aarch32/lin/gcc-arm-none-eabi/bin/../lib/gcc/arm-none-eabi/4.9.2/v7-a/fpv3/hard/crtn.o
 *(.bss.*)
 *(.gnu.linkonce.b.*)
 *(COMMON)
 COMMON         0x0000b59c        0xc ./src/FreeRTOS_tick_config.o
                0x0000b59c                xInterruptController
 COMMON         0x0000b5a8       0x51 ./src/main.o
                0x0000b5a8                xWatchDogInstance
                0x0000b5b8                thisNicolaSettings
                0x0000b5e7                VersionString
 *fill*         0x0000b5f9        0x3 
 COMMON         0x0000b5fc       0x40 ./src/queue.o
                0x0000b5fc                xQueueRegistry
 COMMON         0x0000b63c       0x10 ./NicolaCode/Bluetooth.o
                0x0000b63c                BluetoothIOTask
                0x0000b640                BluegigaTransmitQueue
                0x0000b644                consoleQueue
                0x0000b648                BluegigaReceiveQueue
 COMMON         0x0000b64c        0x8 ./NicolaCode/ConsoleManager.o
                0x0000b64c                consoleReceiveQueue
                0x0000b650                consoleTransmitQueue
 COMMON         0x0000b654        0x4 ./NicolaCode/DebugInterface.o
                0x0000b654                DebugControlQueue
 COMMON         0x0000b658       0x64 ./NicolaCode/LCD_Display.o
                0x0000b658                theMenu_5a
                0x0000b694                Gpio
                0x0000b6b4                pageData
                0x0000b6b8                KeysReceivedQueue
 COMMON         0x0000b6bc       0xd8 ./NicolaCode/PSPLComms.o
                0x0000b6bc                DataFifo
                0x0000b720                PLTransmitQueue
                0x0000b724                PSPLFifo
                0x0000b788                ToneTestInstancePtr
                0x0000b78c                Buffer
                0x0000b790                TextMessageTransmitQueue
 COMMON         0x0000b794        0x8 ./NicolaCode/RemoteProtocolHandler.o
                0x0000b794                MessageFromAndriodQueue
                0x0000b798                MessageFromRemoteNicolasQueue
 COMMON         0x0000b79c        0x4 ../../NicolaRadio_bsp/ps7_cortexa9_0/lib/libxil.a(xil_assert.o)
                0x0000b79c                Xil_AssertStatus
 COMMON         0x0000b7a0        0xc ../../NicolaRadio_bsp/ps7_cortexa9_0/lib/libxil.a(xil_exception.o)
                0x0000b7a0                UndefinedExceptionAddr
                0x0000b7a4                PrefetchAbortAddr
                0x0000b7a8                DataAbortAddr
 COMMON         0x0000b7ac        0x4 /opt/Xilinx/SDK/2016.2/gnu/aarch32/lin/gcc-arm-none-eabi/bin/../lib/gcc/arm-none-eabi/4.9.2/../../../../arm-none-eabi/lib/v7-a/fpv3/hard/libc.a(lib_a-reent.o)
                0x0000b7ac                errno
                0x0000b7b0                __bss_end = .

.heap           0xffff0000     0xa000
                0xffff0000                . = ALIGN (0x10)
                0xffff0000                _heap = .
                0xffff0000                HeapBase = .
                0xffff0000                _heap_start = .
                0xffffa000                . = (. + _HEAP_SIZE)
 *fill*         0xffff0000     0xa000 
                0xffffa000                _heap_end = .
                0xffffa000                HeapLimit = .

.stack          0xffffa000     0x3800
                0xffffa000                . = ALIGN (0x10)
                0xffffa000                _stack_end = .
                0xffffc000                . = (. + _STACK_SIZE)
 *fill*         0xffffa000     0x2000 
                0xffffc000                _stack = .
                0xffffc000                __stack = _stack
                0xffffc000                . = ALIGN (0x10)
                0xffffc000                _irq_stack_end = .
                0xffffc400                . = (. + _IRQ_STACK_SIZE)
 *fill*         0xffffc000      0x400 
                0xffffc400                __irq_stack = .
                0xffffc400                _supervisor_stack_end = .
                0xffffcc00                . = (. + _SUPERVISOR_STACK_SIZE)
 *fill*         0xffffc400      0x800 
                0xffffcc00                . = ALIGN (0x10)
                0xffffcc00                __supervisor_stack = .
                0xffffcc00                _abort_stack_end = .
                0xffffd000                . = (. + _ABORT_STACK_SIZE)
 *fill*         0xffffcc00      0x400 
                0xffffd000                . = ALIGN (0x10)
                0xffffd000                __abort_stack = .
                0xffffd000                _fiq_stack_end = .
                0xffffd400                . = (. + _FIQ_STACK_SIZE)
 *fill*         0xffffd000      0x400 
                0xffffd400                . = ALIGN (0x10)
                0xffffd400                __fiq_stack = .
                0xffffd400                _undef_stack_end = .
                0xffffd800                . = (. + _UNDEF_STACK_SIZE)
 *fill*         0xffffd400      0x400 
                0xffffd800                . = ALIGN (0x10)
                0xffffd800                __undef_stack = .
                0xffffd800                _end = .
LOAD ./src/portable/port.o
LOAD ./src/portable/portASM.o
LOAD ./src/FreeRTOS_asm_vectors.o
LOAD ./src/FreeRTOS_tick_config.o
LOAD ./src/event_groups.o
LOAD ./src/heap_4.o
LOAD ./src/list.o
LOAD ./src/main.o
LOAD ./src/platform.o
LOAD ./src/printf-stdarg.o
LOAD ./src/ps7_init_Nicola.o
LOAD ./src/queue.o
LOAD ./src/tasks.o
LOAD ./src/timers.o
LOAD ./NicolaCode/Bluetooth.o
LOAD ./NicolaCode/ConsoleManager.o
LOAD ./NicolaCode/DebugInterface.o
LOAD ./NicolaCode/Flash-SDCard.o
LOAD ./NicolaCode/LCD_Display.o
LOAD ./NicolaCode/PSPLComms.o
LOAD ./NicolaCode/RadioInterface.o
LOAD ./NicolaCode/RemoteProtocolHandler.o
START GROUP
LOAD ../../NicolaRadio_bsp/ps7_cortexa9_0/lib/libxil.a
LOAD /opt/Xilinx/SDK/2016.2/gnu/aarch32/lin/gcc-arm-none-eabi/bin/../lib/gcc/arm-none-eabi/4.9.2/v7-a/fpv3/hard/libgcc.a
LOAD /opt/Xilinx/SDK/2016.2/gnu/aarch32/lin/gcc-arm-none-eabi/bin/../lib/gcc/arm-none-eabi/4.9.2/../../../../arm-none-eabi/lib/v7-a/fpv3/hard/libc.a
END GROUP
START GROUP
LOAD /opt/Xilinx/SDK/2016.2/gnu/aarch32/lin/gcc-arm-none-eabi/bin/../lib/gcc/arm-none-eabi/4.9.2/v7-a/fpv3/hard/libgcc.a
LOAD /opt/Xilinx/SDK/2016.2/gnu/aarch32/lin/gcc-arm-none-eabi/bin/../lib/gcc/arm-none-eabi/4.9.2/../../../../arm-none-eabi/lib/v7-a/fpv3/hard/libc.a
END GROUP
LOAD /opt/Xilinx/SDK/2016.2/gnu/aarch32/lin/gcc-arm-none-eabi/bin/../lib/gcc/arm-none-eabi/4.9.2/v7-a/fpv3/hard/crtend.o
LOAD /opt/Xilinx/SDK/2016.2/gnu/aarch32/lin/gcc-arm-none-eabi/bin/../lib/gcc/arm-none-eabi/4.9.2/v7-a/fpv3/hard/crtn.o
OUTPUT(NicolaRadio.elf elf32-littlearm)

.ARM.attributes
                0x00000000       0x35
 .ARM.attributes
                0x00000000       0x21 /opt/Xilinx/SDK/2016.2/gnu/aarch32/lin/gcc-arm-none-eabi/bin/../lib/gcc/arm-none-eabi/4.9.2/v7-a/fpv3/hard/crti.o
 .ARM.attributes
                0x00000021       0x35 /opt/Xilinx/SDK/2016.2/gnu/aarch32/lin/gcc-arm-none-eabi/bin/../lib/gcc/arm-none-eabi/4.9.2/v7-a/fpv3/hard/crtbegin.o
 .ARM.attributes
                0x00000056       0x3f ./src/portable/port.o
 .ARM.attributes
                0x00000095       0x29 ./src/portable/portASM.o
 .ARM.attributes
                0x000000be       0x29 ./src/FreeRTOS_asm_vectors.o
 .ARM.attributes
                0x000000e7       0x3f ./src/FreeRTOS_tick_config.o
 .ARM.attributes
                0x00000126       0x3f ./src/event_groups.o
 .ARM.attributes
                0x00000165       0x3f ./src/heap_4.o
 .ARM.attributes
                0x000001a4       0x3f ./src/list.o
 .ARM.attributes
                0x000001e3       0x3f ./src/main.o
 .ARM.attributes
                0x00000222       0x3f ./src/platform.o
 .ARM.attributes
                0x00000261       0x3f ./src/printf-stdarg.o
 .ARM.attributes
                0x000002a0       0x3f ./src/ps7_init_Nicola.o
 .ARM.attributes
                0x000002df       0x3f ./src/queue.o
 .ARM.attributes
                0x0000031e       0x3f ./src/tasks.o
 .ARM.attributes
                0x0000035d       0x3f ./src/timers.o
 .ARM.attributes
                0x0000039c       0x3f ./NicolaCode/Bluetooth.o
 .ARM.attributes
                0x000003db       0x3f ./NicolaCode/ConsoleManager.o
 .ARM.attributes
                0x0000041a       0x3f ./NicolaCode/DebugInterface.o
 .ARM.attributes
                0x00000459       0x3f ./NicolaCode/Flash-SDCard.o
 .ARM.attributes
                0x00000498       0x3f ./NicolaCode/LCD_Display.o
 .ARM.attributes
                0x000004d7       0x3f ./NicolaCode/PSPLComms.o
 .ARM.attributes
                0x00000516       0x3f ./NicolaCode/RadioInterface.o
 .ARM.attributes
                0x00000555       0x3f ./NicolaCode/RemoteProtocolHandler.o
 .ARM.attributes
                0x00000594       0x3f ../../NicolaRadio_bsp/ps7_cortexa9_0/lib/libxil.a(xllfifo.o)
 .ARM.attributes
                0x000005d3       0x3f ../../NicolaRadio_bsp/ps7_cortexa9_0/lib/libxil.a(xllfifo_sinit.o)
 .ARM.attributes
                0x00000612       0x3f ../../NicolaRadio_bsp/ps7_cortexa9_0/lib/libxil.a(xstreamer.o)
 .ARM.attributes
                0x00000651       0x3f ../../NicolaRadio_bsp/ps7_cortexa9_0/lib/libxil.a(n3z_tonetest.o)
 .ARM.attributes
                0x00000690       0x3f ../../NicolaRadio_bsp/ps7_cortexa9_0/lib/libxil.a(n3z_tonetest_sinit.o)
 .ARM.attributes
                0x000006cf       0x3f ../../NicolaRadio_bsp/ps7_cortexa9_0/lib/libxil.a(xscugic.o)
 .ARM.attributes
                0x0000070e       0x3f ../../NicolaRadio_bsp/ps7_cortexa9_0/lib/libxil.a(xscugic_g.o)
 .ARM.attributes
                0x0000074d       0x3f ../../NicolaRadio_bsp/ps7_cortexa9_0/lib/libxil.a(xscugic_sinit.o)
 .ARM.attributes
                0x0000078c       0x3f ../../NicolaRadio_bsp/ps7_cortexa9_0/lib/libxil.a(xscutimer.o)
 .ARM.attributes
                0x000007cb       0x3f ../../NicolaRadio_bsp/ps7_cortexa9_0/lib/libxil.a(xscutimer_sinit.o)
 .ARM.attributes
                0x0000080a       0x3f ../../NicolaRadio_bsp/ps7_cortexa9_0/lib/libxil.a(xscuwdt.o)
 .ARM.attributes
                0x00000849       0x3f ../../NicolaRadio_bsp/ps7_cortexa9_0/lib/libxil.a(xscuwdt_sinit.o)
 .ARM.attributes
                0x00000888       0x3f ../../NicolaRadio_bsp/ps7_cortexa9_0/lib/libxil.a(xsdps.o)
 .ARM.attributes
                0x000008c7       0x3f ../../NicolaRadio_bsp/ps7_cortexa9_0/lib/libxil.a(xsdps_options.o)
 .ARM.attributes
                0x00000906       0x3f ../../NicolaRadio_bsp/ps7_cortexa9_0/lib/libxil.a(xsdps_sinit.o)
 .ARM.attributes
                0x00000945       0x29 ../../NicolaRadio_bsp/ps7_cortexa9_0/lib/libxil.a(asm_vectors.o)
 .ARM.attributes
                0x0000096e       0x29 ../../NicolaRadio_bsp/ps7_cortexa9_0/lib/libxil.a(boot.o)
 .ARM.attributes
                0x00000997       0x3f ../../NicolaRadio_bsp/ps7_cortexa9_0/lib/libxil.a(sleep.o)
 .ARM.attributes
                0x000009d6       0x29 ../../NicolaRadio_bsp/ps7_cortexa9_0/lib/libxil.a(translation_table.o)
 .ARM.attributes
                0x000009ff       0x3f ../../NicolaRadio_bsp/ps7_cortexa9_0/lib/libxil.a(usleep.o)
 .ARM.attributes
                0x00000a3e       0x3f ../../NicolaRadio_bsp/ps7_cortexa9_0/lib/libxil.a(vectors.o)
 .ARM.attributes
                0x00000a7d       0x29 ../../NicolaRadio_bsp/ps7_cortexa9_0/lib/libxil.a(xil-crt0.o)
 .ARM.attributes
                0x00000aa6       0x3f ../../NicolaRadio_bsp/ps7_cortexa9_0/lib/libxil.a(xil_assert.o)
 .ARM.attributes
                0x00000ae5       0x3f ../../NicolaRadio_bsp/ps7_cortexa9_0/lib/libxil.a(xil_cache.o)
 .ARM.attributes
                0x00000b24       0x3f ../../NicolaRadio_bsp/ps7_cortexa9_0/lib/libxil.a(xil_exception.o)
 .ARM.attributes
                0x00000b63       0x3f ../../NicolaRadio_bsp/ps7_cortexa9_0/lib/libxil.a(xil_io.o)
 .ARM.attributes
                0x00000ba2       0x3f ../../NicolaRadio_bsp/ps7_cortexa9_0/lib/libxil.a(xil_printf.o)
 .ARM.attributes
                0x00000be1       0x3f ../../NicolaRadio_bsp/ps7_cortexa9_0/lib/libxil.a(xtime_l.o)
 .ARM.attributes
                0x00000c20       0x3f ../../NicolaRadio_bsp/ps7_cortexa9_0/lib/libxil.a(xllfifo_g.o)
 .ARM.attributes
                0x00000c5f       0x3f ../../NicolaRadio_bsp/ps7_cortexa9_0/lib/libxil.a(n3z_tonetest_g.o)
 .ARM.attributes
                0x00000c9e       0x3f ../../NicolaRadio_bsp/ps7_cortexa9_0/lib/libxil.a(xscutimer_g.o)
 .ARM.attributes
                0x00000cdd       0x3f ../../NicolaRadio_bsp/ps7_cortexa9_0/lib/libxil.a(xscuwdt_g.o)
 .ARM.attributes
                0x00000d1c       0x3f ../../NicolaRadio_bsp/ps7_cortexa9_0/lib/libxil.a(xsdps_g.o)
 .ARM.attributes
                0x00000d5b       0x29 ../../NicolaRadio_bsp/ps7_cortexa9_0/lib/libxil.a(cpu_init.o)
 .ARM.attributes
                0x00000d84       0x3f ../../NicolaRadio_bsp/ps7_cortexa9_0/lib/libxil.a(outbyte.o)
 .ARM.attributes
                0x00000dc3       0x3f ../../NicolaRadio_bsp/ps7_cortexa9_0/lib/libxil.a(xuartps_hw.o)
 .ARM.attributes
                0x00000e02       0x21 /opt/Xilinx/SDK/2016.2/gnu/aarch32/lin/gcc-arm-none-eabi/bin/../lib/gcc/arm-none-eabi/4.9.2/v7-a/fpv3/hard/libgcc.a(_udivsi3.o)
 .ARM.attributes
                0x00000e23       0x21 /opt/Xilinx/SDK/2016.2/gnu/aarch32/lin/gcc-arm-none-eabi/bin/../lib/gcc/arm-none-eabi/4.9.2/v7-a/fpv3/hard/libgcc.a(_divsi3.o)
 .ARM.attributes
                0x00000e44       0x21 /opt/Xilinx/SDK/2016.2/gnu/aarch32/lin/gcc-arm-none-eabi/bin/../lib/gcc/arm-none-eabi/4.9.2/v7-a/fpv3/hard/libgcc.a(_dvmd_tls.o)
 .ARM.attributes
                0x00000e65       0x35 /opt/Xilinx/SDK/2016.2/gnu/aarch32/lin/gcc-arm-none-eabi/bin/../lib/gcc/arm-none-eabi/4.9.2/../../../../arm-none-eabi/lib/v7-a/fpv3/hard/libc.a(lib_a-atoi.o)
 .ARM.attributes
                0x00000e9a       0x35 /opt/Xilinx/SDK/2016.2/gnu/aarch32/lin/gcc-arm-none-eabi/bin/../lib/gcc/arm-none-eabi/4.9.2/../../../../arm-none-eabi/lib/v7-a/fpv3/hard/libc.a(lib_a-ctype_.o)
 .ARM.attributes
                0x00000ecf       0x35 /opt/Xilinx/SDK/2016.2/gnu/aarch32/lin/gcc-arm-none-eabi/bin/../lib/gcc/arm-none-eabi/4.9.2/../../../../arm-none-eabi/lib/v7-a/fpv3/hard/libc.a(lib_a-exit.o)
 .ARM.attributes
                0x00000f04       0x35 /opt/Xilinx/SDK/2016.2/gnu/aarch32/lin/gcc-arm-none-eabi/bin/../lib/gcc/arm-none-eabi/4.9.2/../../../../arm-none-eabi/lib/v7-a/fpv3/hard/libc.a(lib_a-fini.o)
 .ARM.attributes
                0x00000f39       0x35 /opt/Xilinx/SDK/2016.2/gnu/aarch32/lin/gcc-arm-none-eabi/bin/../lib/gcc/arm-none-eabi/4.9.2/../../../../arm-none-eabi/lib/v7-a/fpv3/hard/libc.a(lib_a-impure.o)
 .ARM.attributes
                0x00000f6e       0x35 /opt/Xilinx/SDK/2016.2/gnu/aarch32/lin/gcc-arm-none-eabi/bin/../lib/gcc/arm-none-eabi/4.9.2/../../../../arm-none-eabi/lib/v7-a/fpv3/hard/libc.a(lib_a-init.o)
 .ARM.attributes
                0x00000fa3       0x35 /opt/Xilinx/SDK/2016.2/gnu/aarch32/lin/gcc-arm-none-eabi/bin/../lib/gcc/arm-none-eabi/4.9.2/../../../../arm-none-eabi/lib/v7-a/fpv3/hard/libc.a(lib_a-malloc.o)
 .ARM.attributes
                0x00000fd8       0x35 /opt/Xilinx/SDK/2016.2/gnu/aarch32/lin/gcc-arm-none-eabi/bin/../lib/gcc/arm-none-eabi/4.9.2/../../../../arm-none-eabi/lib/v7-a/fpv3/hard/libc.a(lib_a-mallocr.o)
 .ARM.attributes
                0x0000100d       0x35 /opt/Xilinx/SDK/2016.2/gnu/aarch32/lin/gcc-arm-none-eabi/bin/../lib/gcc/arm-none-eabi/4.9.2/../../../../arm-none-eabi/lib/v7-a/fpv3/hard/libc.a(lib_a-memcmp.o)
 .ARM.attributes
                0x00001042       0x1b /opt/Xilinx/SDK/2016.2/gnu/aarch32/lin/gcc-arm-none-eabi/bin/../lib/gcc/arm-none-eabi/4.9.2/../../../../arm-none-eabi/lib/v7-a/fpv3/hard/libc.a(lib_a-memcpy.o)
 .ARM.attributes
                0x0000105d       0x35 /opt/Xilinx/SDK/2016.2/gnu/aarch32/lin/gcc-arm-none-eabi/bin/../lib/gcc/arm-none-eabi/4.9.2/../../../../arm-none-eabi/lib/v7-a/fpv3/hard/libc.a(lib_a-memset.o)
 .ARM.attributes
                0x00001092       0x35 /opt/Xilinx/SDK/2016.2/gnu/aarch32/lin/gcc-arm-none-eabi/bin/../lib/gcc/arm-none-eabi/4.9.2/../../../../arm-none-eabi/lib/v7-a/fpv3/hard/libc.a(lib_a-mlock.o)
 .ARM.attributes
                0x000010c7       0x35 /opt/Xilinx/SDK/2016.2/gnu/aarch32/lin/gcc-arm-none-eabi/bin/../lib/gcc/arm-none-eabi/4.9.2/../../../../arm-none-eabi/lib/v7-a/fpv3/hard/libc.a(lib_a-sbrkr.o)
 .ARM.attributes
                0x000010fc       0x35 /opt/Xilinx/SDK/2016.2/gnu/aarch32/lin/gcc-arm-none-eabi/bin/../lib/gcc/arm-none-eabi/4.9.2/../../../../arm-none-eabi/lib/v7-a/fpv3/hard/libc.a(lib_a-strcpy.o)
 .ARM.attributes
                0x00001131       0x1f /opt/Xilinx/SDK/2016.2/gnu/aarch32/lin/gcc-arm-none-eabi/bin/../lib/gcc/arm-none-eabi/4.9.2/../../../../arm-none-eabi/lib/v7-a/fpv3/hard/libc.a(lib_a-strlen-armv7.o)
 .ARM.attributes
                0x00001150       0x35 /opt/Xilinx/SDK/2016.2/gnu/aarch32/lin/gcc-arm-none-eabi/bin/../lib/gcc/arm-none-eabi/4.9.2/../../../../arm-none-eabi/lib/v7-a/fpv3/hard/libc.a(lib_a-strncmp.o)
 .ARM.attributes
                0x00001185       0x35 /opt/Xilinx/SDK/2016.2/gnu/aarch32/lin/gcc-arm-none-eabi/bin/../lib/gcc/arm-none-eabi/4.9.2/../../../../arm-none-eabi/lib/v7-a/fpv3/hard/libc.a(lib_a-strncpy.o)
 .ARM.attributes
                0x000011ba       0x35 /opt/Xilinx/SDK/2016.2/gnu/aarch32/lin/gcc-arm-none-eabi/bin/../lib/gcc/arm-none-eabi/4.9.2/../../../../arm-none-eabi/lib/v7-a/fpv3/hard/libc.a(lib_a-strtol.o)
 .ARM.attributes
                0x000011ef       0x35 /opt/Xilinx/SDK/2016.2/gnu/aarch32/lin/gcc-arm-none-eabi/bin/../lib/gcc/arm-none-eabi/4.9.2/../../../../arm-none-eabi/lib/v7-a/fpv3/hard/libc.a(lib_a-__call_atexit.o)
 .ARM.attributes
                0x00001224       0x35 /opt/Xilinx/SDK/2016.2/gnu/aarch32/lin/gcc-arm-none-eabi/bin/../lib/gcc/arm-none-eabi/4.9.2/../../../../arm-none-eabi/lib/v7-a/fpv3/hard/libc.a(lib_a-atexit.o)
 .ARM.attributes
                0x00001259       0x35 /opt/Xilinx/SDK/2016.2/gnu/aarch32/lin/gcc-arm-none-eabi/bin/../lib/gcc/arm-none-eabi/4.9.2/../../../../arm-none-eabi/lib/v7-a/fpv3/hard/libc.a(lib_a-freer.o)
 .ARM.attributes
                0x0000128e       0x35 /opt/Xilinx/SDK/2016.2/gnu/aarch32/lin/gcc-arm-none-eabi/bin/../lib/gcc/arm-none-eabi/4.9.2/../../../../arm-none-eabi/lib/v7-a/fpv3/hard/libc.a(lib_a-reent.o)
 .ARM.attributes
                0x000012c3       0x35 /opt/Xilinx/SDK/2016.2/gnu/aarch32/lin/gcc-arm-none-eabi/bin/../lib/gcc/arm-none-eabi/4.9.2/../../../../arm-none-eabi/lib/v7-a/fpv3/hard/libc.a(lib_a-__atexit.o)
 .ARM.attributes
                0x000012f8       0x3f ../../NicolaRadio_bsp/ps7_cortexa9_0/lib/libxil.a(_exit.o)
 .ARM.attributes
                0x00001337       0x3f ../../NicolaRadio_bsp/ps7_cortexa9_0/lib/libxil.a(_sbrk.o)
 .ARM.attributes
                0x00001376       0x35 /opt/Xilinx/SDK/2016.2/gnu/aarch32/lin/gcc-arm-none-eabi/bin/../lib/gcc/arm-none-eabi/4.9.2/v7-a/fpv3/hard/crtend.o
 .ARM.attributes
                0x000013ab       0x21 /opt/Xilinx/SDK/2016.2/gnu/aarch32/lin/gcc-arm-none-eabi/bin/../lib/gcc/arm-none-eabi/4.9.2/v7-a/fpv3/hard/crtn.o

.comment        0x00000000       0x63
 .comment       0x00000000       0x63 ./src/portable/port.o