Archive member included because of file (symbol)

../../NicolaRadio_bsp/ps7_cortexa9_0/lib/libxil.a(xllfifo.o)
                              ./NicolaCode/DebugInterface.o (XLlFifo_iRxOccupancy)
../../NicolaRadio_bsp/ps7_cortexa9_0/lib/libxil.a(xllfifo_sinit.o)
                              ./NicolaCode/PSPLComms.o (XLlFfio_LookupConfig)
../../NicolaRadio_bsp/ps7_cortexa9_0/lib/libxil.a(xstreamer.o)
                              ../../NicolaRadio_bsp/ps7_cortexa9_0/lib/libxil.a(xllfifo.o) (XStrm_RxInitialize)
../../NicolaRadio_bsp/ps7_cortexa9_0/lib/libxil.a(n3z_tonetest.o)
                              ./NicolaCode/DebugInterface.o (n3z_tonetest_values2recover_write)
../../NicolaRadio_bsp/ps7_cortexa9_0/lib/libxil.a(n3z_tonetest_sinit.o)
                              ./NicolaCode/PSPLComms.o (n3z_tonetest_Initialize)
../../NicolaRadio_bsp/ps7_cortexa9_0/lib/libxil.a(xscugic.o)
                              ./src/FreeRTOS_tick_config.o (XScuGic_CfgInitialize)
../../NicolaRadio_bsp/ps7_cortexa9_0/lib/libxil.a(xscugic_g.o)
                              ./src/FreeRTOS_tick_config.o (XScuGic_ConfigTable)
../../NicolaRadio_bsp/ps7_cortexa9_0/lib/libxil.a(xscugic_sinit.o)
                              ./src/FreeRTOS_tick_config.o (XScuGic_LookupConfig)
../../NicolaRadio_bsp/ps7_cortexa9_0/lib/libxil.a(xscutimer.o)
                              ./src/FreeRTOS_tick_config.o (XScuTimer_CfgInitialize)
../../NicolaRadio_bsp/ps7_cortexa9_0/lib/libxil.a(xscutimer_sinit.o)
                              ./src/FreeRTOS_tick_config.o (XScuTimer_LookupConfig)
../../NicolaRadio_bsp/ps7_cortexa9_0/lib/libxil.a(xscuwdt.o)
                              ./src/main.o (XScuWdt_CfgInitialize)
../../NicolaRadio_bsp/ps7_cortexa9_0/lib/libxil.a(xscuwdt_sinit.o)
                              ./src/main.o (XScuWdt_LookupConfig)
../../NicolaRadio_bsp/ps7_cortexa9_0/lib/libxil.a(xsdps.o)
                              ./NicolaCode/Flash-SDCard.o (XSdPs_CfgInitialize)
../../NicolaRadio_bsp/ps7_cortexa9_0/lib/libxil.a(xsdps_options.o)
                              ../../NicolaRadio_bsp/ps7_cortexa9_0/lib/libxil.a(xsdps.o) (XSdPs_SetBlkSize)
../../NicolaRadio_bsp/ps7_cortexa9_0/lib/libxil.a(xsdps_sinit.o)
                              ./NicolaCode/Flash-SDCard.o (XSdPs_LookupConfig)
../../NicolaRadio_bsp/ps7_cortexa9_0/lib/libxil.a(asm_vectors.o)
                              (_vector_table)
../../NicolaRadio_bsp/ps7_cortexa9_0/lib/libxil.a(boot.o)
                              ./src/FreeRTOS_asm_vectors.o (_boot)
../../NicolaRadio_bsp/ps7_cortexa9_0/lib/libxil.a(sleep.o)
                              ../../NicolaRadio_bsp/ps7_cortexa9_0/lib/libxil.a(xsdps.o) (sleep)
../../NicolaRadio_bsp/ps7_cortexa9_0/lib/libxil.a(translation_table.o)
                              ../../NicolaRadio_bsp/ps7_cortexa9_0/lib/libxil.a(boot.o) (MMUTable)
../../NicolaRadio_bsp/ps7_cortexa9_0/lib/libxil.a(usleep.o)
                              ../../NicolaRadio_bsp/ps7_cortexa9_0/lib/libxil.a(xsdps.o) (usleep)
../../NicolaRadio_bsp/ps7_cortexa9_0/lib/libxil.a(vectors.o)
                              ../../NicolaRadio_bsp/ps7_cortexa9_0/lib/libxil.a(asm_vectors.o) (UndefinedException)
../../NicolaRadio_bsp/ps7_cortexa9_0/lib/libxil.a(xil-crt0.o)
                              ../../NicolaRadio_bsp/ps7_cortexa9_0/lib/libxil.a(boot.o) (_start)
../../NicolaRadio_bsp/ps7_cortexa9_0/lib/libxil.a(xil_assert.o)
                              ../../NicolaRadio_bsp/ps7_cortexa9_0/lib/libxil.a(xllfifo.o) (Xil_Assert)
../../NicolaRadio_bsp/ps7_cortexa9_0/lib/libxil.a(xil_cache.o)
                              ../../NicolaRadio_bsp/ps7_cortexa9_0/lib/libxil.a(xsdps.o) (Xil_DCacheFlushRange)
../../NicolaRadio_bsp/ps7_cortexa9_0/lib/libxil.a(xil_exception.o)
                              ../../NicolaRadio_bsp/ps7_cortexa9_0/lib/libxil.a(asm_vectors.o) (PrefetchAbortAddr)
../../NicolaRadio_bsp/ps7_cortexa9_0/lib/libxil.a(xil_io.o)
                              ../../NicolaRadio_bsp/ps7_cortexa9_0/lib/libxil.a(xsdps.o) (Xil_In8)
../../NicolaRadio_bsp/ps7_cortexa9_0/lib/libxil.a(xil_printf.o)
                              ./NicolaCode/Bluetooth.o (xil_printf)
../../NicolaRadio_bsp/ps7_cortexa9_0/lib/libxil.a(xtime_l.o)
                              ../../NicolaRadio_bsp/ps7_cortexa9_0/lib/libxil.a(xil-crt0.o) (XTime_SetTime)
../../NicolaRadio_bsp/ps7_cortexa9_0/lib/libxil.a(xllfifo_g.o)
                              ../../NicolaRadio_bsp/ps7_cortexa9_0/lib/libxil.a(xllfifo_sinit.o) (XLlFifo_ConfigTable)
../../NicolaRadio_bsp/ps7_cortexa9_0/lib/libxil.a(n3z_tonetest_g.o)
                              ../../NicolaRadio_bsp/ps7_cortexa9_0/lib/libxil.a(n3z_tonetest_sinit.o) (n3z_tonetest_ConfigTable)
../../NicolaRadio_bsp/ps7_cortexa9_0/lib/libxil.a(xscutimer_g.o)
                              ../../NicolaRadio_bsp/ps7_cortexa9_0/lib/libxil.a(xscutimer_sinit.o) (XScuTimer_ConfigTable)
../../NicolaRadio_bsp/ps7_cortexa9_0/lib/libxil.a(xscuwdt_g.o)
[...]
Memory Configuration

Name             Origin             Length             Attributes
ps7_qspi_linear_0_S_AXI_BASEADDR 0xfc000000         0x01000000
ps7_ram_0_S_AXI_BASEADDR 0x00000000         0x00030000
ps7_ram_1_S_AXI_BASEADDR 0xffff0000         0x0000fe00
*default*        0x00000000         0xffffffff

Linker script and memory map

LOAD /opt/Xilinx/SDK/2016.2/gnu/aarch32/lin/gcc-arm-none-eabi/bin/../lib/gcc/arm-none-eabi/4.9.2/v7-a/fpv3/hard/crti.o
LOAD /opt/Xilinx/SDK/2016.2/gnu/aarch32/lin/gcc-arm-none-eabi/bin/../lib/gcc/arm-none-eabi/4.9.2/v7-a/fpv3/hard/crtbegin.o
                0x00002000                _STACK_SIZE = DEFINED (_STACK_SIZE)?_STACK_SIZE:0x2000
                0x0000a000                _HEAP_SIZE = DEFINED (_HEAP_SIZE)?_HEAP_SIZE:0xa000
                0x00000400                _ABORT_STACK_SIZE = DEFINED (_ABORT_STACK_SIZE)?_ABORT_STACK_SIZE:0x400
                0x00000800                _SUPERVISOR_STACK_SIZE = DEFINED (_SUPERVISOR_STACK_SIZE)?_SUPERVISOR_STACK_SIZE:0x800
                0x00000400                _IRQ_STACK_SIZE = DEFINED (_IRQ_STACK_SIZE)?_IRQ_STACK_SIZE:0x400
                0x00000400                _FIQ_STACK_SIZE = DEFINED (_FIQ_STACK_SIZE)?_FIQ_STACK_SIZE:0x400
                0x00000400                _UNDEF_STACK_SIZE = DEFINED (_UNDEF_STACK_SIZE)?_UNDEF_STACK_SIZE:0x400

.text           0x00000000    0x1a320
 *(.freertos_vectors)
 .freertos_vectors
                0x00000000       0xb0 ./src/FreeRTOS_asm_vectors.o
                0x00000000                _freertos_vector_table
                0x00000090                vPortInstallFreeRTOSVectorTable
 *(.vectors)
 .vectors       0x000000b0      0x12c ../../NicolaRadio_bsp/ps7_cortexa9_0/lib/libxil.a(asm_vectors.o)
                0x000000b0                _vector_table
 *(.boot)
 .boot          0x000001dc      0x370 ../../NicolaRadio_bsp/ps7_cortexa9_0/lib/libxil.a(boot.o)
                0x000001dc                _boot
                0x000001dc                _prestart
 *(.text)
 .text          0x0000054c        0x0 /opt/Xilinx/SDK/2016.2/gnu/aarch32/lin/gcc-arm-none-eabi/bin/../lib/gcc/arm-none-eabi/4.9.2/v7-a/fpv3/hard/crti.o
 .text          0x0000054c      0x108 /opt/Xilinx/SDK/2016.2/gnu/aarch32/lin/gcc-arm-none-eabi/bin/../lib/gcc/arm-none-eabi/4.9.2/v7-a/fpv3/hard/crtbegin.o
 .text          0x00000654      0x714 ./src/portable/port.o
                0x00000654                pxPortInitialiseStack
                0x000008f4                xPortStartScheduler
                0x00000a34                vPortEndScheduler
                0x00000a64                vPortEnterCritical
                0x00000ac8                vPortExitCritical
                0x00000b50                FreeRTOS_Tick_Handler
                0x00000be0                vPortTaskUsesFPU
                0x00000c18                vPortClearInterruptMask
                0x00000c70                ulPortSetInterruptMask
                0x00000ce8                vPortValidateInterruptPriority
 *fill*         0x00000d68        0x8 
 .text          0x00000d70      0x2e0 ./src/portable/portASM.o
                0x00000d70                FreeRTOS_SWI_Handler
                0x00000e18                vPortRestoreTaskContext
                0x00000e80                FreeRTOS_IRQ_Handler
                0x00000ff0                vApplicationIRQHandler
 .text          0x00001050        0x0 ./src/FreeRTOS_asm_vectors.o
 .text          0x00001050      0x278 ./src/FreeRTOS_tick_config.o
                0x00001050                vConfigureTickInterrupt
                0x00001218                vClearTickInterrupt
                0x00001240                vApplicationFPUSafeIRQHandler
 .text          0x000012c8        0x0 ./src/event_groups.o
 .text          0x000012c8      0x6f4 ./src/heap_4.o
                0x000012c8                pvPortMalloc
                0x00001588                vPortFree
                0x000016a8                xPortGetFreeHeapSize
                0x000016cc                xPortGetMinimumEverFreeHeapSize
                0x000016f0                vPortInitialiseBlocks
 .text          0x000019bc      0x284 ./src/list.o
                0x000019bc                vListInitialise
                0x00001a20                vListInitialiseItem
                0x00001a48                vListInsertEnd
                0x00001acc                vListInsert
                0x00001ba0                uxListRemove
 .text          0x00001c40      0x4e4 ./src/main.o
                0x00001c40                main
                0x00001d6c                tempFSBLCode
                0x00001d80                GetVersionString
                0x00001ed0                vApplicationMallocFailedHook
                0x00001ee0                vApplicationStackOverflowHook
                0x00001efc                vApplicationIdleHook
                0x00001f30                vAssertCalled
                0x00001f70                vApplicationTickHook
                0x00001f84                vInitialiseTimerForRunTimeStats
                0x00002084                vApplicationGetIdleTaskMemory
                0x000020d4                vApplicationGetTimerTaskMemory
 .text          0x00002124       0x9c ./src/platform.o
                0x00002124                enable_caches
                0x00002138                disable_caches
                0x0000214c                init_uart
                0x00002160                init_platform
                0x000021b0                cleanup_platform
 .text          0x000021c0      0x718 ./src/printf-stdarg.o
                0x00002804                printf
                0x00002844                sprintf
                0x0000288c                snprintf
 .text          0x000028d8      0x8d8 ./src/ps7_init_Nicola.o
                0x000028d8                getPS7MessageInfo
                0x000029a0                ps7GetSiliconVersion
                0x000029ec                mask_write
                0x00002a44                mask_poll
                0x00002ac0                mask_read
                0x00002b04                ps7_config
                0x00002d38                ps7_post_config
                0x00002de8                ps7_debug
                0x00002e98                ps7_init
                0x000030e4                perf_start_clock
                0x00003108                perf_reset_clock
                0x00003138                get_number_of_cycles_for_delay
                0x00003178                perf_disable_clock
                0x0000319c                perf_reset_and_start_timer
 .text          0x000031b0     0x1f38 ./src/queue.o
                0x000031b0                xQueueGenericReset
                0x000032e8                xQueueGenericCreateStatic
                0x00003428                xQueueGenericCreate
                0x000035d4                xQueueCreateMutex
                0x00003628                xQueueCreateMutexStatic
                0x00003688                xQueueGiveMutexRecursive
                0x00003730                xQueueTakeMutexRecursive
                0x000037e8                xQueueCreateCountingSemaphoreStatic
                0x00003884                xQueueCreateCountingSemaphore
                0x00003910                xQueueGenericSend
                0x00003c04                xQueueGenericSendFromISR
                0x00003dec                xQueueGiveFromISR
                0x00003fac                xQueueGenericReceive
                0x000042cc                xQueueReceiveFromISR
                0x0000442c                xQueuePeekFromISR
                0x00004530                uxQueueMessagesWaiting
                0x00004580                uxQueueSpacesAvailable
                0x000045e4                uxQueueMessagesWaitingFromISR
                0x0000462c                vQueueDelete
                0x00004688                uxQueueGetQueueNumber
                0x000046b0                vQueueSetQueueNumber
                0x000046dc                ucQueueGetQueueType
                0x00004aac                xQueueIsQueueEmptyFromISR
                0x00004b60                xQueueIsQueueFullFromISR
                0x00004bc8                vQueueAddToRegistry
                0x00004c58                pcQueueGetName
                0x00004ce4                vQueueUnregisterQueue
                0x00004d7c                vQueueWaitForMessageRestricted
                0x00004e24                xQueueCreateSet
                0x00004e58                xQueueAddToSet
                0x00004ed0                xQueueRemoveFromSet
                0x00004f54                xQueueSelectFromSet
                0x00004f94                xQueueSelectFromSetFromISR
 .text          0x000050e8     0x3e24 ./src/tasks.o
                0x000050e8                xTaskCreateStatic
                0x000051cc                xTaskCreate
                0x0000561c                vTaskDelete
                0x000057e4                vTaskDelayUntil
                0x00005944                vTaskDelay
                0x000059bc                eTaskGetState
                0x00005ae4                uxTaskPriorityGet
                0x00005b3c                uxTaskPriorityGetFromISR
                0x00005ba0                vTaskPrioritySet
                0x00005e04                vTaskSuspend
                0x00006068                vTaskResume
                0x0000617c                xTaskResumeFromISR
                0x000062bc                vTaskStartScheduler
                0x000063e0                vTaskEndScheduler
                0x00006404                vTaskSuspendAll
                0x00006434                xTaskResumeAll
                0x00006644                xTaskGetTickCount
                0x00006674                xTaskGetTickCountFromISR
                0x000066ac                uxTaskGetNumberOfTasks
                0x000066d0                pcTaskGetName
                0x000068bc                xTaskGetHandle
                0x000069f4                uxTaskGetSystemState
                0x00006bc4                xTaskAbortDelay
                0x00006d04                xTaskIncrementTick
                0x00006fe0                vTaskSwitchContext
                0x00007198                vTaskPlaceOnEventList
                0x000071f8                vTaskPlaceOnUnorderedEventList
                0x00007298                vTaskPlaceOnEventListRestricted
                0x00007310                xTaskRemoveFromEventList
                0x00007454                xTaskRemoveFromUnorderedEventList
                0x00007594                vTaskSetTimeOutState
                0x000075f0                xTaskCheckForTimeOut
                0x00007754                vTaskMissedYield
                0x00007778                uxTaskGetTaskNumber
                0x000077c8                vTaskSetTaskNumber
                0x000079c8                vTaskGetInfo
                0x00007dc0                xTaskGetCurrentTaskHandle
                0x00007df0                xTaskGetSchedulerState
                0x00007e58                vTaskPriorityInherit
                0x00008028                xTaskPriorityDisinherit
                0x0000827c                vTaskList
                0x00008464                uxTaskResetEventItemValue
                0x000084bc                pvTaskIncrementMutexHeldCount
                0x0000850c                ulTaskNotifyTake
                0x000085f8                xTaskNotifyWait
                0x00008728                xTaskGenericNotify
                0x00008914                xTaskGenericNotifyFromISR
                0x00008b64                vTaskNotifyGiveFromISR
                0x00008d00                xTaskNotifyStateClear
 .text          0x00008f0c      0xeec ./src/timers.o
                0x00008f0c                xTimerCreateTimerTask
                0x00008ff0                xTimerCreate
                0x00009064                xTimerCreateStatic
                0x000091b0                xTimerGenericCommand
                0x000092b0                xTimerGetTimerDaemonTaskHandle
                0x000092f0                xTimerGetPeriod
                0x00009338                xTimerGetExpiryTime
                0x00009388                pcTimerGetName
                0x00009be8                xTimerIsTimerActive
                0x00009c50                pvTimerGetTimerID
                0x00009ca8                vTimerSetTimerID
                0x00009cfc                xTimerPendFunctionCallFromISR
                0x00009d68                xTimerPendFunctionCall
 .text          0x00009df8     0x20f0 ./NicolaCode/Bluetooth.o
                0x00009df8                BluetoothStartup
                0x0000b350                BluetoothBeginInquiry
                0x0000b700                AllocateChannelTable
                0x0000b940                DetermineChannelType
                0x0000ba48                FindChannelTableFromMAC
                0x0000bb28                FindChannelTableFromLinkID
                0x0000bc04                FindChannelTableFromSCOChannel
                0x0000bce0                FindChannelTableFromRFCommChannel
                0x0000bdbc                FindChannelTableForTablet
 .text          0x0000bee8      0x600 ./NicolaCode/ConsoleManager.o
                0x0000bee8                ConsoleStartup
                0x0000c224                transmitToConsole
                0x0000c3d0                uart_ReceiveByteCheck
                0x0000c418                uart_ReceiveByte
                0x0000c484                uart_SendByte
 .text          0x0000c4e8      0x6c8 ./NicolaCode/DebugInterface.o
                0x0000c4e8                DebugingGraham_Startup
                0x0000c964                Rx2Uart
 .text          0x0000cbb0      0x254 ./NicolaCode/Flash-SDCard.o
                0x0000cbb0                CDCardInit
                0x0000cc78                CDFlashRead
                0x0000ccec                CDFlashWrite
 .text          0x0000ce04     0x523c ./NicolaCode/LCD_Display.o
                0x0000ce04                LCD_Startup
                0x0000cefc                hexToInt
                0x0000faac                LCD_Write_String
                0x0001008c                MenuMessageFromHostComputer
                0x00011a98                AddReceivedTextToMenu
                0x00011c58                SetConfidenceBeepTime
                0x00011de0                SetKeypadCheckState
                0x00011e88                SetDebuggingState
                0x00011f38                SetBeaconBeepTime
                0x00011f54                EffectTurnRadioOff
 .text          0x00012040      0x924 ./NicolaCode/PSPLComms.o
                0x00012040                PSPLComms_Initialise
                0x00012228                intToHexChars
                0x00012570                LoadPicoFast
                0x00012660                ReadResponse
                0x00012720                TxSend
                0x00012838                RxReceive
 .text          0x00012964      0x348 ./NicolaCode/RadioInterface.o
                0x00012964                RadioInterfaceInit
                0x000129c0                SetMicrophoneVolumeAbs
                0x000129f8                SetMicrophoneVolume
                0x00012b00                SetAerialType
                0x00012b1c                SetToneDetect
                0x00012bac                SetAerialFrequency
                0x00012c20                SendPresetMessage
                0x00012c44                SendWatchdogMessage
 .text          0x00012cac      0x37c ./NicolaCode/RemoteProtocolHandler.o
                0x00012cac                TextMessageStartup
 .text          0x00013028      0x540 ../../NicolaRadio_bsp/ps7_cortexa9_0/lib/libxil.a(xllfifo.o)
                0x00013028                XLlFifo_iRxOccupancy
                0x0001307c                XLlFifo_iRxGetLen
                0x000130d0                XLlFifo_iTxVacancy
                0x00013124                XLlFifo_iTxSetLen
                0x00013170                XLlFifo_CfgInitialize
                0x000132a0                XLlFifo_RxGetWord
                0x000132c0                XLlFifo_iRead_Aligned
                0x00013378                XLlFifo_TxPutWord
                0x0001338c                XLlFifo_iWrite_Aligned
                0x00013444                XLlFifo_Initialize
 .text          0x00013568       0x38 ../../NicolaRadio_bsp/ps7_cortexa9_0/lib/libxil.a(xllfifo_sinit.o)
                0x00013568                XLlFfio_LookupConfig
 .text          0x000135a0      0x350 ../../NicolaRadio_bsp/ps7_cortexa9_0/lib/libxil.a(xstreamer.o)
                0x000135a0                XStrm_RxInitialize
                0x00013604                XStrm_TxInitialize
                0x00013668                XStrm_RxGetLen
                0x0001368c                XStrm_Read
                0x000137bc                XStrm_TxSetLen
                0x00013804                XStrm_Write
 .text          0x000138f0      0x3c0 ../../NicolaRadio_bsp/ps7_cortexa9_0/lib/libxil.a(n3z_tonetest.o)
                0x000138f0                n3z_tonetest_CfgInitialize
                0x0001396c                n3z_tonetest_values2recover_write
                0x000139b4                n3z_tonetest_values2recover_read
                0x000139fc                n3z_tonetest_n3zconfig_write
                0x00013a48                n3z_tonetest_n3zconfig_read
                0x00013a94                n3z_tonetest_audiovolume_write
                0x00013ae0                n3z_tonetest_audiovolume_read
                0x00013b2c                n3z_tonetest_adcgain_ave_peak_read
                0x00013b78                n3z_tonetest_plstatus_read
                0x00013bc4                n3z_tonetest_starttoneamp_read
                0x00013c18                n3z_tonetest_demodsignallevel_read
                0x00013c64                n3z_tonetest_txaudiolevel_read
 .text          0x00013cb0       0x90 ../../NicolaRadio_bsp/ps7_cortexa9_0/lib/libxil.a(n3z_tonetest_sinit.o)
                0x00013cb0                n3z_tonetest_LookupConfig
                0x00013ccc                n3z_tonetest_Initialize
 .text          0x00013d40      0x930 ../../NicolaRadio_bsp/ps7_cortexa9_0/lib/libxil.a(xscugic.o)
                0x00013d90                XScuGic_CfgInitialize
                0x00013f48                XScuGic_Connect
                0x00014020                XScuGic_Disconnect
                0x000140f8                XScuGic_Enable
                0x000141b4                XScuGic_Disable
                0x00014270                XScuGic_SoftwareIntr
                0x0001435c                XScuGic_SetPriorityTriggerType
                0x000144e0                XScuGic_GetPriorityTriggerType
                0x00014620                XScuGic_InterruptMaptoCpu
 .text          0x00014670        0x0 ../../NicolaRadio_bsp/ps7_cortexa9_0/lib/libxil.a(xscugic_g.o)
 .text          0x00014670       0x1c ../../NicolaRadio_bsp/ps7_cortexa9_0/lib/libxil.a(xscugic_sinit.o)
                0x00014670                XScuGic_LookupConfig
 .text          0x0001468c      0x314 ../../NicolaRadio_bsp/ps7_cortexa9_0/lib/libxil.a(xscutimer.o)
                0x0001468c                XScuTimer_CfgInitialize
                0x0001473c                XScuTimer_Start
                0x000147d8                XScuTimer_Stop
                0x0001486c                XScuTimer_SetPrescaler
                0x00014914                XScuTimer_GetPrescaler
 .text          0x000149a0       0x1c ../../NicolaRadio_bsp/ps7_cortexa9_0/lib/libxil.a(xscutimer_sinit.o)
                0x000149a0                XScuTimer_LookupConfig
 .text          0x000149bc      0x238 ../../NicolaRadio_bsp/ps7_cortexa9_0/lib/libxil.a(xscuwdt.o)
                0x000149bc                XScuWdt_CfgInitialize
                0x00014ac4                XScuWdt_Start
                0x00014b60                XScuWdt_Stop
 .text          0x00014bf4       0x1c ../../NicolaRadio_bsp/ps7_cortexa9_0/lib/libxil.a(xscuwdt_sinit.o)
                0x00014bf4                XScuWdt_LookupConfig
 .text          0x00014c10     0x1130 ../../NicolaRadio_bsp/ps7_cortexa9_0/lib/libxil.a(xsdps.o)
                0x00014c10                XSdPs_CfgInitialize
                0x00014de4                XSdPs_FrameCmd
                0x00014f6c                XSdPs_CmdTransfer
                0x00015144                XSdPs_SdCardInitialize
                0x000153fc                XSdPs_Select_Card
                0x0001541c                XSdPs_SetupADMA2DescTbl
                0x000154e4                XSdPs_ReadPolled
                0x0001561c                XSdPs_WritePolled
                0x00015748                XSdPs_MmcCardInitialize
                0x00015948                XSdPs_CardInitialize
 .text          0x00015d40     0x10b8 ../../NicolaRadio_bsp/ps7_cortexa9_0/lib/libxil.a(xsdps_options.o)
                0x00016024                XSdPs_SetBlkSize
                0x00016100                XSdPs_Get_BusWidth
                0x00016274                XSdPs_Change_BusWidth
                0x00016414                XSdPs_Get_BusSpeed
                0x00016570                XSdPs_Change_ClkFreq
                0x00016728                XSdPs_Change_BusSpeed
                0x000169c4                XSdPs_Pullup
                0x00016a78                XSdPs_Get_Mmc_ExtCsd
                0x00016bd4                XSdPs_Uhs_ModeInit
                0x00016de8                XSdPs_SetTapDelay
 .text          0x00016df8       0x1c ../../NicolaRadio_bsp/ps7_cortexa9_0/lib/libxil.a(xsdps_sinit.o)
                0x00016df8                XSdPs_LookupConfig
 .text          0x00016e14        0x0 ../../NicolaRadio_bsp/ps7_cortexa9_0/lib/libxil.a(asm_vectors.o)
 .text          0x00016e14        0x0 ../../NicolaRadio_bsp/ps7_cortexa9_0/lib/libxil.a(boot.o)
 .text          0x00016e14       0x48 ../../NicolaRadio_bsp/ps7_cortexa9_0/lib/libxil.a(sleep.o)
                0x00016e14                sleep
 .text          0x00016e5c        0x0 ../../NicolaRadio_bsp/ps7_cortexa9_0/lib/libxil.a(translation_table.o)
 .text          0x00016e5c       0x44 ../../NicolaRadio_bsp/ps7_cortexa9_0/lib/libxil.a(usleep.o)
                0x00016e5c                usleep
 .text          0x00016ea0       0x78 ../../NicolaRadio_bsp/ps7_cortexa9_0/lib/libxil.a(vectors.o)
                0x00016ea0                UndefinedException
                0x00016eb4                FIQInterrupt
                0x00016ec8                IRQInterrupt
                0x00016edc                SWInterrupt
                0x00016ef0                DataAbortInterrupt
                0x00016f04                PrefetchAbortInterrupt
 .text          0x00016f18       0x78 ../../NicolaRadio_bsp/ps7_cortexa9_0/lib/libxil.a(xil-crt0.o)
                0x00016f2c                _start
 .text          0x00016f90       0x34 ../../NicolaRadio_bsp/ps7_cortexa9_0/lib/libxil.a(xil_assert.o)
                0x00016f90                Xil_Assert
                0x00016fb0                Xil_AssertSetCallback
                0x00016fc0                XNullHandler
 .text          0x00016fc4      0x9fc ../../NicolaRadio_bsp/ps7_cortexa9_0/lib/libxil.a(xil_cache.o)
                0x00016fc4                Xil_DCacheInvalidateLine
                0x00017008                Xil_DCacheFlushRange
                0x00017068                Xil_DCacheStoreLine
                0x000170a8                Xil_ICacheInvalidateLine
                0x000170ec                Xil_ICacheInvalidateRange
                0x00017144                Xil_L1DCacheInvalidate
                0x000171ec                Xil_L1DCacheEnable
                0x0001720c                Xil_L1DCacheInvalidateLine
                0x00017224                Xil_L1DCacheInvalidateRange
                0x0001726c                Xil_L1DCacheFlush
                0x000172fc                Xil_L1DCacheDisable
                0x00017314                Xil_L1DCacheFlushLine
                0x0001732c                Xil_L1DCacheFlushRange
                0x00017374                Xil_L1DCacheStoreLine
                0x0001738c                Xil_L1ICacheEnable
                0x000173a8                Xil_L1ICacheDisable
                0x000173c4                Xil_L1ICacheInvalidate
                0x000173dc                Xil_L1ICacheInvalidateLine
                0x000173f4                Xil_L1ICacheInvalidateRange
                0x0001743c                Xil_L2CacheInvalidate
                0x00017498                Xil_DCacheInvalidate
                0x000174b8                Xil_ICacheInvalidate
                0x000174e8                Xil_L2CacheEnable
                0x00017598                Xil_DCacheEnable
                0x000175a8                Xil_ICacheEnable
                0x000175c4                Xil_L2CacheInvalidateLine
                0x000175e0                Xil_L2CacheInvalidateRange
                0x00017664                Xil_L2CacheFlush
                0x000176c8                Xil_DCacheFlush
                0x000176e8                Xil_L2CacheDisable
                0x00017728                Xil_DCacheDisable
                0x00017744                Xil_ICacheDisable
                0x00017768                Xil_L2CacheFlushLine
                0x00017798                Xil_DCacheInvalidateRange
                0x000178b8                Xil_DCacheFlushLine
                0x00017920                Xil_L2CacheFlushRange
                0x000179a4                Xil_L2CacheStoreLine
 .text          0x000179c0       0x58 ../../NicolaRadio_bsp/ps7_cortexa9_0/lib/libxil.a(xil_exception.o)
                0x000179c4                Xil_DataAbortHandler
                0x000179cc                Xil_PrefetchAbortHandler
                0x000179d4                Xil_UndefinedExceptionHandler
                0x000179d8                Xil_ExceptionInit
                0x000179dc                Xil_ExceptionRegisterHandler
                0x000179f4                Xil_ExceptionRemoveHandler
 .text          0x00017a18       0x88 ../../NicolaRadio_bsp/ps7_cortexa9_0/lib/libxil.a(xil_io.o)
                0x00017a18                Xil_In8
                0x00017a20                Xil_In16
                0x00017a28                Xil_In32
                0x00017a30                Xil_Out8
                0x00017a38                Xil_Out16
                0x00017a40                Xil_Out32
                0x00017a48                Xil_In16BE
                0x00017a5c                Xil_In32BE
                0x00017a68                Xil_Out16BE
                0x00017a7c                Xil_Out32BE
                0x00017a88                Xil_EndianSwap16
                0x00017a98                Xil_EndianSwap32
 .text          0x00017aa0      0x690 ../../NicolaRadio_bsp/ps7_cortexa9_0/lib/libxil.a(xil_printf.o)
                0x00017cb0                xil_printf
 .text          0x00018130       0xa0 ../../NicolaRadio_bsp/ps7_cortexa9_0/lib/libxil.a(xtime_l.o)
                0x00018130                XTime_SetTime
                0x00018180                XTime_GetTime
 .text          0x000181d0        0x0 ../../NicolaRadio_bsp/ps7_cortexa9_0/lib/libxil.a(xllfifo_g.o)
 .text          0x000181d0        0x0 ../../NicolaRadio_bsp/ps7_cortexa9_0/lib/libxil.a(n3z_tonetest_g.o)
 .text          0x000181d0        0x0 ../../NicolaRadio_bsp/ps7_cortexa9_0/lib/libxil.a(xscutimer_g.o)
 .text          0x000181d0        0x0 ../../NicolaRadio_bsp/ps7_cortexa9_0/lib/libxil.a(xscuwdt_g.o)
 .text          0x000181d0        0x0 ../../NicolaRadio_bsp/ps7_cortexa9_0/lib/libxil.a(xsdps_g.o)
 .text          0x000181d0       0x3c ../../NicolaRadio_bsp/ps7_cortexa9_0/lib/libxil.a(cpu_init.o)
                0x000181d0                __cpu_init
 .text          0x0001820c        0xc ../../NicolaRadio_bsp/ps7_cortexa9_0/lib/libxil.a(outbyte.o)
                0x0001820c                outbyte
 .text          0x00018218       0xec ../../NicolaRadio_bsp/ps7_cortexa9_0/lib/libxil.a(xuartps_hw.o)
                0x00018218                XUartPs_SendByte
                0x00018248                XUartPs_RecvByte
                0x00018274                XUartPs_ResetHw
 .text          0x00018304      0x20c /opt/Xilinx/SDK/2016.2/gnu/aarch32/lin/gcc-arm-none-eabi/bin/../lib/gcc/arm-none-eabi/4.9.2/v7-a/fpv3/hard/libgcc.a(_udivsi3.o)
                0x00018304                __udivsi3
                0x00018304                __aeabi_uidiv
                0x000184f0                __aeabi_uidivmod
 .text          0x00018510        0x4 /opt/Xilinx/SDK/2016.2/gnu/aarch32/lin/gcc-arm-none-eabi/bin/../lib/gcc/arm-none-eabi/4.9.2/v7-a/fpv3/hard/libgcc.a(_dvmd_tls.o)
                0x00018510                __aeabi_ldiv0
                0x00018510                __aeabi_idiv0
 .text          0x00018514       0x18 /opt/Xilinx/SDK/2016.2/gnu/aarch32/lin/gcc-arm-none-eabi/bin/../lib/gcc/arm-none-eabi/4.9.2/../../../../arm-none-eabi/lib/v7-a/fpv3/hard/libc.a(lib_a-atoi.o)
                0x00018514                atoi
                0x00018520                _atoi_r
 .text          0x0001852c       0x18 /opt/Xilinx/SDK/2016.2/gnu/aarch32/lin/gcc-arm-none-eabi/bin/../lib/gcc/arm-none-eabi/4.9.2/../../../../arm-none-eabi/lib/v7-a/fpv3/hard/libc.a(lib_a-ctype_.o)
                0x0001852c                __set_ctype
 .text          0x00018544       0x34 /opt/Xilinx/SDK/2016.2/gnu/aarch32/lin/gcc-arm-none-eabi/bin/../lib/gcc/arm-none-eabi/4.9.2/../../../../arm-none-eabi/lib/v7-a/fpv3/hard/libc.a(lib_a-exit.o)
                0x00018544                exit
 .text          0x00018578       0x40 /opt/Xilinx/SDK/2016.2/gnu/aarch32/lin/gcc-arm-none-eabi/bin/../lib/gcc/arm-none-eabi/4.9.2/../../../../arm-none-eabi/lib/v7-a/fpv3/hard/libc.a(lib_a-fini.o)
                0x00018578                __libc_fini_array
 .text          0x000185b8        0x0 /opt/Xilinx/SDK/2016.2/gnu/aarch32/lin/gcc-arm-none-eabi/bin/../lib/gcc/arm-none-eabi/4.9.2/../../../../arm-none-eabi/lib/v7-a/fpv3/hard/libc.a(lib_a-impure.o)
 .text          0x000185b8       0x78 /opt/Xilinx/SDK/2016.2/gnu/aarch32/lin/gcc-arm-none-eabi/bin/../lib/gcc/arm-none-eabi/4.9.2/../../../../arm-none-eabi/lib/v7-a/fpv3/hard/libc.a(lib_a-init.o)
                0x000185b8                __libc_init_array
 .text          0x00018630       0x28 /opt/Xilinx/SDK/2016.2/gnu/aarch32/lin/gcc-arm-none-eabi/bin/../lib/gcc/arm-none-eabi/4.9.2/../../../../arm-none-eabi/lib/v7-a/fpv3/hard/libc.a(lib_a-malloc.o)
                0x00018630                malloc
                0x00018644                free
 .text          0x00018658      0x768 /opt/Xilinx/SDK/2016.2/gnu/aarch32/lin/gcc-arm-none-eabi/bin/../lib/gcc/arm-none-eabi/4.9.2/../../../../arm-none-eabi/lib/v7-a/fpv3/hard/libc.a(lib_a-mallocr.o)
                0x00018658                _malloc_r
 .text          0x00018dc0       0xa8 /opt/Xilinx/SDK/2016.2/gnu/aarch32/lin/gcc-arm-none-eabi/bin/../lib/gcc/arm-none-eabi/4.9.2/../../../../arm-none-eabi/lib/v7-a/fpv3/hard/libc.a(lib_a-memcmp.o)
                0x00018dc0                memcmp
 *fill*         0x00018e68       0x18 
 .text          0x00018e80      0x600 /opt/Xilinx/SDK/2016.2/gnu/aarch32/lin/gcc-arm-none-eabi/bin/../lib/gcc/arm-none-eabi/4.9.2/../../../../arm-none-eabi/lib/v7-a/fpv3/hard/libc.a(lib_a-memcpy.o)
                0x00018e80                memcpy
 .text          0x00019480       0xf8 /opt/Xilinx/SDK/2016.2/gnu/aarch32/lin/gcc-arm-none-eabi/bin/../lib/gcc/arm-none-eabi/4.9.2/../../../../arm-none-eabi/lib/v7-a/fpv3/hard/libc.a(lib_a-memset.o)
                0x00019480                memset
 .text          0x00019578        0x8 /opt/Xilinx/SDK/2016.2/gnu/aarch32/lin/gcc-arm-none-eabi/bin/../lib/gcc/arm-none-eabi/4.9.2/../../../../arm-none-eabi/lib/v7-a/fpv3/hard/libc.a(lib_a-mlock.o)
                0x00019578                __malloc_lock
                0x0001957c                __malloc_unlock
 .text          0x00019580       0x38 /opt/Xilinx/SDK/2016.2/gnu/aarch32/lin/gcc-arm-none-eabi/bin/../lib/gcc/arm-none-eabi/4.9.2/../../../../arm-none-eabi/lib/v7-a/fpv3/hard/libc.a(lib_a-sbrkr.o)
                0x00019580                _sbrk_r
 .text          0x000195b8       0xf8 /opt/Xilinx/SDK/2016.2/gnu/aarch32/lin/gcc-arm-none-eabi/bin/../lib/gcc/arm-none-eabi/4.9.2/../../../../arm-none-eabi/lib/v7-a/fpv3/hard/libc.a(lib_a-strcpy.o)
                0x000195b8                strcpy
 *fill*         0x000196b0       0x10 
 .text          0x000196c0      0x100 /opt/Xilinx/SDK/2016.2/gnu/aarch32/lin/gcc-arm-none-eabi/bin/../lib/gcc/arm-none-eabi/4.9.2/../../../../arm-none-eabi/lib/v7-a/fpv3/hard/libc.a(lib_a-strlen-armv7.o)
                0x000196c0                strlen
 .text          0x000197c0      0x110 /opt/Xilinx/SDK/2016.2/gnu/aarch32/lin/gcc-arm-none-eabi/bin/../lib/gcc/arm-none-eabi/4.9.2/../../../../arm-none-eabi/lib/v7-a/fpv3/hard/libc.a(lib_a-strncmp.o)
                0x000197c0                strncmp
 .text          0x000198d0       0xdc /opt/Xilinx/SDK/2016.2/gnu/aarch32/lin/gcc-arm-none-eabi/bin/../lib/gcc/arm-none-eabi/4.9.2/../../../../arm-none-eabi/lib/v7-a/fpv3/hard/libc.a(lib_a-strncpy.o)
                0x000198d0                strncpy
 .text          0x000199ac      0x1fc /opt/Xilinx/SDK/2016.2/gnu/aarch32/lin/gcc-arm-none-eabi/bin/../lib/gcc/arm-none-eabi/4.9.2/../../../../arm-none-eabi/lib/v7-a/fpv3/hard/libc.a(lib_a-strtol.o)
                0x000199ac                _strtol_r
                0x00019b8c                strtol
 .text          0x00019ba8      0x168 /opt/Xilinx/SDK/2016.2/gnu/aarch32/lin/gcc-arm-none-eabi/bin/../lib/gcc/arm-none-eabi/4.9.2/../../../../arm-none-eabi/lib/v7-a/fpv3/hard/libc.a(lib_a-__call_atexit.o)
                0x00019ba8                __call_exitprocs
 .text          0x00019d10       0x14 /opt/Xilinx/SDK/2016.2/gnu/aarch32/lin/gcc-arm-none-eabi/bin/../lib/gcc/arm-none-eabi/4.9.2/../../../../arm-none-eabi/lib/v7-a/fpv3/hard/libc.a(lib_a-atexit.o)
                0x00019d10                atexit
 .text          0x00019d24      0x3ac /opt/Xilinx/SDK/2016.2/gnu/aarch32/lin/gcc-arm-none-eabi/bin/../lib/gcc/arm-none-eabi/4.9.2/../../../../arm-none-eabi/lib/v7-a/fpv3/hard/libc.a(lib_a-freer.o)
                0x00019d24                _malloc_trim_r
                0x00019e20                _free_r
 .text          0x0001a0d0      0x11c /opt/Xilinx/SDK/2016.2/gnu/aarch32/lin/gcc-arm-none-eabi/bin/../lib/gcc/arm-none-eabi/4.9.2/../../../../arm-none-eabi/lib/v7-a/fpv3/hard/libc.a(lib_a-reent.o)
                0x0001a0d0                cleanup_glue
                0x0001a0fc                _reclaim_reent
 .text          0x0001a1ec       0xd8 /opt/Xilinx/SDK/2016.2/gnu/aarch32/lin/gcc-arm-none-eabi/bin/../lib/gcc/arm-none-eabi/4.9.2/../../../../arm-none-eabi/lib/v7-a/fpv3/hard/libc.a(lib_a-__atexit.o)
                0x0001a1ec                __register_exitproc
 .text          0x0001a2c4        0x4 ../../NicolaRadio_bsp/ps7_cortexa9_0/lib/libxil.a(_exit.o)
                0x0001a2c4                _exit
 .text          0x0001a2c8       0x3c ../../NicolaRadio_bsp/ps7_cortexa9_0/lib/libxil.a(_sbrk.o)
                0x0001a2c8                _sbrk
 .text          0x0001a304        0x0 /opt/Xilinx/SDK/2016.2/gnu/aarch32/lin/gcc-arm-none-eabi/bin/../lib/gcc/arm-none-eabi/4.9.2/v7-a/fpv3/hard/crtend.o
 .text          0x0001a304        0x0 /opt/Xilinx/SDK/2016.2/gnu/aarch32/lin/gcc-arm-none-eabi/bin/../lib/gcc/arm-none-eabi/4.9.2/v7-a/fpv3/hard/crtn.o
 *(.text.*)
 .text.startup  0x0001a304       0x1c /opt/Xilinx/SDK/2016.2/gnu/aarch32/lin/gcc-arm-none-eabi/bin/../lib/gcc/arm-none-eabi/4.9.2/../../../../arm-none-eabi/lib/v7-a/fpv3/hard/libc.a(lib_a-__call_atexit.o)
 *(.gnu.linkonce.t.*)
 *(.plt)
 *(.gnu_warning)
 *(.gcc_execpt_table)
 *(.glue_7)
 .glue_7        0x00000000        0x0 linker stubs
 *(.glue_7t)
 .glue_7t       0x00000000        0x0 linker stubs
 *(.vfp11_veneer)
 .vfp11_veneer  0x00000000        0x0 linker stubs
 *(.ARM.extab)
 *(.gnu.linkonce.armextab.*)

.v4_bx          0x0001a320        0x0
 .v4_bx         0x00000000        0x0 linker stubs

.iplt           0x0001a320        0x0
 .iplt          0x00000000        0x0 /opt/Xilinx/SDK/2016.2/gnu/aarch32/lin/gcc-arm-none-eabi/bin/../lib/gcc/arm-none-eabi/4.9.2/v7-a/fpv3/hard/crtbegin.o

.init           0x0001a320       0x18
 *(.init)
 .init          0x0001a320        0xc /opt/Xilinx/SDK/2016.2/gnu/aarch32/lin/gcc-arm-none-eabi/bin/../lib/gcc/arm-none-eabi/4.9.2/v7-a/fpv3/hard/crti.o
                0x0001a320                _init
 .init          0x0001a32c        0xc /opt/Xilinx/SDK/2016.2/gnu/aarch32/lin/gcc-arm-none-eabi/bin/../lib/gcc/arm-none-eabi/4.9.2/v7-a/fpv3/hard/crtn.o

.fini           0x0001a338       0x18
 *(.fini)
 .fini          0x0001a338        0xc /opt/Xilinx/SDK/2016.2/gnu/aarch32/lin/gcc-arm-none-eabi/bin/../lib/gcc/arm-none-eabi/4.9.2/v7-a/fpv3/hard/crti.o
                0x0001a338                _fini
 .fini          0x0001a344        0xc /opt/Xilinx/SDK/2016.2/gnu/aarch32/lin/gcc-arm-none-eabi/bin/../lib/gcc/arm-none-eabi/4.9.2/v7-a/fpv3/hard/crtn.o

.rodata         0x0001a350      0xfac
                0x0001a350                __rodata_start = .
 *(.rodata)
 .rodata        0x0001a350       0x28 ./src/portable/port.o
                0x0001a350                ulICCIAR
                0x0001a354                ulICCEOIR
                0x0001a358                ulICCPMR
                0x0001a35c                ulMaxAPIPriorityMask
 .rodata        0x0001a378       0x20 ./src/FreeRTOS_tick_config.o
 .rodata        0x0001a398       0x14 ./src/heap_4.o
 .rodata        0x0001a3ac       0x58 ./src/main.o
 .rodata        0x0001a404        0x8 ./src/printf-stdarg.o
 .rodata        0x0001a40c       0xd4 ./src/ps7_init_Nicola.o
 .rodata        0x0001a4e0       0x10 ./src/queue.o
 .rodata        0x0001a4f0       0x28 ./src/tasks.o
 .rodata        0x0001a518       0x20 ./src/timers.o
 .rodata        0x0001a538      0x3dc ./NicolaCode/Bluetooth.o
 .rodata        0x0001a914       0x2c ./NicolaCode/ConsoleManager.o
 .rodata        0x0001a940      0x2c4 ./NicolaCode/DebugInterface.o
 .rodata        0x0001ac04       0x18 ./NicolaCode/Flash-SDCard.o
 .rodata        0x0001ac1c      0x3e0 ./NicolaCode/LCD_Display.o
 .rodata        0x0001affc       0x7c ./NicolaCode/PSPLComms.o
 .rodata        0x0001b078       0x9c ./NicolaCode/RadioInterface.o
 .rodata        0x0001b114       0x4c ./NicolaCode/RemoteProtocolHandler.o
 .rodata        0x0001b160      0x104 /opt/Xilinx/SDK/2016.2/gnu/aarch32/lin/gcc-arm-none-eabi/bin/../lib/gcc/arm-none-eabi/4.9.2/../../../../arm-none-eabi/lib/v7-a/fpv3/hard/libc.a(lib_a-ctype_.o)
                0x0001b160                _ctype_
 .rodata        0x0001b264        0x4 /opt/Xilinx/SDK/2016.2/gnu/aarch32/lin/gcc-arm-none-eabi/bin/../lib/gcc/arm-none-eabi/4.9.2/../../../../arm-none-eabi/lib/v7-a/fpv3/hard/libc.a(lib_a-impure.o)
                0x0001b264                _global_impure_ptr
 *(.rodata.*)
 .rodata.str1.4
                0x0001b268        0xa ../../NicolaRadio_bsp/ps7_cortexa9_0/lib/libxil.a(xllfifo.o)
                                  0xc (size before relaxing)
 *fill*         0x0001b272        0x2 
 .rodata.str1.4
                0x0001b274        0xc ../../NicolaRadio_bsp/ps7_cortexa9_0/lib/libxil.a(xstreamer.o)
 .rodata.str1.4
                0x0001b280        0xf ../../NicolaRadio_bsp/ps7_cortexa9_0/lib/libxil.a(n3z_tonetest.o)
                                 0x10 (size before relaxing)
 *fill*         0x0001b28f        0x1 
 .rodata.str1.4
                0x0001b290       0x15 ../../NicolaRadio_bsp/ps7_cortexa9_0/lib/libxil.a(n3z_tonetest_sinit.o)
                                 0x18 (size before relaxing)
 *fill*         0x0001b2a5        0x3 
 .rodata.str1.4
                0x0001b2a8        0xa ../../NicolaRadio_bsp/ps7_cortexa9_0/lib/libxil.a(xscugic.o)
                                  0xc (size before relaxing)
 *fill*         0x0001b2b2        0x2 
 .rodata.str1.4
                0x0001b2b4        0xc ../../NicolaRadio_bsp/ps7_cortexa9_0/lib/libxil.a(xscutimer.o)
 .rodata.str1.4
                0x0001b2c0        0xa ../../NicolaRadio_bsp/ps7_cortexa9_0/lib/libxil.a(xscuwdt.o)
                                  0xc (size before relaxing)
 *fill*         0x0001b2ca        0x2 
 .rodata.str1.4
                0x0001b2cc        0x8 ../../NicolaRadio_bsp/ps7_cortexa9_0/lib/libxil.a(xsdps.o)
 .rodata.str1.4
                0x0001b2d4       0x10 ../../NicolaRadio_bsp/ps7_cortexa9_0/lib/libxil.a(xsdps_options.o)
 .rodata.str1.4
                0x0001b2e4       0x11 ../../NicolaRadio_bsp/ps7_cortexa9_0/lib/libxil.a(xil_printf.o)
                                 0x14 (size before relaxing)
 *fill*         0x0001b2f5        0x3 
 .rodata.str1.4
                0x0001b2f8        0x4 /opt/Xilinx/SDK/2016.2/gnu/aarch32/lin/gcc-arm-none-eabi/bin/../lib/gcc/arm-none-eabi/4.9.2/../../../../arm-none-eabi/lib/v7-a/fpv3/hard/libc.a(lib_a-impure.o)
 *(.gnu.linkonce.r.*)
                0x0001b2fc                __rodata_end = .

.rodata1        0x0001b2fc        0x0
                0x0001b2fc                __rodata1_start = .
 *(.rodata1)
 *(.rodata1.*)
                0x0001b2fc                __rodata1_end = .

.sdata2         0x0001b2fc        0x0
                0x0001b2fc                __sdata2_start = .
 *(.sdata2)
 *(.sdata2.*)
 *(.gnu.linkonce.s2.*)
                0x0001b2fc                __sdata2_end = .

.sbss2          0x0001b2fc        0x0
                0x0001b2fc                __sbss2_start = .
 *(.sbss2)
 *(.sbss2.*)
 *(.gnu.linkonce.sb2.*)
                0x0001b2fc                __sbss2_end = .

.data           0x0001b300     0x231c
                0x0001b300                __data_start = .
                0x0001b300                _dataVMA_start = .
 *(.data)
 .data          0x0001b300        0x0 /opt/Xilinx/SDK/2016.2/gnu/aarch32/lin/gcc-arm-none-eabi/bin/../lib/gcc/arm-none-eabi/4.9.2/v7-a/fpv3/hard/crti.o
 .data          0x0001b300        0x4 /opt/Xilinx/SDK/2016.2/gnu/aarch32/lin/gcc-arm-none-eabi/bin/../lib/gcc/arm-none-eabi/4.9.2/v7-a/fpv3/hard/crtbegin.o
                0x0001b300                __dso_handle
 .data          0x0001b304        0x4 ./src/portable/port.o
                0x0001b304                ulCriticalNesting
 .data          0x0001b308        0x0 ./src/portable/portASM.o
 .data          0x0001b308        0x0 ./src/FreeRTOS_asm_vectors.o
 .data          0x0001b308        0x4 ./src/FreeRTOS_tick_config.o
 .data          0x0001b30c        0x0 ./src/event_groups.o
 .data          0x0001b30c        0x0 ./src/heap_4.o
 .data          0x0001b30c        0x0 ./src/list.o
 .data          0x0001b30c        0xc ./src/main.o
                0x0001b30c                VersionStringStart
                0x0001b310                thisDate
                0x0001b314                thisTime
 .data          0x0001b318        0x0 ./src/platform.o
 .data          0x0001b318        0x0 ./src/printf-stdarg.o
 .data          0x0001b318      0xe00 ./src/ps7_init_Nicola.o
                0x0001b318                ps7_pll_init_data_3_0
                0x0001b4a0                ps7_clock_init_data_3_0
                0x0001b544                ps7_mio_init_data_3_0
                0x0001b638                ps7_peripherals_init_data_3_0
                0x0001b744                ps7_post_config_3_0
                0x0001b788                ps7_debug_3_0
                0x0001b7bc                ps7_pll_init_data_2_0
                0x0001b944                ps7_clock_init_data_2_0
                0x0001b9e8                ps7_mio_init_data_2_0
                0x0001badc                ps7_peripherals_init_data_2_0
                0x0001bbe8                ps7_post_config_2_0
                0x0001bc2c                ps7_debug_2_0
                0x0001bc60                ps7_pll_init_data_1_0
                0x0001bde8                ps7_clock_init_data_1_0
                0x0001be8c                ps7_mio_init_data_1_0
                0x0001bf80                ps7_peripherals_init_data_1_0
                0x0001c08c                ps7_post_config_1_0
                0x0001c0d0                ps7_debug_1_0
                0x0001c104                ps7_mio_init_data
                0x0001c108                ps7_pll_init_data
                0x0001c10c                ps7_clock_init_data
                0x0001c110                ps7_ddr_init_data
                0x0001c114                ps7_peripherals_init_data
 .data          0x0001c118        0x0 ./src/queue.o
 .data          0x0001c118        0x0 ./src/tasks.o
 .data          0x0001c118        0x0 ./src/timers.o
 .data          0x0001c118       0x48 ./NicolaCode/Bluetooth.o
                0x0001c11c                StartupMessages
                0x0001c158                PinCodes
 .data          0x0001c160        0x0 ./NicolaCode/ConsoleManager.o
 .data          0x0001c160        0x0 ./NicolaCode/DebugInterface.o
 .data          0x0001c160        0x8 ./NicolaCode/Flash-SDCard.o
 .data          0x0001c168      0x5bc ./NicolaCode/LCD_Display.o
                0x0001c168                MicrophoneVolume
                0x0001c16c                FrequencySetting
                0x0001c170                aerialTypeSetting
                0x0001c190                aerialTypeSetting1
                0x0001c1b0                frequencySetting
                0x0001c1d0                frequencySetting2
                0x0001c1f0                frequencySetting3
                0x0001c210                ToneDetectSetting0
                0x0001c230                ToneDetectSetting1
                0x0001c250                confidenceBeepSetting
                0x0001c2b0                BluetoothPairingSetting
                0x0001c2d0                BluetoothPairingSetting1
                0x0001c2f0                TextMessageReceived
                0x0001c304                TextMessageReceived2
                0x0001c318                TextMessageReceived3
                0x0001c32c                TextMessageReceived4
                0x0001c340                TextMessageTestSetting
                0x0001c354                TextMessageTestSetting2
                0x0001c368                TextMessageTestSetting3
                0x0001c37c                TextMessageTestSetting4
                0x0001c390                keypadCheckOn
                0x0001c3b0                keypadCheckOff
                0x0001c3d0                debugOn
                0x0001c3f0                debugOff
                0x0001c410                VersionNumberSubMenu
                0x0001c430                turnRadioOffSetting
                0x0001c450                turnRadioOffSetting1
                0x0001c470                theMenu_99
                0x0001c4ac                theMenu_9
                0x0001c4e8                theMenu_8a
                0x0001c524                theMenu_8
                0x0001c560                theMenu_7a
                0x0001c59c                theMenu_7
                0x0001c5d8                theMenu_6
                0x0001c614                theMenu_5
                0x0001c650                theMenu_4
                0x0001c68c                theMenu_3
                0x0001c6c8                theMenu_4a
                0x0001c704                Nicola3Name
                0x0001c708                CurrentMenuPosition
                0x0001c70c                CurrentSubMenuPosition
                0x0001c710                DisplayAerialEarthing
                0x0001c714                WatchdogReplyUser
                0x0001c718                WatchdogReplyKeypad
 .data          0x0001c724        0x0 ./NicolaCode/PSPLComms.o
 .data          0x0001c724        0x8 ./NicolaCode/RadioInterface.o
                0x0001c724                toneDetectMask
                0x0001c728                frequencyMask
 .data          0x0001c72c        0x0 ./NicolaCode/RemoteProtocolHandler.o
 .data          0x0001c72c        0x0 ../../NicolaRadio_bsp/ps7_cortexa9_0/lib/libxil.a(xllfifo.o)
 .data          0x0001c72c        0x0 ../../NicolaRadio_bsp/ps7_cortexa9_0/lib/libxil.a(xllfifo_sinit.o)
 .data          0x0001c72c        0x0 ../../NicolaRadio_bsp/ps7_cortexa9_0/lib/libxil.a(xstreamer.o)
 .data          0x0001c72c        0x0 ../../NicolaRadio_bsp/ps7_cortexa9_0/lib/libxil.a(n3z_tonetest.o)
 .data          0x0001c72c        0x0 ../../NicolaRadio_bsp/ps7_cortexa9_0/lib/libxil.a(n3z_tonetest_sinit.o)
 .data          0x0001c72c        0x0 ../../NicolaRadio_bsp/ps7_cortexa9_0/lib/libxil.a(xscugic.o)
 .data          0x0001c72c      0x624 ../../NicolaRadio_bsp/ps7_cortexa9_0/lib/libxil.a(xscugic_g.o)
                0x0001c72c                XScuGic_ConfigTable
 .data          0x0001cd50        0x0 ../../NicolaRadio_bsp/ps7_cortexa9_0/lib/libxil.a(xscugic_sinit.o)
 .data          0x0001cd50        0x0 ../../NicolaRadio_bsp/ps7_cortexa9_0/lib/libxil.a(xscutimer.o)
 .data          0x0001cd50        0x0 ../../NicolaRadio_bsp/ps7_cortexa9_0/lib/libxil.a(xscutimer_sinit.o)
 .data          0x0001cd50        0x0 ../../NicolaRadio_bsp/ps7_cortexa9_0/lib/libxil.a(xscuwdt.o)
 .data          0x0001cd50        0x0 ../../NicolaRadio_bsp/ps7_cortexa9_0/lib/libxil.a(xscuwdt_sinit.o)
 .data          0x0001cd50        0x0 ../../NicolaRadio_bsp/ps7_cortexa9_0/lib/libxil.a(xsdps.o)
 .data          0x0001cd50        0x0 ../../NicolaRadio_bsp/ps7_cortexa9_0/lib/libxil.a(xsdps_options.o)
 .data          0x0001cd50        0x0 ../../NicolaRadio_bsp/ps7_cortexa9_0/lib/libxil.a(xsdps_sinit.o)
 .data          0x0001cd50        0x0 ../../NicolaRadio_bsp/ps7_cortexa9_0/lib/libxil.a(asm_vectors.o)
 .data          0x0001cd50        0x0 ../../NicolaRadio_bsp/ps7_cortexa9_0/lib/libxil.a(boot.o)
 .data          0x0001cd50        0x0 ../../NicolaRadio_bsp/ps7_cortexa9_0/lib/libxil.a(sleep.o)
 .data          0x0001cd50        0x0 ../../NicolaRadio_bsp/ps7_cortexa9_0/lib/libxil.a(translation_table.o)
 .data          0x0001cd50        0x0 ../../NicolaRadio_bsp/ps7_cortexa9_0/lib/libxil.a(usleep.o)
 .data          0x0001cd50        0x0 ../../NicolaRadio_bsp/ps7_cortexa9_0/lib/libxil.a(vectors.o)
 .data          0x0001cd50        0x0 ../../NicolaRadio_bsp/ps7_cortexa9_0/lib/libxil.a(xil-crt0.o)
 .data          0x0001cd50        0x0 ../../NicolaRadio_bsp/ps7_cortexa9_0/lib/libxil.a(xil_assert.o)
 .data          0x0001cd50        0x0 ../../NicolaRadio_bsp/ps7_cortexa9_0/lib/libxil.a(xil_cache.o)
 .data          0x0001cd50       0x38 ../../NicolaRadio_bsp/ps7_cortexa9_0/lib/libxil.a(xil_exception.o)
                0x0001cd50                XExc_VectorTable
 .data          0x0001cd88        0x0 ../../NicolaRadio_bsp/ps7_cortexa9_0/lib/libxil.a(xil_io.o)
 .data          0x0001cd88        0x0 ../../NicolaRadio_bsp/ps7_cortexa9_0/lib/libxil.a(xil_printf.o)
 .data          0x0001cd88        0x0 ../../NicolaRadio_bsp/ps7_cortexa9_0/lib/libxil.a(xtime_l.o)
 .data          0x0001cd88       0x20 ../../NicolaRadio_bsp/ps7_cortexa9_0/lib/libxil.a(xllfifo_g.o)
                0x0001cd88                XLlFifo_ConfigTable
 .data          0x0001cda8        0x8 ../../NicolaRadio_bsp/ps7_cortexa9_0/lib/libxil.a(n3z_tonetest_g.o)
                0x0001cda8                n3z_tonetest_ConfigTable
 .data          0x0001cdb0        0x8 ../../NicolaRadio_bsp/ps7_cortexa9_0/lib/libxil.a(xscutimer_g.o)
                0x0001cdb0                XScuTimer_ConfigTable
 .data          0x0001cdb8        0x8 ../../NicolaRadio_bsp/ps7_cortexa9_0/lib/libxil.a(xscuwdt_g.o)
                0x0001cdb8                XScuWdt_ConfigTable
 .data          0x0001cdc0       0x14 ../../NicolaRadio_bsp/ps7_cortexa9_0/lib/libxil.a(xsdps_g.o)
                0x0001cdc0                XSdPs_ConfigTable
 .data          0x0001cdd4        0x0 ../../NicolaRadio_bsp/ps7_cortexa9_0/lib/libxil.a(cpu_init.o)
 .data          0x0001cdd4        0x0 ../../NicolaRadio_bsp/ps7_cortexa9_0/lib/libxil.a(outbyte.o)
 .data          0x0001cdd4        0x0 ../../NicolaRadio_bsp/ps7_cortexa9_0/lib/libxil.a(xuartps_hw.o)
 .data          0x0001cdd4        0x0 /opt/Xilinx/SDK/2016.2/gnu/aarch32/lin/gcc-arm-none-eabi/bin/../lib/gcc/arm-none-eabi/4.9.2/v7-a/fpv3/hard/libgcc.a(_udivsi3.o)
 .data          0x0001cdd4        0x0 /opt/Xilinx/SDK/2016.2/gnu/aarch32/lin/gcc-arm-none-eabi/bin/../lib/gcc/arm-none-eabi/4.9.2/v7-a/fpv3/hard/libgcc.a(_dvmd_tls.o)
 .data          0x0001cdd4        0x0 /opt/Xilinx/SDK/2016.2/gnu/aarch32/lin/gcc-arm-none-eabi/bin/../lib/gcc/arm-none-eabi/4.9.2/../../../../arm-none-eabi/lib/v7-a/fpv3/hard/libc.a(lib_a-atoi.o)
 .data          0x0001cdd4        0x4 /opt/Xilinx/SDK/2016.2/gnu/aarch32/lin/gcc-arm-none-eabi/bin/../lib/gcc/arm-none-eabi/4.9.2/../../../../arm-none-eabi/lib/v7-a/fpv3/hard/libc.a(lib_a-ctype_.o)
                0x0001cdd4                __ctype_ptr__
 .data          0x0001cdd8        0x0 /opt/Xilinx/SDK/2016.2/gnu/aarch32/lin/gcc-arm-none-eabi/bin/../lib/gcc/arm-none-eabi/4.9.2/../../../../arm-none-eabi/lib/v7-a/fpv3/hard/libc.a(lib_a-exit.o)
 .data          0x0001cdd8        0x0 /opt/Xilinx/SDK/2016.2/gnu/aarch32/lin/gcc-arm-none-eabi/bin/../lib/gcc/arm-none-eabi/4.9.2/../../../../arm-none-eabi/lib/v7-a/fpv3/hard/libc.a(lib_a-fini.o)
 .data          0x0001cdd8      0x430 /opt/Xilinx/SDK/2016.2/gnu/aarch32/lin/gcc-arm-none-eabi/bin/../lib/gcc/arm-none-eabi/4.9.2/../../../../arm-none-eabi/lib/v7-a/fpv3/hard/libc.a(lib_a-impure.o)
                0x0001cdd8                _impure_ptr
 .data          0x0001d208        0x0 /opt/Xilinx/SDK/2016.2/gnu/aarch32/lin/gcc-arm-none-eabi/bin/../lib/gcc/arm-none-eabi/4.9.2/../../../../arm-none-eabi/lib/v7-a/fpv3/hard/libc.a(lib_a-init.o)
 .data          0x0001d208        0x0 /opt/Xilinx/SDK/2016.2/gnu/aarch32/lin/gcc-arm-none-eabi/bin/../lib/gcc/arm-none-eabi/4.9.2/../../../../arm-none-eabi/lib/v7-a/fpv3/hard/libc.a(lib_a-malloc.o)
 .data          0x0001d208      0x410 /opt/Xilinx/SDK/2016.2/gnu/aarch32/lin/gcc-arm-none-eabi/bin/../lib/gcc/arm-none-eabi/4.9.2/../../../../arm-none-eabi/lib/v7-a/fpv3/hard/libc.a(lib_a-mallocr.o)
                0x0001d208                __malloc_av_
                0x0001d610                __malloc_sbrk_base
                0x0001d614                __malloc_trim_threshold
 .data          0x0001d618        0x0 /opt/Xilinx/SDK/2016.2/gnu/aarch32/lin/gcc-arm-none-eabi/bin/../lib/gcc/arm-none-eabi/4.9.2/../../../../arm-none-eabi/lib/v7-a/fpv3/hard/libc.a(lib_a-memcmp.o)
 .data          0x0001d618        0x0 /opt/Xilinx/SDK/2016.2/gnu/aarch32/lin/gcc-arm-none-eabi/bin/../lib/gcc/arm-none-eabi/4.9.2/../../../../arm-none-eabi/lib/v7-a/fpv3/hard/libc.a(lib_a-memcpy.o)
 .data          0x0001d618        0x0 /opt/Xilinx/SDK/2016.2/gnu/aarch32/lin/gcc-arm-none-eabi/bin/../lib/gcc/arm-none-eabi/4.9.2/../../../../arm-none-eabi/lib/v7-a/fpv3/hard/libc.a(lib_a-memset.o)
 .data          0x0001d618        0x0 /opt/Xilinx/SDK/2016.2/gnu/aarch32/lin/gcc-arm-none-eabi/bin/../lib/gcc/arm-none-eabi/4.9.2/../../../../arm-none-eabi/lib/v7-a/fpv3/hard/libc.a(lib_a-mlock.o)
 .data          0x0001d618        0x0 /opt/Xilinx/SDK/2016.2/gnu/aarch32/lin/gcc-arm-none-eabi/bin/../lib/gcc/arm-none-eabi/4.9.2/../../../../arm-none-eabi/lib/v7-a/fpv3/hard/libc.a(lib_a-sbrkr.o)
 .data          0x0001d618        0x0 /opt/Xilinx/SDK/2016.2/gnu/aarch32/lin/gcc-arm-none-eabi/bin/../lib/gcc/arm-none-eabi/4.9.2/../../../../arm-none-eabi/lib/v7-a/fpv3/hard/libc.a(lib_a-strcpy.o)
 .data          0x0001d618        0x0 /opt/Xilinx/SDK/2016.2/gnu/aarch32/lin/gcc-arm-none-eabi/bin/../lib/gcc/arm-none-eabi/4.9.2/../../../../arm-none-eabi/lib/v7-a/fpv3/hard/libc.a(lib_a-strlen-armv7.o)
 .data          0x0001d618        0x0 /opt/Xilinx/SDK/2016.2/gnu/aarch32/lin/gcc-arm-none-eabi/bin/../lib/gcc/arm-none-eabi/4.9.2/../../../../arm-none-eabi/lib/v7-a/fpv3/hard/libc.a(lib_a-strncmp.o)
 .data          0x0001d618        0x0 /opt/Xilinx/SDK/2016.2/gnu/aarch32/lin/gcc-arm-none-eabi/bin/../lib/gcc/arm-none-eabi/4.9.2/../../../../arm-none-eabi/lib/v7-a/fpv3/hard/libc.a(lib_a-strncpy.o)
 .data          0x0001d618        0x0 /opt/Xilinx/SDK/2016.2/gnu/aarch32/lin/gcc-arm-none-eabi/bin/../lib/gcc/arm-none-eabi/4.9.2/../../../../arm-none-eabi/lib/v7-a/fpv3/hard/libc.a(lib_a-strtol.o)
 .data          0x0001d618        0x0 /opt/Xilinx/SDK/2016.2/gnu/aarch32/lin/gcc-arm-none-eabi/bin/../lib/gcc/arm-none-eabi/4.9.2/../../../../arm-none-eabi/lib/v7-a/fpv3/hard/libc.a(lib_a-__call_atexit.o)
 .data          0x0001d618        0x0 /opt/Xilinx/SDK/2016.2/gnu/aarch32/lin/gcc-arm-none-eabi/bin/../lib/gcc/arm-none-eabi/4.9.2/../../../../arm-none-eabi/lib/v7-a/fpv3/hard/libc.a(lib_a-atexit.o)
 .data          0x0001d618        0x0 /opt/Xilinx/SDK/2016.2/gnu/aarch32/lin/gcc-arm-none-eabi/bin/../lib/gcc/arm-none-eabi/4.9.2/../../../../arm-none-eabi/lib/v7-a/fpv3/hard/libc.a(lib_a-freer.o)
 .data          0x0001d618        0x0 /opt/Xilinx/SDK/2016.2/gnu/aarch32/lin/gcc-arm-none-eabi/bin/../lib/gcc/arm-none-eabi/4.9.2/../../../../arm-none-eabi/lib/v7-a/fpv3/hard/libc.a(lib_a-reent.o)
 .data          0x0001d618        0x0 /opt/Xilinx/SDK/2016.2/gnu/aarch32/lin/gcc-arm-none-eabi/bin/../lib/gcc/arm-none-eabi/4.9.2/../../../../arm-none-eabi/lib/v7-a/fpv3/hard/libc.a(lib_a-__atexit.o)
 .data          0x0001d618        0x0 ../../NicolaRadio_bsp/ps7_cortexa9_0/lib/libxil.a(_exit.o)
 .data          0x0001d618        0x0 ../../NicolaRadio_bsp/ps7_cortexa9_0/lib/libxil.a(_sbrk.o)
 .data          0x0001d618        0x0 /opt/Xilinx/SDK/2016.2/gnu/aarch32/lin/gcc-arm-none-eabi/bin/../lib/gcc/arm-none-eabi/4.9.2/v7-a/fpv3/hard/crtend.o
 .data          0x0001d618        0x0 /opt/Xilinx/SDK/2016.2/gnu/aarch32/lin/gcc-arm-none-eabi/bin/../lib/gcc/arm-none-eabi/4.9.2/v7-a/fpv3/hard/crtn.o
 *(.data.*)
 *(.gnu.linkonce.d.*)
 *(.jcr)
 .jcr           0x0001d618        0x0 /opt/Xilinx/SDK/2016.2/gnu/aarch32/lin/gcc-arm-none-eabi/bin/../lib/gcc/arm-none-eabi/4.9.2/v7-a/fpv3/hard/crtbegin.o
 .jcr           0x0001d618        0x4 /opt/Xilinx/SDK/2016.2/gnu/aarch32/lin/gcc-arm-none-eabi/bin/../lib/gcc/arm-none-eabi/4.9.2/v7-a/fpv3/hard/crtend.o
 *(.got)
 *(.got.plt)
                0x0001d61c                __data_end = .
                0x0001d61c                _dataVMA_end = .
                0x0001b300                _dataLMA = LOADADDR (.data)

.tm_clone_table
                0x0001d61c        0x0
 .tm_clone_table
                0x0001d61c        0x0 /opt/Xilinx/SDK/2016.2/gnu/aarch32/lin/gcc-arm-none-eabi/bin/../lib/gcc/arm-none-eabi/4.9.2/v7-a/fpv3/hard/crtbegin.o
 .tm_clone_table
                0x0001d61c        0x0 /opt/Xilinx/SDK/2016.2/gnu/aarch32/lin/gcc-arm-none-eabi/bin/../lib/gcc/arm-none-eabi/4.9.2/v7-a/fpv3/hard/crtend.o

.igot.plt       0x0001d61c        0x0
 .igot.plt      0x00000000        0x0 /opt/Xilinx/SDK/2016.2/gnu/aarch32/lin/gcc-arm-none-eabi/bin/../lib/gcc/arm-none-eabi/4.9.2/v7-a/fpv3/hard/crtbegin.o

.got2           0x0001d61c        0x0
 .got2          0x0001d61c        0x0 ../../NicolaRadio_bsp/ps7_cortexa9_0/lib/libxil.a(xil-crt0.o)

.data1          0x0001d61c        0x0
                0x0001d61c                __data1_start = .
 *(.data1)
 *(.data1.*)
                0x0001d61c                __data1_end = .

.got
 *(.got)

.ctors          0x0001d61c        0x0
                0x0001d61c                __CTOR_LIST__ = .
                0x0001d61c                ___CTORS_LIST___ = .
 *crtbegin.o(.ctors)
 *(EXCLUDE_FILE(*crtend.o) .ctors)
 *(SORT(.ctors.*))
 *(.ctors)
                0x0001d61c                __CTOR_END__ = .
                0x0001d61c                ___CTORS_END___ = .

.dtors          0x0001d61c        0x0
                0x0001d61c                __DTOR_LIST__ = .
                0x0001d61c                ___DTORS_LIST___ = .
 *crtbegin.o(.dtors)
 *(EXCLUDE_FILE(*crtend.o) .dtors)
 *(SORT(.dtors.*))
 *(.dtors)
                0x0001d61c                __DTOR_END__ = .
                0x0001d61c                ___DTORS_END___ = .

.fixup          0x0001d61c        0x0
                0x0001d61c                __fixup_start = .
 *(.fixup)
                0x0001d61c                __fixup_end = .

.eh_frame       0x0001d61c        0x4
 *(.eh_frame)
 .eh_frame      0x0001d61c        0x0 /opt/Xilinx/SDK/2016.2/gnu/aarch32/lin/gcc-arm-none-eabi/bin/../lib/gcc/arm-none-eabi/4.9.2/v7-a/fpv3/hard/crtbegin.o
 .eh_frame      0x0001d61c        0x4 /opt/Xilinx/SDK/2016.2/gnu/aarch32/lin/gcc-arm-none-eabi/bin/../lib/gcc/arm-none-eabi/4.9.2/v7-a/fpv3/hard/crtend.o

.eh_framehdr    0x0001d620        0x0
                0x0001d620                __eh_framehdr_start = .
 *(.eh_framehdr)
                0x0001d620                __eh_framehdr_end = .

.gcc_except_table
 *(.gcc_except_table)

.mmu_tbl        0x00020000     0x4000
                0x00020000                __mmu_tbl_start = .
 *(.mmu_tbl)
 .mmu_tbl       0x00020000     0x4000 ../../NicolaRadio_bsp/ps7_cortexa9_0/lib/libxil.a(translation_table.o)
                0x00020000                MMUTable
                0x00024000                __mmu_tbl_end = .

.rel.dyn        0x00024000        0x0
 .rel.iplt      0x00000000        0x0 /opt/Xilinx/SDK/2016.2/gnu/aarch32/lin/gcc-arm-none-eabi/bin/../lib/gcc/arm-none-eabi/4.9.2/v7-a/fpv3/hard/crtbegin.o

.ARM.exidx      0x00024000        0x0
                0x00024000                __exidx_start = .
 *(.ARM.exidx*)
 *(.gnu.linkonce.armexidix.*.*)
                0x00024000                __exidx_end = .

.preinit_array  0x00024000        0x0
                0x00024000                __preinit_array_start = .
 *(SORT(.preinit_array.*))
 *(.preinit_array)
                0x00024000                __preinit_array_end = .

.init_array     0x00024000        0x8
                0x00024000                __init_array_start = .
 *(SORT(.init_array.*))
 .init_array.00000
                0x00024000        0x4 /opt/Xilinx/SDK/2016.2/gnu/aarch32/lin/gcc-arm-none-eabi/bin/../lib/gcc/arm-none-eabi/4.9.2/../../../../arm-none-eabi/lib/v7-a/fpv3/hard/libc.a(lib_a-__call_atexit.o)
 *(.init_array)
 .init_array    0x00024004        0x4 /opt/Xilinx/SDK/2016.2/gnu/aarch32/lin/gcc-arm-none-eabi/bin/../lib/gcc/arm-none-eabi/4.9.2/v7-a/fpv3/hard/crtbegin.o
                0x00024008                __init_array_end = .

.fini_array     0x00024008        0x4
                0x00024008                __fini_array_start = .
 *(SORT(.fini_array.*))
 *(.fini_array)
 .fini_array    0x00024008        0x4 /opt/Xilinx/SDK/2016.2/gnu/aarch32/lin/gcc-arm-none-eabi/bin/../lib/gcc/arm-none-eabi/4.9.2/v7-a/fpv3/hard/crtbegin.o
                0x0002400c                __fini_array_end = .

.ARM.attributes
                0x0002400c       0x35
                0x0002400c                __ARM.attributes_start = .
 *(.ARM.attributes)
 .ARM.attributes
                0x0002400c       0x21 /opt/Xilinx/SDK/2016.2/gnu/aarch32/lin/gcc-arm-none-eabi/bin/../lib/gcc/arm-none-eabi/4.9.2/v7-a/fpv3/hard/crti.o
 .ARM.attributes
                0x0002402d       0x35 /opt/Xilinx/SDK/2016.2/gnu/aarch32/lin/gcc-arm-none-eabi/bin/../lib/gcc/arm-none-eabi/4.9.2/v7-a/fpv3/hard/crtbegin.o
 .ARM.attributes
                0x00024062       0x3f ./src/portable/port.o
 .ARM.attributes
                0x000240a1       0x29 ./src/portable/portASM.o
 .ARM.attributes
                0x000240ca       0x29 ./src/FreeRTOS_asm_vectors.o
 .ARM.attributes
                0x000240f3       0x3f ./src/FreeRTOS_tick_config.o
 .ARM.attributes
                0x00024132       0x3f ./src/event_groups.o
 .ARM.attributes
                0x00024171       0x3f ./src/heap_4.o
 .ARM.attributes
                0x000241b0       0x3f ./src/list.o
 .ARM.attributes
                0x000241ef       0x3f ./src/main.o
 .ARM.attributes
                0x0002422e       0x3f ./src/platform.o
 .ARM.attributes
                0x0002426d       0x3f ./src/printf-stdarg.o
 .ARM.attributes
                0x000242ac       0x3f ./src/ps7_init_Nicola.o
 .ARM.attributes
                0x000242eb       0x3f ./src/queue.o
 .ARM.attributes
                0x0002432a       0x3f ./src/tasks.o
 .ARM.attributes
                0x00024369       0x3f ./src/timers.o
 .ARM.attributes
                0x000243a8       0x3f ./NicolaCode/Bluetooth.o
 .ARM.attributes
                0x000243e7       0x3f ./NicolaCode/ConsoleManager.o
 .ARM.attributes
                0x00024426       0x3f ./NicolaCode/DebugInterface.o
 .ARM.attributes
                0x00024465       0x3f ./NicolaCode/Flash-SDCard.o
 .ARM.attributes
                0x000244a4       0x3f ./NicolaCode/LCD_Display.o
 .ARM.attributes
                0x000244e3       0x3f ./NicolaCode/PSPLComms.o
 .ARM.attributes
                0x00024522       0x3f ./NicolaCode/RadioInterface.o
 .ARM.attributes
                0x00024561       0x3f ./NicolaCode/RemoteProtocolHandler.o
 .ARM.attributes
                0x000245a0       0x3f ../../NicolaRadio_bsp/ps7_cortexa9_0/lib/libxil.a(xllfifo.o)
 .ARM.attributes
                0x000245df       0x3f ../../NicolaRadio_bsp/ps7_cortexa9_0/lib/libxil.a(xllfifo_sinit.o)
 .ARM.attributes
                0x0002461e       0x3f ../../NicolaRadio_bsp/ps7_cortexa9_0/lib/libxil.a(xstreamer.o)
 .ARM.attributes
                0x0002465d       0x3f ../../NicolaRadio_bsp/ps7_cortexa9_0/lib/libxil.a(n3z_tonetest.o)
 .ARM.attributes
                0x0002469c       0x3f ../../NicolaRadio_bsp/ps7_cortexa9_0/lib/libxil.a(n3z_tonetest_sinit.o)
 .ARM.attributes
                0x000246db       0x3f ../../NicolaRadio_bsp/ps7_cortexa9_0/lib/libxil.a(xscugic.o)
 .ARM.attributes
                0x0002471a       0x3f ../../NicolaRadio_bsp/ps7_cortexa9_0/lib/libxil.a(xscugic_g.o)
 .ARM.attributes
                0x00024759       0x3f ../../NicolaRadio_bsp/ps7_cortexa9_0/lib/libxil.a(xscugic_sinit.o)
 .ARM.attributes
                0x00024798       0x3f ../../NicolaRadio_bsp/ps7_cortexa9_0/lib/libxil.a(xscutimer.o)
 .ARM.attributes
                0x000247d7       0x3f ../../NicolaRadio_bsp/ps7_cortexa9_0/lib/libxil.a(xscutimer_sinit.o)
 .ARM.attributes
                0x00024816       0x3f ../../NicolaRadio_bsp/ps7_cortexa9_0/lib/libxil.a(xscuwdt.o)
 .ARM.attributes
                0x00024855       0x3f ../../NicolaRadio_bsp/ps7_cortexa9_0/lib/libxil.a(xscuwdt_sinit.o)
 .ARM.attributes
                0x00024894       0x3f ../../NicolaRadio_bsp/ps7_cortexa9_0/lib/libxil.a(xsdps.o)
 .ARM.attributes
                0x000248d3       0x3f ../../NicolaRadio_bsp/ps7_cortexa9_0/lib/libxil.a(xsdps_options.o)
 .ARM.attributes
                0x00024912       0x3f ../../NicolaRadio_bsp/ps7_cortexa9_0/lib/libxil.a(xsdps_sinit.o)
 .ARM.attributes
                0x00024951       0x29 ../../NicolaRadio_bsp/ps7_cortexa9_0/lib/libxil.a(asm_vectors.o)
 .ARM.attributes
                0x0002497a       0x29 ../../NicolaRadio_bsp/ps7_cortexa9_0/lib/libxil.a(boot.o)
 .ARM.attributes
                0x000249a3       0x3f ../../NicolaRadio_bsp/ps7_cortexa9_0/lib/libxil.a(sleep.o)
 .ARM.attributes
                0x000249e2       0x29 ../../NicolaRadio_bsp/ps7_cortexa9_0/lib/libxil.a(translation_table.o)
 .ARM.attributes
                0x00024a0b       0x3f ../../NicolaRadio_bsp/ps7_cortexa9_0/lib/libxil.a(usleep.o)
 .ARM.attributes
                0x00024a4a       0x3f ../../NicolaRadio_bsp/ps7_cortexa9_0/lib/libxil.a(vectors.o)
 .ARM.attributes
                0x00024a89       0x29 ../../NicolaRadio_bsp/ps7_cortexa9_0/lib/libxil.a(xil-crt0.o)
 .ARM.attributes
                0x00024ab2       0x3f ../../NicolaRadio_bsp/ps7_cortexa9_0/lib/libxil.a(xil_assert.o)
 .ARM.attributes
                0x00024af1       0x3f ../../NicolaRadio_bsp/ps7_cortexa9_0/lib/libxil.a(xil_cache.o)
 .ARM.attributes
                0x00024b30       0x3f ../../NicolaRadio_bsp/ps7_cortexa9_0/lib/libxil.a(xil_exception.o)
 .ARM.attributes
                0x00024b6f       0x3f ../../NicolaRadio_bsp/ps7_cortexa9_0/lib/libxil.a(xil_io.o)
 .ARM.attributes
                0x00024bae       0x3f ../../NicolaRadio_bsp/ps7_cortexa9_0/lib/libxil.a(xil_printf.o)
 .ARM.attributes
                0x00024bed       0x3f ../../NicolaRadio_bsp/ps7_cortexa9_0/lib/libxil.a(xtime_l.o)
 .ARM.attributes
                0x00024c2c       0x3f ../../NicolaRadio_bsp/ps7_cortexa9_0/lib/libxil.a(xllfifo_g.o)
 .ARM.attributes
                0x00024c6b       0x3f ../../NicolaRadio_bsp/ps7_cortexa9_0/lib/libxil.a(n3z_tonetest_g.o)
 .ARM.attributes
                0x00024caa       0x3f ../../NicolaRadio_bsp/ps7_cortexa9_0/lib/libxil.a(xscutimer_g.o)
 .ARM.attributes
                0x00024ce9       0x3f ../../NicolaRadio_bsp/ps7_cortexa9_0/lib/libxil.a(xscuwdt_g.o)
 .ARM.attributes
                0x00024d28       0x3f ../../NicolaRadio_bsp/ps7_cortexa9_0/lib/libxil.a(xsdps_g.o)
 .ARM.attributes
                0x00024d67       0x29 ../../NicolaRadio_bsp/ps7_cortexa9_0/lib/libxil.a(cpu_init.o)
 .ARM.attributes
                0x00024d90       0x3f ../../NicolaRadio_bsp/ps7_cortexa9_0/lib/libxil.a(outbyte.o)
 .ARM.attributes
                0x00024dcf       0x3f ../../NicolaRadio_bsp/ps7_cortexa9_0/lib/libxil.a(xuartps_hw.o)
 .ARM.attributes
                0x00024e0e       0x21 /opt/Xilinx/SDK/2016.2/gnu/aarch32/lin/gcc-arm-none-eabi/bin/../lib/gcc/arm-none-eabi/4.9.2/v7-a/fpv3/hard/libgcc.a(_udivsi3.o)
 .ARM.attributes
                0x00024e2f       0x21 /opt/Xilinx/SDK/2016.2/gnu/aarch32/lin/gcc-arm-none-eabi/bin/../lib/gcc/arm-none-eabi/4.9.2/v7-a/fpv3/hard/libgcc.a(_dvmd_tls.o)
 .ARM.attributes
                0x00024e50       0x35 /opt/Xilinx/SDK/2016.2/gnu/aarch32/lin/gcc-arm-none-eabi/bin/../lib/gcc/arm-none-eabi/4.9.2/../../../../arm-none-eabi/lib/v7-a/fpv3/hard/libc.a(lib_a-atoi.o)
 .ARM.attributes
                0x00024e85       0x35 /opt/Xilinx/SDK/2016.2/gnu/aarch32/lin/gcc-arm-none-eabi/bin/../lib/gcc/arm-none-eabi/4.9.2/../../../../arm-none-eabi/lib/v7-a/fpv3/hard/libc.a(lib_a-ctype_.o)
 .ARM.attributes
                0x00024eba       0x35 /opt/Xilinx/SDK/2016.2/gnu/aarch32/lin/gcc-arm-none-eabi/bin/../lib/gcc/arm-none-eabi/4.9.2/../../../../arm-none-eabi/lib/v7-a/fpv3/hard/libc.a(lib_a-exit.o)
 .ARM.attributes
                0x00024eef       0x35 /opt/Xilinx/SDK/2016.2/gnu/aarch32/lin/gcc-arm-none-eabi/bin/../lib/gcc/arm-none-eabi/4.9.2/../../../../arm-none-eabi/lib/v7-a/fpv3/hard/libc.a(lib_a-fini.o)
 .ARM.attributes
                0x00024f24       0x35 /opt/Xilinx/SDK/2016.2/gnu/aarch32/lin/gcc-arm-none-eabi/bin/../lib/gcc/arm-none-eabi/4.9.2/../../../../arm-none-eabi/lib/v7-a/fpv3/hard/libc.a(lib_a-impure.o)
 .ARM.attributes
                0x00024f59       0x35 /opt/Xilinx/SDK/2016.2/gnu/aarch32/lin/gcc-arm-none-eabi/bin/../lib/gcc/arm-none-eabi/4.9.2/../../../../arm-none-eabi/lib/v7-a/fpv3/hard/libc.a(lib_a-init.o)
 .ARM.attributes
                0x00024f8e       0x35 /opt/Xilinx/SDK/2016.2/gnu/aarch32/lin/gcc-arm-none-eabi/bin/../lib/gcc/arm-none-eabi/4.9.2/../../../../arm-none-eabi/lib/v7-a/fpv3/hard/libc.a(lib_a-malloc.o)
 .ARM.attributes
                0x00024fc3       0x35 /opt/Xilinx/SDK/2016.2/gnu/aarch32/lin/gcc-arm-none-eabi/bin/../lib/gcc/arm-none-eabi/4.9.2/../../../../arm-none-eabi/lib/v7-a/fpv3/hard/libc.a(lib_a-mallocr.o)
 .ARM.attributes
                0x00024ff8       0x35 /opt/Xilinx/SDK/2016.2/gnu/aarch32/lin/gcc-arm-none-eabi/bin/../lib/gcc/arm-none-eabi/4.9.2/../../../../arm-none-eabi/lib/v7-a/fpv3/hard/libc.a(lib_a-memcmp.o)
 .ARM.attributes
                0x0002502d       0x1b /opt/Xilinx/SDK/2016.2/gnu/aarch32/lin/gcc-arm-none-eabi/bin/../lib/gcc/arm-none-eabi/4.9.2/../../../../arm-none-eabi/lib/v7-a/fpv3/hard/libc.a(lib_a-memcpy.o)
 .ARM.attributes
                0x00025048       0x35 /opt/Xilinx/SDK/2016.2/gnu/aarch32/lin/gcc-arm-none-eabi/bin/../lib/gcc/arm-none-eabi/4.9.2/../../../../arm-none-eabi/lib/v7-a/fpv3/hard/libc.a(lib_a-memset.o)
 .ARM.attributes
                0x0002507d       0x35 /opt/Xilinx/SDK/2016.2/gnu/aarch32/lin/gcc-arm-none-eabi/bin/../lib/gcc/arm-none-eabi/4.9.2/../../../../arm-none-eabi/lib/v7-a/fpv3/hard/libc.a(lib_a-mlock.o)
 .ARM.attributes
                0x000250b2       0x35 /opt/Xilinx/SDK/2016.2/gnu/aarch32/lin/gcc-arm-none-eabi/bin/../lib/gcc/arm-none-eabi/4.9.2/../../../../arm-none-eabi/lib/v7-a/fpv3/hard/libc.a(lib_a-sbrkr.o)
 .ARM.attributes
                0x000250e7       0x35 /opt/Xilinx/SDK/2016.2/gnu/aarch32/lin/gcc-arm-none-eabi/bin/../lib/gcc/arm-none-eabi/4.9.2/../../../../arm-none-eabi/lib/v7-a/fpv3/hard/libc.a(lib_a-strcpy.o)
 .ARM.attributes
                0x0002511c       0x1f /opt/Xilinx/SDK/2016.2/gnu/aarch32/lin/gcc-arm-none-eabi/bin/../lib/gcc/arm-none-eabi/4.9.2/../../../../arm-none-eabi/lib/v7-a/fpv3/hard/libc.a(lib_a-strlen-armv7.o)
 .ARM.attributes
                0x0002513b       0x35 /opt/Xilinx/SDK/2016.2/gnu/aarch32/lin/gcc-arm-none-eabi/bin/../lib/gcc/arm-none-eabi/4.9.2/../../../../arm-none-eabi/lib/v7-a/fpv3/hard/libc.a(lib_a-strncmp.o)
 .ARM.attributes
                0x00025170       0x35 /opt/Xilinx/SDK/2016.2/gnu/aarch32/lin/gcc-arm-none-eabi/bin/../lib/gcc/arm-none-eabi/4.9.2/../../../../arm-none-eabi/lib/v7-a/fpv3/hard/libc.a(lib_a-strncpy.o)
 .ARM.attributes
                0x000251a5       0x35 /opt/Xilinx/SDK/2016.2/gnu/aarch32/lin/gcc-arm-none-eabi/bin/../lib/gcc/arm-none-eabi/4.9.2/../../../../arm-none-eabi/lib/v7-a/fpv3/hard/libc.a(lib_a-strtol.o)
 .ARM.attributes
                0x000251da       0x35 /opt/Xilinx/SDK/2016.2/gnu/aarch32/lin/gcc-arm-none-eabi/bin/../lib/gcc/arm-none-eabi/4.9.2/../../../../arm-none-eabi/lib/v7-a/fpv3/hard/libc.a(lib_a-__call_atexit.o)
 .ARM.attributes
                0x0002520f       0x35 /opt/Xilinx/SDK/2016.2/gnu/aarch32/lin/gcc-arm-none-eabi/bin/../lib/gcc/arm-none-eabi/4.9.2/../../../../arm-none-eabi/lib/v7-a/fpv3/hard/libc.a(lib_a-atexit.o)
 .ARM.attributes
                0x00025244       0x35 /opt/Xilinx/SDK/2016.2/gnu/aarch32/lin/gcc-arm-none-eabi/bin/../lib/gcc/arm-none-eabi/4.9.2/../../../../arm-none-eabi/lib/v7-a/fpv3/hard/libc.a(lib_a-freer.o)
 .ARM.attributes
                0x00025279       0x35 /opt/Xilinx/SDK/2016.2/gnu/aarch32/lin/gcc-arm-none-eabi/bin/../lib/gcc/arm-none-eabi/4.9.2/../../../../arm-none-eabi/lib/v7-a/fpv3/hard/libc.a(lib_a-reent.o)
 .ARM.attributes
                0x000252ae       0x35 /opt/Xilinx/SDK/2016.2/gnu/aarch32/lin/gcc-arm-none-eabi/bin/../lib/gcc/arm-none-eabi/4.9.2/../../../../arm-none-eabi/lib/v7-a/fpv3/hard/libc.a(lib_a-__atexit.o)
 .ARM.attributes
                0x000252e3       0x3f ../../NicolaRadio_bsp/ps7_cortexa9_0/lib/libxil.a(_exit.o)
 .ARM.attributes
                0x00025322       0x3f ../../NicolaRadio_bsp/ps7_cortexa9_0/lib/libxil.a(_sbrk.o)
 .ARM.attributes
                0x00025361       0x35 /opt/Xilinx/SDK/2016.2/gnu/aarch32/lin/gcc-arm-none-eabi/bin/../lib/gcc/arm-none-eabi/4.9.2/v7-a/fpv3/hard/crtend.o
 .ARM.attributes
                0x00025396       0x21 /opt/Xilinx/SDK/2016.2/gnu/aarch32/lin/gcc-arm-none-eabi/bin/../lib/gcc/arm-none-eabi/4.9.2/v7-a/fpv3/hard/crtn.o
                0x000253b7                __ARM.attributes_end = .

.sdata          0x0002400c        0x0
                0x0002400c                __sdata_start = .
 *(.sdata)
 *(.sdata.*)
 *(.gnu.linkonce.s.*)
                0x0002400c                __sdata_end = .

.sbss           0x0002400c        0x0
                0x0002400c                __sbss_start = .
 *(.sbss)
 *(.sbss.*)
 *(.gnu.linkonce.sb.*)
                0x0002400c                __sbss_end = .

.tdata          0x0002400c        0x0
                0x0002400c                __tdata_start = .
 *(.tdata)
 *(.tdata.*)
 *(.gnu.linkonce.td.*)
                0x0002400c                __tdata_end = .

.tbss           0x0002400c        0x0
                0x0002400c                __tbss_start = .
 *(.tbss)
 *(.tbss.*)
 *(.gnu.linkonce.tb.*)
                0x0002400c                __tbss_end = .

.bss            0x00024020     0x94b0
                0x00024020                __bss_start = .
 *(.bss)
 .bss           0x00024020        0x0 /opt/Xilinx/SDK/2016.2/gnu/aarch32/lin/gcc-arm-none-eabi/bin/../lib/gcc/arm-none-eabi/4.9.2/v7-a/fpv3/hard/crti.o
 .bss           0x00024020       0x1c /opt/Xilinx/SDK/2016.2/gnu/aarch32/lin/gcc-arm-none-eabi/bin/../lib/gcc/arm-none-eabi/4.9.2/v7-a/fpv3/hard/crtbegin.o
 .bss           0x0002403c        0xc ./src/portable/port.o
                0x0002403c                ulPortTaskHasFPUContext
                0x00024040                ulPortYieldRequired
                0x00024044                ulPortInterruptNesting
 .bss           0x00024048        0x0 ./src/portable/portASM.o
 .bss           0x00024048        0x0 ./src/FreeRTOS_asm_vectors.o
 .bss           0x00024048       0x10 ./src/FreeRTOS_tick_config.o
 .bss           0x00024058        0x0 ./src/event_groups.o
 .bss           0x00024058     0x7818 ./src/heap_4.o
 .bss           0x0002b870        0x0 ./src/list.o
 .bss           0x0002b870      0xcb0 ./src/main.o
 .bss           0x0002c520        0x0 ./src/platform.o
 .bss           0x0002c520        0x0 ./src/printf-stdarg.o
 .bss           0x0002c520        0xc ./src/ps7_init_Nicola.o
                0x0002c520                ps7_ddr_init_data_1_0
                0x0002c524                ps7_ddr_init_data_2_0
                0x0002c528                ps7_ddr_init_data_3_0
 .bss           0x0002c52c        0x0 ./src/queue.o
 .bss           0x0002c52c      0x12c ./src/tasks.o
                0x0002c52c                pxCurrentTCB
 .bss           0x0002c658       0xe0 ./src/timers.o
 .bss           0x0002c738       0x88 ./NicolaCode/Bluetooth.o
                0x0002c7b8                BluetoothCommandEcho
                0x0002c7bc                RfcommIsOpen
 .bss           0x0002c7c0        0x0 ./NicolaCode/ConsoleManager.o
 .bss           0x0002c7c0        0x4 ./NicolaCode/DebugInterface.o
 *fill*         0x0002c7c4       0x1c 
 .bss           0x0002c7e0      0x160 ./NicolaCode/Flash-SDCard.o
 .bss           0x0002c940      0x724 ./NicolaCode/LCD_Display.o
                0x0002c940                DisplayVolumeCounter
                0x0002c944                ToneDetectSetting
                0x0002c948                firstMenuItem
                0x0002c95c                WatchdogCounter
                0x0002c960                CDCardRunning
                0x0002ce44                flashOffset
 .bss           0x0002d064        0x8 ./NicolaCode/PSPLComms.o
 .bss           0x0002d06c        0x4 ./NicolaCode/RadioInterface.o
                0x0002d06c                InstancePtr
 .bss           0x0002d070        0x8 ./NicolaCode/RemoteProtocolHandler.o
 .bss           0x0002d078        0x0 ../../NicolaRadio_bsp/ps7_cortexa9_0/lib/libxil.a(xllfifo.o)
 .bss           0x0002d078        0x0 ../../NicolaRadio_bsp/ps7_cortexa9_0/lib/libxil.a(xllfifo_sinit.o)
 .bss           0x0002d078        0x0 ../../NicolaRadio_bsp/ps7_cortexa9_0/lib/libxil.a(xstreamer.o)
 .bss           0x0002d078        0x0 ../../NicolaRadio_bsp/ps7_cortexa9_0/lib/libxil.a(n3z_tonetest.o)
 .bss           0x0002d078        0x0 ../../NicolaRadio_bsp/ps7_cortexa9_0/lib/libxil.a(n3z_tonetest_sinit.o)
 .bss           0x0002d078        0x0 ../../NicolaRadio_bsp/ps7_cortexa9_0/lib/libxil.a(xscugic.o)
 .bss           0x0002d078        0x0 ../../NicolaRadio_bsp/ps7_cortexa9_0/lib/libxil.a(xscugic_g.o)
 .bss           0x0002d078        0x0 ../../NicolaRadio_bsp/ps7_cortexa9_0/lib/libxil.a(xscugic_sinit.o)
 .bss           0x0002d078        0x0 ../../NicolaRadio_bsp/ps7_cortexa9_0/lib/libxil.a(xscutimer.o)
 .bss           0x0002d078        0x0 ../../NicolaRadio_bsp/ps7_cortexa9_0/lib/libxil.a(xscutimer_sinit.o)
 .bss           0x0002d078        0x0 ../../NicolaRadio_bsp/ps7_cortexa9_0/lib/libxil.a(xscuwdt.o)
 .bss           0x0002d078        0x0 ../../NicolaRadio_bsp/ps7_cortexa9_0/lib/libxil.a(xscuwdt_sinit.o)
 *fill*         0x0002d078        0x8 
 .bss           0x0002d080      0x200 ../../NicolaRadio_bsp/ps7_cortexa9_0/lib/libxil.a(xsdps.o)
 .bss           0x0002d280        0x0 ../../NicolaRadio_bsp/ps7_cortexa9_0/lib/libxil.a(xsdps_options.o)
 .bss           0x0002d280        0x0 ../../NicolaRadio_bsp/ps7_cortexa9_0/lib/libxil.a(xsdps_sinit.o)
 .bss           0x0002d280        0x0 ../../NicolaRadio_bsp/ps7_cortexa9_0/lib/libxil.a(asm_vectors.o)
 .bss           0x0002d280        0x0 ../../NicolaRadio_bsp/ps7_cortexa9_0/lib/libxil.a(boot.o)
 .bss           0x0002d280        0x0 ../../NicolaRadio_bsp/ps7_cortexa9_0/lib/libxil.a(sleep.o)
 .bss           0x0002d280        0x0 ../../NicolaRadio_bsp/ps7_cortexa9_0/lib/libxil.a(translation_table.o)
 .bss           0x0002d280        0x0 ../../NicolaRadio_bsp/ps7_cortexa9_0/lib/libxil.a(usleep.o)
 .bss           0x0002d280        0x0 ../../NicolaRadio_bsp/ps7_cortexa9_0/lib/libxil.a(vectors.o)
 .bss           0x0002d280        0x0 ../../NicolaRadio_bsp/ps7_cortexa9_0/lib/libxil.a(xil-crt0.o)
 .bss           0x0002d280        0x4 ../../NicolaRadio_bsp/ps7_cortexa9_0/lib/libxil.a(xil_assert.o)
 .bss           0x0002d284        0x0 ../../NicolaRadio_bsp/ps7_cortexa9_0/lib/libxil.a(xil_cache.o)
 .bss           0x0002d284        0x0 ../../NicolaRadio_bsp/ps7_cortexa9_0/lib/libxil.a(xil_exception.o)
 .bss           0x0002d284        0x0 ../../NicolaRadio_bsp/ps7_cortexa9_0/lib/libxil.a(xil_io.o)
 .bss           0x0002d284        0x0 ../../NicolaRadio_bsp/ps7_cortexa9_0/lib/libxil.a(xil_printf.o)
 .bss           0x0002d284        0x0 ../../NicolaRadio_bsp/ps7_cortexa9_0/lib/libxil.a(xtime_l.o)
 .bss           0x0002d284        0x0 ../../NicolaRadio_bsp/ps7_cortexa9_0/lib/libxil.a(xllfifo_g.o)
 .bss           0x0002d284        0x0 ../../NicolaRadio_bsp/ps7_cortexa9_0/lib/libxil.a(n3z_tonetest_g.o)
 .bss           0x0002d284        0x0 ../../NicolaRadio_bsp/ps7_cortexa9_0/lib/libxil.a(xscutimer_g.o)
 .bss           0x0002d284        0x0 ../../NicolaRadio_bsp/ps7_cortexa9_0/lib/libxil.a(xscuwdt_g.o)
 .bss           0x0002d284        0x0 ../../NicolaRadio_bsp/ps7_cortexa9_0/lib/libxil.a(xsdps_g.o)
 .bss           0x0002d284        0x0 ../../NicolaRadio_bsp/ps7_cortexa9_0/lib/libxil.a(cpu_init.o)
 .bss           0x0002d284        0x0 ../../NicolaRadio_bsp/ps7_cortexa9_0/lib/libxil.a(outbyte.o)
 .bss           0x0002d284        0x0 ../../NicolaRadio_bsp/ps7_cortexa9_0/lib/libxil.a(xuartps_hw.o)
 .bss           0x0002d284        0x0 /opt/Xilinx/SDK/2016.2/gnu/aarch32/lin/gcc-arm-none-eabi/bin/../lib/gcc/arm-none-eabi/4.9.2/v7-a/fpv3/hard/libgcc.a(_udivsi3.o)
 .bss           0x0002d284        0x0 /opt/Xilinx/SDK/2016.2/gnu/aarch32/lin/gcc-arm-none-eabi/bin/../lib/gcc/arm-none-eabi/4.9.2/v7-a/fpv3/hard/libgcc.a(_dvmd_tls.o)
 .bss           0x0002d284        0x0 /opt/Xilinx/SDK/2016.2/gnu/aarch32/lin/gcc-arm-none-eabi/bin/../lib/gcc/arm-none-eabi/4.9.2/../../../../arm-none-eabi/lib/v7-a/fpv3/hard/libc.a(lib_a-atoi.o)
 .bss           0x0002d284        0x0 /opt/Xilinx/SDK/2016.2/gnu/aarch32/lin/gcc-arm-none-eabi/bin/../lib/gcc/arm-none-eabi/4.9.2/../../../../arm-none-eabi/lib/v7-a/fpv3/hard/libc.a(lib_a-ctype_.o)
 .bss           0x0002d284        0x0 /opt/Xilinx/SDK/2016.2/gnu/aarch32/lin/gcc-arm-none-eabi/bin/../lib/gcc/arm-none-eabi/4.9.2/../../../../arm-none-eabi/lib/v7-a/fpv3/hard/libc.a(lib_a-exit.o)
 .bss           0x0002d284        0x0 /opt/Xilinx/SDK/2016.2/gnu/aarch32/lin/gcc-arm-none-eabi/bin/../lib/gcc/arm-none-eabi/4.9.2/../../../../arm-none-eabi/lib/v7-a/fpv3/hard/libc.a(lib_a-fini.o)
 .bss           0x0002d284        0x0 /opt/Xilinx/SDK/2016.2/gnu/aarch32/lin/gcc-arm-none-eabi/bin/../lib/gcc/arm-none-eabi/4.9.2/../../../../arm-none-eabi/lib/v7-a/fpv3/hard/libc.a(lib_a-impure.o)
 .bss           0x0002d284        0x0 /opt/Xilinx/SDK/2016.2/gnu/aarch32/lin/gcc-arm-none-eabi/bin/../lib/gcc/arm-none-eabi/4.9.2/../../../../arm-none-eabi/lib/v7-a/fpv3/hard/libc.a(lib_a-init.o)
 .bss           0x0002d284        0x0 /opt/Xilinx/SDK/2016.2/gnu/aarch32/lin/gcc-arm-none-eabi/bin/../lib/gcc/arm-none-eabi/4.9.2/../../../../arm-none-eabi/lib/v7-a/fpv3/hard/libc.a(lib_a-malloc.o)
 .bss           0x0002d284       0x34 /opt/Xilinx/SDK/2016.2/gnu/aarch32/lin/gcc-arm-none-eabi/bin/../lib/gcc/arm-none-eabi/4.9.2/../../../../arm-none-eabi/lib/v7-a/fpv3/hard/libc.a(lib_a-mallocr.o)
                0x0002d284                __malloc_top_pad
                0x0002d288                __malloc_current_mallinfo
                0x0002d2b0                __malloc_max_sbrked_mem
                0x0002d2b4                __malloc_max_total_mem
 .bss           0x0002d2b8        0x0 /opt/Xilinx/SDK/2016.2/gnu/aarch32/lin/gcc-arm-none-eabi/bin/../lib/gcc/arm-none-eabi/4.9.2/../../../../arm-none-eabi/lib/v7-a/fpv3/hard/libc.a(lib_a-memcmp.o)
 .bss           0x0002d2b8        0x0 /opt/Xilinx/SDK/2016.2/gnu/aarch32/lin/gcc-arm-none-eabi/bin/../lib/gcc/arm-none-eabi/4.9.2/../../../../arm-none-eabi/lib/v7-a/fpv3/hard/libc.a(lib_a-memcpy.o)
 .bss           0x0002d2b8        0x0 /opt/Xilinx/SDK/2016.2/gnu/aarch32/lin/gcc-arm-none-eabi/bin/../lib/gcc/arm-none-eabi/4.9.2/../../../../arm-none-eabi/lib/v7-a/fpv3/hard/libc.a(lib_a-memset.o)
 .bss           0x0002d2b8        0x0 /opt/Xilinx/SDK/2016.2/gnu/aarch32/lin/gcc-arm-none-eabi/bin/../lib/gcc/arm-none-eabi/4.9.2/../../../../arm-none-eabi/lib/v7-a/fpv3/hard/libc.a(lib_a-mlock.o)
 .bss           0x0002d2b8        0x0 /opt/Xilinx/SDK/2016.2/gnu/aarch32/lin/gcc-arm-none-eabi/bin/../lib/gcc/arm-none-eabi/4.9.2/../../../../arm-none-eabi/lib/v7-a/fpv3/hard/libc.a(lib_a-sbrkr.o)
 .bss           0x0002d2b8        0x0 /opt/Xilinx/SDK/2016.2/gnu/aarch32/lin/gcc-arm-none-eabi/bin/../lib/gcc/arm-none-eabi/4.9.2/../../../../arm-none-eabi/lib/v7-a/fpv3/hard/libc.a(lib_a-strcpy.o)
 .bss           0x0002d2b8        0x0 /opt/Xilinx/SDK/2016.2/gnu/aarch32/lin/gcc-arm-none-eabi/bin/../lib/gcc/arm-none-eabi/4.9.2/../../../../arm-none-eabi/lib/v7-a/fpv3/hard/libc.a(lib_a-strlen-armv7.o)
 .bss           0x0002d2b8        0x0 /opt/Xilinx/SDK/2016.2/gnu/aarch32/lin/gcc-arm-none-eabi/bin/../lib/gcc/arm-none-eabi/4.9.2/../../../../arm-none-eabi/lib/v7-a/fpv3/hard/libc.a(lib_a-strncmp.o)
 .bss           0x0002d2b8        0x0 /opt/Xilinx/SDK/2016.2/gnu/aarch32/lin/gcc-arm-none-eabi/bin/../lib/gcc/arm-none-eabi/4.9.2/../../../../arm-none-eabi/lib/v7-a/fpv3/hard/libc.a(lib_a-strncpy.o)
 .bss           0x0002d2b8        0x0 /opt/Xilinx/SDK/2016.2/gnu/aarch32/lin/gcc-arm-none-eabi/bin/../lib/gcc/arm-none-eabi/4.9.2/../../../../arm-none-eabi/lib/v7-a/fpv3/hard/libc.a(lib_a-strtol.o)
 .bss           0x0002d2b8        0x0 /opt/Xilinx/SDK/2016.2/gnu/aarch32/lin/gcc-arm-none-eabi/bin/../lib/gcc/arm-none-eabi/4.9.2/../../../../arm-none-eabi/lib/v7-a/fpv3/hard/libc.a(lib_a-__call_atexit.o)
 .bss           0x0002d2b8        0x0 /opt/Xilinx/SDK/2016.2/gnu/aarch32/lin/gcc-arm-none-eabi/bin/../lib/gcc/arm-none-eabi/4.9.2/../../../../arm-none-eabi/lib/v7-a/fpv3/hard/libc.a(lib_a-atexit.o)
 .bss           0x0002d2b8        0x0 /opt/Xilinx/SDK/2016.2/gnu/aarch32/lin/gcc-arm-none-eabi/bin/../lib/gcc/arm-none-eabi/4.9.2/../../../../arm-none-eabi/lib/v7-a/fpv3/hard/libc.a(lib_a-freer.o)
 .bss           0x0002d2b8        0x0 /opt/Xilinx/SDK/2016.2/gnu/aarch32/lin/gcc-arm-none-eabi/bin/../lib/gcc/arm-none-eabi/4.9.2/../../../../arm-none-eabi/lib/v7-a/fpv3/hard/libc.a(lib_a-reent.o)
 .bss           0x0002d2b8        0x0 /opt/Xilinx/SDK/2016.2/gnu/aarch32/lin/gcc-arm-none-eabi/bin/../lib/gcc/arm-none-eabi/4.9.2/../../../../arm-none-eabi/lib/v7-a/fpv3/hard/libc.a(lib_a-__atexit.o)
 .bss           0x0002d2b8        0x0 ../../NicolaRadio_bsp/ps7_cortexa9_0/lib/libxil.a(_exit.o)
 .bss           0x0002d2b8        0x4 ../../NicolaRadio_bsp/ps7_cortexa9_0/lib/libxil.a(_sbrk.o)
 .bss           0x0002d2bc        0x0 /opt/Xilinx/SDK/2016.2/gnu/aarch32/lin/gcc-arm-none-eabi/bin/../lib/gcc/arm-none-eabi/4.9.2/v7-a/fpv3/hard/crtend.o
 .bss           0x0002d2bc        0x0 /opt/Xilinx/SDK/2016.2/gnu/aarch32/lin/gcc-arm-none-eabi/bin/../lib/gcc/arm-none-eabi/4.9.2/v7-a/fpv3/hard/crtn.o
 *(.bss.*)
 *(.gnu.linkonce.b.*)
 *(COMMON)
 COMMON         0x0002d2bc        0xc ./src/FreeRTOS_tick_config.o
                0x0002d2bc                xInterruptController
 COMMON         0x0002d2c8       0x52 ./src/main.o
                0x0002d2c8                xWatchDogInstance
                0x0002d2d8                thisNicolaSettings
                0x0002d308                VersionString
 *fill*         0x0002d31a        0x2 
 COMMON         0x0002d31c       0x40 ./src/queue.o
                0x0002d31c                xQueueRegistry
 COMMON         0x0002d35c       0x10 ./NicolaCode/Bluetooth.o
                0x0002d35c                BluetoothIOTask
                0x0002d360                BluegigaTransmitQueue
                0x0002d364                consoleQueue
                0x0002d368                BluegigaReceiveQueue
 COMMON         0x0002d36c        0x8 ./NicolaCode/ConsoleManager.o
                0x0002d36c                consoleReceiveQueue
                0x0002d370                consoleTransmitQueue
 COMMON         0x0002d374        0x4 ./NicolaCode/DebugInterface.o
                0x0002d374                DebugControlQueue
 COMMON         0x0002d378       0x64 ./NicolaCode/LCD_Display.o
                0x0002d378                theMenu_5a
                0x0002d3b4                Gpio
                0x0002d3d4                pageData
                0x0002d3d8                KeysReceivedQueue
 COMMON         0x0002d3dc       0xd8 ./NicolaCode/PSPLComms.o
                0x0002d3dc                DataFifo
                0x0002d440                PLTransmitQueue
                0x0002d444                PSPLFifo
                0x0002d4a8                ToneTestInstancePtr
                0x0002d4ac                Buffer
                0x0002d4b0                TextMessageTransmitQueue
 COMMON         0x0002d4b4        0x8 ./NicolaCode/RemoteProtocolHandler.o
                0x0002d4b4                MessageFromAndriodQueue
                0x0002d4b8                MessageFromRemoteNicolasQueue
 COMMON         0x0002d4bc        0x4 ../../NicolaRadio_bsp/ps7_cortexa9_0/lib/libxil.a(xil_assert.o)
                0x0002d4bc                Xil_AssertStatus
 COMMON         0x0002d4c0        0xc ../../NicolaRadio_bsp/ps7_cortexa9_0/lib/libxil.a(xil_exception.o)
                0x0002d4c0                UndefinedExceptionAddr
                0x0002d4c4                PrefetchAbortAddr
                0x0002d4c8                DataAbortAddr
 COMMON         0x0002d4cc        0x4 /opt/Xilinx/SDK/2016.2/gnu/aarch32/lin/gcc-arm-none-eabi/bin/../lib/gcc/arm-none-eabi/4.9.2/../../../../arm-none-eabi/lib/v7-a/fpv3/hard/libc.a(lib_a-reent.o)
                0x0002d4cc                errno
                0x0002d4d0                __bss_end = .
                0x0002400c                _SDA_BASE_ = (__sdata_start + ((__sbss_end - __sdata_start) / 0x2))
                0x0001b2fc                _SDA2_BASE_ = (__sdata2_start + ((__sbss2_end - __sdata2_start) / 0x2))

.heap           0xffff0000     0xa000
                0xffff0000                . = ALIGN (0x10)
                0xffff0000                _heap = .
                0xffff0000                HeapBase = .
                0xffff0000                _heap_start = .
                0xffffa000                . = (. + _HEAP_SIZE)
 *fill*         0xffff0000     0xa000 
                0xffffa000                _heap_end = .
                0xffffa000                HeapLimit = .

.stack          0xffffa000     0x3800
                0xffffa000                . = ALIGN (0x10)
                0xffffa000                _stack_end = .
                0xffffc000                . = (. + _STACK_SIZE)
 *fill*         0xffffa000     0x2000 
                0xffffc000                _stack = .
                0xffffc000                __stack = _stack
                0xffffc000                . = ALIGN (0x10)
                0xffffc000                _irq_stack_end = .
                0xffffc400                . = (. + _IRQ_STACK_SIZE)
 *fill*         0xffffc000      0x400 
                0xffffc400                __irq_stack = .
                0xffffc400                _supervisor_stack_end = .
                0xffffcc00                . = (. + _SUPERVISOR_STACK_SIZE)
 *fill*         0xffffc400      0x800 
                0xffffcc00                . = ALIGN (0x10)
                0xffffcc00                __supervisor_stack = .
                0xffffcc00                _abort_stack_end = .
                0xffffd000                . = (. + _ABORT_STACK_SIZE)
 *fill*         0xffffcc00      0x400 
                0xffffd000                . = ALIGN (0x10)
                0xffffd000                __abort_stack = .
                0xffffd000                _fiq_stack_end = .
                0xffffd400                . = (. + _FIQ_STACK_SIZE)
 *fill*         0xffffd000      0x400 
                0xffffd400                . = ALIGN (0x10)
                0xffffd400                __fiq_stack = .
                0xffffd400                _undef_stack_end = .
                0xffffd800                . = (. + _UNDEF_STACK_SIZE)
 *fill*         0xffffd400      0x400 
                0xffffd800                . = ALIGN (0x10)
                0xffffd800                __undef_stack = .
                0xffffd800                _end = .
LOAD ./src/portable/port.o
LOAD ./src/portable/portASM.o
LOAD ./src/FreeRTOS_asm_vectors.o
LOAD ./src/FreeRTOS_tick_config.o
LOAD ./src/event_groups.o
LOAD ./src/heap_4.o
LOAD ./src/list.o
LOAD ./src/main.o
LOAD ./src/platform.o
LOAD ./src/printf-stdarg.o
LOAD ./src/ps7_init_Nicola.o
LOAD ./src/queue.o
LOAD ./src/tasks.o
LOAD ./src/timers.o
LOAD ./NicolaCode/Bluetooth.o
LOAD ./NicolaCode/ConsoleManager.o
LOAD ./NicolaCode/DebugInterface.o
LOAD ./NicolaCode/Flash-SDCard.o
LOAD ./NicolaCode/LCD_Display.o
LOAD ./NicolaCode/PSPLComms.o
LOAD ./NicolaCode/RadioInterface.o
LOAD ./NicolaCode/RemoteProtocolHandler.o
START GROUP
LOAD ../../NicolaRadio_bsp/ps7_cortexa9_0/lib/libxil.a
LOAD /opt/Xilinx/SDK/2016.2/gnu/aarch32/lin/gcc-arm-none-eabi/bin/../lib/gcc/arm-none-eabi/4.9.2/v7-a/fpv3/hard/libgcc.a
LOAD /opt/Xilinx/SDK/2016.2/gnu/aarch32/lin/gcc-arm-none-eabi/bin/../lib/gcc/arm-none-eabi/4.9.2/../../../../arm-none-eabi/lib/v7-a/fpv3/hard/libc.a
END GROUP
START GROUP