21:48:48 **** Build of project N3Zbram_bsp ****
make -k all 
Running Make include in ps7_cortexa9_0/libsrc/bram_v4_1/src
make -C ps7_cortexa9_0/libsrc/bram_v4_1/src -s include  "SHELL=/bin/sh" "COMPILER=arm-none-eabi-gcc" "ARCHIVER=arm-none-eabi-ar" "COMPILER_FLAGS=  -O2 -c" "EXTRA_COMPILER_FLAGS=-mcpu=cortex-a9 -mfpu=vfpv3 -mfloat-abi=hard -nostartfiles"
Running Make include in ps7_cortexa9_0/libsrc/coresightps_dcc_v1_2/src
make -C ps7_cortexa9_0/libsrc/coresightps_dcc_v1_2/src -s include  "SHELL=/bin/sh" "COMPILER=arm-none-eabi-gcc" "ARCHIVER=arm-none-eabi-ar" "COMPILER_FLAGS=  -O2 -c" "EXTRA_COMPILER_FLAGS=-mcpu=cortex-a9 -mfpu=vfpv3 -mfloat-abi=hard -nostartfiles"
Running Make include in ps7_cortexa9_0/libsrc/cpu_cortexa9_v2_2/src
make -C ps7_cortexa9_0/libsrc/cpu_cortexa9_v2_2/src -s include  "SHELL=/bin/sh" "COMPILER=arm-none-eabi-gcc" "ARCHIVER=arm-none-eabi-ar" "COMPILER_FLAGS=  -O2 -c" "EXTRA_COMPILER_FLAGS=-mcpu=cortex-a9 -mfpu=vfpv3 -mfloat-abi=hard -nostartfiles"
Running Make include in ps7_cortexa9_0/libsrc/devcfg_v3_4/src
make -C ps7_cortexa9_0/libsrc/devcfg_v3_4/src -s include  "SHELL=/bin/sh" "COMPILER=arm-none-eabi-gcc" "ARCHIVER=arm-none-eabi-ar" "COMPILER_FLAGS=  -O2 -c" "EXTRA_COMPILER_FLAGS=-mcpu=cortex-a9 -mfpu=vfpv3 -mfloat-abi=hard -nostartfiles"
Running Make include in ps7_cortexa9_0/libsrc/dmaps_v2_1/src
make -C ps7_cortexa9_0/libsrc/dmaps_v2_1/src -s include  "SHELL=/bin/sh" "COMPILER=arm-none-eabi-gcc" "ARCHIVER=arm-none-eabi-ar" "COMPILER_FLAGS=  -O2 -c" "EXTRA_COMPILER_FLAGS=-mcpu=cortex-a9 -mfpu=vfpv3 -mfloat-abi=hard -nostartfiles"
Running Make include in ps7_cortexa9_0/libsrc/n3z_tonetest_v1_08/src
make -C ps7_cortexa9_0/libsrc/n3z_tonetest_v1_08/src -s include  "SHELL=/bin/sh" "COMPILER=arm-none-eabi-gcc" "ARCHIVER=arm-none-eabi-ar" "COMPILER_FLAGS=  -O2 -c" "EXTRA_COMPILER_FLAGS=-mcpu=cortex-a9 -mfpu=vfpv3 -mfloat-abi=hard -nostartfiles"
Running Make include in ps7_cortexa9_0/libsrc/scugic_v3_3/src
make -C ps7_cortexa9_0/libsrc/scugic_v3_3/src -s include  "SHELL=/bin/sh" "COMPILER=arm-none-eabi-gcc" "ARCHIVER=arm-none-eabi-ar" "COMPILER_FLAGS=  -O2 -c" "EXTRA_COMPILER_FLAGS=-mcpu=cortex-a9 -mfpu=vfpv3 -mfloat-abi=hard -nostartfiles"
Running Make include in ps7_cortexa9_0/libsrc/scutimer_v2_1/src
make -C ps7_cortexa9_0/libsrc/scutimer_v2_1/src -s include  "SHELL=/bin/sh" "COMPILER=arm-none-eabi-gcc" "ARCHIVER=arm-none-eabi-ar" "COMPILER_FLAGS=  -O2 -c" "EXTRA_COMPILER_FLAGS=-mcpu=cortex-a9 -mfpu=vfpv3 -mfloat-abi=hard -nostartfiles"
Running Make include in ps7_cortexa9_0/libsrc/scuwdt_v2_1/src
make -C ps7_cortexa9_0/libsrc/scuwdt_v2_1/src -s include  "SHELL=/bin/sh" "COMPILER=arm-none-eabi-gcc" "ARCHIVER=arm-none-eabi-ar" "COMPILER_FLAGS=  -O2 -c" "EXTRA_COMPILER_FLAGS=-mcpu=cortex-a9 -mfpu=vfpv3 -mfloat-abi=hard -nostartfiles"
Running Make include in ps7_cortexa9_0/libsrc/standalone_v5_5/src
make -C ps7_cortexa9_0/libsrc/standalone_v5_5/src -s include  "SHELL=/bin/sh" "COMPILER=arm-none-eabi-gcc" "ARCHIVER=arm-none-eabi-ar" "COMPILER_FLAGS=  -O2 -c" "EXTRA_COMPILER_FLAGS=-mcpu=cortex-a9 -mfpu=vfpv3 -mfloat-abi=hard -nostartfiles"
Running Make include in ps7_cortexa9_0/libsrc/uartps_v3_1/src
make -C ps7_cortexa9_0/libsrc/uartps_v3_1/src -s include  "SHELL=/bin/sh" "COMPILER=arm-none-eabi-gcc" "ARCHIVER=arm-none-eabi-ar" "COMPILER_FLAGS=  -O2 -c" "EXTRA_COMPILER_FLAGS=-mcpu=cortex-a9 -mfpu=vfpv3 -mfloat-abi=hard -nostartfiles"
Running Make include in ps7_cortexa9_0/libsrc/xadcps_v2_2/src
make -C ps7_cortexa9_0/libsrc/xadcps_v2_2/src -s include  "SHELL=/bin/sh" "COMPILER=arm-none-eabi-gcc" "ARCHIVER=arm-none-eabi-ar" "COMPILER_FLAGS=  -O2 -c" "EXTRA_COMPILER_FLAGS=-mcpu=cortex-a9 -mfpu=vfpv3 -mfloat-abi=hard -nostartfiles"
Running Make libs in ps7_cortexa9_0/libsrc/bram_v4_1/src
make -C ps7_cortexa9_0/libsrc/bram_v4_1/src -s libs  "SHELL=/bin/sh" "COMPILER=arm-none-eabi-gcc" "ARCHIVER=arm-none-eabi-ar" "COMPILER_FLAGS=  -O2 -c" "EXTRA_COMPILER_FLAGS=-mcpu=cortex-a9 -mfpu=vfpv3 -mfloat-abi=hard -nostartfiles"
Compiling bram
arm-none-eabi-ar: creating ../../../lib/libxil.a
Running Make libs in ps7_cortexa9_0/libsrc/coresightps_dcc_v1_2/src
make -C ps7_cortexa9_0/libsrc/coresightps_dcc_v1_2/src -s libs  "SHELL=/bin/sh" "COMPILER=arm-none-eabi-gcc" "ARCHIVER=arm-none-eabi-ar" "COMPILER_FLAGS=  -O2 -c" "EXTRA_COMPILER_FLAGS=-mcpu=cortex-a9 -mfpu=vfpv3 -mfloat-abi=hard -nostartfiles"
Compiling coresightps_dcc
Running Make libs in ps7_cortexa9_0/libsrc/cpu_cortexa9_v2_2/src
make -C ps7_cortexa9_0/libsrc/cpu_cortexa9_v2_2/src -s libs  "SHELL=/bin/sh" "COMPILER=arm-none-eabi-gcc" "ARCHIVER=arm-none-eabi-ar" "COMPILER_FLAGS=  -O2 -c" "EXTRA_COMPILER_FLAGS=-mcpu=cortex-a9 -mfpu=vfpv3 -mfloat-abi=hard -nostartfiles"
Compiling cpu_cortexa9
Running Make libs in ps7_cortexa9_0/libsrc/devcfg_v3_4/src
make -C ps7_cortexa9_0/libsrc/devcfg_v3_4/src -s libs  "SHELL=/bin/sh" "COMPILER=arm-none-eabi-gcc" "ARCHIVER=arm-none-eabi-ar" "COMPILER_FLAGS=  -O2 -c" "EXTRA_COMPILER_FLAGS=-mcpu=cortex-a9 -mfpu=vfpv3 -mfloat-abi=hard -nostartfiles"
Compiling devcfg
Running Make libs in ps7_cortexa9_0/libsrc/dmaps_v2_1/src
make -C ps7_cortexa9_0/libsrc/dmaps_v2_1/src -s libs  "SHELL=/bin/sh" "COMPILER=arm-none-eabi-gcc" "ARCHIVER=arm-none-eabi-ar" "COMPILER_FLAGS=  -O2 -c" "EXTRA_COMPILER_FLAGS=-mcpu=cortex-a9 -mfpu=vfpv3 -mfloat-abi=hard -nostartfiles"
Compiling dmaps
Running Make libs in ps7_cortexa9_0/libsrc/n3z_tonetest_v1_08/src
make -C ps7_cortexa9_0/libsrc/n3z_tonetest_v1_08/src -s libs  "SHELL=/bin/sh" "COMPILER=arm-none-eabi-gcc" "ARCHIVER=arm-none-eabi-ar" "COMPILER_FLAGS=  -O2 -c" "EXTRA_COMPILER_FLAGS=-mcpu=cortex-a9 -mfpu=vfpv3 -mfloat-abi=hard -nostartfiles"
Compiling foo_top_top
Running Make libs in ps7_cortexa9_0/libsrc/scugic_v3_3/src
make -C ps7_cortexa9_0/libsrc/scugic_v3_3/src -s libs  "SHELL=/bin/sh" "COMPILER=arm-none-eabi-gcc" "ARCHIVER=arm-none-eabi-ar" "COMPILER_FLAGS=  -O2 -c" "EXTRA_COMPILER_FLAGS=-mcpu=cortex-a9 -mfpu=vfpv3 -mfloat-abi=hard -nostartfiles"
Compiling scugic
Running Make libs in ps7_cortexa9_0/libsrc/scutimer_v2_1/src
make -C ps7_cortexa9_0/libsrc/scutimer_v2_1/src -s libs  "SHELL=/bin/sh" "COMPILER=arm-none-eabi-gcc" "ARCHIVER=arm-none-eabi-ar" "COMPILER_FLAGS=  -O2 -c" "EXTRA_COMPILER_FLAGS=-mcpu=cortex-a9 -mfpu=vfpv3 -mfloat-abi=hard -nostartfiles"
Compiling scutimer
Running Make libs in ps7_cortexa9_0/libsrc/scuwdt_v2_1/src
make -C ps7_cortexa9_0/libsrc/scuwdt_v2_1/src -s libs  "SHELL=/bin/sh" "COMPILER=arm-none-eabi-gcc" "ARCHIVER=arm-none-eabi-ar" "COMPILER_FLAGS=  -O2 -c" "EXTRA_COMPILER_FLAGS=-mcpu=cortex-a9 -mfpu=vfpv3 -mfloat-abi=hard -nostartfiles"
Compiling scuwdt
Running Make libs in ps7_cortexa9_0/libsrc/standalone_v5_5/src
make -C ps7_cortexa9_0/libsrc/standalone_v5_5/src -s libs  "SHELL=/bin/sh" "COMPILER=arm-none-eabi-gcc" "ARCHIVER=arm-none-eabi-ar" "COMPILER_FLAGS=  -O2 -c" "EXTRA_COMPILER_FLAGS=-mcpu=cortex-a9 -mfpu=vfpv3 -mfloat-abi=hard -nostartfiles"
Compiling standalone
Running Make libs in ps7_cortexa9_0/libsrc/uartps_v3_1/src
make -C ps7_cortexa9_0/libsrc/uartps_v3_1/src -s libs  "SHELL=/bin/sh" "COMPILER=arm-none-eabi-gcc" "ARCHIVER=arm-none-eabi-ar" "COMPILER_FLAGS=  -O2 -c" "EXTRA_COMPILER_FLAGS=-mcpu=cortex-a9 -mfpu=vfpv3 -mfloat-abi=hard -nostartfiles"
Compiling uartps
Running Make libs in ps7_cortexa9_0/libsrc/xadcps_v2_2/src
make -C ps7_cortexa9_0/libsrc/xadcps_v2_2/src -s libs  "SHELL=/bin/sh" "COMPILER=arm-none-eabi-gcc" "ARCHIVER=arm-none-eabi-ar" "COMPILER_FLAGS=  -O2 -c" "EXTRA_COMPILER_FLAGS=-mcpu=cortex-a9 -mfpu=vfpv3 -mfloat-abi=hard -nostartfiles"
Compiling xadcps
Finished building libraries
21:49:09 **** Auto Build of project N3Zbram_bsp ****
make -k all 
Running Make include in ps7_cortexa9_0/libsrc/bram_v4_1/src
make -C ps7_cortexa9_0/libsrc/bram_v4_1/src -s include  "SHELL=/bin/sh" "COMPILER=arm-none-eabi-gcc" "ARCHIVER=arm-none-eabi-ar" "COMPILER_FLAGS=  -O2 -c" "EXTRA_COMPILER_FLAGS=-mcpu=cortex-a9 -mfpu=vfpv3 -mfloat-abi=hard -nostartfiles"
Running Make include in ps7_cortexa9_0/libsrc/coresightps_dcc_v1_2/src
make -C ps7_cortexa9_0/libsrc/coresightps_dcc_v1_2/src -s include  "SHELL=/bin/sh" "COMPILER=arm-none-eabi-gcc" "ARCHIVER=arm-none-eabi-ar" "COMPILER_FLAGS=  -O2 -c" "EXTRA_COMPILER_FLAGS=-mcpu=cortex-a9 -mfpu=vfpv3 -mfloat-abi=hard -nostartfiles"
Running Make include in ps7_cortexa9_0/libsrc/cpu_cortexa9_v2_2/src
make -C ps7_cortexa9_0/libsrc/cpu_cortexa9_v2_2/src -s include  "SHELL=/bin/sh" "COMPILER=arm-none-eabi-gcc" "ARCHIVER=arm-none-eabi-ar" "COMPILER_FLAGS=  -O2 -c" "EXTRA_COMPILER_FLAGS=-mcpu=cortex-a9 -mfpu=vfpv3 -mfloat-abi=hard -nostartfiles"
Running Make include in ps7_cortexa9_0/libsrc/devcfg_v3_4/src
make -C ps7_cortexa9_0/libsrc/devcfg_v3_4/src -s include  "SHELL=/bin/sh" "COMPILER=arm-none-eabi-gcc" "ARCHIVER=arm-none-eabi-ar" "COMPILER_FLAGS=  -O2 -c" "EXTRA_COMPILER_FLAGS=-mcpu=cortex-a9 -mfpu=vfpv3 -mfloat-abi=hard -nostartfiles"
Running Make include in ps7_cortexa9_0/libsrc/dmaps_v2_1/src
make -C ps7_cortexa9_0/libsrc/dmaps_v2_1/src -s include  "SHELL=/bin/sh" "COMPILER=arm-none-eabi-gcc" "ARCHIVER=arm-none-eabi-ar" "COMPILER_FLAGS=  -O2 -c" "EXTRA_COMPILER_FLAGS=-mcpu=cortex-a9 -mfpu=vfpv3 -mfloat-abi=hard -nostartfiles"
Running Make include in ps7_cortexa9_0/libsrc/n3z_tonetest_v1_08/src
make -C ps7_cortexa9_0/libsrc/n3z_tonetest_v1_08/src -s include  "SHELL=/bin/sh" "COMPILER=arm-none-eabi-gcc" "ARCHIVER=arm-none-eabi-ar" "COMPILER_FLAGS=  -O2 -c" "EXTRA_COMPILER_FLAGS=-mcpu=cortex-a9 -mfpu=vfpv3 -mfloat-abi=hard -nostartfiles"
Running Make include in ps7_cortexa9_0/libsrc/scugic_v3_3/src
make -C ps7_cortexa9_0/libsrc/scugic_v3_3/src -s include  "SHELL=/bin/sh" "COMPILER=arm-none-eabi-gcc" "ARCHIVER=arm-none-eabi-ar" "COMPILER_FLAGS=  -O2 -c" "EXTRA_COMPILER_FLAGS=-mcpu=cortex-a9 -mfpu=vfpv3 -mfloat-abi=hard -nostartfiles"
Running Make include in ps7_cortexa9_0/libsrc/scutimer_v2_1/src
make -C ps7_cortexa9_0/libsrc/scutimer_v2_1/src -s include  "SHELL=/bin/sh" "COMPILER=arm-none-eabi-gcc" "ARCHIVER=arm-none-eabi-ar" "COMPILER_FLAGS=  -O2 -c" "EXTRA_COMPILER_FLAGS=-mcpu=cortex-a9 -mfpu=vfpv3 -mfloat-abi=hard -nostartfiles"
Running Make include in ps7_cortexa9_0/libsrc/scuwdt_v2_1/src
make -C ps7_cortexa9_0/libsrc/scuwdt_v2_1/src -s include  "SHELL=/bin/sh" "COMPILER=arm-none-eabi-gcc" "ARCHIVER=arm-none-eabi-ar" "COMPILER_FLAGS=  -O2 -c" "EXTRA_COMPILER_FLAGS=-mcpu=cortex-a9 -mfpu=vfpv3 -mfloat-abi=hard -nostartfiles"
Running Make include in ps7_cortexa9_0/libsrc/standalone_v5_5/src
make -C ps7_cortexa9_0/libsrc/standalone_v5_5/src -s include  "SHELL=/bin/sh" "COMPILER=arm-none-eabi-gcc" "ARCHIVER=arm-none-eabi-ar" "COMPILER_FLAGS=  -O2 -c" "EXTRA_COMPILER_FLAGS=-mcpu=cortex-a9 -mfpu=vfpv3 -mfloat-abi=hard -nostartfiles"
Running Make include in ps7_cortexa9_0/libsrc/uartps_v3_1/src
make -C ps7_cortexa9_0/libsrc/uartps_v3_1/src -s include  "SHELL=/bin/sh" "COMPILER=arm-none-eabi-gcc" "ARCHIVER=arm-none-eabi-ar" "COMPILER_FLAGS=  -O2 -c" "EXTRA_COMPILER_FLAGS=-mcpu=cortex-a9 -mfpu=vfpv3 -mfloat-abi=hard -nostartfiles"
Running Make include in ps7_cortexa9_0/libsrc/xadcps_v2_2/src
make -C ps7_cortexa9_0/libsrc/xadcps_v2_2/src -s include  "SHELL=/bin/sh" "COMPILER=arm-none-eabi-gcc" "ARCHIVER=arm-none-eabi-ar" "COMPILER_FLAGS=  -O2 -c" "EXTRA_COMPILER_FLAGS=-mcpu=cortex-a9 -mfpu=vfpv3 -mfloat-abi=hard -nostartfiles"
Running Make libs in ps7_cortexa9_0/libsrc/bram_v4_1/src
make -C ps7_cortexa9_0/libsrc/bram_v4_1/src -s libs  "SHELL=/bin/sh" "COMPILER=arm-none-eabi-gcc" "ARCHIVER=arm-none-eabi-ar" "COMPILER_FLAGS=  -O2 -c" "EXTRA_COMPILER_FLAGS=-mcpu=cortex-a9 -mfpu=vfpv3 -mfloat-abi=hard -nostartfiles"
Compiling bram
Running Make libs in ps7_cortexa9_0/libsrc/coresightps_dcc_v1_2/src
make -C ps7_cortexa9_0/libsrc/coresightps_dcc_v1_2/src -s libs  "SHELL=/bin/sh" "COMPILER=arm-none-eabi-gcc" "ARCHIVER=arm-none-eabi-ar" "COMPILER_FLAGS=  -O2 -c" "EXTRA_COMPILER_FLAGS=-mcpu=cortex-a9 -mfpu=vfpv3 -mfloat-abi=hard -nostartfiles"
Compiling coresightps_dcc
Running Make libs in ps7_cortexa9_0/libsrc/cpu_cortexa9_v2_2/src
make -C ps7_cortexa9_0/libsrc/cpu_cortexa9_v2_2/src -s libs  "SHELL=/bin/sh" "COMPILER=arm-none-eabi-gcc" "ARCHIVER=arm-none-eabi-ar" "COMPILER_FLAGS=  -O2 -c" "EXTRA_COMPILER_FLAGS=-mcpu=cortex-a9 -mfpu=vfpv3 -mfloat-abi=hard -nostartfiles"
Compiling cpu_cortexa9
Running Make libs in ps7_cortexa9_0/libsrc/devcfg_v3_4/src
make -C ps7_cortexa9_0/libsrc/devcfg_v3_4/src -s libs  "SHELL=/bin/sh" "COMPILER=arm-none-eabi-gcc" "ARCHIVER=arm-none-eabi-ar" "COMPILER_FLAGS=  -O2 -c" "EXTRA_COMPILER_FLAGS=-mcpu=cortex-a9 -mfpu=vfpv3 -mfloat-abi=hard -nostartfiles"
Compiling devcfg
Running Make libs in ps7_cortexa9_0/libsrc/dmaps_v2_1/src
make -C ps7_cortexa9_0/libsrc/dmaps_v2_1/src -s libs  "SHELL=/bin/sh" "COMPILER=arm-none-eabi-gcc" "ARCHIVER=arm-none-eabi-ar" "COMPILER_FLAGS=  -O2 -c" "EXTRA_COMPILER_FLAGS=-mcpu=cortex-a9 -mfpu=vfpv3 -mfloat-abi=hard -nostartfiles"
Compiling dmaps
Running Make libs in ps7_cortexa9_0/libsrc/n3z_tonetest_v1_08/src
make -C ps7_cortexa9_0/libsrc/n3z_tonetest_v1_08/src -s libs  "SHELL=/bin/sh" "COMPILER=arm-none-eabi-gcc" "ARCHIVER=arm-none-eabi-ar" "COMPILER_FLAGS=  -O2 -c" "EXTRA_COMPILER_FLAGS=-mcpu=cortex-a9 -mfpu=vfpv3 -mfloat-abi=hard -nostartfiles"
Compiling foo_top_top
Running Make libs in ps7_cortexa9_0/libsrc/scugic_v3_3/src
make -C ps7_cortexa9_0/libsrc/scugic_v3_3/src -s libs  "SHELL=/bin/sh" "COMPILER=arm-none-eabi-gcc" "ARCHIVER=arm-none-eabi-ar" "COMPILER_FLAGS=  -O2 -c" "EXTRA_COMPILER_FLAGS=-mcpu=cortex-a9 -mfpu=vfpv3 -mfloat-abi=hard -nostartfiles"
Compiling scugic
Running Make libs in ps7_cortexa9_0/libsrc/scutimer_v2_1/src
make -C ps7_cortexa9_0/libsrc/scutimer_v2_1/src -s libs  "SHELL=/bin/sh" "COMPILER=arm-none-eabi-gcc" "ARCHIVER=arm-none-eabi-ar" "COMPILER_FLAGS=  -O2 -c" "EXTRA_COMPILER_FLAGS=-mcpu=cortex-a9 -mfpu=vfpv3 -mfloat-abi=hard -nostartfiles"
Compiling scutimer
Running Make libs in ps7_cortexa9_0/libsrc/scuwdt_v2_1/src
make -C ps7_cortexa9_0/libsrc/scuwdt_v2_1/src -s libs  "SHELL=/bin/sh" "COMPILER=arm-none-eabi-gcc" "ARCHIVER=arm-none-eabi-ar" "COMPILER_FLAGS=  -O2 -c" "EXTRA_COMPILER_FLAGS=-mcpu=cortex-a9 -mfpu=vfpv3 -mfloat-abi=hard -nostartfiles"
Compiling scuwdt
Running Make libs in ps7_cortexa9_0/libsrc/standalone_v5_5/src
make -C ps7_cortexa9_0/libsrc/standalone_v5_5/src -s libs  "SHELL=/bin/sh" "COMPILER=arm-none-eabi-gcc" "ARCHIVER=arm-none-eabi-ar" "COMPILER_FLAGS=  -O2 -c" "EXTRA_COMPILER_FLAGS=-mcpu=cortex-a9 -mfpu=vfpv3 -mfloat-abi=hard -nostartfiles"
Compiling standalone
Running Make libs in ps7_cortexa9_0/libsrc/uartps_v3_1/src
make -C ps7_cortexa9_0/libsrc/uartps_v3_1/src -s libs  "SHELL=/bin/sh" "COMPILER=arm-none-eabi-gcc" "ARCHIVER=arm-none-eabi-ar" "COMPILER_FLAGS=  -O2 -c" "EXTRA_COMPILER_FLAGS=-mcpu=cortex-a9 -mfpu=vfpv3 -mfloat-abi=hard -nostartfiles"
Compiling uartps
Running Make libs in ps7_cortexa9_0/libsrc/xadcps_v2_2/src
make -C ps7_cortexa9_0/libsrc/xadcps_v2_2/src -s libs  "SHELL=/bin/sh" "COMPILER=arm-none-eabi-gcc" "ARCHIVER=arm-none-eabi-ar" "COMPILER_FLAGS=  -O2 -c" "EXTRA_COMPILER_FLAGS=-mcpu=cortex-a9 -mfpu=vfpv3 -mfloat-abi=hard -nostartfiles"
Compiling xadcps
Finished building libraries
21:49:28 **** Build of configuration Debug for project N3Zbram ****
make pre-build main-build 
a9-linaro-pre-build-step
 
Building file: ../src/helloworld.c
Invoking: ARM v7 gcc compiler
arm-none-eabi-gcc -Wall -O0 -g3 -c -fmessage-length=0 -MT"src/helloworld.o" -mcpu=cortex-a9 -mfpu=vfpv3 -mfloat-abi=hard -I../../N3Zbram_bsp/ps7_cortexa9_0/include -MMD -MP -MF"src/helloworld.d" -MT"src/helloworld.o" -o "src/helloworld.o" "../src/helloworld.c"
Finished building: ../src/helloworld.c
 
Building file: ../src/platform.c
Invoking: ARM v7 gcc compiler
arm-none-eabi-gcc -Wall -O0 -g3 -c -fmessage-length=0 -MT"src/platform.o" -mcpu=cortex-a9 -mfpu=vfpv3 -mfloat-abi=hard -I../../N3Zbram_bsp/ps7_cortexa9_0/include -MMD -MP -MF"src/platform.d" -MT"src/platform.o" -o "src/platform.o" "../src/platform.c"
Finished building: ../src/platform.c
 
Building target: N3Zbram.elf
Invoking: ARM v7 gcc linker
arm-none-eabi-gcc -mcpu=cortex-a9 -mfpu=vfpv3 -mfloat-abi=hard -Wl,-build-id=none -specs=Xilinx.spec -Wl,-T -Wl,../src/lscript.ld -L../../N3Zbram_bsp/ps7_cortexa9_0/lib -o "N3Zbram.elf"  ./src/helloworld.o ./src/platform.o   -Wl,--start-group,-lxil,-lgcc,-lc,--end-group
Finished building target: N3Zbram.elf
 
Invoking: ARM v7 Print Size
arm-none-eabi-size N3Zbram.elf  |tee "N3Zbram.elf.size"
   text	   data	    bss	    dec	    hex	filename
  22960	   1152	  22580	  46692	   b664	N3Zbram.elf
Finished building: N3Zbram.elf.size
 
21:49:32 **** Auto Build of configuration Debug for project N3Zbram ****
make pre-build main-build 
a9-linaro-pre-build-step
 
make: Nothing to be done for `main-build'.
21:49:48 **** Auto Build of configuration Debug for project N3Zbram ****
make pre-build main-build 
a9-linaro-pre-build-step
 
Building file: ../src/helloworld.c
Invoking: ARM v7 gcc compiler
arm-none-eabi-gcc -Wall -O0 -g3 -c -fmessage-length=0 -MT"src/helloworld.o" -mcpu=cortex-a9 -mfpu=vfpv3 -mfloat-abi=hard -I../../N3Zbram_bsp/ps7_cortexa9_0/include -MMD -MP -MF"src/helloworld.d" -MT"src/helloworld.o" -o "src/helloworld.o" "../src/helloworld.c"
../src/helloworld.c: In function ‘main’:
../src/helloworld.c:98:9: warning: unused variable ‘DataValue’ [-Wunused-variable]
     int DataValue;
         ^
../src/helloworld.c:97:9: warning: unused variable ‘read_in’ [-Wunused-variable]
     int read_in[512];
         ^
Finished building: ../src/helloworld.c
 
Building target: N3Zbram.elf
Invoking: ARM v7 gcc linker
arm-none-eabi-gcc -mcpu=cortex-a9 -mfpu=vfpv3 -mfloat-abi=hard -Wl,-build-id=none -specs=Xilinx.spec -Wl,-T -Wl,../src/lscript.ld -L../../N3Zbram_bsp/ps7_cortexa9_0/lib -o "N3Zbram.elf"  ./src/helloworld.o ./src/platform.o   -Wl,--start-group,-lxil,-lgcc,-lc,--end-group
Finished building target: N3Zbram.elf
 
Invoking: ARM v7 Print Size
arm-none-eabi-size N3Zbram.elf  |tee "N3Zbram.elf.size"
   text	   data	    bss	    dec	    hex	filename
 107200	   2656	  23484	 133340	  208dc	N3Zbram.elf
Finished building: N3Zbram.elf.size
 
21:50:27 **** Incremental Build of configuration Debug for project N3Zbram ****
make pre-build main-build 
a9-linaro-pre-build-step
 
make: Nothing to be done for `main-build'.
21:52:01 **** Incremental Build of configuration Debug for project N3Zbram ****
make pre-build main-build 
a9-linaro-pre-build-step
 
make: Nothing to be done for `main-build'.
21:53:36 **** Incremental Build of configuration Debug for project N3Zbram ****
make pre-build main-build 
a9-linaro-pre-build-step
 
make: Nothing to be done for `main-build'.
21:54:02 **** Incremental Build of configuration Debug for project N3Zbram ****
make pre-build main-build 
a9-linaro-pre-build-step
 
make: Nothing to be done for `main-build'.
21:54:42 **** Incremental Build of configuration Debug for project N3Zbram ****
make pre-build main-build 
a9-linaro-pre-build-step
 
make: Nothing to be done for `main-build'.
21:55:02 **** Incremental Build of configuration Debug for project N3Zbram ****
make pre-build main-build 
a9-linaro-pre-build-step
 
make: Nothing to be done for `main-build'.
21:55:10 **** Incremental Build of configuration Debug for project N3Zbram ****
make pre-build main-build 
a9-linaro-pre-build-step
 
make: Nothing to be done for `main-build'.
21:55:47 **** Incremental Build of configuration Debug for project N3Zbram ****
make pre-build main-build 
a9-linaro-pre-build-step
 
make: Nothing to be done for `main-build'.
22:01:45 **** Incremental Build of configuration Debug for project N3Zbram ****
make pre-build main-build 
a9-linaro-pre-build-step
 
make: Nothing to be done for `main-build'.
22:01:57 **** Incremental Build of configuration Debug for project N3Zbram ****
make pre-build main-build 
a9-linaro-pre-build-step
 
make: Nothing to be done for `main-build'.
22:02:59 **** Incremental Build of configuration Debug for project N3Zbram ****
make pre-build main-build 
a9-linaro-pre-build-step
 
make: Nothing to be done for `main-build'.
22:03:56 **** Incremental Build of configuration Debug for project N3Zbram ****
make pre-build main-build 
a9-linaro-pre-build-step
 
make: Nothing to be done for `main-build'.
22:04:03 **** Incremental Build of configuration Debug for project N3Zbram ****
make pre-build main-build 
a9-linaro-pre-build-step
 
make: Nothing to be done for `main-build'.
22:04:42 **** Incremental Build of configuration Debug for project N3Zbram ****
make pre-build main-build 
a9-linaro-pre-build-step
 
make: Nothing to be done for `main-build'.
22:04:55 **** Incremental Build of configuration Debug for project N3Zbram ****
make pre-build main-build 
a9-linaro-pre-build-step
 
make: Nothing to be done for `main-build'.
22:08:04 **** Incremental Build of configuration Debug for project N3Zbram ****
make pre-build main-build 
a9-linaro-pre-build-step
 
make: Nothing to be done for `main-build'.
22:08:23 **** Incremental Build of configuration Debug for project N3Zbram ****
make pre-build main-build 
a9-linaro-pre-build-step
 
make: Nothing to be done for `main-build'.
22:12:44 **** Incremental Build of configuration Debug for project N3Zbram ****
make pre-build main-build 
a9-linaro-pre-build-step
 
make: Nothing to be done for `main-build'.
22:17:13 **** Incremental Build of configuration Debug for project N3Zbram ****
make pre-build main-build 
a9-linaro-pre-build-step
 
make: Nothing to be done for `main-build'.
22:17:14 **** Build of configuration Debug for project ReadBRAM ****
make all 
Building file: ../src/main.c
Invoking: Cross ARM C Compiler
arm-none-eabi-gcc -mcpu=cortex-m3 -mthumb -O0 -fmessage-length=0 -fsigned-char -ffunction-sections -fdata-sections  -g3 -std=gnu11 -MMD -MP -MF"src/main.d" -MT"src/main.o" -c -o "src/main.o" "../src/main.c"
Finished building: ../src/main.c
 
Building target: ReadBRAM.elf
Invoking: Cross ARM C Linker
arm-none-eabi-gcc -mcpu=cortex-m3 -mthumb -O0 -fmessage-length=0 -fsigned-char -ffunction-sections -fdata-sections  -g3 -Xlinker --gc-sections -Wl,-Map,"ReadBRAM.map" --specs=rdimon.specs -Wl,--start-group -lgcc -lc -lc -lm -lrdimon -Wl,--end-group -o "ReadBRAM.elf"  ./src/main.o   
Finished building target: ReadBRAM.elf
 
Invoking: Cross ARM GNU Create Flash Image
arm-none-eabi-objcopy -O ihex "ReadBRAM.elf"  "ReadBRAM.hex"
Finished building: ReadBRAM.hex
 
Invoking: Cross ARM GNU Print Size
arm-none-eabi-size --format=berkeley "ReadBRAM.elf"
   text	   data	    bss	    dec	    hex	filename
  10252	   2400	    260	  12912	   3270	ReadBRAM.elf
Finished building: ReadBRAM.siz
 
22:19:15 **** Incremental Build of configuration Debug for project N3Zbram ****
make pre-build main-build 
a9-linaro-pre-build-step
 
make: Nothing to be done for `main-build'.
22:20:02 **** Incremental Build of configuration Debug for project N3Zbram ****
make pre-build main-build 
a9-linaro-pre-build-step
 
make: Nothing to be done for `main-build'.
22:20:18 **** Incremental Build of configuration Debug for project N3Zbram ****
make pre-build main-build 
a9-linaro-pre-build-step
 
make: Nothing to be done for `main-build'.
22:21:11 **** Incremental Build of configuration Debug for project N3Zbram ****
make pre-build main-build 
a9-linaro-pre-build-step
 
make: Nothing to be done for `main-build'.
22:21:33 **** Incremental Build of configuration Debug for project N3Zbram ****
make pre-build main-build 
a9-linaro-pre-build-step
 
make: Nothing to be done for `main-build'.
22:22:15 **** Incremental Build of configuration Debug for project N3Zbram ****
make pre-build main-build 
a9-linaro-pre-build-step
 
make: Nothing to be done for `main-build'.
22:22:47 **** Incremental Build of configuration Debug for project N3Zbram ****
make pre-build main-build 
a9-linaro-pre-build-step
 
make: Nothing to be done for `main-build'.
22:23:05 **** Incremental Build of configuration Debug for project N3Zbram ****
make pre-build main-build 
a9-linaro-pre-build-step
 
make: Nothing to be done for `main-build'.
22:24:31 **** Incremental Build of configuration Debug for project N3Zbram ****
make pre-build main-build 
a9-linaro-pre-build-step
 
make: Nothing to be done for `main-build'.
22:25:00 **** Incremental Build of configuration Debug for project N3Zbram ****
make pre-build main-build 
a9-linaro-pre-build-step
 
make: Nothing to be done for `main-build'.
17:23:56 **** Incremental Build of configuration Debug for project N3Zbram ****
make pre-build main-build 
a9-linaro-pre-build-step
' '
make: Nothing to be done for `main-build'.
17:25:01 **** Incremental Build of configuration Debug for project N3Zbram ****
make pre-build main-build 
a9-linaro-pre-build-step
' '
make: Nothing to be done for `main-build'.
17:25:26 **** Incremental Build of configuration Debug for project N3Zbram ****
make pre-build main-build 
a9-linaro-pre-build-step
' '
make: Nothing to be done for `main-build'.
17:25:51 **** Incremental Build of configuration Debug for project N3Zbram ****
make pre-build main-build 
a9-linaro-pre-build-step
' '
make: Nothing to be done for `main-build'.
17:26:24 **** Incremental Build of configuration Debug for project N3Zbram ****
make pre-build main-build 
a9-linaro-pre-build-step
' '
make: Nothing to be done for `main-build'.
16:41:53 **** Incremental Build of configuration Debug for project N3Zbram ****
make pre-build main-build 
a9-linaro-pre-build-step
 
Building file: ../src/helloworld.c
Invoking: ARM v7 gcc compiler
arm-none-eabi-gcc -Wall -O0 -g3 -c -fmessage-length=0 -MT"src/helloworld.o" -mcpu=cortex-a9 -mfpu=vfpv3 -mfloat-abi=hard -I../../N3Zbram_bsp/ps7_cortexa9_0/include -MMD -MP -MF"src/helloworld.d" -MT"src/helloworld.o" -o "src/helloworld.o" "../src/helloworld.c"
../src/helloworld.c:51:24: fatal error: xil_printf.h: No such file or directory
 #include "xil_printf.h"
                        ^
compilation terminated.
make: *** [src/helloworld.o] Error 1
16:47:00 **** Auto Build of configuration Debug for project N3Zbram ****
make pre-build main-build 
a9-linaro-pre-build-step
 
Building file: ../src/helloworld.c
Invoking: ARM v7 gcc compiler
arm-none-eabi-gcc -Wall -O0 -g3 -c -fmessage-length=0 -MT"src/helloworld.o" -mcpu=cortex-a9 -mfpu=vfpv3 -mfloat-abi=hard -I../../N3Zbram_bsp/ps7_cortexa9_0/include -MMD -MP -MF"src/helloworld.d" -MT"src/helloworld.o" -o "src/helloworld.o" "../src/helloworld.c"
../src/helloworld.c:51:24: fatal error: xil_printf.h: No such file or directory
 #include "xil_printf.h"
                        ^
compilation terminated.
make: *** [src/helloworld.o] Error 1
16:49:00 **** Auto Build of project N3Zbram_bsp ****
make -k all 
Running Make include in ps7_cortexa9_0/libsrc/bram_v4_1/src
make -C ps7_cortexa9_0/libsrc/bram_v4_1/src -s include  "SHELL=/bin/sh" "COMPILER=arm-none-eabi-gcc" "ARCHIVER=arm-none-eabi-ar" "COMPILER_FLAGS=  -O2 -c" "EXTRA_COMPILER_FLAGS=-mcpu=cortex-a9 -mfpu=vfpv3 -mfloat-abi=hard -nostartfiles"
Running Make include in ps7_cortexa9_0/libsrc/coresightps_dcc_v1_2/src
make -C ps7_cortexa9_0/libsrc/coresightps_dcc_v1_2/src -s include  "SHELL=/bin/sh" "COMPILER=arm-none-eabi-gcc" "ARCHIVER=arm-none-eabi-ar" "COMPILER_FLAGS=  -O2 -c" "EXTRA_COMPILER_FLAGS=-mcpu=cortex-a9 -mfpu=vfpv3 -mfloat-abi=hard -nostartfiles"
Running Make include in ps7_cortexa9_0/libsrc/cpu_cortexa9_v2_2/src
make -C ps7_cortexa9_0/libsrc/cpu_cortexa9_v2_2/src -s include  "SHELL=/bin/sh" "COMPILER=arm-none-eabi-gcc" "ARCHIVER=arm-none-eabi-ar" "COMPILER_FLAGS=  -O2 -c" "EXTRA_COMPILER_FLAGS=-mcpu=cortex-a9 -mfpu=vfpv3 -mfloat-abi=hard -nostartfiles"
Running Make include in ps7_cortexa9_0/libsrc/devcfg_v3_4/src
make -C ps7_cortexa9_0/libsrc/devcfg_v3_4/src -s include  "SHELL=/bin/sh" "COMPILER=arm-none-eabi-gcc" "ARCHIVER=arm-none-eabi-ar" "COMPILER_FLAGS=  -O2 -c" "EXTRA_COMPILER_FLAGS=-mcpu=cortex-a9 -mfpu=vfpv3 -mfloat-abi=hard -nostartfiles"
Running Make include in ps7_cortexa9_0/libsrc/dmaps_v2_1/src
make -C ps7_cortexa9_0/libsrc/dmaps_v2_1/src -s include  "SHELL=/bin/sh" "COMPILER=arm-none-eabi-gcc" "ARCHIVER=arm-none-eabi-ar" "COMPILER_FLAGS=  -O2 -c" "EXTRA_COMPILER_FLAGS=-mcpu=cortex-a9 -mfpu=vfpv3 -mfloat-abi=hard -nostartfiles"
Running Make include in ps7_cortexa9_0/libsrc/n3z_tonetest_v1_08/src
make -C ps7_cortexa9_0/libsrc/n3z_tonetest_v1_08/src -s include  "SHELL=/bin/sh" "COMPILER=arm-none-eabi-gcc" "ARCHIVER=arm-none-eabi-ar" "COMPILER_FLAGS=  -O2 -c" "EXTRA_COMPILER_FLAGS=-mcpu=cortex-a9 -mfpu=vfpv3 -mfloat-abi=hard -nostartfiles"
Running Make include in ps7_cortexa9_0/libsrc/scugic_v3_3/src
make -C ps7_cortexa9_0/libsrc/scugic_v3_3/src -s include  "SHELL=/bin/sh" "COMPILER=arm-none-eabi-gcc" "ARCHIVER=arm-none-eabi-ar" "COMPILER_FLAGS=  -O2 -c" "EXTRA_COMPILER_FLAGS=-mcpu=cortex-a9 -mfpu=vfpv3 -mfloat-abi=hard -nostartfiles"
Running Make include in ps7_cortexa9_0/libsrc/scutimer_v2_1/src
make -C ps7_cortexa9_0/libsrc/scutimer_v2_1/src -s include  "SHELL=/bin/sh" "COMPILER=arm-none-eabi-gcc" "ARCHIVER=arm-none-eabi-ar" "COMPILER_FLAGS=  -O2 -c" "EXTRA_COMPILER_FLAGS=-mcpu=cortex-a9 -mfpu=vfpv3 -mfloat-abi=hard -nostartfiles"
Running Make include in ps7_cortexa9_0/libsrc/scuwdt_v2_1/src
make -C ps7_cortexa9_0/libsrc/scuwdt_v2_1/src -s include  "SHELL=/bin/sh" "COMPILER=arm-none-eabi-gcc" "ARCHIVER=arm-none-eabi-ar" "COMPILER_FLAGS=  -O2 -c" "EXTRA_COMPILER_FLAGS=-mcpu=cortex-a9 -mfpu=vfpv3 -mfloat-abi=hard -nostartfiles"
Running Make include in ps7_cortexa9_0/libsrc/standalone_v5_5/src
make -C ps7_cortexa9_0/libsrc/standalone_v5_5/src -s include  "SHELL=/bin/sh" "COMPILER=arm-none-eabi-gcc" "ARCHIVER=arm-none-eabi-ar" "COMPILER_FLAGS=  -O2 -c" "EXTRA_COMPILER_FLAGS=-mcpu=cortex-a9 -mfpu=vfpv3 -mfloat-abi=hard -nostartfiles"
Running Make include in ps7_cortexa9_0/libsrc/uartps_v3_1/src
make -C ps7_cortexa9_0/libsrc/uartps_v3_1/src -s include  "SHELL=/bin/sh" "COMPILER=arm-none-eabi-gcc" "ARCHIVER=arm-none-eabi-ar" "COMPILER_FLAGS=  -O2 -c" "EXTRA_COMPILER_FLAGS=-mcpu=cortex-a9 -mfpu=vfpv3 -mfloat-abi=hard -nostartfiles"
Running Make include in ps7_cortexa9_0/libsrc/xadcps_v2_2/src
make -C ps7_cortexa9_0/libsrc/xadcps_v2_2/src -s include  "SHELL=/bin/sh" "COMPILER=arm-none-eabi-gcc" "ARCHIVER=arm-none-eabi-ar" "COMPILER_FLAGS=  -O2 -c" "EXTRA_COMPILER_FLAGS=-mcpu=cortex-a9 -mfpu=vfpv3 -mfloat-abi=hard -nostartfiles"
Running Make libs in ps7_cortexa9_0/libsrc/bram_v4_1/src
make -C ps7_cortexa9_0/libsrc/bram_v4_1/src -s libs  "SHELL=/bin/sh" "COMPILER=arm-none-eabi-gcc" "ARCHIVER=arm-none-eabi-ar" "COMPILER_FLAGS=  -O2 -c" "EXTRA_COMPILER_FLAGS=-mcpu=cortex-a9 -mfpu=vfpv3 -mfloat-abi=hard -nostartfiles"
Compiling bram
arm-none-eabi-ar: creating ../../../lib/libxil.a
Running Make libs in ps7_cortexa9_0/libsrc/coresightps_dcc_v1_2/src
make -C ps7_cortexa9_0/libsrc/coresightps_dcc_v1_2/src -s libs  "SHELL=/bin/sh" "COMPILER=arm-none-eabi-gcc" "ARCHIVER=arm-none-eabi-ar" "COMPILER_FLAGS=  -O2 -c" "EXTRA_COMPILER_FLAGS=-mcpu=cortex-a9 -mfpu=vfpv3 -mfloat-abi=hard -nostartfiles"
Compiling coresightps_dcc
Running Make libs in ps7_cortexa9_0/libsrc/cpu_cortexa9_v2_2/src
make -C ps7_cortexa9_0/libsrc/cpu_cortexa9_v2_2/src -s libs  "SHELL=/bin/sh" "COMPILER=arm-none-eabi-gcc" "ARCHIVER=arm-none-eabi-ar" "COMPILER_FLAGS=  -O2 -c" "EXTRA_COMPILER_FLAGS=-mcpu=cortex-a9 -mfpu=vfpv3 -mfloat-abi=hard -nostartfiles"
Compiling cpu_cortexa9
Running Make libs in ps7_cortexa9_0/libsrc/devcfg_v3_4/src
make -C ps7_cortexa9_0/libsrc/devcfg_v3_4/src -s libs  "SHELL=/bin/sh" "COMPILER=arm-none-eabi-gcc" "ARCHIVER=arm-none-eabi-ar" "COMPILER_FLAGS=  -O2 -c" "EXTRA_COMPILER_FLAGS=-mcpu=cortex-a9 -mfpu=vfpv3 -mfloat-abi=hard -nostartfiles"
Compiling devcfg
Running Make libs in ps7_cortexa9_0/libsrc/dmaps_v2_1/src
make -C ps7_cortexa9_0/libsrc/dmaps_v2_1/src -s libs  "SHELL=/bin/sh" "COMPILER=arm-none-eabi-gcc" "ARCHIVER=arm-none-eabi-ar" "COMPILER_FLAGS=  -O2 -c" "EXTRA_COMPILER_FLAGS=-mcpu=cortex-a9 -mfpu=vfpv3 -mfloat-abi=hard -nostartfiles"
Compiling dmaps
Running Make libs in ps7_cortexa9_0/libsrc/n3z_tonetest_v1_08/src
make -C ps7_cortexa9_0/libsrc/n3z_tonetest_v1_08/src -s libs  "SHELL=/bin/sh" "COMPILER=arm-none-eabi-gcc" "ARCHIVER=arm-none-eabi-ar" "COMPILER_FLAGS=  -O2 -c" "EXTRA_COMPILER_FLAGS=-mcpu=cortex-a9 -mfpu=vfpv3 -mfloat-abi=hard -nostartfiles"
Compiling foo_top_top
Running Make libs in ps7_cortexa9_0/libsrc/scugic_v3_3/src
make -C ps7_cortexa9_0/libsrc/scugic_v3_3/src -s libs  "SHELL=/bin/sh" "COMPILER=arm-none-eabi-gcc" "ARCHIVER=arm-none-eabi-ar" "COMPILER_FLAGS=  -O2 -c" "EXTRA_COMPILER_FLAGS=-mcpu=cortex-a9 -mfpu=vfpv3 -mfloat-abi=hard -nostartfiles"
Compiling scugic
Running Make libs in ps7_cortexa9_0/libsrc/scutimer_v2_1/src
make -C ps7_cortexa9_0/libsrc/scutimer_v2_1/src -s libs  "SHELL=/bin/sh" "COMPILER=arm-none-eabi-gcc" "ARCHIVER=arm-none-eabi-ar" "COMPILER_FLAGS=  -O2 -c" "EXTRA_COMPILER_FLAGS=-mcpu=cortex-a9 -mfpu=vfpv3 -mfloat-abi=hard -nostartfiles"
Compiling scutimer
Running Make libs in ps7_cortexa9_0/libsrc/scuwdt_v2_1/src
make -C ps7_cortexa9_0/libsrc/scuwdt_v2_1/src -s libs  "SHELL=/bin/sh" "COMPILER=arm-none-eabi-gcc" "ARCHIVER=arm-none-eabi-ar" "COMPILER_FLAGS=  -O2 -c" "EXTRA_COMPILER_FLAGS=-mcpu=cortex-a9 -mfpu=vfpv3 -mfloat-abi=hard -nostartfiles"
Compiling scuwdt
Running Make libs in ps7_cortexa9_0/libsrc/standalone_v5_5/src
make -C ps7_cortexa9_0/libsrc/standalone_v5_5/src -s libs  "SHELL=/bin/sh" "COMPILER=arm-none-eabi-gcc" "ARCHIVER=arm-none-eabi-ar" "COMPILER_FLAGS=  -O2 -c" "EXTRA_COMPILER_FLAGS=-mcpu=cortex-a9 -mfpu=vfpv3 -mfloat-abi=hard -nostartfiles"
Compiling standalone
Running Make libs in ps7_cortexa9_0/libsrc/uartps_v3_1/src
make -C ps7_cortexa9_0/libsrc/uartps_v3_1/src -s libs  "SHELL=/bin/sh" "COMPILER=arm-none-eabi-gcc" "ARCHIVER=arm-none-eabi-ar" "COMPILER_FLAGS=  -O2 -c" "EXTRA_COMPILER_FLAGS=-mcpu=cortex-a9 -mfpu=vfpv3 -mfloat-abi=hard -nostartfiles"
Compiling uartps
Running Make libs in ps7_cortexa9_0/libsrc/xadcps_v2_2/src
make -C ps7_cortexa9_0/libsrc/xadcps_v2_2/src -s libs  "SHELL=/bin/sh" "COMPILER=arm-none-eabi-gcc" "ARCHIVER=arm-none-eabi-ar" "COMPILER_FLAGS=  -O2 -c" "EXTRA_COMPILER_FLAGS=-mcpu=cortex-a9 -mfpu=vfpv3 -mfloat-abi=hard -nostartfiles"
Compiling xadcps
Finished building libraries
16:49:13 **** Auto Build of configuration Debug for project N3Zbram ****
make pre-build main-build 
a9-linaro-pre-build-step
 
Building file: ../src/helloworld.c
Invoking: ARM v7 gcc compiler
arm-none-eabi-gcc -Wall -O0 -g3 -c -fmessage-length=0 -MT"src/helloworld.o" -mcpu=cortex-a9 -mfpu=vfpv3 -mfloat-abi=hard -I../../N3Zbram_bsp/ps7_cortexa9_0/include -MMD -MP -MF"src/helloworld.d" -MT"src/helloworld.o" -o "src/helloworld.o" "../src/helloworld.c"
../src/helloworld.c: In function ‘main’:
../src/helloworld.c:97:9: warning: unused variable ‘DataValue’ [-Wunused-variable]
     int DataValue;
         ^
../src/helloworld.c:96:9: warning: unused variable ‘read_in’ [-Wunused-variable]
     int read_in[512];
         ^
Finished building: ../src/helloworld.c
 
Building file: ../src/platform.c
Invoking: ARM v7 gcc compiler
arm-none-eabi-gcc -Wall -O0 -g3 -c -fmessage-length=0 -MT"src/platform.o" -mcpu=cortex-a9 -mfpu=vfpv3 -mfloat-abi=hard -I../../N3Zbram_bsp/ps7_cortexa9_0/include -MMD -MP -MF"src/platform.d" -MT"src/platform.o" -o "src/platform.o" "../src/platform.c"
Finished building: ../src/platform.c
 
Building target: N3Zbram.elf
Invoking: ARM v7 gcc linker
arm-none-eabi-gcc -mcpu=cortex-a9 -mfpu=vfpv3 -mfloat-abi=hard -Wl,-build-id=none -specs=Xilinx.spec -Wl,-T -Wl,../src/lscript.ld -L../../N3Zbram_bsp/ps7_cortexa9_0/lib -o "N3Zbram.elf"  ./src/helloworld.o ./src/platform.o   -Wl,--start-group,-lxil,-lgcc,-lc,--end-group
Finished building target: N3Zbram.elf
 
Invoking: ARM v7 Print Size
arm-none-eabi-size N3Zbram.elf  |tee "N3Zbram.elf.size"
   text	   data	    bss	    dec	    hex	filename
 107200	   2656	  23484	 133340	  208dc	N3Zbram.elf
Finished building: N3Zbram.elf.size
 
16:49:17 **** Auto Build of configuration Debug for project N3Zbram ****
make pre-build main-build 
a9-linaro-pre-build-step
 
Building file: ../src/helloworld.c
Invoking: ARM v7 gcc compiler
arm-none-eabi-gcc -Wall -O0 -g3 -c -fmessage-length=0 -MT"src/helloworld.o" -mcpu=cortex-a9 -mfpu=vfpv3 -mfloat-abi=hard -I../../N3Zbram_bsp/ps7_cortexa9_0/include -MMD -MP -MF"src/helloworld.d" -MT"src/helloworld.o" -o "src/helloworld.o" "../src/helloworld.c"
Finished building: ../src/helloworld.c
 
Building target: N3Zbram.elf
Invoking: ARM v7 gcc linker
arm-none-eabi-gcc -mcpu=cortex-a9 -mfpu=vfpv3 -mfloat-abi=hard -Wl,-build-id=none -specs=Xilinx.spec -Wl,-T -Wl,../src/lscript.ld -L../../N3Zbram_bsp/ps7_cortexa9_0/lib -o "N3Zbram.elf"  ./src/helloworld.o ./src/platform.o   -Wl,--start-group,-lxil,-lgcc,-lc,--end-group
../src/helloworld.c: In function ‘main’:
../src/helloworld.c:96:9: warning: unused variable ‘DataValue’ [-Wunused-variable]
     int DataValue;
         ^
../src/helloworld.c:95:9: warning: unused variable ‘read_in’ [-Wunused-variable]
     int read_in[512];
         ^
Finished building target: N3Zbram.elf
 
Invoking: ARM v7 Print Size
arm-none-eabi-size N3Zbram.elf  |tee "N3Zbram.elf.size"
   text	   data	    bss	    dec	    hex	filename
 107200	   2656	  23484	 133340	  208dc	N3Zbram.elf
Finished building: N3Zbram.elf.size
 
17:21:38 **** Auto Build of configuration Debug for project N3Zbram ****
make pre-build main-build 
a9-linaro-pre-build-step
 
Building file: ../src/helloworld.c
Invoking: ARM v7 gcc compiler
arm-none-eabi-gcc -Wall -O0 -g3 -c -fmessage-length=0 -MT"src/helloworld.o" -mcpu=cortex-a9 -mfpu=vfpv3 -mfloat-abi=hard -I../../N3Zbram_bsp/ps7_cortexa9_0/include -MMD -MP -MF"src/helloworld.d" -MT"src/helloworld.o" -o "src/helloworld.o" "../src/helloworld.c"
../src/helloworld.c: In function ‘main’:
../src/helloworld.c:106:5: warning: implicit declaration of function ‘n3z_tonetest_Initialize’ [-Wimplicit-function-declaration]
     n3z_tonetest_Initialize(n3z_tonetest* InstancePtr, u16 DeviceId);
     ^
../src/helloworld.c:106:29: error: ‘n3z_tonetest’ undeclared (first use in this function)
     n3z_tonetest_Initialize(n3z_tonetest* InstancePtr, u16 DeviceId);
                             ^
../src/helloworld.c:106:29: note: each undeclared identifier is reported only once for each function it appears in
../src/helloworld.c:106:43: error: ‘InstancePtr’ undeclared (first use in this function)
     n3z_tonetest_Initialize(n3z_tonetest* InstancePtr, u16 DeviceId);
                                           ^
../src/helloworld.c:106:56: error: expected expression before ‘u16’
     n3z_tonetest_Initialize(n3z_tonetest* InstancePtr, u16 DeviceId);
                                                        ^
../src/helloworld.c:114:5: warning: implicit declaration of function ‘n3z_tonetest_audiovolume_write’ [-Wimplicit-function-declaration]
     n3z_tonetest_audiovolume_write(n3z_tonetest *InstancePtr, u8 Data);
     ^
../src/helloworld.c:114:63: error: expected expression before ‘u8’
     n3z_tonetest_audiovolume_write(n3z_tonetest *InstancePtr, u8 Data);
                                                               ^
../src/helloworld.c:96:9: warning: unused variable ‘DataValue’ [-Wunused-variable]
     int DataValue;
         ^
../src/helloworld.c:95:9: warning: unused variable ‘read_in’ [-Wunused-variable]
     int read_in[512];
         ^
make: *** [src/helloworld.o] Error 1
21:51:19 **** Auto Build of configuration Debug for project N3Zbram ****
make pre-build main-build 
a9-linaro-pre-build-step
 
Building file: ../src/helloworld.c
Invoking: ARM v7 gcc compiler
arm-none-eabi-gcc -Wall -O0 -g3 -c -fmessage-length=0 -MT"src/helloworld.o" -mcpu=cortex-a9 -mfpu=vfpv3 -mfloat-abi=hard -I../../N3Zbram_bsp/ps7_cortexa9_0/include -MMD -MP -MF"src/helloworld.d" -MT"src/helloworld.o" -o "src/helloworld.o" "../src/helloworld.c"
../src/helloworld.c: In function ‘main’:
../src/helloworld.c:102:5: warning: implicit declaration of function ‘malloc’ [-Wimplicit-function-declaration]
     n3z_tonetest* InstancePtr = malloc(sizeof (n3z_tonetest));
     ^
../src/helloworld.c:102:33: warning: incompatible implicit declaration of built-in function ‘malloc’
     n3z_tonetest* InstancePtr = malloc(sizeof (n3z_tonetest));
                                 ^
../src/helloworld.c:108:46: error: expected ‘)’ before ‘u16’
     int n3z_tonetest_Initialize(InstancePtr, u16 DeviceId);
                                              ^
../src/helloworld.c:116:36: error: expected expression before ‘n3z_tonetest’
     n3z_tonetest_audiovolume_write(n3z_tonetest *InstancePtr, u8 Data);
                                    ^
../src/helloworld.c:116:5: error: too few arguments to function ‘n3z_tonetest_audiovolume_write’
     n3z_tonetest_audiovolume_write(n3z_tonetest *InstancePtr, u8 Data);
     ^
In file included from ../src/helloworld.c:54:0:
../../N3Zbram_bsp/ps7_cortexa9_0/include/n3z_tonetest.h:155:6: note: declared here
 void n3z_tonetest_audiovolume_write(n3z_tonetest *InstancePtr, u8 Data);
      ^
../src/helloworld.c:102:19: warning: unused variable ‘InstancePtr’ [-Wunused-variable]
     n3z_tonetest* InstancePtr = malloc(sizeof (n3z_tonetest));
                   ^
../src/helloworld.c:97:9: warning: unused variable ‘DataValue’ [-Wunused-variable]
     int DataValue;
         ^
../src/helloworld.c:96:9: warning: unused variable ‘read_in’ [-Wunused-variable]
     int read_in[512];
         ^
make: *** [src/helloworld.o] Error 1
21:54:02 **** Auto Build of configuration Debug for project N3Zbram ****
make pre-build main-build 
a9-linaro-pre-build-step
 
Building file: ../src/helloworld.c
Invoking: ARM v7 gcc compiler
arm-none-eabi-gcc -Wall -O0 -g3 -c -fmessage-length=0 -MT"src/helloworld.o" -mcpu=cortex-a9 -mfpu=vfpv3 -mfloat-abi=hard -I../../N3Zbram_bsp/ps7_cortexa9_0/include -MMD -MP -MF"src/helloworld.d" -MT"src/helloworld.o" -o "src/helloworld.o" "../src/helloworld.c"
../src/helloworld.c: In function ‘main’:
../src/helloworld.c:102:5: warning: implicit declaration of function ‘malloc’ [-Wimplicit-function-declaration]
     n3z_tonetest* InstancePtr = malloc(sizeof (n3z_tonetest));
     ^
../src/helloworld.c:102:33: warning: incompatible implicit declaration of built-in function ‘malloc’
     n3z_tonetest* InstancePtr = malloc(sizeof (n3z_tonetest));
                                 ^
In file included from ../src/helloworld.c:52:0:
../../N3Zbram_bsp/ps7_cortexa9_0/include/xparameters.h:202:39: error: expected ‘)’ before numeric constant
 #define XPAR_N3Z_TONETEST_0_DEVICE_ID 0
                                       ^
../src/helloworld.c:108:46: note: in expansion of macro ‘XPAR_N3Z_TONETEST_0_DEVICE_ID’
     int n3z_tonetest_Initialize(InstancePtr, XPAR_N3Z_TONETEST_0_DEVICE_ID);
                                              ^
../src/helloworld.c:116:36: error: expected expression before ‘n3z_tonetest’
     n3z_tonetest_audiovolume_write(n3z_tonetest *InstancePtr, u8 Data);
                                    ^
../src/helloworld.c:116:5: error: too few arguments to function ‘n3z_tonetest_audiovolume_write’
     n3z_tonetest_audiovolume_write(n3z_tonetest *InstancePtr, u8 Data);
     ^
In file included from ../src/helloworld.c:54:0:
../../N3Zbram_bsp/ps7_cortexa9_0/include/n3z_tonetest.h:155:6: note: declared here
 void n3z_tonetest_audiovolume_write(n3z_tonetest *InstancePtr, u8 Data);
      ^
../src/helloworld.c:102:19: warning: unused variable ‘InstancePtr’ [-Wunused-variable]
     n3z_tonetest* InstancePtr = malloc(sizeof (n3z_tonetest));
                   ^
../src/helloworld.c:97:9: warning: unused variable ‘DataValue’ [-Wunused-variable]
     int DataValue;
         ^
../src/helloworld.c:96:9: warning: unused variable ‘read_in’ [-Wunused-variable]
     int read_in[512];
         ^
make: *** [src/helloworld.o] Error 1
21:59:08 **** Auto Build of configuration Debug for project N3Zbram ****
make pre-build main-build 
a9-linaro-pre-build-step
 
Building file: ../src/helloworld.c
Invoking: ARM v7 gcc compiler
arm-none-eabi-gcc -Wall -O0 -g3 -c -fmessage-length=0 -MT"src/helloworld.o" -mcpu=cortex-a9 -mfpu=vfpv3 -mfloat-abi=hard -I../../N3Zbram_bsp/ps7_cortexa9_0/include -MMD -MP -MF"src/helloworld.d" -MT"src/helloworld.o" -o "src/helloworld.o" "../src/helloworld.c"
../src/helloworld.c: In function ‘main’:
../src/helloworld.c:104:5: warning: implicit declaration of function ‘malloc’ [-Wimplicit-function-declaration]
     n3z_tonetest* InstancePtr = malloc(sizeof (n3z_tonetest));
     ^
../src/helloworld.c:104:33: warning: incompatible implicit declaration of built-in function ‘malloc’
     n3z_tonetest* InstancePtr = malloc(sizeof (n3z_tonetest));
                                 ^
../src/helloworld.c:122:36: error: expected expression before ‘n3z_tonetest’
     n3z_tonetest_audiovolume_write(n3z_tonetest *InstancePtr, u8 Data);
                                    ^
../src/helloworld.c:122:5: error: too few arguments to function ‘n3z_tonetest_audiovolume_write’
     n3z_tonetest_audiovolume_write(n3z_tonetest *InstancePtr, u8 Data);
     ^
In file included from ../src/helloworld.c:54:0:
../../N3Zbram_bsp/ps7_cortexa9_0/include/n3z_tonetest.h:155:6: note: declared here
 void n3z_tonetest_audiovolume_write(n3z_tonetest *InstancePtr, u8 Data);
      ^
../src/helloworld.c:110:9: warning: unused variable ‘Status’ [-Wunused-variable]
     int Status=n3z_tonetest_Initialize(InstancePtr, XPAR_N3Z_TONETEST_0_DEVICE_ID);
         ^
../src/helloworld.c:99:9: warning: unused variable ‘DataValue’ [-Wunused-variable]
     int DataValue;
         ^
../src/helloworld.c:98:9: warning: unused variable ‘read_in’ [-Wunused-variable]
     int read_in[512];
         ^
make: *** [src/helloworld.o] Error 1
22:01:21 **** Auto Build of configuration Debug for project N3Zbram ****
make pre-build main-build 
a9-linaro-pre-build-step
 
Building file: ../src/helloworld.c
Invoking: ARM v7 gcc compiler
arm-none-eabi-gcc -Wall -O0 -g3 -c -fmessage-length=0 -MT"src/helloworld.o" -mcpu=cortex-a9 -mfpu=vfpv3 -mfloat-abi=hard -I../../N3Zbram_bsp/ps7_cortexa9_0/include -MMD -MP -MF"src/helloworld.d" -MT"src/helloworld.o" -o "src/helloworld.o" "../src/helloworld.c"
../src/helloworld.c: In function ‘main’:
../src/helloworld.c:104:5: warning: implicit declaration of function ‘malloc’ [-Wimplicit-function-declaration]
     n3z_tonetest* InstancePtr = malloc(sizeof (n3z_tonetest));
     ^
../src/helloworld.c:104:33: warning: incompatible implicit declaration of built-in function ‘malloc’
     n3z_tonetest* InstancePtr = malloc(sizeof (n3z_tonetest));
                                 ^
../src/helloworld.c:110:9: warning: unused variable ‘Status’ [-Wunused-variable]
     int Status=n3z_tonetest_Initialize(InstancePtr, XPAR_N3Z_TONETEST_0_DEVICE_ID);
         ^
../src/helloworld.c:99:9: warning: unused variable ‘DataValue’ [-Wunused-variable]
     int DataValue;
         ^
../src/helloworld.c:98:9: warning: unused variable ‘read_in’ [-Wunused-variable]
     int read_in[512];
         ^
Finished building: ../src/helloworld.c
 
Building target: N3Zbram.elf
Invoking: ARM v7 gcc linker
arm-none-eabi-gcc -mcpu=cortex-a9 -mfpu=vfpv3 -mfloat-abi=hard -Wl,-build-id=none -specs=Xilinx.spec -Wl,-T -Wl,../src/lscript.ld -L../../N3Zbram_bsp/ps7_cortexa9_0/lib -o "N3Zbram.elf"  ./src/helloworld.o ./src/platform.o   -Wl,--start-group,-lxil,-lgcc,-lc,--end-group
Finished building target: N3Zbram.elf
 
Invoking: ARM v7 Print Size
arm-none-eabi-size N3Zbram.elf  |tee "N3Zbram.elf.size"
   text	   data	    bss	    dec	    hex	filename
 108392	   2664	  23484	 134540	  20d8c	N3Zbram.elf
Finished building: N3Zbram.elf.size
 
22:50:14 **** Auto Build of configuration Debug for project N3Zbram ****
make pre-build main-build 
a9-linaro-pre-build-step
 
Building file: ../src/helloworld.c
Invoking: ARM v7 gcc compiler
arm-none-eabi-gcc -Wall -O0 -g3 -c -fmessage-length=0 -MT"src/helloworld.o" -mcpu=cortex-a9 -mfpu=vfpv3 -mfloat-abi=hard -I../../N3Zbram_bsp/ps7_cortexa9_0/include -MMD -MP -MF"src/helloworld.d" -MT"src/helloworld.o" -o "src/helloworld.o" "../src/helloworld.c"
../src/helloworld.c: In function ‘main’:
../src/helloworld.c:107:5: warning: implicit declaration of function ‘malloc’ [-Wimplicit-function-declaration]
     n3z_tonetest* InstancePtr = malloc(sizeof (n3z_tonetest));
     ^
../src/helloworld.c:107:33: warning: incompatible implicit declaration of built-in function ‘malloc’
     n3z_tonetest* InstancePtr = malloc(sizeof (n3z_tonetest));
                                 ^
../src/helloworld.c:113:9: warning: unused variable ‘Status’ [-Wunused-variable]
     int Status=n3z_tonetest_Initialize(InstancePtr, XPAR_N3Z_TONETEST_0_DEVICE_ID);
         ^
../src/helloworld.c:102:9: warning: unused variable ‘DataValue’ [-Wunused-variable]
     int DataValue;
         ^
../src/helloworld.c:101:9: warning: unused variable ‘read_in’ [-Wunused-variable]
     int read_in[512];
         ^
Finished building: ../src/helloworld.c
 
Building target: N3Zbram.elf
Invoking: ARM v7 gcc linker
arm-none-eabi-gcc -mcpu=cortex-a9 -mfpu=vfpv3 -mfloat-abi=hard -Wl,-build-id=none -specs=Xilinx.spec -Wl,-T -Wl,../src/lscript.ld -L../../N3Zbram_bsp/ps7_cortexa9_0/lib -o "N3Zbram.elf"  ./src/helloworld.o ./src/platform.o   -Wl,--start-group,-lxil,-lgcc,-lc,--end-group
Finished building target: N3Zbram.elf
 
Invoking: ARM v7 Print Size
arm-none-eabi-size N3Zbram.elf  |tee "N3Zbram.elf.size"
   text	   data	    bss	    dec	    hex	filename
 108392	   2664	  23484	 134540	  20d8c	N3Zbram.elf
Finished building: N3Zbram.elf.size
 
12:39:44 **** Incremental Build of configuration Debug for project N3Zbram ****
make pre-build main-build 
a9-linaro-pre-build-step
 
make: Nothing to be done for `main-build'.
12:40:25 **** Incremental Build of configuration Debug for project N3Zbram ****
make pre-build main-build 
a9-linaro-pre-build-step
 
make: Nothing to be done for `main-build'.
12:41:47 **** Auto Build of configuration Debug for project N3Zbram ****
make pre-build main-build 
a9-linaro-pre-build-step
 
Building file: ../src/helloworld.c
Invoking: ARM v7 gcc compiler
arm-none-eabi-gcc -Wall -O0 -g3 -c -fmessage-length=0 -MT"src/helloworld.o" -mcpu=cortex-a9 -mfpu=vfpv3 -mfloat-abi=hard -I../../N3Zbram_bsp/ps7_cortexa9_0/include -MMD -MP -MF"src/helloworld.d" -MT"src/helloworld.o" -o "src/helloworld.o" "../src/helloworld.c"
../src/helloworld.c: In function ‘main’:
../src/helloworld.c:107:5: warning: implicit declaration of function ‘malloc’ [-Wimplicit-function-declaration]
     n3z_tonetest* InstancePtr = malloc(sizeof (n3z_tonetest));
     ^
../src/helloworld.c:107:33: warning: incompatible implicit declaration of built-in function ‘malloc’
     n3z_tonetest* InstancePtr = malloc(sizeof (n3z_tonetest));
                                 ^
../src/helloworld.c:113:9: warning: unused variable ‘Status’ [-Wunused-variable]
     int Status=n3z_tonetest_Initialize(InstancePtr, XPAR_N3Z_TONETEST_0_DEVICE_ID);
         ^
../src/helloworld.c:102:9: warning: unused variable ‘DataValue’ [-Wunused-variable]
     int DataValue;
         ^
../src/helloworld.c:101:9: warning: unused variable ‘read_in’ [-Wunused-variable]
     int read_in[512];
         ^
Finished building: ../src/helloworld.c
 
Building target: N3Zbram.elf
Invoking: ARM v7 gcc linker
arm-none-eabi-gcc -mcpu=cortex-a9 -mfpu=vfpv3 -mfloat-abi=hard -Wl,-build-id=none -specs=Xilinx.spec -Wl,-T -Wl,../src/lscript.ld -L../../N3Zbram_bsp/ps7_cortexa9_0/lib -o "N3Zbram.elf"  ./src/helloworld.o ./src/platform.o   -Wl,--start-group,-lxil,-lgcc,-lc,--end-group
Finished building target: N3Zbram.elf
 
Invoking: ARM v7 Print Size
arm-none-eabi-size N3Zbram.elf  |tee "N3Zbram.elf.size"
   text	   data	    bss	    dec	    hex	filename
 108400	   2664	  23484	 134548	  20d94	N3Zbram.elf
Finished building: N3Zbram.elf.size
 
12:41:51 **** Incremental Build of configuration Debug for project N3Zbram ****
make pre-build main-build 
a9-linaro-pre-build-step
 
make: Nothing to be done for `main-build'.
14:54:17 **** Auto Build of configuration Debug for project N3Zbram ****
make pre-build main-build 
a9-linaro-pre-build-step
 
Building file: ../src/helloworld.c
Invoking: ARM v7 gcc compiler
arm-none-eabi-gcc -Wall -O0 -g3 -c -fmessage-length=0 -MT"src/helloworld.o" -mcpu=cortex-a9 -mfpu=vfpv3 -mfloat-abi=hard -I../../N3Zbram_bsp/ps7_cortexa9_0/include -MMD -MP -MF"src/helloworld.d" -MT"src/helloworld.o" -o "src/helloworld.o" "../src/helloworld.c"
../src/helloworld.c: In function ‘main’:
../src/helloworld.c:107:5: warning: implicit declaration of function ‘malloc’ [-Wimplicit-function-declaration]
     n3z_tonetest* InstancePtr = malloc(sizeof (n3z_tonetest));
     ^
../src/helloworld.c:107:33: warning: incompatible implicit declaration of built-in function ‘malloc’
     n3z_tonetest* InstancePtr = malloc(sizeof (n3z_tonetest));
                                 ^
../src/helloworld.c:113:9: warning: unused variable ‘Status’ [-Wunused-variable]
     int Status=n3z_tonetest_Initialize(InstancePtr, XPAR_N3Z_TONETEST_0_DEVICE_ID);
         ^
../src/helloworld.c:102:9: warning: unused variable ‘DataValue’ [-Wunused-variable]
     int DataValue;
         ^
../src/helloworld.c:101:9: warning: unused variable ‘read_in’ [-Wunused-variable]
     int read_in[512];
         ^
Finished building: ../src/helloworld.c
 
Building target: N3Zbram.elf
Invoking: ARM v7 gcc linker
arm-none-eabi-gcc -mcpu=cortex-a9 -mfpu=vfpv3 -mfloat-abi=hard -Wl,-build-id=none -specs=Xilinx.spec -Wl,-T -Wl,../src/lscript.ld -L../../N3Zbram_bsp/ps7_cortexa9_0/lib -o "N3Zbram.elf"  ./src/helloworld.o ./src/platform.o   -Wl,--start-group,-lxil,-lgcc,-lc,--end-group
Finished building target: N3Zbram.elf
 
Invoking: ARM v7 Print Size
arm-none-eabi-size N3Zbram.elf  |tee "N3Zbram.elf.size"
   text	   data	    bss	    dec	    hex	filename
 108400	   2664	  23484	 134548	  20d94	N3Zbram.elf
Finished building: N3Zbram.elf.size
 
14:54:55 **** Auto Build of configuration Debug for project N3Zbram ****
make pre-build main-build 
a9-linaro-pre-build-step
 
Building file: ../src/helloworld.c
Invoking: ARM v7 gcc compiler
arm-none-eabi-gcc -Wall -O0 -g3 -c -fmessage-length=0 -MT"src/helloworld.o" -mcpu=cortex-a9 -mfpu=vfpv3 -mfloat-abi=hard -I../../N3Zbram_bsp/ps7_cortexa9_0/include -MMD -MP -MF"src/helloworld.d" -MT"src/helloworld.o" -o "src/helloworld.o" "../src/helloworld.c"
../src/helloworld.c: In function ‘main’:
../src/helloworld.c:107:5: warning: implicit declaration of function ‘malloc’ [-Wimplicit-function-declaration]
     n3z_tonetest* InstancePtr = malloc(sizeof (n3z_tonetest));
     ^
../src/helloworld.c:107:33: warning: incompatible implicit declaration of built-in function ‘malloc’
     n3z_tonetest* InstancePtr = malloc(sizeof (n3z_tonetest));
                                 ^
../src/helloworld.c:113:9: warning: unused variable ‘Status’ [-Wunused-variable]
     int Status=n3z_tonetest_Initialize(InstancePtr, XPAR_N3Z_TONETEST_0_DEVICE_ID);
         ^
../src/helloworld.c:102:9: warning: unused variable ‘DataValue’ [-Wunused-variable]
     int DataValue;
         ^
../src/helloworld.c:101:9: warning: unused variable ‘read_in’ [-Wunused-variable]
     int read_in[512];
         ^
../src/helloworld.c:100:9: warning: variable ‘read_out’ set but not used [-Wunused-but-set-variable]
     int read_out =0;
         ^
Finished building: ../src/helloworld.c
 
Building target: N3Zbram.elf
Invoking: ARM v7 gcc linker
arm-none-eabi-gcc -mcpu=cortex-a9 -mfpu=vfpv3 -mfloat-abi=hard -Wl,-build-id=none -specs=Xilinx.spec -Wl,-T -Wl,../src/lscript.ld -L../../N3Zbram_bsp/ps7_cortexa9_0/lib -o "N3Zbram.elf"  ./src/helloworld.o ./src/platform.o   -Wl,--start-group,-lxil,-lgcc,-lc,--end-group
Finished building target: N3Zbram.elf
 
Invoking: ARM v7 Print Size
arm-none-eabi-size N3Zbram.elf  |tee "N3Zbram.elf.size"
   text	   data	    bss	    dec	    hex	filename
 108400	   2664	  23484	 134548	  20d94	N3Zbram.elf
Finished building: N3Zbram.elf.size
 
20:41:54 **** Incremental Build of configuration Debug for project N3Zbram ****
make pre-build main-build 
a9-linaro-pre-build-step
 
make: Nothing to be done for `main-build'.
20:45:15 **** Auto Build of configuration Debug for project N3Zbram ****
make pre-build main-build 
a9-linaro-pre-build-step
 
Building file: ../src/helloworld.c
Invoking: ARM v7 gcc compiler
arm-none-eabi-gcc -Wall -O0 -g3 -c -fmessage-length=0 -MT"src/helloworld.o" -mcpu=cortex-a9 -mfpu=vfpv3 -mfloat-abi=hard -I../../N3Zbram_bsp/ps7_cortexa9_0/include -MMD -MP -MF"src/helloworld.d" -MT"src/helloworld.o" -o "src/helloworld.o" "../src/helloworld.c"
../src/helloworld.c: In function ‘main’:
../src/helloworld.c:107:5: warning: implicit declaration of function ‘malloc’ [-Wimplicit-function-declaration]
     n3z_tonetest* InstancePtr = malloc(sizeof (n3z_tonetest));
     ^
../src/helloworld.c:107:33: warning: incompatible implicit declaration of built-in function ‘malloc’
     n3z_tonetest* InstancePtr = malloc(sizeof (n3z_tonetest));
                                 ^
../src/helloworld.c:113:9: warning: unused variable ‘Status’ [-Wunused-variable]
     int Status=n3z_tonetest_Initialize(InstancePtr, XPAR_N3Z_TONETEST_0_DEVICE_ID);
         ^
../src/helloworld.c:102:9: warning: unused variable ‘DataValue’ [-Wunused-variable]
     int DataValue;
         ^
../src/helloworld.c:101:9: warning: unused variable ‘read_in’ [-Wunused-variable]
     int read_in[512];
         ^
Finished building: ../src/helloworld.c
 
Building target: N3Zbram.elf
Invoking: ARM v7 gcc linker
arm-none-eabi-gcc -mcpu=cortex-a9 -mfpu=vfpv3 -mfloat-abi=hard -Wl,-build-id=none -specs=Xilinx.spec -Wl,-T -Wl,../src/lscript.ld -L../../N3Zbram_bsp/ps7_cortexa9_0/lib -o "N3Zbram.elf"  ./src/helloworld.o ./src/platform.o   -Wl,--start-group,-lxil,-lgcc,-lc,--end-group
Finished building target: N3Zbram.elf
 
Invoking: ARM v7 Print Size
arm-none-eabi-size N3Zbram.elf  |tee "N3Zbram.elf.size"
   text	   data	    bss	    dec	    hex	filename
 108400	   2664	  23484	 134548	  20d94	N3Zbram.elf
Finished building: N3Zbram.elf.size
 
20:45:21 **** Incremental Build of configuration Debug for project N3Zbram ****
make pre-build main-build 
a9-linaro-pre-build-step
 
make: Nothing to be done for `main-build'.
20:45:56 **** Incremental Build of configuration Debug for project N3Zbram ****
make pre-build main-build 
a9-linaro-pre-build-step
 
make: Nothing to be done for `main-build'.
20:47:12 **** Auto Build of configuration Debug for project N3Zbram ****
make pre-build main-build 
a9-linaro-pre-build-step
 
Building file: ../src/helloworld.c
Invoking: ARM v7 gcc compiler
arm-none-eabi-gcc -Wall -O0 -g3 -c -fmessage-length=0 -MT"src/helloworld.o" -mcpu=cortex-a9 -mfpu=vfpv3 -mfloat-abi=hard -I../../N3Zbram_bsp/ps7_cortexa9_0/include -MMD -MP -MF"src/helloworld.d" -MT"src/helloworld.o" -o "src/helloworld.o" "../src/helloworld.c"
../src/helloworld.c: In function ‘main’:
../src/helloworld.c:107:5: warning: implicit declaration of function ‘malloc’ [-Wimplicit-function-declaration]
     n3z_tonetest* InstancePtr = malloc(sizeof (n3z_tonetest));
     ^
../src/helloworld.c:107:33: warning: incompatible implicit declaration of built-in function ‘malloc’
     n3z_tonetest* InstancePtr = malloc(sizeof (n3z_tonetest));
                                 ^
../src/helloworld.c:113:9: warning: unused variable ‘Status’ [-Wunused-variable]
     int Status=n3z_tonetest_Initialize(InstancePtr, XPAR_N3Z_TONETEST_0_DEVICE_ID);
         ^
../src/helloworld.c:102:9: warning: unused variable ‘DataValue’ [-Wunused-variable]
     int DataValue;
         ^
../src/helloworld.c:101:9: warning: unused variable ‘read_in’ [-Wunused-variable]
     int read_in[512];
         ^
Finished building: ../src/helloworld.c
 
Building target: N3Zbram.elf
Invoking: ARM v7 gcc linker
arm-none-eabi-gcc -mcpu=cortex-a9 -mfpu=vfpv3 -mfloat-abi=hard -Wl,-build-id=none -specs=Xilinx.spec -Wl,-T -Wl,../src/lscript.ld -L../../N3Zbram_bsp/ps7_cortexa9_0/lib -o "N3Zbram.elf"  ./src/helloworld.o ./src/platform.o   -Wl,--start-group,-lxil,-lgcc,-lc,--end-group
Finished building target: N3Zbram.elf
 
Invoking: ARM v7 Print Size
arm-none-eabi-size N3Zbram.elf  |tee "N3Zbram.elf.size"
   text	   data	    bss	    dec	    hex	filename
 108424	   2664	  23484	 134572	  20dac	N3Zbram.elf
Finished building: N3Zbram.elf.size
 
20:47:16 **** Incremental Build of configuration Debug for project N3Zbram ****
make pre-build main-build 
a9-linaro-pre-build-step
 
make: Nothing to be done for `main-build'.
20:48:13 **** Auto Build of configuration Debug for project N3Zbram ****
make pre-build main-build 
a9-linaro-pre-build-step
 
Building file: ../src/helloworld.c
Invoking: ARM v7 gcc compiler
arm-none-eabi-gcc -Wall -O0 -g3 -c -fmessage-length=0 -MT"src/helloworld.o" -mcpu=cortex-a9 -mfpu=vfpv3 -mfloat-abi=hard -I../../N3Zbram_bsp/ps7_cortexa9_0/include -MMD -MP -MF"src/helloworld.d" -MT"src/helloworld.o" -o "src/helloworld.o" "../src/helloworld.c"
../src/helloworld.c:50:12: warning: extra tokens at end of #include directive
 #include <>xil_printf.h>
            ^
../src/helloworld.c:50:10: error: empty filename in #include
 #include <>xil_printf.h>
          ^
../src/helloworld.c: In function ‘main’:
../src/helloworld.c:107:5: warning: implicit declaration of function ‘malloc’ [-Wimplicit-function-declaration]
     n3z_tonetest* InstancePtr = malloc(sizeof (n3z_tonetest));
     ^
../src/helloworld.c:107:33: warning: incompatible implicit declaration of built-in function ‘malloc’
     n3z_tonetest* InstancePtr = malloc(sizeof (n3z_tonetest));
                                 ^
../src/helloworld.c:113:9: warning: unused variable ‘Status’ [-Wunused-variable]
     int Status=n3z_tonetest_Initialize(InstancePtr, XPAR_N3Z_TONETEST_0_DEVICE_ID);
         ^
../src/helloworld.c:102:9: warning: unused variable ‘DataValue’ [-Wunused-variable]
     int DataValue;
         ^
../src/helloworld.c:101:9: warning: unused variable ‘read_in’ [-Wunused-variable]
     int read_in[512];
         ^
make: *** [src/helloworld.o] Error 1
20:49:30 **** Auto Build of configuration Debug for project N3Zbram ****
make pre-build main-build 
a9-linaro-pre-build-step
 
Building file: ../src/helloworld.c
Invoking: ARM v7 gcc compiler
arm-none-eabi-gcc -Wall -O0 -g3 -c -fmessage-length=0 -MT"src/helloworld.o" -mcpu=cortex-a9 -mfpu=vfpv3 -mfloat-abi=hard -I../../N3Zbram_bsp/ps7_cortexa9_0/include -MMD -MP -MF"src/helloworld.d" -MT"src/helloworld.o" -o "src/helloworld.o" "../src/helloworld.c"
../src/helloworld.c: In function ‘main’:
../src/helloworld.c:108:5: warning: implicit declaration of function ‘malloc’ [-Wimplicit-function-declaration]
     n3z_tonetest* InstancePtr = malloc(sizeof (n3z_tonetest));
     ^
../src/helloworld.c:108:33: warning: incompatible implicit declaration of built-in function ‘malloc’
     n3z_tonetest* InstancePtr = malloc(sizeof (n3z_tonetest));
                                 ^
../src/helloworld.c:114:9: warning: unused variable ‘Status’ [-Wunused-variable]
     int Status=n3z_tonetest_Initialize(InstancePtr, XPAR_N3Z_TONETEST_0_DEVICE_ID);
         ^
../src/helloworld.c:103:9: warning: unused variable ‘DataValue’ [-Wunused-variable]
     int DataValue;
         ^
../src/helloworld.c:102:9: warning: unused variable ‘read_in’ [-Wunused-variable]
     int read_in[512];
         ^
Finished building: ../src/helloworld.c
 
Building target: N3Zbram.elf
Invoking: ARM v7 gcc linker
arm-none-eabi-gcc -mcpu=cortex-a9 -mfpu=vfpv3 -mfloat-abi=hard -Wl,-build-id=none -specs=Xilinx.spec -Wl,-T -Wl,../src/lscript.ld -L../../N3Zbram_bsp/ps7_cortexa9_0/lib -o "N3Zbram.elf"  ./src/helloworld.o ./src/platform.o   -Wl,--start-group,-lxil,-lgcc,-lc,--end-group
Finished building target: N3Zbram.elf
 
Invoking: ARM v7 Print Size
arm-none-eabi-size N3Zbram.elf  |tee "N3Zbram.elf.size"
   text	   data	    bss	    dec	    hex	filename
 108424	   2664	  23484	 134572	  20dac	N3Zbram.elf
Finished building: N3Zbram.elf.size
 
20:50:17 **** Auto Build of configuration Debug for project N3Zbram ****
make pre-build main-build 
a9-linaro-pre-build-step
 
Building file: ../src/helloworld.c
Invoking: ARM v7 gcc compiler
arm-none-eabi-gcc -Wall -O0 -g3 -c -fmessage-length=0 -MT"src/helloworld.o" -mcpu=cortex-a9 -mfpu=vfpv3 -mfloat-abi=hard -I../../N3Zbram_bsp/ps7_cortexa9_0/include -MMD -MP -MF"src/helloworld.d" -MT"src/helloworld.o" -o "src/helloworld.o" "../src/helloworld.c"
../src/helloworld.c: In function ‘main’:
../src/helloworld.c:108:5: warning: implicit declaration of function ‘malloc’ [-Wimplicit-function-declaration]
     n3z_tonetest* InstancePtr = malloc(sizeof (n3z_tonetest));
     ^
../src/helloworld.c:108:33: warning: incompatible implicit declaration of built-in function ‘malloc’
     n3z_tonetest* InstancePtr = malloc(sizeof (n3z_tonetest));
                                 ^
../src/helloworld.c:135:5: error: too many arguments to function ‘print’
     print("%s\r\n",from_keyboard);
     ^
In file included from ../src/helloworld.c:50:0:
../../N3Zbram_bsp/ps7_cortexa9_0/include/xil_printf.h:36:6: note: declared here
 void print( const char8 *ptr);
      ^
../src/helloworld.c:148:21: error: too many arguments to function ‘print’
                     print("%d\r\n",XBram_ReadReg(MyBRAM_BASE, ram_addr));
                     ^
In file included from ../src/helloworld.c:50:0:
../../N3Zbram_bsp/ps7_cortexa9_0/include/xil_printf.h:36:6: note: declared here
 void print( const char8 *ptr);
      ^
../src/helloworld.c:114:9: warning: unused variable ‘Status’ [-Wunused-variable]
     int Status=n3z_tonetest_Initialize(InstancePtr, XPAR_N3Z_TONETEST_0_DEVICE_ID);
         ^
../src/helloworld.c:103:9: warning: unused variable ‘DataValue’ [-Wunused-variable]
     int DataValue;
         ^
../src/helloworld.c:102:9: warning: unused variable ‘read_in’ [-Wunused-variable]
     int read_in[512];
         ^
make: *** [src/helloworld.o] Error 1
20:50:34 **** Auto Build of configuration Debug for project N3Zbram ****
make pre-build main-build 
a9-linaro-pre-build-step
 
Building file: ../src/helloworld.c
Invoking: ARM v7 gcc compiler
arm-none-eabi-gcc -Wall -O0 -g3 -c -fmessage-length=0 -MT"src/helloworld.o" -mcpu=cortex-a9 -mfpu=vfpv3 -mfloat-abi=hard -I../../N3Zbram_bsp/ps7_cortexa9_0/include -MMD -MP -MF"src/helloworld.d" -MT"src/helloworld.o" -o "src/helloworld.o" "../src/helloworld.c"
../src/helloworld.c: In function ‘main’:
../src/helloworld.c:108:5: warning: implicit declaration of function ‘malloc’ [-Wimplicit-function-declaration]
     n3z_tonetest* InstancePtr = malloc(sizeof (n3z_tonetest));
     ^
../src/helloworld.c:108:33: warning: incompatible implicit declaration of built-in function ‘malloc’
     n3z_tonetest* InstancePtr = malloc(sizeof (n3z_tonetest));
                                 ^
../src/helloworld.c:114:9: warning: unused variable ‘Status’ [-Wunused-variable]
     int Status=n3z_tonetest_Initialize(InstancePtr, XPAR_N3Z_TONETEST_0_DEVICE_ID);
         ^
../src/helloworld.c:103:9: warning: unused variable ‘DataValue’ [-Wunused-variable]
     int DataValue;
         ^
../src/helloworld.c:102:9: warning: unused variable ‘read_in’ [-Wunused-variable]
     int read_in[512];
         ^
Finished building: ../src/helloworld.c
 
Building target: N3Zbram.elf
Invoking: ARM v7 gcc linker
arm-none-eabi-gcc -mcpu=cortex-a9 -mfpu=vfpv3 -mfloat-abi=hard -Wl,-build-id=none -specs=Xilinx.spec -Wl,-T -Wl,../src/lscript.ld -L../../N3Zbram_bsp/ps7_cortexa9_0/lib -o "N3Zbram.elf"  ./src/helloworld.o ./src/platform.o   -Wl,--start-group,-lxil,-lgcc,-lc,--end-group
Finished building target: N3Zbram.elf
 
Invoking: ARM v7 Print Size
arm-none-eabi-size N3Zbram.elf  |tee "N3Zbram.elf.size"
   text	   data	    bss	    dec	    hex	filename
 108424	   2664	  23484	 134572	  20dac	N3Zbram.elf
Finished building: N3Zbram.elf.size
 
20:51:54 **** Incremental Build of configuration Debug for project N3Zbram ****
make pre-build main-build 
a9-linaro-pre-build-step
 
make: Nothing to be done for `main-build'.
20:51:55 **** Incremental Build of configuration Debug for project ReadBRAM ****
make all 
Invoking: Cross ARM GNU Print Size
arm-none-eabi-size --format=berkeley "ReadBRAM.elf"
   text	   data	    bss	    dec	    hex	filename
  10252	   2400	    260	  12912	   3270	ReadBRAM.elf
Finished building: ReadBRAM.siz
 
20:56:40 **** Auto Build of configuration Debug for project N3Zbram ****
make pre-build main-build 
a9-linaro-pre-build-step
 
Building file: ../src/helloworld.c
Invoking: ARM v7 gcc compiler
arm-none-eabi-gcc -Wall -O0 -g3 -c -fmessage-length=0 -MT"src/helloworld.o" -mcpu=cortex-a9 -mfpu=vfpv3 -mfloat-abi=hard -I../../N3Zbram_bsp/ps7_cortexa9_0/include -MMD -MP -MF"src/helloworld.d" -MT"src/helloworld.o" -o "src/helloworld.o" "../src/helloworld.c"
../src/helloworld.c: In function ‘main’:
../src/helloworld.c:108:5: warning: implicit declaration of function ‘malloc’ [-Wimplicit-function-declaration]
     n3z_tonetest* InstancePtr = malloc(sizeof (n3z_tonetest));
     ^
../src/helloworld.c:108:33: warning: incompatible implicit declaration of built-in function ‘malloc’
     n3z_tonetest* InstancePtr = malloc(sizeof (n3z_tonetest));
                                 ^
../src/helloworld.c:114:9: warning: unused variable ‘Status’ [-Wunused-variable]
     int Status=n3z_tonetest_Initialize(InstancePtr, XPAR_N3Z_TONETEST_0_DEVICE_ID);
         ^
../src/helloworld.c:103:9: warning: unused variable ‘DataValue’ [-Wunused-variable]
     int DataValue;
         ^
../src/helloworld.c:102:9: warning: unused variable ‘read_in’ [-Wunused-variable]
     int read_in[512];
         ^
Finished building: ../src/helloworld.c
 
Building target: N3Zbram.elf
Invoking: ARM v7 gcc linker
arm-none-eabi-gcc -mcpu=cortex-a9 -mfpu=vfpv3 -mfloat-abi=hard -Wl,-build-id=none -specs=Xilinx.spec -Wl,-T -Wl,../src/lscript.ld -L../../N3Zbram_bsp/ps7_cortexa9_0/lib -o "N3Zbram.elf"  ./src/helloworld.o ./src/platform.o   -Wl,--start-group,-lxil,-lgcc,-lc,--end-group
Finished building target: N3Zbram.elf
 
Invoking: ARM v7 Print Size
arm-none-eabi-size N3Zbram.elf  |tee "N3Zbram.elf.size"
   text	   data	    bss	    dec	    hex	filename
 108424	   2664	  23484	 134572	  20dac	N3Zbram.elf
Finished building: N3Zbram.elf.size
 
20:57:30 **** Incremental Build of configuration Debug for project N3Zbram ****
make pre-build main-build 
a9-linaro-pre-build-step
 
make: Nothing to be done for `main-build'.
20:59:17 **** Auto Build of configuration Debug for project N3Zbram ****
make pre-build main-build 
a9-linaro-pre-build-step
 
Building file: ../src/helloworld.c
Invoking: ARM v7 gcc compiler
arm-none-eabi-gcc -Wall -O0 -g3 -c -fmessage-length=0 -MT"src/helloworld.o" -mcpu=cortex-a9 -mfpu=vfpv3 -mfloat-abi=hard -I../../N3Zbram_bsp/ps7_cortexa9_0/include -MMD -MP -MF"src/helloworld.d" -MT"src/helloworld.o" -o "src/helloworld.o" "../src/helloworld.c"
../src/helloworld.c: In function ‘main’:
../src/helloworld.c:108:5: warning: implicit declaration of function ‘malloc’ [-Wimplicit-function-declaration]
     n3z_tonetest* InstancePtr = malloc(sizeof (n3z_tonetest));
     ^
../src/helloworld.c:108:33: warning: incompatible implicit declaration of built-in function ‘malloc’
     n3z_tonetest* InstancePtr = malloc(sizeof (n3z_tonetest));
                                 ^
../src/helloworld.c:114:9: warning: unused variable ‘Status’ [-Wunused-variable]
     int Status=n3z_tonetest_Initialize(InstancePtr, XPAR_N3Z_TONETEST_0_DEVICE_ID);
         ^
../src/helloworld.c:103:9: warning: unused variable ‘DataValue’ [-Wunused-variable]
     int DataValue;
         ^
../src/helloworld.c:102:9: warning: unused variable ‘read_in’ [-Wunused-variable]
     int read_in[512];
         ^
Finished building: ../src/helloworld.c
 
Building target: N3Zbram.elf
Invoking: ARM v7 gcc linker
arm-none-eabi-gcc -mcpu=cortex-a9 -mfpu=vfpv3 -mfloat-abi=hard -Wl,-build-id=none -specs=Xilinx.spec -Wl,-T -Wl,../src/lscript.ld -L../../N3Zbram_bsp/ps7_cortexa9_0/lib -o "N3Zbram.elf"  ./src/helloworld.o ./src/platform.o   -Wl,--start-group,-lxil,-lgcc,-lc,--end-group
Finished building target: N3Zbram.elf
 
Invoking: ARM v7 Print Size
arm-none-eabi-size N3Zbram.elf  |tee "N3Zbram.elf.size"
   text	   data	    bss	    dec	    hex	filename
 108424	   2664	  23484	 134572	  20dac	N3Zbram.elf
Finished building: N3Zbram.elf.size
 
20:59:21 **** Incremental Build of configuration Debug for project N3Zbram ****
make pre-build main-build 
a9-linaro-pre-build-step
 
make: Nothing to be done for `main-build'.
21:00:27 **** Incremental Build of configuration Debug for project N3Zbram ****
make pre-build main-build 
a9-linaro-pre-build-step
 
make: Nothing to be done for `main-build'.
