Design Route Status
                                               :      # nets :
   ------------------------------------------- : ----------- :
   # of logical nets.......................... :        7968 :
       # of nets not needing routing.......... :        3749 :
           # of internally routed nets........ :        2847 :
           # of nets with no loads............ :         902 :
       # of routable nets..................... :        4219 :
           # of fully routed nets............. :        4218 :
       # of nets with routing errors.......... :           1 :
           # of nets with some unrouted pins.. :           1 :
   ------------------------------------------- : ----------- :


Nets with Routing Errors:
  GLOBAL_LOGIC0
    Unrouted Pins -- only the first 10 are listed, use -show_all to get the full list:
      PS_PL_i/processing_system7_0/inst/PS7_i/DDRDM[2]
      PS_PL_i/processing_system7_0/inst/PS7_i/DDRDM[3]
      PS_PL_i/processing_system7_0/inst/PS7_i/DDRDQSN[2]
      PS_PL_i/processing_system7_0/inst/PS7_i/DDRDQSN[3]
      PS_PL_i/processing_system7_0/inst/PS7_i/DDRDQSP[2]
      PS_PL_i/processing_system7_0/inst/PS7_i/DDRDQSP[3]
      PS_PL_i/processing_system7_0/inst/PS7_i/DDRDQ[16]
      PS_PL_i/processing_system7_0/inst/PS7_i/DDRDQ[17]
      PS_PL_i/processing_system7_0/inst/PS7_i/DDRDQ[18]
      PS_PL_i/processing_system7_0/inst/PS7_i/DDRDQ[19]

